cr_startup_lpc11u6x.cpp:208:6:void data_init(unsigned int, unsigned int, unsigned int)	40	static
cr_startup_lpc11u6x.cpp:217:6:void bss_init(unsigned int, unsigned int)	24	static
cr_startup_lpc11u6x.cpp:243:1:void ResetISR()	32	static
cr_startup_lpc11u6x.cpp:316:6:void NMI_Handler()	8	static
cr_startup_lpc11u6x.cpp:320:6:void HardFault_Handler()	8	static
cr_startup_lpc11u6x.cpp:325:6:void SVC_Handler()	8	static
cr_startup_lpc11u6x.cpp:330:6:void PendSV_Handler()	8	static
cr_startup_lpc11u6x.cpp:335:6:void SysTick_Handler()	8	static
cr_startup_lpc11u6x.cpp:346:6:void IntDefaultHandler()	8	static
