core_cm0plus.h:626:22:NVIC_EnableIRQ	16	static
core_cm0plus.h:638:22:NVIC_DisableIRQ	16	static
usbd_core.h:557:20:USB_IsConfigured	24	static
libusbdev.c:70:13:lusb_ResetEvent	16	static
libusbdev.c:80:13:lusb_BulkIN_Hdlr	40	static
libusbdev.c:105:13:lusb_IntrIN_Hdlr	40	static
libusbdev.c:126:13:lusb_BulkOUT_Hdlr	40	static
libusbdev.c:150:13:WCID_hdlr	32	static
libusbdev.c:224:6:USB_IRQHandler	16	static
libusbdev.c:243:5:libusbdev_init	120	static
libusbdev.c:318:6:libusbdev_Connected	8	static
libusbdev.c:324:13:libusbdev_QueueReadReq	24	static
libusbdev.c:342:9:libusbdev_QueueReadDone	16	static
libusbdev.c:355:9:libusbdev_Read	24	static
libusbdev.c:372:13:libusbdev_QueueSendReq	32	static
libusbdev.c:396:9:libusbdev_QueueSendDone	16	static
libusbdev.c:405:13:libusbdev_Send	24	static
libusbdev.c:422:13:libusbdev_SendInterrupt	32	static
