core_cm0plus.h:626:22:NVIC_EnableIRQ	16	static
syscon_11u6x.h:433:20:Chip_SYSCTL_EnablePeriphWakeup	16	static
clock_11u6x.h:146:20:Chip_Clock_EnableRTCOsc	8	static
rtc_11u6x.h:88:20:Chip_RTC_EnableOptions	16	static
rtc_11u6x.h:103:20:Chip_RTC_DisableOptions	16	static
rtc_11u6x.h:114:20:Chip_RTC_Reset	16	static
rtc_11u6x.h:127:20:Chip_RTC_Enable	16	static
rtc_11u6x.h:139:20:Chip_RTC_Disable	16	static
rtc_11u6x.h:152:20:Chip_RTC_Enable1KHZ	16	static
rtc_11u6x.h:180:20:Chip_RTC_EnableWakeup	16	static
rtc_11u6x.h:208:24:Chip_RTC_ClearStatus	16	static
rtc_11u6x.h:221:24:Chip_RTC_GetStatus	16	static
rtc_11u6x.h:232:20:Chip_RTC_SetAlarm	16	static
rtc_11u6x.h:256:20:Chip_RTC_SetCount	16	static
rtc_11u6x.h:266:24:Chip_RTC_GetCount	16	static
rtc_11u6x.h:279:20:Chip_RTC_SetWake	16	static
rtc.c:59:6:RTC_IRQHandler	16	static
rtc.c:89:5:main	16	static
