core_cm0plus.h:626:22:NVIC_EnableIRQ	16	static
core_cm0plus.h:678:22:NVIC_ClearPendingIRQ	16	static
clock_11u6x.h:279:20:Chip_Clock_EnablePeriphClock	16	static
clock_11u6x.h:496:20:Chip_Clock_SetIOCONFiltClockDiv	16	static
gpio_11u6x.h:158:20:Chip_GPIO_SetPinDIRInput	16	static
pinint_11u6x.h:141:20:Chip_PININT_SetPinModeEdge	16	static
pinint_11u6x.h:211:20:Chip_PININT_EnableIntLow	16	static
pinint_11u6x.h:285:20:Chip_PININT_ClearIntStatus	16	static
pinint.c:74:6:PIN_INT0_IRQHandler	8	static
pinint.c:84:5:main	8	static
