syscon_11u6x.h:155:20:Chip_SYSCTL_AssertPeriphReset	16	static
syscon_11u6x.h:165:20:Chip_SYSCTL_DeassertPeriphReset	16	static
syscon_11u6x.h:175:20:Chip_SYSCTL_PeriphReset	16	static
periph_i2c_rom_polling_slave.c:77:13:Init_I2C_PinMux	8	static
periph_i2c_rom_polling_slave.c:96:13:errorI2C	8	static
periph_i2c_rom_polling_slave.c:103:13:setupI2CSlave	24	static
periph_i2c_rom_polling_slave.c:136:13:sendI2CSlave	24	static
periph_i2c_rom_polling_slave.c:157:13:readI2CSlave	24	static
periph_i2c_rom_polling_slave.c:200:5:main	8	static
