gpio_11u6x.h:95:20:Chip_GPIO_SetPinState	24	static
gpio_11u6x.h:146:20:Chip_GPIO_SetPinDIROutput	16	static
ssp_11u6x.h:233:20:Chip_SSP_Enable	16	static
ssp_11u6x.h:283:26:Chip_SSP_GetStatus	16	static
ssp_11u6x.h:407:20:Chip_SSP_SetFormat	24	static
ssp_11u6x.h:420:20:Chip_SSP_Set_Mode	16	static
board_lcd.h:167:20:Board_LCD_WriteData	32	static
board_lcd.c:123:17:Board_LCD_ReadData	8	static
board_lcd.c:130:13:Board_LCDSSP_Init	8	static
board_lcd.c:147:13:Board_LCDPanel_Init	16	static
board_lcd.c:161:6:Board_LCD_Init	24	static
board_lcd.c:189:6:Board_LCD_WriteDataRaw	64	static
board_lcd.c:223:6:Board_LCD_GotoXY	32	static
board_lcd.c:239:6:Board_LCD_GetLCDSize	16	static
board_lcd.c:246:6:Board_LCD_SetWindowSize	40	static
board_lcd.c:275:6:Board_LCD_FillRect	40	static
board_lcd.c:293:6:Board_LCD_Clear	24	static
board_lcd.c:299:6:Board_LCD_CopyImage	40	static
board_lcd.c:306:6:Board_LCD_PutPixel	24	static
board_lcd.c:313:10:Board_LCD_GetPixel	16	static
board_lcd.c:320:6:Board_LCD_SetPixel	24	static
