core_cm0plus.h:626:22:NVIC_EnableIRQ	16	static
syscon_11u6x.h:155:20:Chip_SYSCTL_AssertPeriphReset	16	static
syscon_11u6x.h:165:20:Chip_SYSCTL_DeassertPeriphReset	16	static
syscon_11u6x.h:175:20:Chip_SYSCTL_PeriphReset	16	static
periph_i2c_rom_interrupt_slave.c:82:13:Init_I2C_PinMux	8	static
periph_i2c_rom_interrupt_slave.c:100:13:errorI2C	8	static
periph_i2c_rom_interrupt_slave.c:107:13:setupI2CSlave	24	static
periph_i2c_rom_interrupt_slave.c:141:13:cbTXI2CComplete	16	static
periph_i2c_rom_interrupt_slave.c:147:13:sendI2CSlave	24	static
periph_i2c_rom_interrupt_slave.c:173:13:cbRXI2CComplete	16	static
periph_i2c_rom_interrupt_slave.c:179:13:readI2CSlave	24	static
periph_i2c_rom_interrupt_slave.c:209:6:I2C0_IRQHandler	8	static
periph_i2c_rom_interrupt_slave.c:249:5:main	8	static
