Archive member included to satisfy reference by file (symbol)

C:\Users\TeddyP\Documents\MCUXpressoIDE_11.3.0_5222\workspace\lpc_board_nxp_lpcxpresso_11u68\Debug\liblpc_board_nxp_lpcxpresso_11u68.a(board.o)
                              ./example/src/bod.o (Board_LED_Set)
C:\Users\TeddyP\Documents\MCUXpressoIDE_11.3.0_5222\workspace\lpc_board_nxp_lpcxpresso_11u68\Debug\liblpc_board_nxp_lpcxpresso_11u68.a(board_sysinit.o)
                              ./example/src/sysinit.o (Board_SystemInit)
C:\Users\TeddyP\Documents\MCUXpressoIDE_11.3.0_5222\workspace\lpc_chip_11u6x\Debug\liblpc_chip_11u6x.a(chip_11u6x.o)
                              ./example/src/bod.o (SystemCoreClockUpdate)
C:\Users\TeddyP\Documents\MCUXpressoIDE_11.3.0_5222\workspace\lpc_chip_11u6x\Debug\liblpc_chip_11u6x.a(clock_11u6x.o)
                              C:\Users\TeddyP\Documents\MCUXpressoIDE_11.3.0_5222\workspace\lpc_chip_11u6x\Debug\liblpc_chip_11u6x.a(chip_11u6x.o) (Chip_Clock_SetUSBPLLSource)
C:\Users\TeddyP\Documents\MCUXpressoIDE_11.3.0_5222\workspace\lpc_chip_11u6x\Debug\liblpc_chip_11u6x.a(gpio_11u6x.o)
                              C:\Users\TeddyP\Documents\MCUXpressoIDE_11.3.0_5222\workspace\lpc_board_nxp_lpcxpresso_11u68\Debug\liblpc_board_nxp_lpcxpresso_11u68.a(board.o) (Chip_GPIO_Init)
C:\Users\TeddyP\Documents\MCUXpressoIDE_11.3.0_5222\workspace\lpc_chip_11u6x\Debug\liblpc_chip_11u6x.a(iocon_11u6x.o)
                              C:\Users\TeddyP\Documents\MCUXpressoIDE_11.3.0_5222\workspace\lpc_board_nxp_lpcxpresso_11u68\Debug\liblpc_board_nxp_lpcxpresso_11u68.a(board_sysinit.o) (Chip_IOCON_SetPinMuxing)
C:\Users\TeddyP\Documents\MCUXpressoIDE_11.3.0_5222\workspace\lpc_chip_11u6x\Debug\liblpc_chip_11u6x.a(syscon_11u6x.o)
                              C:\Users\TeddyP\Documents\MCUXpressoIDE_11.3.0_5222\workspace\lpc_chip_11u6x\Debug\liblpc_chip_11u6x.a(chip_11u6x.o) (Chip_SYSCTL_PowerUp)
C:\Users\TeddyP\Documents\MCUXpressoIDE_11.3.0_5222\workspace\lpc_chip_11u6x\Debug\liblpc_chip_11u6x.a(sysinit_11u6x.o)
                              C:\Users\TeddyP\Documents\MCUXpressoIDE_11.3.0_5222\workspace\lpc_board_nxp_lpcxpresso_11u68\Debug\liblpc_board_nxp_lpcxpresso_11u68.a(board_sysinit.o) (Chip_SetupXtalClocking)
C:\Users\TeddyP\Documents\MCUXpressoIDE_11.3.0_5222\workspace\lpc_chip_11u6x\Debug\liblpc_chip_11u6x.a(uart_0_11u6x.o)
                              C:\Users\TeddyP\Documents\MCUXpressoIDE_11.3.0_5222\workspace\lpc_board_nxp_lpcxpresso_11u68\Debug\liblpc_board_nxp_lpcxpresso_11u68.a(board.o) (Chip_UART0_Init)
C:\Users\TeddyP\Documents\MCUXpressoIDE_11.3.0_5222\workspace\lpc_chip_11u6x\Debug\liblpc_chip_11u6x.a(ring_buffer.o)
                              C:\Users\TeddyP\Documents\MCUXpressoIDE_11.3.0_5222\workspace\lpc_chip_11u6x\Debug\liblpc_chip_11u6x.a(uart_0_11u6x.o) (RingBuffer_Insert)
c:/nxp/mcuxpressoide_11.3.0_5222/ide/plugins/com.nxp.mcuxpresso.tools.win32_11.3.0.202008311133/tools/bin/../lib/gcc/arm-none-eabi/9.3.1/../../../../arm-none-eabi/lib/thumb/v6-m/nofp\libcr_nohost.a(_cr__main.o)
                              ./example/src/cr_startup_lpc11u6x.o (__main)
c:/nxp/mcuxpressoide_11.3.0_5222/ide/plugins/com.nxp.mcuxpresso.tools.win32_11.3.0.202008311133/tools/bin/../lib/gcc/arm-none-eabi/9.3.1/../../../../arm-none-eabi/lib/thumb/v6-m/nofp\libcr_c.a(memcpy.o)
                              C:\Users\TeddyP\Documents\MCUXpressoIDE_11.3.0_5222\workspace\lpc_chip_11u6x\Debug\liblpc_chip_11u6x.a(ring_buffer.o) (memcpy)
c:/nxp/mcuxpressoide_11.3.0_5222/ide/plugins/com.nxp.mcuxpresso.tools.win32_11.3.0.202008311133/tools/bin/../lib/gcc/arm-none-eabi/9.3.1/../../../../arm-none-eabi/lib/thumb/v6-m/nofp\libcr_c.a(initio.o)
                              c:/nxp/mcuxpressoide_11.3.0_5222/ide/plugins/com.nxp.mcuxpresso.tools.win32_11.3.0.202008311133/tools/bin/../lib/gcc/arm-none-eabi/9.3.1/../../../../arm-none-eabi/lib/thumb/v6-m/nofp\libcr_nohost.a(_cr__main.o) (_initio)
c:/nxp/mcuxpressoide_11.3.0_5222/ide/plugins/com.nxp.mcuxpresso.tools.win32_11.3.0.202008311133/tools/bin/../lib/gcc/arm-none-eabi/9.3.1/../../../../arm-none-eabi/lib/thumb/v6-m/nofp\libcr_c.a(setvbuf.o)
                              c:/nxp/mcuxpressoide_11.3.0_5222/ide/plugins/com.nxp.mcuxpresso.tools.win32_11.3.0.202008311133/tools/bin/../lib/gcc/arm-none-eabi/9.3.1/../../../../arm-none-eabi/lib/thumb/v6-m/nofp\libcr_c.a(initio.o) (setvbuf)
c:/nxp/mcuxpressoide_11.3.0_5222/ide/plugins/com.nxp.mcuxpresso.tools.win32_11.3.0.202008311133/tools/bin/../lib/gcc/arm-none-eabi/9.3.1/../../../../arm-none-eabi/lib/thumb/v6-m/nofp\libcr_c.a(_fdopen.o)
                              c:/nxp/mcuxpressoide_11.3.0_5222/ide/plugins/com.nxp.mcuxpresso.tools.win32_11.3.0.202008311133/tools/bin/../lib/gcc/arm-none-eabi/9.3.1/../../../../arm-none-eabi/lib/thumb/v6-m/nofp\libcr_c.a(initio.o) (_fdopen)
[...]
Memory Configuration

Name             Origin             Length             Attributes
MFlash256        0x00000000         0x00040000         xr
Ram0_32          0x10000000         0x00008000         xrw
Ram1_2           0x20000000         0x00000800         xrw
Ram2USB_2        0x20004000         0x00000800         xrw
*default*        0x00000000         0xffffffff

Linker script and memory map

LOAD ./example/src/aeabi_romdiv_patch.o
LOAD ./example/src/bod.o
LOAD ./example/src/cr_startup_lpc11u6x.o
LOAD ./example/src/crp.o
LOAD ./example/src/mtb.o
LOAD ./example/src/sysinit.o
LOAD C:\Users\TeddyP\Documents\MCUXpressoIDE_11.3.0_5222\workspace\lpc_board_nxp_lpcxpresso_11u68\Debug\liblpc_board_nxp_lpcxpresso_11u68.a
LOAD C:\Users\TeddyP\Documents\MCUXpressoIDE_11.3.0_5222\workspace\lpc_chip_11u6x\Debug\liblpc_chip_11u6x.a
START GROUP
LOAD c:/nxp/mcuxpressoide_11.3.0_5222/ide/plugins/com.nxp.mcuxpresso.tools.win32_11.3.0.202008311133/tools/bin/../lib/gcc/arm-none-eabi/9.3.1/../../../../arm-none-eabi/lib/thumb/v6-m/nofp\libcr_nohost.a
LOAD c:/nxp/mcuxpressoide_11.3.0_5222/ide/plugins/com.nxp.mcuxpresso.tools.win32_11.3.0.202008311133/tools/bin/../lib/gcc/arm-none-eabi/9.3.1/../../../../arm-none-eabi/lib/thumb/v6-m/nofp\libcr_c.a
LOAD c:/nxp/mcuxpressoide_11.3.0_5222/ide/plugins/com.nxp.mcuxpresso.tools.win32_11.3.0.202008311133/tools/bin/../lib/gcc/arm-none-eabi/9.3.1/thumb/v6-m/nofp\libcr_eabihelpers.a
LOAD c:/nxp/mcuxpressoide_11.3.0_5222/ide/plugins/com.nxp.mcuxpresso.tools.win32_11.3.0.202008311133/tools/bin/../lib/gcc/arm-none-eabi/9.3.1/thumb/v6-m/nofp\libgcc.a
END GROUP
                0x00000000                __base_MFlash256 = 0x0
                0x00000000                __base_Flash = 0x0
                0x00040000                __top_MFlash256 = 0x40000
                0x00040000                __top_Flash = 0x40000
                0x10000000                __base_Ram0_32 = 0x10000000
                0x10000000                __base_RAM = 0x10000000
                0x10008000                __top_Ram0_32 = 0x10008000
                0x10008000                __top_RAM = 0x10008000
                0x20000000                __base_Ram1_2 = 0x20000000
                0x20000000                __base_RAM2 = 0x20000000
                0x20000800                __top_Ram1_2 = 0x20000800
                0x20000800                __top_RAM2 = 0x20000800
                0x20004000                __base_Ram2USB_2 = 0x20004000
                0x20004000                __base_RAM3 = 0x20004000
                0x20004800                __top_Ram2USB_2 = 0x20004800
                0x20004800                __top_RAM3 = 0x20004800

.text           0x00000000     0x14c0
 FILL mask 0xff
                0x00000000                __vectors_start__ = ABSOLUTE (.)
 *(.isr_vector)
 .isr_vector    0x00000000       0xc0 ./example/src/cr_startup_lpc11u6x.o
                0x00000000                g_pfnVectors
                0x000000c0                . = ALIGN (0x4)
                0x000000c0                __section_table_start = .
                0x000000c0                __data_section_table = .
                0x000000c0        0x4 LONG 0x14c0 LOADADDR (.data)
                0x000000c4        0x4 LONG 0x10000100 ADDR (.data)
                0x000000c8        0x4 LONG 0x0 SIZEOF (.data)
                0x000000cc        0x4 LONG 0x14c0 LOADADDR (.data_RAM2)
                0x000000d0        0x4 LONG 0x20000000 ADDR (.data_RAM2)
                0x000000d4        0x4 LONG 0x0 SIZEOF (.data_RAM2)
                0x000000d8        0x4 LONG 0x14c0 LOADADDR (.data_RAM3)
                0x000000dc        0x4 LONG 0x20004000 ADDR (.data_RAM3)
                0x000000e0        0x4 LONG 0x0 SIZEOF (.data_RAM3)
                0x000000e4                __data_section_table_end = .
                0x000000e4                __bss_section_table = .
                0x000000e4        0x4 LONG 0x10000100 ADDR (.bss)
                0x000000e8        0x4 LONG 0x1f0 SIZEOF (.bss)
                0x000000ec        0x4 LONG 0x20000000 ADDR (.bss_RAM2)
                0x000000f0        0x4 LONG 0x0 SIZEOF (.bss_RAM2)
                0x000000f4        0x4 LONG 0x20004000 ADDR (.bss_RAM3)
                0x000000f8        0x4 LONG 0x0 SIZEOF (.bss_RAM3)
                0x000000fc                __bss_section_table_end = .
                0x000000fc                __section_table_end = .
 *(.after_vectors*)
 .after_vectors
                0x000000fc      0x15c ./example/src/cr_startup_lpc11u6x.o
                0x000000fc                data_init
                0x0000013e                bss_init
                0x00000174                ResetISR
                0x00000234                NMI_Handler
                0x0000023a                HardFault_Handler
                0x00000240                SVC_Handler
                0x00000246                PendSV_Handler
                0x0000024c                SysTick_Handler
                0x00000252                SCT0_1_IRQHandler
                0x00000252                ADCB_IRQHandler
                0x00000252                TIMER32_0_IRQHandler
                0x00000252                TIMER32_1_IRQHandler
                0x00000252                PIN_INT6_IRQHandler
                0x00000252                IntDefaultHandler
                0x00000252                PIN_INT4_IRQHandler
                0x00000252                I2C1_IRQHandler
                0x00000252                RTC_IRQHandler
                0x00000252                USBWakeup_IRQHandler
                0x00000252                I2C0_IRQHandler
                0x00000252                USART0_IRQHandler
                0x00000252                PIN_INT5_IRQHandler
                0x00000252                PIN_INT2_IRQHandler
                0x00000252                TIMER16_1_IRQHandler
                0x00000252                USB_FIQHandler
                0x00000252                USART1_4_IRQHandler
                0x00000252                SSP1_IRQHandler
                0x00000252                PIN_INT7_IRQHandler
                0x00000252                PIN_INT1_IRQHandler
                0x00000252                USB_IRQHandler
                0x00000252                SSP0_IRQHandler
                0x00000252                USART2_3_IRQHandler
                0x00000252                PIN_INT0_IRQHandler
                0x00000252                GINT0_IRQHandler
                0x00000252                TIMER16_0_IRQHandler
                0x00000252                DMA_IRQHandler
                0x00000252                PIN_INT3_IRQHandler
                0x00000252                FMC_IRQHandler
                0x00000252                GINT1_IRQHandler
                0x00000252                ADCA_IRQHandler
                0x000002fc                . = 0x2fc
 *fill*         0x00000258       0xa4 ff
                0x000002fc                PROVIDE (__CRP_WORD_START__ = .)
 *(.crp)
 .crp           0x000002fc        0x4 ./example/src/crp.o
                0x000002fc                CRP_WORD
                0x00000300                PROVIDE (__CRP_WORD_END__ = .)
                0x00000001                ASSERT (! ((__CRP_WORD_START__ == __CRP_WORD_END__)), Linker CRP Enabled, but no CRP_WORD provided within application)
 *(.text*)
 .text.__aeabi_uidiv
                0x00000300       0x10 ./example/src/aeabi_romdiv_patch.o
                0x00000300                __aeabi_uidivmod
                0x00000300                __aeabi_uidiv
 .text.NVIC_EnableIRQ
                0x00000310       0x2c ./example/src/bod.o
 .text.NVIC_DisableIRQ
                0x0000033c       0x30 ./example/src/bod.o
 .text.NVIC_ClearPendingIRQ
                0x0000036c       0x34 ./example/src/bod.o
 .text.Chip_SYSCTL_GetSystemRSTStatus
                0x000003a0       0x14 ./example/src/bod.o
 .text.Chip_SYSCTL_ClearSystemRSTStatus
                0x000003b4       0x1c ./example/src/bod.o
 .text.Chip_SYSCTL_SetBODLevels
                0x000003d0       0x34 ./example/src/bod.o
 .text.Chip_SYSCTL_EnableBODReset
                0x00000404       0x24 ./example/src/bod.o
 .text.BOD_WDT_IRQHandler
                0x00000428       0x18 ./example/src/bod.o
                0x00000428                BOD_WDT_IRQHandler
 .text.main     0x00000440       0x6e ./example/src/bod.o
                0x00000440                main
 .text.SystemInit
                0x000004ae        0xe ./example/src/sysinit.o
                0x000004ae                SystemInit
 .text.Chip_GPIO_SetPinState
                0x000004bc       0x3e C:\Users\TeddyP\Documents\MCUXpressoIDE_11.3.0_5222\workspace\lpc_board_nxp_lpcxpresso_11u68\Debug\liblpc_board_nxp_lpcxpresso_11u68.a(board.o)
 .text.Chip_GPIO_SetPinDIROutput
                0x000004fa       0x50 C:\Users\TeddyP\Documents\MCUXpressoIDE_11.3.0_5222\workspace\lpc_board_nxp_lpcxpresso_11u68\Debug\liblpc_board_nxp_lpcxpresso_11u68.a(board.o)
 .text.Chip_UART0_TXEnable
                0x0000054a       0x16 C:\Users\TeddyP\Documents\MCUXpressoIDE_11.3.0_5222\workspace\lpc_board_nxp_lpcxpresso_11u68\Debug\liblpc_board_nxp_lpcxpresso_11u68.a(board.o)
 .text.Chip_UART0_SetupFIFOS
                0x00000560       0x18 C:\Users\TeddyP\Documents\MCUXpressoIDE_11.3.0_5222\workspace\lpc_board_nxp_lpcxpresso_11u68\Debug\liblpc_board_nxp_lpcxpresso_11u68.a(board.o)
 .text.Chip_UART0_ConfigData
                0x00000578       0x18 C:\Users\TeddyP\Documents\MCUXpressoIDE_11.3.0_5222\workspace\lpc_board_nxp_lpcxpresso_11u68\Debug\liblpc_board_nxp_lpcxpresso_11u68.a(board.o)
 .text.__sys_write
                0x00000590       0x38 C:\Users\TeddyP\Documents\MCUXpressoIDE_11.3.0_5222\workspace\lpc_board_nxp_lpcxpresso_11u68\Debug\liblpc_board_nxp_lpcxpresso_11u68.a(board.o)
                0x00000590                __sys_write
 .text.Board_UARTPutChar
                0x000005c8       0x24 C:\Users\TeddyP\Documents\MCUXpressoIDE_11.3.0_5222\workspace\lpc_board_nxp_lpcxpresso_11u68\Debug\liblpc_board_nxp_lpcxpresso_11u68.a(board.o)
                0x000005c8                Board_UARTPutChar
 .text.Board_Debug_Init
                0x000005ec       0x40 C:\Users\TeddyP\Documents\MCUXpressoIDE_11.3.0_5222\workspace\lpc_board_nxp_lpcxpresso_11u68\Debug\liblpc_board_nxp_lpcxpresso_11u68.a(board.o)
                0x000005ec                Board_Debug_Init
 .text.Board_LED_Init
                0x0000062c       0x60 C:\Users\TeddyP\Documents\MCUXpressoIDE_11.3.0_5222\workspace\lpc_board_nxp_lpcxpresso_11u68\Debug\liblpc_board_nxp_lpcxpresso_11u68.a(board.o)
 .text.Board_LED_Set
                0x0000068c       0x5c C:\Users\TeddyP\Documents\MCUXpressoIDE_11.3.0_5222\workspace\lpc_board_nxp_lpcxpresso_11u68\Debug\liblpc_board_nxp_lpcxpresso_11u68.a(board.o)
                0x0000068c                Board_LED_Set
 .text.Board_Init
                0x000006e8       0x1c C:\Users\TeddyP\Documents\MCUXpressoIDE_11.3.0_5222\workspace\lpc_board_nxp_lpcxpresso_11u68\Debug\liblpc_board_nxp_lpcxpresso_11u68.a(board.o)
                0x000006e8                Board_Init
 .text.Chip_Clock_EnablePeriphClock
                0x00000704       0x30 C:\Users\TeddyP\Documents\MCUXpressoIDE_11.3.0_5222\workspace\lpc_board_nxp_lpcxpresso_11u68\Debug\liblpc_board_nxp_lpcxpresso_11u68.a(board_sysinit.o)
 .text.Board_SetupMuxing
                0x00000734       0x24 C:\Users\TeddyP\Documents\MCUXpressoIDE_11.3.0_5222\workspace\lpc_board_nxp_lpcxpresso_11u68\Debug\liblpc_board_nxp_lpcxpresso_11u68.a(board_sysinit.o)
                0x00000734                Board_SetupMuxing
 .text.Board_SetupClocking
                0x00000758        0xe C:\Users\TeddyP\Documents\MCUXpressoIDE_11.3.0_5222\workspace\lpc_board_nxp_lpcxpresso_11u68\Debug\liblpc_board_nxp_lpcxpresso_11u68.a(board_sysinit.o)
                0x00000758                Board_SetupClocking
 .text.Board_SystemInit
                0x00000766       0x12 C:\Users\TeddyP\Documents\MCUXpressoIDE_11.3.0_5222\workspace\lpc_board_nxp_lpcxpresso_11u68\Debug\liblpc_board_nxp_lpcxpresso_11u68.a(board_sysinit.o)
                0x00000766                Board_SystemInit
 .text.SystemCoreClockUpdate
                0x00000778       0x18 C:\Users\TeddyP\Documents\MCUXpressoIDE_11.3.0_5222\workspace\lpc_chip_11u6x\Debug\liblpc_chip_11u6x.a(chip_11u6x.o)
                0x00000778                SystemCoreClockUpdate
 .text.Chip_Clock_GetMainOscRate
                0x00000790       0x14 C:\Users\TeddyP\Documents\MCUXpressoIDE_11.3.0_5222\workspace\lpc_chip_11u6x\Debug\liblpc_chip_11u6x.a(clock_11u6x.o)
 .text.Chip_Clock_GetIntOscRate
                0x000007a4       0x10 C:\Users\TeddyP\Documents\MCUXpressoIDE_11.3.0_5222\workspace\lpc_chip_11u6x\Debug\liblpc_chip_11u6x.a(clock_11u6x.o)
 .text.Chip_Clock_GetRTCOscRate
                0x000007b4       0x14 C:\Users\TeddyP\Documents\MCUXpressoIDE_11.3.0_5222\workspace\lpc_chip_11u6x\Debug\liblpc_chip_11u6x.a(clock_11u6x.o)
 .text.Chip_Clock_GetWDTRate
                0x000007c8       0x48 C:\Users\TeddyP\Documents\MCUXpressoIDE_11.3.0_5222\workspace\lpc_chip_11u6x\Debug\liblpc_chip_11u6x.a(clock_11u6x.o)
 .text.Chip_Clock_GetPLLFreq
                0x00000810       0x22 C:\Users\TeddyP\Documents\MCUXpressoIDE_11.3.0_5222\workspace\lpc_chip_11u6x\Debug\liblpc_chip_11u6x.a(clock_11u6x.o)
 *fill*         0x00000832        0x2 ff
 .text.Chip_Clock_SetSystemPLLSource
                0x00000834       0x2c C:\Users\TeddyP\Documents\MCUXpressoIDE_11.3.0_5222\workspace\lpc_chip_11u6x\Debug\liblpc_chip_11u6x.a(clock_11u6x.o)
                0x00000834                Chip_Clock_SetSystemPLLSource
 .text.Chip_Clock_SetMainClockSource
                0x00000860       0x2c C:\Users\TeddyP\Documents\MCUXpressoIDE_11.3.0_5222\workspace\lpc_chip_11u6x\Debug\liblpc_chip_11u6x.a(clock_11u6x.o)
                0x00000860                Chip_Clock_SetMainClockSource
 .text.Chip_Clock_GetWDTOSCRate
                0x0000088c       0x1c C:\Users\TeddyP\Documents\MCUXpressoIDE_11.3.0_5222\workspace\lpc_chip_11u6x\Debug\liblpc_chip_11u6x.a(clock_11u6x.o)
                0x0000088c                Chip_Clock_GetWDTOSCRate
 .text.Chip_Clock_GetSystemPLLInClockRate
                0x000008a8       0x54 C:\Users\TeddyP\Documents\MCUXpressoIDE_11.3.0_5222\workspace\lpc_chip_11u6x\Debug\liblpc_chip_11u6x.a(clock_11u6x.o)
                0x000008a8                Chip_Clock_GetSystemPLLInClockRate
 .text.Chip_Clock_GetSystemPLLOutClockRate
                0x000008fc       0x24 C:\Users\TeddyP\Documents\MCUXpressoIDE_11.3.0_5222\workspace\lpc_chip_11u6x\Debug\liblpc_chip_11u6x.a(clock_11u6x.o)
                0x000008fc                Chip_Clock_GetSystemPLLOutClockRate
 .text.Chip_Clock_GetMainClockRate
                0x00000920       0x64 C:\Users\TeddyP\Documents\MCUXpressoIDE_11.3.0_5222\workspace\lpc_chip_11u6x\Debug\liblpc_chip_11u6x.a(clock_11u6x.o)
                0x00000920                Chip_Clock_GetMainClockRate
 .text.Chip_Clock_GetSystemClockRate
                0x00000984       0x24 C:\Users\TeddyP\Documents\MCUXpressoIDE_11.3.0_5222\workspace\lpc_chip_11u6x\Debug\liblpc_chip_11u6x.a(clock_11u6x.o)
                0x00000984                Chip_Clock_GetSystemClockRate
 .text.Chip_Clock_EnablePeriphClock
                0x000009a8       0x30 C:\Users\TeddyP\Documents\MCUXpressoIDE_11.3.0_5222\workspace\lpc_chip_11u6x\Debug\liblpc_chip_11u6x.a(gpio_11u6x.o)
 .text.Chip_GPIO_Init
                0x000009d8       0x16 C:\Users\TeddyP\Documents\MCUXpressoIDE_11.3.0_5222\workspace\lpc_chip_11u6x\Debug\liblpc_chip_11u6x.a(gpio_11u6x.o)
                0x000009d8                Chip_GPIO_Init
 .text.Chip_IOCON_PinMuxSet
                0x000009ee       0x90 C:\Users\TeddyP\Documents\MCUXpressoIDE_11.3.0_5222\workspace\lpc_chip_11u6x\Debug\liblpc_chip_11u6x.a(iocon_11u6x.o)
                0x000009ee                Chip_IOCON_PinMuxSet
 .text.Chip_IOCON_SetPinMuxing
                0x00000a7e       0x50 C:\Users\TeddyP\Documents\MCUXpressoIDE_11.3.0_5222\workspace\lpc_chip_11u6x\Debug\liblpc_chip_11u6x.a(iocon_11u6x.o)
                0x00000a7e                Chip_IOCON_SetPinMuxing
 *fill*         0x00000ace        0x2 ff
 .text.Chip_SYSCTL_PowerDown
                0x00000ad0       0x44 C:\Users\TeddyP\Documents\MCUXpressoIDE_11.3.0_5222\workspace\lpc_chip_11u6x\Debug\liblpc_chip_11u6x.a(syscon_11u6x.o)
                0x00000ad0                Chip_SYSCTL_PowerDown
 .text.Chip_SYSCTL_PowerUp
                0x00000b14       0x44 C:\Users\TeddyP\Documents\MCUXpressoIDE_11.3.0_5222\workspace\lpc_chip_11u6x\Debug\liblpc_chip_11u6x.a(syscon_11u6x.o)
                0x00000b14                Chip_SYSCTL_PowerUp
 .text.Chip_Clock_SetupSystemPLL
                0x00000b58       0x38 C:\Users\TeddyP\Documents\MCUXpressoIDE_11.3.0_5222\workspace\lpc_chip_11u6x\Debug\liblpc_chip_11u6x.a(sysinit_11u6x.o)
 .text.Chip_Clock_IsSystemPLLLocked
                0x00000b90       0x1c C:\Users\TeddyP\Documents\MCUXpressoIDE_11.3.0_5222\workspace\lpc_chip_11u6x\Debug\liblpc_chip_11u6x.a(sysinit_11u6x.o)
 .text.Chip_Clock_SetSysClockDiv
                0x00000bac       0x1c C:\Users\TeddyP\Documents\MCUXpressoIDE_11.3.0_5222\workspace\lpc_chip_11u6x\Debug\liblpc_chip_11u6x.a(sysinit_11u6x.o)
 .text.Chip_FMC_SetFLASHAccess
                0x00000bc8       0x30 C:\Users\TeddyP\Documents\MCUXpressoIDE_11.3.0_5222\workspace\lpc_chip_11u6x\Debug\liblpc_chip_11u6x.a(sysinit_11u6x.o)
 .text.Chip_SetupXtalClocking
                0x00000bf8       0x6c C:\Users\TeddyP\Documents\MCUXpressoIDE_11.3.0_5222\workspace\lpc_chip_11u6x\Debug\liblpc_chip_11u6x.a(sysinit_11u6x.o)
                0x00000bf8                Chip_SetupXtalClocking
 .text.Chip_Clock_EnablePeriphClock
                0x00000c64       0x30 C:\Users\TeddyP\Documents\MCUXpressoIDE_11.3.0_5222\workspace\lpc_chip_11u6x\Debug\liblpc_chip_11u6x.a(uart_0_11u6x.o)
 .text.Chip_Clock_SetUSART0ClockDiv
                0x00000c94       0x1c C:\Users\TeddyP\Documents\MCUXpressoIDE_11.3.0_5222\workspace\lpc_chip_11u6x\Debug\liblpc_chip_11u6x.a(uart_0_11u6x.o)
 .text.Chip_UART0_SendByte
                0x00000cb0       0x1e C:\Users\TeddyP\Documents\MCUXpressoIDE_11.3.0_5222\workspace\lpc_chip_11u6x\Debug\liblpc_chip_11u6x.a(uart_0_11u6x.o)
 .text.Chip_UART0_SetupFIFOS
                0x00000cce       0x18 C:\Users\TeddyP\Documents\MCUXpressoIDE_11.3.0_5222\workspace\lpc_chip_11u6x\Debug\liblpc_chip_11u6x.a(uart_0_11u6x.o)
 .text.Chip_UART0_EnableDivisorAccess
                0x00000ce6       0x1c C:\Users\TeddyP\Documents\MCUXpressoIDE_11.3.0_5222\workspace\lpc_chip_11u6x\Debug\liblpc_chip_11u6x.a(uart_0_11u6x.o)
 .text.Chip_UART0_DisableDivisorAccess
                0x00000d02       0x1e C:\Users\TeddyP\Documents\MCUXpressoIDE_11.3.0_5222\workspace\lpc_chip_11u6x\Debug\liblpc_chip_11u6x.a(uart_0_11u6x.o)
 .text.Chip_UART0_SetDivisorLatches
                0x00000d20       0x30 C:\Users\TeddyP\Documents\MCUXpressoIDE_11.3.0_5222\workspace\lpc_chip_11u6x\Debug\liblpc_chip_11u6x.a(uart_0_11u6x.o)
 .text.Chip_UART0_ReadLineStatus
                0x00000d50       0x14 C:\Users\TeddyP\Documents\MCUXpressoIDE_11.3.0_5222\workspace\lpc_chip_11u6x\Debug\liblpc_chip_11u6x.a(uart_0_11u6x.o)
 .text.Chip_UART0_Init
                0x00000d64       0x2c C:\Users\TeddyP\Documents\MCUXpressoIDE_11.3.0_5222\workspace\lpc_chip_11u6x\Debug\liblpc_chip_11u6x.a(uart_0_11u6x.o)
                0x00000d64                Chip_UART0_Init
 .text.Chip_UART0_Send
                0x00000d90       0x52 C:\Users\TeddyP\Documents\MCUXpressoIDE_11.3.0_5222\workspace\lpc_chip_11u6x\Debug\liblpc_chip_11u6x.a(uart_0_11u6x.o)
                0x00000d90                Chip_UART0_Send
 .text.Chip_UART0_SendBlocking
                0x00000de2       0x4e C:\Users\TeddyP\Documents\MCUXpressoIDE_11.3.0_5222\workspace\lpc_chip_11u6x\Debug\liblpc_chip_11u6x.a(uart_0_11u6x.o)
                0x00000de2                Chip_UART0_SendBlocking
 .text.Chip_UART0_SetBaud
                0x00000e30       0x6e C:\Users\TeddyP\Documents\MCUXpressoIDE_11.3.0_5222\workspace\lpc_chip_11u6x\Debug\liblpc_chip_11u6x.a(uart_0_11u6x.o)
                0x00000e30                Chip_UART0_SetBaud
 .text.__main   0x00000e9e        0xc c:/nxp/mcuxpressoide_11.3.0_5222/ide/plugins/com.nxp.mcuxpresso.tools.win32_11.3.0.202008311133/tools/bin/../lib/gcc/arm-none-eabi/9.3.1/../../../../arm-none-eabi/lib/thumb/v6-m/nofp\libcr_nohost.a(_cr__main.o)
                0x00000e9e                __main
 *fill*         0x00000eaa        0x2 ff
 .text._initio  0x00000eac       0x7c c:/nxp/mcuxpressoide_11.3.0_5222/ide/plugins/com.nxp.mcuxpresso.tools.win32_11.3.0.202008311133/tools/bin/../lib/gcc/arm-none-eabi/9.3.1/../../../../arm-none-eabi/lib/thumb/v6-m/nofp\libcr_c.a(initio.o)
                0x00000eac                _initio
 .text.setvbuf  0x00000f28       0x4c c:/nxp/mcuxpressoide_11.3.0_5222/ide/plugins/com.nxp.mcuxpresso.tools.win32_11.3.0.202008311133/tools/bin/../lib/gcc/arm-none-eabi/9.3.1/../../../../arm-none-eabi/lib/thumb/v6-m/nofp\libcr_c.a(setvbuf.o)
                0x00000f28                setvbuf
 .text._fdopen  0x00000f74       0x74 c:/nxp/mcuxpressoide_11.3.0_5222/ide/plugins/com.nxp.mcuxpresso.tools.win32_11.3.0.202008311133/tools/bin/../lib/gcc/arm-none-eabi/9.3.1/../../../../arm-none-eabi/lib/thumb/v6-m/nofp\libcr_c.a(_fdopen.o)
                0x00000f74                _fdopen
 .text.fclose   0x00000fe8       0x5c c:/nxp/mcuxpressoide_11.3.0_5222/ide/plugins/com.nxp.mcuxpresso.tools.win32_11.3.0.202008311133/tools/bin/../lib/gcc/arm-none-eabi/9.3.1/../../../../arm-none-eabi/lib/thumb/v6-m/nofp\libcr_c.a(fclose.o)
                0x00000fe8                fclose
 .text.fflush   0x00001044       0x44 c:/nxp/mcuxpressoide_11.3.0_5222/ide/plugins/com.nxp.mcuxpresso.tools.win32_11.3.0.202008311133/tools/bin/../lib/gcc/arm-none-eabi/9.3.1/../../../../arm-none-eabi/lib/thumb/v6-m/nofp\libcr_c.a(fflush.o)
                0x00001044                fflush
 .text.fseek    0x00001088       0xf4 c:/nxp/mcuxpressoide_11.3.0_5222/ide/plugins/com.nxp.mcuxpresso.tools.win32_11.3.0.202008311133/tools/bin/../lib/gcc/arm-none-eabi/9.3.1/../../../../arm-none-eabi/lib/thumb/v6-m/nofp\libcr_c.a(fseek.o)
                0x00001088                fseek
 .text.ftell    0x0000117c       0x48 c:/nxp/mcuxpressoide_11.3.0_5222/ide/plugins/com.nxp.mcuxpresso.tools.win32_11.3.0.202008311133/tools/bin/../lib/gcc/arm-none-eabi/9.3.1/../../../../arm-none-eabi/lib/thumb/v6-m/nofp\libcr_c.a(ftell.o)
                0x0000117c                ftell
 .text.remove   0x000011c4       0x12 c:/nxp/mcuxpressoide_11.3.0_5222/ide/plugins/com.nxp.mcuxpresso.tools.win32_11.3.0.202008311133/tools/bin/../lib/gcc/arm-none-eabi/9.3.1/../../../../arm-none-eabi/lib/thumb/v6-m/nofp\libcr_c.a(remove.o)
                0x000011c4                remove
 *fill*         0x000011d6        0x2 ff
 .text.strlen   0x000011d8       0x58 c:/nxp/mcuxpressoide_11.3.0_5222/ide/plugins/com.nxp.mcuxpresso.tools.win32_11.3.0.202008311133/tools/bin/../lib/gcc/arm-none-eabi/9.3.1/../../../../arm-none-eabi/lib/thumb/v6-m/nofp\libcr_c.a(strlen.o)
                0x000011d8                strlen
 .text.memset   0x00001230        0x8 c:/nxp/mcuxpressoide_11.3.0_5222/ide/plugins/com.nxp.mcuxpresso.tools.win32_11.3.0.202008311133/tools/bin/../lib/gcc/arm-none-eabi/9.3.1/../../../../arm-none-eabi/lib/thumb/v6-m/nofp\libcr_c.a(memset.o)
                0x00001230                memset
 .text._do_fflush
                0x00001238       0x48 c:/nxp/mcuxpressoide_11.3.0_5222/ide/plugins/com.nxp.mcuxpresso.tools.win32_11.3.0.202008311133/tools/bin/../lib/gcc/arm-none-eabi/9.3.1/../../../../arm-none-eabi/lib/thumb/v6-m/nofp\libcr_c.a(_do_fflush.o)
                0x00001238                _do_fflush
 .text._fflush  0x00001280       0x60 c:/nxp/mcuxpressoide_11.3.0_5222/ide/plugins/com.nxp.mcuxpresso.tools.win32_11.3.0.202008311133/tools/bin/../lib/gcc/arm-none-eabi/9.3.1/../../../../arm-none-eabi/lib/thumb/v6-m/nofp\libcr_c.a(_fflush.o)
                0x00001280                _fflush
 .text._Cwritebuf
                0x000012e0       0x68 c:/nxp/mcuxpressoide_11.3.0_5222/ide/plugins/com.nxp.mcuxpresso.tools.win32_11.3.0.202008311133/tools/bin/../lib/gcc/arm-none-eabi/9.3.1/../../../../arm-none-eabi/lib/thumb/v6-m/nofp\libcr_c.a(_writebuf.o)
                0x000012e0                _Cwritebuf
 .text.free     0x00001348       0x2c c:/nxp/mcuxpressoide_11.3.0_5222/ide/plugins/com.nxp.mcuxpresso.tools.win32_11.3.0.202008311133/tools/bin/../lib/gcc/arm-none-eabi/9.3.1/../../../../arm-none-eabi/lib/thumb/v6-m/nofp\libcr_c.a(alloc.o)
                0x00001348                free
 .text._deferredlazyseek
                0x00001374       0x40 c:/nxp/mcuxpressoide_11.3.0_5222/ide/plugins/com.nxp.mcuxpresso.tools.win32_11.3.0.202008311133/tools/bin/../lib/gcc/arm-none-eabi/9.3.1/../../../../arm-none-eabi/lib/thumb/v6-m/nofp\libcr_c.a(_deferredlazyseek.o)
                0x00001374                _deferredlazyseek
 .text.__aeabi_memset_lowlevel
                0x000013b4       0x2a c:/nxp/mcuxpressoide_11.3.0_5222/ide/plugins/com.nxp.mcuxpresso.tools.win32_11.3.0.202008311133/tools/bin/../lib/gcc/arm-none-eabi/9.3.1/thumb/v6-m/nofp\libcr_eabihelpers.a(memcpy.o)
                0x000013b4                __aeabi_lowlevel_memset
 .text.__sys_close
                0x000013de        0x6 c:/nxp/mcuxpressoide_11.3.0_5222/ide/plugins/com.nxp.mcuxpresso.tools.win32_11.3.0.202008311133/tools/bin/../lib/gcc/arm-none-eabi/9.3.1/../../../../arm-none-eabi/lib/thumb/v6-m/nofp\libcr_nohost.a(__sys_close.o)
                0x000013de                __sys_close
 .text.__sys_flen
                0x000013e4        0x6 c:/nxp/mcuxpressoide_11.3.0_5222/ide/plugins/com.nxp.mcuxpresso.tools.win32_11.3.0.202008311133/tools/bin/../lib/gcc/arm-none-eabi/9.3.1/../../../../arm-none-eabi/lib/thumb/v6-m/nofp\libcr_nohost.a(__sys_flen.o)
                0x000013e4                __sys_flen
 .text.__sys_istty
                0x000013ea        0x6 c:/nxp/mcuxpressoide_11.3.0_5222/ide/plugins/com.nxp.mcuxpresso.tools.win32_11.3.0.202008311133/tools/bin/../lib/gcc/arm-none-eabi/9.3.1/../../../../arm-none-eabi/lib/thumb/v6-m/nofp\libcr_nohost.a(__sys_istty.o)
                0x000013ea                __sys_istty
 .text.__sys_remove
                0x000013f0        0x6 c:/nxp/mcuxpressoide_11.3.0_5222/ide/plugins/com.nxp.mcuxpresso.tools.win32_11.3.0.202008311133/tools/bin/../lib/gcc/arm-none-eabi/9.3.1/../../../../arm-none-eabi/lib/thumb/v6-m/nofp\libcr_nohost.a(__sys_remove.o)
                0x000013f0                __sys_remove
 .text.__sys_seek
                0x000013f6        0x6 c:/nxp/mcuxpressoide_11.3.0_5222/ide/plugins/com.nxp.mcuxpresso.tools.win32_11.3.0.202008311133/tools/bin/../lib/gcc/arm-none-eabi/9.3.1/../../../../arm-none-eabi/lib/thumb/v6-m/nofp\libcr_nohost.a(__sys_seek.o)
                0x000013f6                __sys_seek
 .text.__sys_tmpnam
                0x000013fc        0x6 c:/nxp/mcuxpressoide_11.3.0_5222/ide/plugins/com.nxp.mcuxpresso.tools.win32_11.3.0.202008311133/tools/bin/../lib/gcc/arm-none-eabi/9.3.1/../../../../arm-none-eabi/lib/thumb/v6-m/nofp\libcr_nohost.a(__sys_tmpnam.o)
                0x000013fc                __sys_tmpnam
 *(.rodata .rodata.* .constdata .constdata.*)
 *fill*         0x00001402        0x2 ff
 .rodata.OscRateIn
                0x00001404        0x4 C:\Users\TeddyP\Documents\MCUXpressoIDE_11.3.0_5222\workspace\lpc_board_nxp_lpcxpresso_11u68\Debug\liblpc_board_nxp_lpcxpresso_11u68.a(board.o)
                0x00001404                OscRateIn
 .rodata.RTCOscRateIn
                0x00001408        0x4 C:\Users\TeddyP\Documents\MCUXpressoIDE_11.3.0_5222\workspace\lpc_board_nxp_lpcxpresso_11u68\Debug\liblpc_board_nxp_lpcxpresso_11u68.a(board.o)
                0x00001408                RTCOscRateIn
 .rodata.ledports
                0x0000140c        0x3 C:\Users\TeddyP\Documents\MCUXpressoIDE_11.3.0_5222\workspace\lpc_board_nxp_lpcxpresso_11u68\Debug\liblpc_board_nxp_lpcxpresso_11u68.a(board.o)
 *fill*         0x0000140f        0x1 ff
 .rodata.ledpins
                0x00001410        0x3 C:\Users\TeddyP\Documents\MCUXpressoIDE_11.3.0_5222\workspace\lpc_board_nxp_lpcxpresso_11u68\Debug\liblpc_board_nxp_lpcxpresso_11u68.a(board.o)
 *fill*         0x00001413        0x1 ff
 .rodata.pinmuxing
                0x00001414       0x64 C:\Users\TeddyP\Documents\MCUXpressoIDE_11.3.0_5222\workspace\lpc_board_nxp_lpcxpresso_11u68\Debug\liblpc_board_nxp_lpcxpresso_11u68.a(board_sysinit.o)
 .rodata.wdtOSCRate
                0x00001478       0x40 C:\Users\TeddyP\Documents\MCUXpressoIDE_11.3.0_5222\workspace\lpc_chip_11u6x\Debug\liblpc_chip_11u6x.a(clock_11u6x.o)
 .rodata._initio.str1.1
                0x000014b8        0x4 c:/nxp/mcuxpressoide_11.3.0_5222/ide/plugins/com.nxp.mcuxpresso.tools.win32_11.3.0.202008311133/tools/bin/../lib/gcc/arm-none-eabi/9.3.1/../../../../arm-none-eabi/lib/thumb/v6-m/nofp\libcr_c.a(initio.o)
 .rodata.__num_Ciob_streams
                0x000014bc        0x4 c:/nxp/mcuxpressoide_11.3.0_5222/ide/plugins/com.nxp.mcuxpresso.tools.win32_11.3.0.202008311133/tools/bin/../lib/gcc/arm-none-eabi/9.3.1/../../../../arm-none-eabi/lib/thumb/v6-m/nofp\libcr_nohost.a(__ciob.o)
                0x000014bc                __num_Ciob_streams
                0x000014c0                . = ALIGN (0x4)

.glue_7         0x000014c0        0x0
 .glue_7        0x000014c0        0x0 linker stubs

.glue_7t        0x000014c0        0x0
 .glue_7t       0x000014c0        0x0 linker stubs

.vfp11_veneer   0x000014c0        0x0
 .vfp11_veneer  0x000014c0        0x0 linker stubs

.v4_bx          0x000014c0        0x0
 .v4_bx         0x000014c0        0x0 linker stubs

.iplt           0x000014c0        0x0
 .iplt          0x000014c0        0x0 ./example/src/aeabi_romdiv_patch.o

.rel.dyn        0x000014c0        0x0
 .rel.iplt      0x000014c0        0x0 ./example/src/aeabi_romdiv_patch.o

.ARM.extab
 *(.ARM.extab* .gnu.linkonce.armextab.*)

.ARM.exidx      0x000014c0        0x0
                0x000014c0                __exidx_start = .
 *(.ARM.exidx* .gnu.linkonce.armexidx.*)
                0x000014c0                __exidx_end = .
                0x000014c0                _etext = .

.mtb_buffer_RAM2
 *(.mtb.$RAM2*)
 *(.mtb.$Ram1_2*)

.data_RAM2      0x20000000        0x0 load address 0x000014c0
 FILL mask 0xff
                [!provide]                PROVIDE (__start_data_RAM2 = .)
                [!provide]                PROVIDE (__start_data_Ram1_2 = .)
 *(.ramfunc.$RAM2)
 *(.ramfunc.$Ram1_2)
 *(.data.$RAM2)
 *(.data.$Ram1_2)
 *(.data.$RAM2.*)
 *(.data.$Ram1_2.*)
                0x20000000                . = ALIGN (0x4)
                [!provide]                PROVIDE (__end_data_RAM2 = .)
                [!provide]                PROVIDE (__end_data_Ram1_2 = .)

.mtb_buffer_RAM3
 *(.mtb.$RAM3*)
 *(.mtb.$Ram2USB_2*)

.data_RAM3      0x20004000        0x0 load address 0x000014c0
 FILL mask 0xff
                [!provide]                PROVIDE (__start_data_RAM3 = .)
                [!provide]                PROVIDE (__start_data_Ram2USB_2 = .)
 *(.ramfunc.$RAM3)
 *(.ramfunc.$Ram2USB_2)
 *(.data.$RAM3)
 *(.data.$Ram2USB_2)
 *(.data.$RAM3.*)
 *(.data.$Ram2USB_2.*)
                0x20004000                . = ALIGN (0x4)
                [!provide]                PROVIDE (__end_data_RAM3 = .)
                [!provide]                PROVIDE (__end_data_Ram2USB_2 = .)

.mtb_buffer_default
                0x10000000      0x100
 *(.mtb*)
 .mtb.$RAM1     0x10000000      0x100 ./example/src/mtb.o
                0x10000000                __mtb_buffer__

.uninit_RESERVED
                0x10000100        0x0
                0x10000100                _start_uninit_RESERVED = .
 *(.bss.$RESERVED*)
                0x10000100                . = ALIGN (0x4)
                0x10000100                _end_uninit_RESERVED = .

.data           0x10000100        0x0 load address 0x000014c0
 FILL mask 0xff
                0x10000100                _data = .
                [!provide]                PROVIDE (__start_data_RAM = .)
                [!provide]                PROVIDE (__start_data_Ram0_32 = .)
 *(vtable)
 *(.ramfunc*)
 *(CodeQuickAccess)
 *(DataQuickAccess)
 *(RamFunction)
 *(.data*)
                0x10000100                . = ALIGN (0x4)
                0x10000100                _edata = .
                [!provide]                PROVIDE (__end_data_RAM = .)
                [!provide]                PROVIDE (__end_data_Ram0_32 = .)

.igot.plt       0x10000100        0x0 load address 0x000014c0
 .igot.plt      0x10000100        0x0 ./example/src/aeabi_romdiv_patch.o

.bss_RAM2       0x20000000        0x0
                [!provide]                PROVIDE (__start_bss_RAM2 = .)
                [!provide]                PROVIDE (__start_bss_Ram1_2 = .)
 *(.bss.$RAM2)
 *(.bss.$Ram1_2)
 *(.bss.$RAM2.*)
 *(.bss.$Ram1_2.*)
                0x20000000                . = ALIGN ((. != 0x0)?0x4:0x1)
                [!provide]                PROVIDE (__end_bss_RAM2 = .)
                [!provide]                PROVIDE (__end_bss_Ram1_2 = .)

.bss_RAM3       0x20004000        0x0
                [!provide]                PROVIDE (__start_bss_RAM3 = .)
                [!provide]                PROVIDE (__start_bss_Ram2USB_2 = .)
 *(.bss.$RAM3)
 *(.bss.$Ram2USB_2)
 *(.bss.$RAM3.*)
 *(.bss.$Ram2USB_2.*)
                0x20004000                . = ALIGN ((. != 0x0)?0x4:0x1)
                [!provide]                PROVIDE (__end_bss_RAM3 = .)
                [!provide]                PROVIDE (__end_bss_Ram2USB_2 = .)

.bss            0x10000100      0x1f0
                0x10000100                _bss = .
                [!provide]                PROVIDE (__start_bss_RAM = .)
                [!provide]                PROVIDE (__start_bss_Ram0_32 = .)
 *(.bss*)
 .bss.errno     0x10000100        0x4 c:/nxp/mcuxpressoide_11.3.0_5222/ide/plugins/com.nxp.mcuxpresso.tools.win32_11.3.0.202008311133/tools/bin/../lib/gcc/arm-none-eabi/9.3.1/../../../../arm-none-eabi/lib/thumb/v6-m/nofp\libcr_c.a(errno.o)
                0x10000100                errno
 .bss.__Ciob    0x10000104      0x1e0 c:/nxp/mcuxpressoide_11.3.0_5222/ide/plugins/com.nxp.mcuxpresso.tools.win32_11.3.0.202008311133/tools/bin/../lib/gcc/arm-none-eabi/9.3.1/../../../../arm-none-eabi/lib/thumb/v6-m/nofp\libcr_nohost.a(__ciob.o)
                0x10000104                __Ciob
 *(COMMON)
 COMMON         0x100002e4        0x8 ./example/src/cr_startup_lpc11u6x.o
                0x100002e4                pDivRom_uidiv
                0x100002e8                pDivRom_idiv
 COMMON         0x100002ec        0x4 C:\Users\TeddyP\Documents\MCUXpressoIDE_11.3.0_5222\workspace\lpc_chip_11u6x\Debug\liblpc_chip_11u6x.a(chip_11u6x.o)
                0x100002ec                SystemCoreClock
                0x100002f0                . = ALIGN (0x4)
                0x100002f0                _ebss = .
                [!provide]                PROVIDE (__end_bss_RAM = .)
                [!provide]                PROVIDE (__end_bss_Ram0_32 = .)
                [!provide]                PROVIDE (end = .)

.noinit_RAM2    0x20000000        0x0
                [!provide]                PROVIDE (__start_noinit_RAM2 = .)
                [!provide]                PROVIDE (__start_noinit_Ram1_2 = .)
 *(.noinit.$RAM2)
 *(.noinit.$Ram1_2)
 *(.noinit.$RAM2.*)
 *(.noinit.$Ram1_2.*)
                0x20000000                . = ALIGN (0x4)
                [!provide]                PROVIDE (__end_noinit_RAM2 = .)
                [!provide]                PROVIDE (__end_noinit_Ram1_2 = .)

.noinit_RAM3    0x20004000        0x0
                [!provide]                PROVIDE (__start_noinit_RAM3 = .)
                [!provide]                PROVIDE (__start_noinit_Ram2USB_2 = .)
 *(.noinit.$RAM3)
 *(.noinit.$Ram2USB_2)
 *(.noinit.$RAM3.*)
 *(.noinit.$Ram2USB_2.*)
                0x20004000                . = ALIGN (0x4)
                [!provide]                PROVIDE (__end_noinit_RAM3 = .)
                [!provide]                PROVIDE (__end_noinit_Ram2USB_2 = .)

.noinit         0x100002f0        0x0
                0x100002f0                _noinit = .
                [!provide]                PROVIDE (__start_noinit_RAM = .)
                [!provide]                PROVIDE (__start_noinit_Ram0_32 = .)
 *(.noinit*)
                0x100002f0                . = ALIGN (0x4)
                0x100002f0                _end_noinit = .
                [!provide]                PROVIDE (__end_noinit_RAM = .)
                [!provide]                PROVIDE (__end_noinit_Ram0_32 = .)
                0x100002f0                PROVIDE (_pvHeapStart = DEFINED (__user_heap_base)?__user_heap_base:.)
                0x10008000                PROVIDE (_vStackTop = DEFINED (__user_stack_top)?__user_stack_top:(__top_Ram0_32 - 0x0))
                [!provide]                PROVIDE (__valid_user_code_checksum = (0x0 - (((_vStackTop + (ResetISR + 0x1)) + (DEFINED (NMI_Handler)?NMI_Handler:M0_NMI_Handler + 0x1)) + (DEFINED (HardFault_Handler)?HardFault_Handler:M0_HardFault_Handler + 0x1))))
                0x00000000                _image_start = LOADADDR (.text)
                0x000014c0                _image_end = (LOADADDR (.data) + SIZEOF (.data))
                0x000014c0                _image_size = (_image_end - _image_start)
OUTPUT(periph_bod.axf elf32-littlearm)
LOAD linker stubs

.ARM.attributes
                0x00000000       0x28
 .ARM.attributes
                0x00000000       0x1c ./example/src/aeabi_romdiv_patch.o
 .ARM.attributes
                0x0000001c       0x2c ./example/src/bod.o
 .ARM.attributes
                0x00000048       0x2c ./example/src/cr_startup_lpc11u6x.o
 .ARM.attributes
                0x00000074       0x31 ./example/src/crp.o
 .ARM.attributes
                0x000000a5       0x31 ./example/src/mtb.o
 .ARM.attributes
                0x000000d6       0x2c ./example/src/sysinit.o
 .ARM.attributes
                0x00000102       0x2c C:\Users\TeddyP\Documents\MCUXpressoIDE_11.3.0_5222\workspace\lpc_board_nxp_lpcxpresso_11u68\Debug\liblpc_board_nxp_lpcxpresso_11u68.a(board.o)
 .ARM.attributes
                0x0000012e       0x2c C:\Users\TeddyP\Documents\MCUXpressoIDE_11.3.0_5222\workspace\lpc_board_nxp_lpcxpresso_11u68\Debug\liblpc_board_nxp_lpcxpresso_11u68.a(board_sysinit.o)
 .ARM.attributes
                0x0000015a       0x2c C:\Users\TeddyP\Documents\MCUXpressoIDE_11.3.0_5222\workspace\lpc_chip_11u6x\Debug\liblpc_chip_11u6x.a(chip_11u6x.o)
 .ARM.attributes
                0x00000186       0x2c C:\Users\TeddyP\Documents\MCUXpressoIDE_11.3.0_5222\workspace\lpc_chip_11u6x\Debug\liblpc_chip_11u6x.a(clock_11u6x.o)
 .ARM.attributes
                0x000001b2       0x2c C:\Users\TeddyP\Documents\MCUXpressoIDE_11.3.0_5222\workspace\lpc_chip_11u6x\Debug\liblpc_chip_11u6x.a(gpio_11u6x.o)
 .ARM.attributes
                0x000001de       0x2c C:\Users\TeddyP\Documents\MCUXpressoIDE_11.3.0_5222\workspace\lpc_chip_11u6x\Debug\liblpc_chip_11u6x.a(iocon_11u6x.o)
 .ARM.attributes
                0x0000020a       0x2c C:\Users\TeddyP\Documents\MCUXpressoIDE_11.3.0_5222\workspace\lpc_chip_11u6x\Debug\liblpc_chip_11u6x.a(syscon_11u6x.o)
 .ARM.attributes
                0x00000236       0x2c C:\Users\TeddyP\Documents\MCUXpressoIDE_11.3.0_5222\workspace\lpc_chip_11u6x\Debug\liblpc_chip_11u6x.a(sysinit_11u6x.o)
 .ARM.attributes
                0x00000262       0x2c C:\Users\TeddyP\Documents\MCUXpressoIDE_11.3.0_5222\workspace\lpc_chip_11u6x\Debug\liblpc_chip_11u6x.a(uart_0_11u6x.o)
 .ARM.attributes
                0x0000028e       0x2c c:/nxp/mcuxpressoide_11.3.0_5222/ide/plugins/com.nxp.mcuxpresso.tools.win32_11.3.0.202008311133/tools/bin/../lib/gcc/arm-none-eabi/9.3.1/../../../../arm-none-eabi/lib/thumb/v6-m/nofp\libcr_nohost.a(_cr__main.o)
 .ARM.attributes
                0x000002ba       0x2c c:/nxp/mcuxpressoide_11.3.0_5222/ide/plugins/com.nxp.mcuxpresso.tools.win32_11.3.0.202008311133/tools/bin/../lib/gcc/arm-none-eabi/9.3.1/../../../../arm-none-eabi/lib/thumb/v6-m/nofp\libcr_c.a(initio.o)
 .ARM.attributes
                0x000002e6       0x2c c:/nxp/mcuxpressoide_11.3.0_5222/ide/plugins/com.nxp.mcuxpresso.tools.win32_11.3.0.202008311133/tools/bin/../lib/gcc/arm-none-eabi/9.3.1/../../../../arm-none-eabi/lib/thumb/v6-m/nofp\libcr_c.a(setvbuf.o)
 .ARM.attributes
                0x00000312       0x2c c:/nxp/mcuxpressoide_11.3.0_5222/ide/plugins/com.nxp.mcuxpresso.tools.win32_11.3.0.202008311133/tools/bin/../lib/gcc/arm-none-eabi/9.3.1/../../../../arm-none-eabi/lib/thumb/v6-m/nofp\libcr_c.a(_fdopen.o)
 .ARM.attributes
                0x0000033e       0x2c c:/nxp/mcuxpressoide_11.3.0_5222/ide/plugins/com.nxp.mcuxpresso.tools.win32_11.3.0.202008311133/tools/bin/../lib/gcc/arm-none-eabi/9.3.1/../../../../arm-none-eabi/lib/thumb/v6-m/nofp\libcr_c.a(fclose.o)
 .ARM.attributes
                0x0000036a       0x2c c:/nxp/mcuxpressoide_11.3.0_5222/ide/plugins/com.nxp.mcuxpresso.tools.win32_11.3.0.202008311133/tools/bin/../lib/gcc/arm-none-eabi/9.3.1/../../../../arm-none-eabi/lib/thumb/v6-m/nofp\libcr_c.a(fflush.o)
 .ARM.attributes
                0x00000396       0x2c c:/nxp/mcuxpressoide_11.3.0_5222/ide/plugins/com.nxp.mcuxpresso.tools.win32_11.3.0.202008311133/tools/bin/../lib/gcc/arm-none-eabi/9.3.1/../../../../arm-none-eabi/lib/thumb/v6-m/nofp\libcr_c.a(fseek.o)
 .ARM.attributes
                0x000003c2       0x2c c:/nxp/mcuxpressoide_11.3.0_5222/ide/plugins/com.nxp.mcuxpresso.tools.win32_11.3.0.202008311133/tools/bin/../lib/gcc/arm-none-eabi/9.3.1/../../../../arm-none-eabi/lib/thumb/v6-m/nofp\libcr_c.a(ftell.o)
 .ARM.attributes
                0x000003ee       0x2c c:/nxp/mcuxpressoide_11.3.0_5222/ide/plugins/com.nxp.mcuxpresso.tools.win32_11.3.0.202008311133/tools/bin/../lib/gcc/arm-none-eabi/9.3.1/../../../../arm-none-eabi/lib/thumb/v6-m/nofp\libcr_c.a(remove.o)
 .ARM.attributes
                0x0000041a       0x2c c:/nxp/mcuxpressoide_11.3.0_5222/ide/plugins/com.nxp.mcuxpresso.tools.win32_11.3.0.202008311133/tools/bin/../lib/gcc/arm-none-eabi/9.3.1/../../../../arm-none-eabi/lib/thumb/v6-m/nofp\libcr_c.a(strlen.o)
 .ARM.attributes
                0x00000446       0x2c c:/nxp/mcuxpressoide_11.3.0_5222/ide/plugins/com.nxp.mcuxpresso.tools.win32_11.3.0.202008311133/tools/bin/../lib/gcc/arm-none-eabi/9.3.1/../../../../arm-none-eabi/lib/thumb/v6-m/nofp\libcr_c.a(memset.o)
 .ARM.attributes
                0x00000472       0x2c c:/nxp/mcuxpressoide_11.3.0_5222/ide/plugins/com.nxp.mcuxpresso.tools.win32_11.3.0.202008311133/tools/bin/../lib/gcc/arm-none-eabi/9.3.1/../../../../arm-none-eabi/lib/thumb/v6-m/nofp\libcr_c.a(_do_fflush.o)
 .ARM.attributes
                0x0000049e       0x2c c:/nxp/mcuxpressoide_11.3.0_5222/ide/plugins/com.nxp.mcuxpresso.tools.win32_11.3.0.202008311133/tools/bin/../lib/gcc/arm-none-eabi/9.3.1/../../../../arm-none-eabi/lib/thumb/v6-m/nofp\libcr_c.a(_fflush.o)
 .ARM.attributes
                0x000004ca       0x2c c:/nxp/mcuxpressoide_11.3.0_5222/ide/plugins/com.nxp.mcuxpresso.tools.win32_11.3.0.202008311133/tools/bin/../lib/gcc/arm-none-eabi/9.3.1/../../../../arm-none-eabi/lib/thumb/v6-m/nofp\libcr_c.a(_writebuf.o)
 .ARM.attributes
                0x000004f6       0x2c c:/nxp/mcuxpressoide_11.3.0_5222/ide/plugins/com.nxp.mcuxpresso.tools.win32_11.3.0.202008311133/tools/bin/../lib/gcc/arm-none-eabi/9.3.1/../../../../arm-none-eabi/lib/thumb/v6-m/nofp\libcr_c.a(alloc.o)
 .ARM.attributes
                0x00000522       0x31 c:/nxp/mcuxpressoide_11.3.0_5222/ide/plugins/com.nxp.mcuxpresso.tools.win32_11.3.0.202008311133/tools/bin/../lib/gcc/arm-none-eabi/9.3.1/../../../../arm-none-eabi/lib/thumb/v6-m/nofp\libcr_c.a(errno.o)
 .ARM.attributes
                0x00000553       0x2c c:/nxp/mcuxpressoide_11.3.0_5222/ide/plugins/com.nxp.mcuxpresso.tools.win32_11.3.0.202008311133/tools/bin/../lib/gcc/arm-none-eabi/9.3.1/../../../../arm-none-eabi/lib/thumb/v6-m/nofp\libcr_c.a(_deferredlazyseek.o)
 .ARM.attributes
                0x0000057f       0x1c c:/nxp/mcuxpressoide_11.3.0_5222/ide/plugins/com.nxp.mcuxpresso.tools.win32_11.3.0.202008311133/tools/bin/../lib/gcc/arm-none-eabi/9.3.1/thumb/v6-m/nofp\libcr_eabihelpers.a(memcpy.o)
 .ARM.attributes
                0x0000059b       0x31 c:/nxp/mcuxpressoide_11.3.0_5222/ide/plugins/com.nxp.mcuxpresso.tools.win32_11.3.0.202008311133/tools/bin/../lib/gcc/arm-none-eabi/9.3.1/../../../../arm-none-eabi/lib/thumb/v6-m/nofp\libcr_nohost.a(__ciob.o)
 .ARM.attributes
                0x000005cc       0x2c c:/nxp/mcuxpressoide_11.3.0_5222/ide/plugins/com.nxp.mcuxpresso.tools.win32_11.3.0.202008311133/tools/bin/../lib/gcc/arm-none-eabi/9.3.1/../../../../arm-none-eabi/lib/thumb/v6-m/nofp\libcr_nohost.a(__sys_close.o)
 .ARM.attributes
                0x000005f8       0x2c c:/nxp/mcuxpressoide_11.3.0_5222/ide/plugins/com.nxp.mcuxpresso.tools.win32_11.3.0.202008311133/tools/bin/../lib/gcc/arm-none-eabi/9.3.1/../../../../arm-none-eabi/lib/thumb/v6-m/nofp\libcr_nohost.a(__sys_flen.o)
 .ARM.attributes
                0x00000624       0x2c c:/nxp/mcuxpressoide_11.3.0_5222/ide/plugins/com.nxp.mcuxpresso.tools.win32_11.3.0.202008311133/tools/bin/../lib/gcc/arm-none-eabi/9.3.1/../../../../arm-none-eabi/lib/thumb/v6-m/nofp\libcr_nohost.a(__sys_istty.o)
 .ARM.attributes
                0x00000650       0x2c c:/nxp/mcuxpressoide_11.3.0_5222/ide/plugins/com.nxp.mcuxpresso.tools.win32_11.3.0.202008311133/tools/bin/../lib/gcc/arm-none-eabi/9.3.1/../../../../arm-none-eabi/lib/thumb/v6-m/nofp\libcr_nohost.a(__sys_remove.o)
 .ARM.attributes
                0x0000067c       0x2c c:/nxp/mcuxpressoide_11.3.0_5222/ide/plugins/com.nxp.mcuxpresso.tools.win32_11.3.0.202008311133/tools/bin/../lib/gcc/arm-none-eabi/9.3.1/../../../../arm-none-eabi/lib/thumb/v6-m/nofp\libcr_nohost.a(__sys_seek.o)
 .ARM.attributes
                0x000006a8       0x2c c:/nxp/mcuxpressoide_11.3.0_5222/ide/plugins/com.nxp.mcuxpresso.tools.win32_11.3.0.202008311133/tools/bin/../lib/gcc/arm-none-eabi/9.3.1/../../../../arm-none-eabi/lib/thumb/v6-m/nofp\libcr_nohost.a(__sys_tmpnam.o)

.comment        0x00000000       0x4c
 .comment       0x00000000       0x4c ./example/src/bod.o
                                 0x4d (size before relaxing)
 .comment       0x0000004c       0x4d ./example/src/cr_startup_lpc11u6x.o
 .comment       0x0000004c       0x4d ./example/src/crp.o
 .comment       0x0000004c       0x4d ./example/src/mtb.o
 .comment       0x0000004c       0x4d ./example/src/sysinit.o
 .comment       0x0000004c       0x4d C:\Users\TeddyP\Documents\MCUXpressoIDE_11.3.0_5222\workspace\lpc_board_nxp_lpcxpresso_11u68\Debug\liblpc_board_nxp_lpcxpresso_11u68.a(board.o)
 .comment       0x0000004c       0x4d C:\Users\TeddyP\Documents\MCUXpressoIDE_11.3.0_5222\workspace\lpc_board_nxp_lpcxpresso_11u68\Debug\liblpc_board_nxp_lpcxpresso_11u68.a(board_sysinit.o)
 .comment       0x0000004c       0x4d C:\Users\TeddyP\Documents\MCUXpressoIDE_11.3.0_5222\workspace\lpc_chip_11u6x\Debug\liblpc_chip_11u6x.a(chip_11u6x.o)
 .comment       0x0000004c       0x4d C:\Users\TeddyP\Documents\MCUXpressoIDE_11.3.0_5222\workspace\lpc_chip_11u6x\Debug\liblpc_chip_11u6x.a(clock_11u6x.o)
 .comment       0x0000004c       0x4d C:\Users\TeddyP\Documents\MCUXpressoIDE_11.3.0_5222\workspace\lpc_chip_11u6x\Debug\liblpc_chip_11u6x.a(gpio_11u6x.o)
 .comment       0x0000004c       0x4d C:\Users\TeddyP\Documents\MCUXpressoIDE_11.3.0_5222\workspace\lpc_chip_11u6x\Debug\liblpc_chip_11u6x.a(iocon_11u6x.o)
 .comment       0x0000004c       0x4d C:\Users\TeddyP\Documents\MCUXpressoIDE_11.3.0_5222\workspace\lpc_chip_11u6x\Debug\liblpc_chip_11u6x.a(syscon_11u6x.o)
 .comment       0x0000004c       0x4d C:\Users\TeddyP\Documents\MCUXpressoIDE_11.3.0_5222\workspace\lpc_chip_11u6x\Debug\liblpc_chip_11u6x.a(sysinit_11u6x.o)
 .comment       0x0000004c       0x4d C:\Users\TeddyP\Documents\MCUXpressoIDE_11.3.0_5222\workspace\lpc_chip_11u6x\Debug\liblpc_chip_11u6x.a(uart_0_11u6x.o)
 .comment       0x0000004c       0x4d c:/nxp/mcuxpressoide_11.3.0_5222/ide/plugins/com.nxp.mcuxpresso.tools.win32_11.3.0.202008311133/tools/bin/../lib/gcc/arm-none-eabi/9.3.1/../../../../arm-none-eabi/lib/thumb/v6-m/nofp\libcr_nohost.a(_cr__main.o)
 .comment       0x0000004c       0x4d c:/nxp/mcuxpressoide_11.3.0_5222/ide/plugins/com.nxp.mcuxpresso.tools.win32_11.3.0.202008311133/tools/bin/../lib/gcc/arm-none-eabi/9.3.1/../../../../arm-none-eabi/lib/thumb/v6-m/nofp\libcr_c.a(initio.o)
 .comment       0x0000004c       0x4d c:/nxp/mcuxpressoide_11.3.0_5222/ide/plugins/com.nxp.mcuxpresso.tools.win32_11.3.0.202008311133/tools/bin/../lib/gcc/arm-none-eabi/9.3.1/../../../../arm-none-eabi/lib/thumb/v6-m/nofp\libcr_c.a(setvbuf.o)
 .comment       0x0000004c       0x4d c:/nxp/mcuxpressoide_11.3.0_5222/ide/plugins/com.nxp.mcuxpresso.tools.win32_11.3.0.202008311133/tools/bin/../lib/gcc/arm-none-eabi/9.3.1/../../../../arm-none-eabi/lib/thumb/v6-m/nofp\libcr_c.a(_fdopen.o)
 .comment       0x0000004c       0x4d c:/nxp/mcuxpressoide_11.3.0_5222/ide/plugins/com.nxp.mcuxpresso.tools.win32_11.3.0.202008311133/tools/bin/../lib/gcc/arm-none-eabi/9.3.1/../../../../arm-none-eabi/lib/thumb/v6-m/nofp\libcr_c.a(fclose.o)
 .comment       0x0000004c       0x4d c:/nxp/mcuxpressoide_11.3.0_5222/ide/plugins/com.nxp.mcuxpresso.tools.win32_11.3.0.202008311133/tools/bin/../lib/gcc/arm-none-eabi/9.3.1/../../../../arm-none-eabi/lib/thumb/v6-m/nofp\libcr_c.a(fflush.o)
 .comment       0x0000004c       0x4d c:/nxp/mcuxpressoide_11.3.0_5222/ide/plugins/com.nxp.mcuxpresso.tools.win32_11.3.0.202008311133/tools/bin/../lib/gcc/arm-none-eabi/9.3.1/../../../../arm-none-eabi/lib/thumb/v6-m/nofp\libcr_c.a(fseek.o)
 .comment       0x0000004c       0x4d c:/nxp/mcuxpressoide_11.3.0_5222/ide/plugins/com.nxp.mcuxpresso.tools.win32_11.3.0.202008311133/tools/bin/../lib/gcc/arm-none-eabi/9.3.1/../../../../arm-none-eabi/lib/thumb/v6-m/nofp\libcr_c.a(ftell.o)
 .comment       0x0000004c       0x4d c:/nxp/mcuxpressoide_11.3.0_5222/ide/plugins/com.nxp.mcuxpresso.tools.win32_11.3.0.202008311133/tools/bin/../lib/gcc/arm-none-eabi/9.3.1/../../../../arm-none-eabi/lib/thumb/v6-m/nofp\libcr_c.a(remove.o)
 .comment       0x0000004c       0x4d c:/nxp/mcuxpressoide_11.3.0_5222/ide/plugins/com.nxp.mcuxpresso.tools.win32_11.3.0.202008311133/tools/bin/../lib/gcc/arm-none-eabi/9.3.1/../../../../arm-none-eabi/lib/thumb/v6-m/nofp\libcr_c.a(strlen.o)
 .comment       0x0000004c       0x4d c:/nxp/mcuxpressoide_11.3.0_5222/ide/plugins/com.nxp.mcuxpresso.tools.win32_11.3.0.202008311133/tools/bin/../lib/gcc/arm-none-eabi/9.3.1/../../../../arm-none-eabi/lib/thumb/v6-m/nofp\libcr_c.a(memset.o)
 .comment       0x0000004c       0x4d c:/nxp/mcuxpressoide_11.3.0_5222/ide/plugins/com.nxp.mcuxpresso.tools.win32_11.3.0.202008311133/tools/bin/../lib/gcc/arm-none-eabi/9.3.1/../../../../arm-none-eabi/lib/thumb/v6-m/nofp\libcr_c.a(_do_fflush.o)
 .comment       0x0000004c       0x4d c:/nxp/mcuxpressoide_11.3.0_5222/ide/plugins/com.nxp.mcuxpresso.tools.win32_11.3.0.202008311133/tools/bin/../lib/gcc/arm-none-eabi/9.3.1/../../../../arm-none-eabi/lib/thumb/v6-m/nofp\libcr_c.a(_fflush.o)
 .comment       0x0000004c       0x4d c:/nxp/mcuxpressoide_11.3.0_5222/ide/plugins/com.nxp.mcuxpresso.tools.win32_11.3.0.202008311133/tools/bin/../lib/gcc/arm-none-eabi/9.3.1/../../../../arm-none-eabi/lib/thumb/v6-m/nofp\libcr_c.a(_writebuf.o)
 .comment       0x0000004c       0x4d c:/nxp/mcuxpressoide_11.3.0_5222/ide/plugins/com.nxp.mcuxpresso.tools.win32_11.3.0.202008311133/tools/bin/../lib/gcc/arm-none-eabi/9.3.1/../../../../arm-none-eabi/lib/thumb/v6-m/nofp\libcr_c.a(alloc.o)
 .comment       0x0000004c       0x4d c:/nxp/mcuxpressoide_11.3.0_5222/ide/plugins/com.nxp.mcuxpresso.tools.win32_11.3.0.202008311133/tools/bin/../lib/gcc/arm-none-eabi/9.3.1/../../../../arm-none-eabi/lib/thumb/v6-m/nofp\libcr_c.a(errno.o)
 .comment       0x0000004c       0x4d c:/nxp/mcuxpressoide_11.3.0_5222/ide/plugins/com.nxp.mcuxpresso.tools.win32_11.3.0.202008311133/tools/bin/../lib/gcc/arm-none-eabi/9.3.1/../../../../arm-none-eabi/lib/thumb/v6-m/nofp\libcr_c.a(_deferredlazyseek.o)
 .comment       0x0000004c       0x4d c:/nxp/mcuxpressoide_11.3.0_5222/ide/plugins/com.nxp.mcuxpresso.tools.win32_11.3.0.202008311133/tools/bin/../lib/gcc/arm-none-eabi/9.3.1/../../../../arm-none-eabi/lib/thumb/v6-m/nofp\libcr_nohost.a(__ciob.o)
 .comment       0x0000004c       0x4d c:/nxp/mcuxpressoide_11.3.0_5222/ide/plugins/com.nxp.mcuxpresso.tools.win32_11.3.0.202008311133/tools/bin/../lib/gcc/arm-none-eabi/9.3.1/../../../../arm-none-eabi/lib/thumb/v6-m/nofp\libcr_nohost.a(__sys_close.o)
 .comment       0x0000004c       0x4d c:/nxp/mcuxpressoide_11.3.0_5222/ide/plugins/com.nxp.mcuxpresso.tools.win32_11.3.0.202008311133/tools/bin/../lib/gcc/arm-none-eabi/9.3.1/../../../../arm-none-eabi/lib/thumb/v6-m/nofp\libcr_nohost.a(__sys_flen.o)
 .comment       0x0000004c       0x4d c:/nxp/mcuxpressoide_11.3.0_5222/ide/plugins/com.nxp.mcuxpresso.tools.win32_11.3.0.202008311133/tools/bin/../lib/gcc/arm-none-eabi/9.3.1/../../../../arm-none-eabi/lib/thumb/v6-m/nofp\libcr_nohost.a(__sys_istty.o)
 .comment       0x0000004c       0x4d c:/nxp/mcuxpressoide_11.3.0_5222/ide/plugins/com.nxp.mcuxpresso.tools.win32_11.3.0.202008311133/tools/bin/../lib/gcc/arm-none-eabi/9.3.1/../../../../arm-none-eabi/lib/thumb/v6-m/nofp\libcr_nohost.a(__sys_remove.o)
 .comment       0x0000004c       0x4d c:/nxp/mcuxpressoide_11.3.0_5222/ide/plugins/com.nxp.mcuxpresso.tools.win32_11.3.0.202008311133/tools/bin/../lib/gcc/arm-none-eabi/9.3.1/../../../../arm-none-eabi/lib/thumb/v6-m/nofp\libcr_nohost.a(__sys_seek.o)
 .comment       0x0000004c       0x4d c:/nxp/mcuxpressoide_11.3.0_5222/ide/plugins/com.nxp.mcuxpresso.tools.win32_11.3.0.202008311133/tools/bin/../lib/gcc/arm-none-eabi/9.3.1/../../../../arm-none-eabi/lib/thumb/v6-m/nofp\libcr_nohost.a(__sys_tmpnam.o)

.debug_line     0x00000000     0x45b8
 .debug_line    0x00000000       0x6d ./example/src/aeabi_romdiv_patch.o
 .debug_line    0x0000006d      0x603 ./example/src/bod.o
 .debug_line    0x00000670      0x15e ./example/src/cr_startup_lpc11u6x.o
 .debug_line    0x000007ce       0xb9 ./example/src/crp.o
 .debug_line    0x00000887       0xd6 ./example/src/mtb.o
 .debug_line    0x0000095d      0x4d0 ./example/src/sysinit.o
 .debug_line    0x00000e2d      0x7ac C:\Users\TeddyP\Documents\MCUXpressoIDE_11.3.0_5222\workspace\lpc_board_nxp_lpcxpresso_11u68\Debug\liblpc_board_nxp_lpcxpresso_11u68.a(board.o)
 .debug_line    0x000015d9      0x531 C:\Users\TeddyP\Documents\MCUXpressoIDE_11.3.0_5222\workspace\lpc_board_nxp_lpcxpresso_11u68\Debug\liblpc_board_nxp_lpcxpresso_11u68.a(board_sysinit.o)
 .debug_line    0x00001b0a      0x4e3 C:\Users\TeddyP\Documents\MCUXpressoIDE_11.3.0_5222\workspace\lpc_chip_11u6x\Debug\liblpc_chip_11u6x.a(chip_11u6x.o)
 .debug_line    0x00001fed      0x88d C:\Users\TeddyP\Documents\MCUXpressoIDE_11.3.0_5222\workspace\lpc_chip_11u6x\Debug\liblpc_chip_11u6x.a(clock_11u6x.o)
 .debug_line    0x0000287a      0x5be C:\Users\TeddyP\Documents\MCUXpressoIDE_11.3.0_5222\workspace\lpc_chip_11u6x\Debug\liblpc_chip_11u6x.a(gpio_11u6x.o)
 .debug_line    0x00002e38      0x4cf C:\Users\TeddyP\Documents\MCUXpressoIDE_11.3.0_5222\workspace\lpc_chip_11u6x\Debug\liblpc_chip_11u6x.a(iocon_11u6x.o)
 .debug_line    0x00003307      0x501 C:\Users\TeddyP\Documents\MCUXpressoIDE_11.3.0_5222\workspace\lpc_chip_11u6x\Debug\liblpc_chip_11u6x.a(syscon_11u6x.o)
 .debug_line    0x00003808      0x563 C:\Users\TeddyP\Documents\MCUXpressoIDE_11.3.0_5222\workspace\lpc_chip_11u6x\Debug\liblpc_chip_11u6x.a(sysinit_11u6x.o)
 .debug_line    0x00003d6b      0x84d C:\Users\TeddyP\Documents\MCUXpressoIDE_11.3.0_5222\workspace\lpc_chip_11u6x\Debug\liblpc_chip_11u6x.a(uart_0_11u6x.o)

.debug_info     0x00000000     0x697d
 .debug_info    0x00000000       0x22 ./example/src/aeabi_romdiv_patch.o
 .debug_info    0x00000022      0xaa6 ./example/src/bod.o
 .debug_info    0x00000ac8      0x273 ./example/src/cr_startup_lpc11u6x.o
 .debug_info    0x00000d3b       0x40 ./example/src/crp.o
 .debug_info    0x00000d7b       0x54 ./example/src/mtb.o
 .debug_info    0x00000dcf      0x26d ./example/src/sysinit.o
 .debug_info    0x0000103c      0xada C:\Users\TeddyP\Documents\MCUXpressoIDE_11.3.0_5222\workspace\lpc_board_nxp_lpcxpresso_11u68\Debug\liblpc_board_nxp_lpcxpresso_11u68.a(board.o)
 .debug_info    0x00001b16      0xa73 C:\Users\TeddyP\Documents\MCUXpressoIDE_11.3.0_5222\workspace\lpc_board_nxp_lpcxpresso_11u68\Debug\liblpc_board_nxp_lpcxpresso_11u68.a(board_sysinit.o)
 .debug_info    0x00002589      0x8d8 C:\Users\TeddyP\Documents\MCUXpressoIDE_11.3.0_5222\workspace\lpc_chip_11u6x\Debug\liblpc_chip_11u6x.a(chip_11u6x.o)
 .debug_info    0x00002e61      0xdf3 C:\Users\TeddyP\Documents\MCUXpressoIDE_11.3.0_5222\workspace\lpc_chip_11u6x\Debug\liblpc_chip_11u6x.a(clock_11u6x.o)
 .debug_info    0x00003c54      0xad6 C:\Users\TeddyP\Documents\MCUXpressoIDE_11.3.0_5222\workspace\lpc_chip_11u6x\Debug\liblpc_chip_11u6x.a(gpio_11u6x.o)
 .debug_info    0x0000472a      0x345 C:\Users\TeddyP\Documents\MCUXpressoIDE_11.3.0_5222\workspace\lpc_chip_11u6x\Debug\liblpc_chip_11u6x.a(iocon_11u6x.o)
 .debug_info    0x00004a6f      0x6ff C:\Users\TeddyP\Documents\MCUXpressoIDE_11.3.0_5222\workspace\lpc_chip_11u6x\Debug\liblpc_chip_11u6x.a(syscon_11u6x.o)
 .debug_info    0x0000516e      0x808 C:\Users\TeddyP\Documents\MCUXpressoIDE_11.3.0_5222\workspace\lpc_chip_11u6x\Debug\liblpc_chip_11u6x.a(sysinit_11u6x.o)
 .debug_info    0x00005976     0x1007 C:\Users\TeddyP\Documents\MCUXpressoIDE_11.3.0_5222\workspace\lpc_chip_11u6x\Debug\liblpc_chip_11u6x.a(uart_0_11u6x.o)

.debug_abbrev   0x00000000     0x168d
 .debug_abbrev  0x00000000       0x12 ./example/src/aeabi_romdiv_patch.o
 .debug_abbrev  0x00000012      0x266 ./example/src/bod.o
 .debug_abbrev  0x00000278      0x131 ./example/src/cr_startup_lpc11u6x.o
 .debug_abbrev  0x000003a9       0x38 ./example/src/crp.o
 .debug_abbrev  0x000003e1       0x46 ./example/src/mtb.o
 .debug_abbrev  0x00000427       0xdb ./example/src/sysinit.o
 .debug_abbrev  0x00000502      0x298 C:\Users\TeddyP\Documents\MCUXpressoIDE_11.3.0_5222\workspace\lpc_board_nxp_lpcxpresso_11u68\Debug\liblpc_board_nxp_lpcxpresso_11u68.a(board.o)
 .debug_abbrev  0x0000079a      0x1aa C:\Users\TeddyP\Documents\MCUXpressoIDE_11.3.0_5222\workspace\lpc_board_nxp_lpcxpresso_11u68\Debug\liblpc_board_nxp_lpcxpresso_11u68.a(board_sysinit.o)
 .debug_abbrev  0x00000944      0x1c3 C:\Users\TeddyP\Documents\MCUXpressoIDE_11.3.0_5222\workspace\lpc_chip_11u6x\Debug\liblpc_chip_11u6x.a(chip_11u6x.o)
 .debug_abbrev  0x00000b07      0x2f4 C:\Users\TeddyP\Documents\MCUXpressoIDE_11.3.0_5222\workspace\lpc_chip_11u6x\Debug\liblpc_chip_11u6x.a(clock_11u6x.o)
 .debug_abbrev  0x00000dfb      0x1dd C:\Users\TeddyP\Documents\MCUXpressoIDE_11.3.0_5222\workspace\lpc_chip_11u6x\Debug\liblpc_chip_11u6x.a(gpio_11u6x.o)
 .debug_abbrev  0x00000fd8      0x15d C:\Users\TeddyP\Documents\MCUXpressoIDE_11.3.0_5222\workspace\lpc_chip_11u6x\Debug\liblpc_chip_11u6x.a(iocon_11u6x.o)
 .debug_abbrev  0x00001135      0x140 C:\Users\TeddyP\Documents\MCUXpressoIDE_11.3.0_5222\workspace\lpc_chip_11u6x\Debug\liblpc_chip_11u6x.a(syscon_11u6x.o)
 .debug_abbrev  0x00001275      0x1bd C:\Users\TeddyP\Documents\MCUXpressoIDE_11.3.0_5222\workspace\lpc_chip_11u6x\Debug\liblpc_chip_11u6x.a(sysinit_11u6x.o)
 .debug_abbrev  0x00001432      0x25b C:\Users\TeddyP\Documents\MCUXpressoIDE_11.3.0_5222\workspace\lpc_chip_11u6x\Debug\liblpc_chip_11u6x.a(uart_0_11u6x.o)

.debug_aranges  0x00000000      0x588
 .debug_aranges
                0x00000000       0x28 ./example/src/aeabi_romdiv_patch.o
 .debug_aranges
                0x00000028       0x60 ./example/src/bod.o
 .debug_aranges
                0x00000088       0x60 ./example/src/cr_startup_lpc11u6x.o
 .debug_aranges
                0x000000e8       0x18 ./example/src/crp.o
 .debug_aranges
                0x00000100       0x18 ./example/src/mtb.o
 .debug_aranges
                0x00000118       0x20 ./example/src/sysinit.o
 .debug_aranges
                0x00000138       0xc0 C:\Users\TeddyP\Documents\MCUXpressoIDE_11.3.0_5222\workspace\lpc_board_nxp_lpcxpresso_11u68\Debug\liblpc_board_nxp_lpcxpresso_11u68.a(board.o)
 .debug_aranges
                0x000001f8       0x38 C:\Users\TeddyP\Documents\MCUXpressoIDE_11.3.0_5222\workspace\lpc_board_nxp_lpcxpresso_11u68\Debug\liblpc_board_nxp_lpcxpresso_11u68.a(board_sysinit.o)
 .debug_aranges
                0x00000230       0x40 C:\Users\TeddyP\Documents\MCUXpressoIDE_11.3.0_5222\workspace\lpc_chip_11u6x\Debug\liblpc_chip_11u6x.a(chip_11u6x.o)
 .debug_aranges
                0x00000270      0x100 C:\Users\TeddyP\Documents\MCUXpressoIDE_11.3.0_5222\workspace\lpc_chip_11u6x\Debug\liblpc_chip_11u6x.a(clock_11u6x.o)
 .debug_aranges
                0x00000370       0x78 C:\Users\TeddyP\Documents\MCUXpressoIDE_11.3.0_5222\workspace\lpc_chip_11u6x\Debug\liblpc_chip_11u6x.a(gpio_11u6x.o)
 .debug_aranges
                0x000003e8       0x28 C:\Users\TeddyP\Documents\MCUXpressoIDE_11.3.0_5222\workspace\lpc_chip_11u6x\Debug\liblpc_chip_11u6x.a(iocon_11u6x.o)
 .debug_aranges
                0x00000410       0x40 C:\Users\TeddyP\Documents\MCUXpressoIDE_11.3.0_5222\workspace\lpc_chip_11u6x\Debug\liblpc_chip_11u6x.a(syscon_11u6x.o)
 .debug_aranges
                0x00000450       0x50 C:\Users\TeddyP\Documents\MCUXpressoIDE_11.3.0_5222\workspace\lpc_chip_11u6x\Debug\liblpc_chip_11u6x.a(sysinit_11u6x.o)
 .debug_aranges
                0x000004a0       0xe8 C:\Users\TeddyP\Documents\MCUXpressoIDE_11.3.0_5222\workspace\lpc_chip_11u6x\Debug\liblpc_chip_11u6x.a(uart_0_11u6x.o)

.debug_str      0x00000000     0xd867
 .debug_str     0x00000000       0x81 ./example/src/aeabi_romdiv_patch.o
 .debug_str     0x00000081     0xb723 ./example/src/bod.o
                               0xb846 (size before relaxing)
 .debug_str     0x0000b7a4      0x201 ./example/src/cr_startup_lpc11u6x.o
                               0x2f40 (size before relaxing)
 .debug_str     0x0000b9a5       0xf1 ./example/src/crp.o
                               0x2e2a (size before relaxing)
 .debug_str     0x0000ba96      0x521 ./example/src/mtb.o
                               0x325f (size before relaxing)
 .debug_str     0x0000bfb7       0x19 ./example/src/sysinit.o
                               0xb17f (size before relaxing)
 .debug_str     0x0000bfd0      0x4a9 C:\Users\TeddyP\Documents\MCUXpressoIDE_11.3.0_5222\workspace\lpc_board_nxp_lpcxpresso_11u68\Debug\liblpc_board_nxp_lpcxpresso_11u68.a(board.o)
                               0xb5d6 (size before relaxing)
 .debug_str     0x0000c479      0x389 C:\Users\TeddyP\Documents\MCUXpressoIDE_11.3.0_5222\workspace\lpc_board_nxp_lpcxpresso_11u68\Debug\liblpc_board_nxp_lpcxpresso_11u68.a(board_sysinit.o)
                               0xb935 (size before relaxing)
 .debug_str     0x0000c802      0x1b4 C:\Users\TeddyP\Documents\MCUXpressoIDE_11.3.0_5222\workspace\lpc_chip_11u6x\Debug\liblpc_chip_11u6x.a(chip_11u6x.o)
                               0xb5e3 (size before relaxing)
 .debug_str     0x0000c9b6      0x7b2 C:\Users\TeddyP\Documents\MCUXpressoIDE_11.3.0_5222\workspace\lpc_chip_11u6x\Debug\liblpc_chip_11u6x.a(clock_11u6x.o)
                               0xba5b (size before relaxing)
 .debug_str     0x0000d168       0xfe C:\Users\TeddyP\Documents\MCUXpressoIDE_11.3.0_5222\workspace\lpc_chip_11u6x\Debug\liblpc_chip_11u6x.a(gpio_11u6x.o)
                               0xb432 (size before relaxing)
 .debug_str     0x0000d266       0x5e C:\Users\TeddyP\Documents\MCUXpressoIDE_11.3.0_5222\workspace\lpc_chip_11u6x\Debug\liblpc_chip_11u6x.a(iocon_11u6x.o)
                               0xae0b (size before relaxing)
 .debug_str     0x0000d2c4      0x1c2 C:\Users\TeddyP\Documents\MCUXpressoIDE_11.3.0_5222\workspace\lpc_chip_11u6x\Debug\liblpc_chip_11u6x.a(syscon_11u6x.o)
                               0xb1c9 (size before relaxing)
 .debug_str     0x0000d486      0x130 C:\Users\TeddyP\Documents\MCUXpressoIDE_11.3.0_5222\workspace\lpc_chip_11u6x\Debug\liblpc_chip_11u6x.a(sysinit_11u6x.o)
                               0xb248 (size before relaxing)
 .debug_str     0x0000d5b6      0x2b1 C:\Users\TeddyP\Documents\MCUXpressoIDE_11.3.0_5222\workspace\lpc_chip_11u6x\Debug\liblpc_chip_11u6x.a(uart_0_11u6x.o)
                               0xb616 (size before relaxing)

.debug_ranges   0x00000000      0x490
 .debug_ranges  0x00000000       0x20 ./example/src/aeabi_romdiv_patch.o
 .debug_ranges  0x00000020       0x50 ./example/src/bod.o
 .debug_ranges  0x00000070       0x50 ./example/src/cr_startup_lpc11u6x.o
 .debug_ranges  0x000000c0       0x10 ./example/src/sysinit.o
 .debug_ranges  0x000000d0       0xb0 C:\Users\TeddyP\Documents\MCUXpressoIDE_11.3.0_5222\workspace\lpc_board_nxp_lpcxpresso_11u68\Debug\liblpc_board_nxp_lpcxpresso_11u68.a(board.o)
 .debug_ranges  0x00000180       0x28 C:\Users\TeddyP\Documents\MCUXpressoIDE_11.3.0_5222\workspace\lpc_board_nxp_lpcxpresso_11u68\Debug\liblpc_board_nxp_lpcxpresso_11u68.a(board_sysinit.o)
 .debug_ranges  0x000001a8       0x30 C:\Users\TeddyP\Documents\MCUXpressoIDE_11.3.0_5222\workspace\lpc_chip_11u6x\Debug\liblpc_chip_11u6x.a(chip_11u6x.o)
 .debug_ranges  0x000001d8       0xf0 C:\Users\TeddyP\Documents\MCUXpressoIDE_11.3.0_5222\workspace\lpc_chip_11u6x\Debug\liblpc_chip_11u6x.a(clock_11u6x.o)
 .debug_ranges  0x000002c8       0x68 C:\Users\TeddyP\Documents\MCUXpressoIDE_11.3.0_5222\workspace\lpc_chip_11u6x\Debug\liblpc_chip_11u6x.a(gpio_11u6x.o)
 .debug_ranges  0x00000330       0x18 C:\Users\TeddyP\Documents\MCUXpressoIDE_11.3.0_5222\workspace\lpc_chip_11u6x\Debug\liblpc_chip_11u6x.a(iocon_11u6x.o)
 .debug_ranges  0x00000348       0x30 C:\Users\TeddyP\Documents\MCUXpressoIDE_11.3.0_5222\workspace\lpc_chip_11u6x\Debug\liblpc_chip_11u6x.a(syscon_11u6x.o)
 .debug_ranges  0x00000378       0x40 C:\Users\TeddyP\Documents\MCUXpressoIDE_11.3.0_5222\workspace\lpc_chip_11u6x\Debug\liblpc_chip_11u6x.a(sysinit_11u6x.o)
 .debug_ranges  0x000003b8       0xd8 C:\Users\TeddyP\Documents\MCUXpressoIDE_11.3.0_5222\workspace\lpc_chip_11u6x\Debug\liblpc_chip_11u6x.a(uart_0_11u6x.o)

.debug_macro    0x00000000     0x4a2b
 .debug_macro   0x00000000      0x210 ./example/src/bod.o
 .debug_macro   0x00000210      0xa9c ./example/src/bod.o
 .debug_macro   0x00000cac       0x10 ./example/src/bod.o
 .debug_macro   0x00000cbc      0x12e ./example/src/bod.o
 .debug_macro   0x00000dea      0x5b3 ./example/src/bod.o
 .debug_macro   0x0000139d       0x22 ./example/src/bod.o
 .debug_macro   0x000013bf       0x7b ./example/src/bod.o
 .debug_macro   0x0000143a       0x10 ./example/src/bod.o
 .debug_macro   0x0000144a       0x26 ./example/src/bod.o
 .debug_macro   0x00001470       0x3a ./example/src/bod.o
 .debug_macro   0x000014aa       0x1f ./example/src/bod.o
 .debug_macro   0x000014c9      0x242 ./example/src/bod.o
 .debug_macro   0x0000170b      0x178 ./example/src/bod.o
 .debug_macro   0x00001883       0xca ./example/src/bod.o
 .debug_macro   0x0000194d       0x18 ./example/src/bod.o
 .debug_macro   0x00001965       0x5e ./example/src/bod.o
 .debug_macro   0x000019c3       0x6a ./example/src/bod.o
 .debug_macro   0x00001a2d       0x70 ./example/src/bod.o
 .debug_macro   0x00001a9d       0x34 ./example/src/bod.o
 .debug_macro   0x00001ad1      0x10d ./example/src/bod.o
 .debug_macro   0x00001bde       0x10 ./example/src/bod.o
 .debug_macro   0x00001bee       0xac ./example/src/bod.o
 .debug_macro   0x00001c9a       0x40 ./example/src/bod.o
 .debug_macro   0x00001cda       0x6a ./example/src/bod.o
 .debug_macro   0x00001d44       0x64 ./example/src/bod.o
 .debug_macro   0x00001da8       0x1c ./example/src/bod.o
 .debug_macro   0x00001dc4       0x4c ./example/src/bod.o
 .debug_macro   0x00001e10       0x16 ./example/src/bod.o
 .debug_macro   0x00001e26      0x2fb ./example/src/bod.o
 .debug_macro   0x00002121      0x112 ./example/src/bod.o
 .debug_macro   0x00002233       0xb8 ./example/src/bod.o
 .debug_macro   0x000022eb      0x201 ./example/src/bod.o
 .debug_macro   0x000024ec      0x152 ./example/src/bod.o
 .debug_macro   0x0000263e      0x18a ./example/src/bod.o
 .debug_macro   0x000027c8       0x88 ./example/src/bod.o
 .debug_macro   0x00002850       0x40 ./example/src/bod.o
 .debug_macro   0x00002890       0xd2 ./example/src/bod.o
 .debug_macro   0x00002962       0x3a ./example/src/bod.o
 .debug_macro   0x0000299c       0x42 ./example/src/bod.o
 .debug_macro   0x000029de       0x10 ./example/src/bod.o
 .debug_macro   0x000029ee       0x34 ./example/src/bod.o
 .debug_macro   0x00002a22       0x9a ./example/src/bod.o
 .debug_macro   0x00002abc       0x20 ./example/src/bod.o
 .debug_macro   0x00002adc       0x23 ./example/src/cr_startup_lpc11u6x.o
 .debug_macro   0x00002aff       0x1a ./example/src/crp.o
 .debug_macro   0x00002b19       0x34 ./example/src/crp.o
 .debug_macro   0x00002b4d       0x29 ./example/src/mtb.o
 .debug_macro   0x00002b76       0x82 ./example/src/mtb.o
 .debug_macro   0x00002bf8       0x10 ./example/src/mtb.o
 .debug_macro   0x00002c08      0x210 ./example/src/sysinit.o
 .debug_macro   0x00002e18      0x226 C:\Users\TeddyP\Documents\MCUXpressoIDE_11.3.0_5222\workspace\lpc_board_nxp_lpcxpresso_11u68\Debug\liblpc_board_nxp_lpcxpresso_11u68.a(board.o)
 .debug_macro   0x0000303e      0xa96 C:\Users\TeddyP\Documents\MCUXpressoIDE_11.3.0_5222\workspace\lpc_board_nxp_lpcxpresso_11u68\Debug\liblpc_board_nxp_lpcxpresso_11u68.a(board.o)
 .debug_macro   0x00003ad4       0x12 C:\Users\TeddyP\Documents\MCUXpressoIDE_11.3.0_5222\workspace\lpc_board_nxp_lpcxpresso_11u68\Debug\liblpc_board_nxp_lpcxpresso_11u68.a(board.o)
 .debug_macro   0x00003ae6      0x21e C:\Users\TeddyP\Documents\MCUXpressoIDE_11.3.0_5222\workspace\lpc_board_nxp_lpcxpresso_11u68\Debug\liblpc_board_nxp_lpcxpresso_11u68.a(board_sysinit.o)
 .debug_macro   0x00003d04      0x1db C:\Users\TeddyP\Documents\MCUXpressoIDE_11.3.0_5222\workspace\lpc_chip_11u6x\Debug\liblpc_chip_11u6x.a(chip_11u6x.o)
 .debug_macro   0x00003edf      0x1db C:\Users\TeddyP\Documents\MCUXpressoIDE_11.3.0_5222\workspace\lpc_chip_11u6x\Debug\liblpc_chip_11u6x.a(clock_11u6x.o)
 .debug_macro   0x000040ba      0x1db C:\Users\TeddyP\Documents\MCUXpressoIDE_11.3.0_5222\workspace\lpc_chip_11u6x\Debug\liblpc_chip_11u6x.a(gpio_11u6x.o)
 .debug_macro   0x00004295      0x1db C:\Users\TeddyP\Documents\MCUXpressoIDE_11.3.0_5222\workspace\lpc_chip_11u6x\Debug\liblpc_chip_11u6x.a(iocon_11u6x.o)
 .debug_macro   0x00004470      0x205 C:\Users\TeddyP\Documents\MCUXpressoIDE_11.3.0_5222\workspace\lpc_chip_11u6x\Debug\liblpc_chip_11u6x.a(syscon_11u6x.o)
 .debug_macro   0x00004675      0x1db C:\Users\TeddyP\Documents\MCUXpressoIDE_11.3.0_5222\workspace\lpc_chip_11u6x\Debug\liblpc_chip_11u6x.a(sysinit_11u6x.o)
 .debug_macro   0x00004850      0x1db C:\Users\TeddyP\Documents\MCUXpressoIDE_11.3.0_5222\workspace\lpc_chip_11u6x\Debug\liblpc_chip_11u6x.a(uart_0_11u6x.o)

.debug_frame    0x00000000     0x1090
 .debug_frame   0x00000000      0x124 ./example/src/bod.o
 .debug_frame   0x00000124      0x118 ./example/src/cr_startup_lpc11u6x.o
 .debug_frame   0x0000023c       0x2c ./example/src/sysinit.o
 .debug_frame   0x00000268      0x2a8 C:\Users\TeddyP\Documents\MCUXpressoIDE_11.3.0_5222\workspace\lpc_board_nxp_lpcxpresso_11u68\Debug\liblpc_board_nxp_lpcxpresso_11u68.a(board.o)
 .debug_frame   0x00000510       0x84 C:\Users\TeddyP\Documents\MCUXpressoIDE_11.3.0_5222\workspace\lpc_board_nxp_lpcxpresso_11u68\Debug\liblpc_board_nxp_lpcxpresso_11u68.a(board_sysinit.o)
 .debug_frame   0x00000594       0xa4 C:\Users\TeddyP\Documents\MCUXpressoIDE_11.3.0_5222\workspace\lpc_chip_11u6x\Debug\liblpc_chip_11u6x.a(chip_11u6x.o)
 .debug_frame   0x00000638      0x394 C:\Users\TeddyP\Documents\MCUXpressoIDE_11.3.0_5222\workspace\lpc_chip_11u6x\Debug\liblpc_chip_11u6x.a(clock_11u6x.o)
 .debug_frame   0x000009cc      0x190 C:\Users\TeddyP\Documents\MCUXpressoIDE_11.3.0_5222\workspace\lpc_chip_11u6x\Debug\liblpc_chip_11u6x.a(gpio_11u6x.o)
 .debug_frame   0x00000b5c       0x50 C:\Users\TeddyP\Documents\MCUXpressoIDE_11.3.0_5222\workspace\lpc_chip_11u6x\Debug\liblpc_chip_11u6x.a(iocon_11u6x.o)
 .debug_frame   0x00000bac       0xb0 C:\Users\TeddyP\Documents\MCUXpressoIDE_11.3.0_5222\workspace\lpc_chip_11u6x\Debug\liblpc_chip_11u6x.a(syscon_11u6x.o)
 .debug_frame   0x00000c5c       0xe4 C:\Users\TeddyP\Documents\MCUXpressoIDE_11.3.0_5222\workspace\lpc_chip_11u6x\Debug\liblpc_chip_11u6x.a(sysinit_11u6x.o)
 .debug_frame   0x00000d40      0x350 C:\Users\TeddyP\Documents\MCUXpressoIDE_11.3.0_5222\workspace\lpc_chip_11u6x\Debug\liblpc_chip_11u6x.a(uart_0_11u6x.o)
