core_cm0plus.h:626:22:NVIC_EnableIRQ	16	static
core_cm0plus.h:638:22:NVIC_DisableIRQ	16	static
clock_11u6x.h:279:20:Chip_Clock_EnablePeriphClock	16	static
adc_11u6x.h:298:20:Chip_ADC_SetupSequencer	24	static
adc_11u6x.h:309:20:Chip_ADC_EnableSequencer	16	static
adc_11u6x.h:333:20:Chip_ADC_StartSequencer	16	static
adc_11u6x.h:395:24:Chip_ADC_GetSequencerDataReg	16	static
adc_11u6x.h:514:24:Chip_ADC_GetFlags	16	static
adc_11u6x.h:525:20:Chip_ADC_ClearFlags	16	static
adc_11u6x.h:536:20:Chip_ADC_SetTrim	16	static
dma_11u6x.h:145:20:Chip_DMA_Init	16	static
dma_11u6x.h:167:20:Chip_DMA_Enable	16	static
dma_11u6x.h:194:24:Chip_DMA_GetIntStatus	16	static
dma_11u6x.h:223:20:Chip_DMA_SetSRAMBase	16	static
dma_11u6x.h:252:20:Chip_DMA_EnableChannel	16	static
dma_11u6x.h:263:20:Chip_DMA_DisableChannel	16	static
dma_11u6x.h:307:24:Chip_DMA_GetBusyChannels	16	static
dma_11u6x.h:332:20:Chip_DMA_ClearErrorIntChannel	16	static
dma_11u6x.h:343:20:Chip_DMA_EnableIntChannel	16	static
dma_11u6x.h:394:20:Chip_DMA_ClearActiveIntAChannel	16	static
dma_11u6x.h:432:20:Chip_DMA_SetValidChannel	16	static
dma_11u6x.h:460:20:Chip_DMA_AbortChannel	16	static
dma_11u6x.h:507:20:Chip_DMA_SetHWTrigger	16	static
dma_11u6x.h:578:20:Chip_DMA_SetupChannelConfig	24	static
dma_11u6x.h:635:20:Chip_DMA_SetupChannelTransfer	24	static
stopwatch.h:59:24:StopWatch_Elapsed	16	static
dma_adc.c:86:13:adcSetup	8	static
dma_adc.c:146:13:dmaSetup	16	static
dma_adc.c:207:13:averageSamples	32	static
dma_adc.c:243:6:DMA_IRQHandler	8	static
dma_adc.c:277:5:main	24	static
