clock_11u6x.h:279:20:Chip_Clock_EnablePeriphClock	16	static
clock_11u6x.h:289:20:Chip_Clock_DisablePeriphClock	16	static
crc_11u6x.h:120:20:Chip_CRC_UseCRC16	8	static
crc_11u6x.h:130:20:Chip_CRC_UseCRC32	8	static
crc_11u6x.h:140:20:Chip_CRC_UseCCITT	8	static
crc_11u6x.h:196:20:Chip_CRC_Write8	16	static
crc_11u6x.h:206:20:Chip_CRC_Write16	16	static
crc_11u6x.h:216:20:Chip_CRC_Write32	16	static
crc_11u6x.h:225:24:Chip_CRC_Sum	8	static
crc_11u6x.c:50:6:Chip_CRC_Init	8	static
crc_11u6x.c:56:6:Chip_CRC_Deinit	8	static
crc_11u6x.c:62:6:Chip_CRC_UseDefaultConfig	16	static
crc_11u6x.c:81:10:Chip_CRC_CRC8	16	static
crc_11u6x.c:94:10:Chip_CRC_CRC16	16	static
crc_11u6x.c:107:10:Chip_CRC_CRC32	16	static
