timer_11u6x.h:178:20:Chip_TIMER_Enable	16	static
timer_11u6x.h:200:24:Chip_TIMER_ReadCount	16	static
timer_11u6x.h:223:20:Chip_TIMER_PrescaleSet	16	static
stopwatch_11u6.c:57:6:StopWatch_Init	16	static
stopwatch_11u6.c:72:10:StopWatch_Start	8	static
stopwatch_11u6.c:79:10:StopWatch_TicksPerSecond	8	static
stopwatch_11u6.c:85:10:StopWatch_TicksToMs	16	static
stopwatch_11u6.c:91:10:StopWatch_TicksToUs	16	static
stopwatch_11u6.c:97:10:StopWatch_MsToTicks	16	static
stopwatch_11u6.c:103:10:StopWatch_UsToTicks	16	static
