clock_11u6x.h:279:20:Chip_Clock_EnablePeriphClock	16	static
clock_11u6x.h:289:20:Chip_Clock_DisablePeriphClock	16	static
clock_11u6x.h:323:20:Chip_Clock_SetUSART0ClockDiv	16	static
ring_buffer.h:133:19:RingBuffer_IsEmpty	16	static
uart_0_11u6x.h:313:20:Chip_UART0_SendByte	16	static
uart_0_11u6x.h:326:23:Chip_UART0_ReadByte	16	static
uart_0_11u6x.h:341:20:Chip_UART0_IntEnable	16	static
uart_0_11u6x.h:356:20:Chip_UART0_IntDisable	16	static
uart_0_11u6x.h:394:20:Chip_UART0_SetupFIFOS	16	static
uart_0_11u6x.h:419:20:Chip_UART0_EnableDivisorAccess	16	static
uart_0_11u6x.h:429:20:Chip_UART0_DisableDivisorAccess	16	static
uart_0_11u6x.h:444:20:Chip_UART0_SetDivisorLatches	16	static
uart_0_11u6x.h:495:24:Chip_UART0_ReadLineStatus	16	static
uart_0_11u6x.c:51:6:Chip_UART0_Init	16	static
uart_0_11u6x.c:66:6:Chip_UART0_DeInit	16	static
uart_0_11u6x.c:72:5:Chip_UART0_Send	32	static
uart_0_11u6x.c:89:5:Chip_UART0_SendBlocking	40	static
uart_0_11u6x.c:105:5:Chip_UART0_Read	32	static
uart_0_11u6x.c:122:5:Chip_UART0_ReadBlocking	40	static
uart_0_11u6x.c:138:10:Chip_UART0_SetBaud	32	static
uart_0_11u6x.c:163:6:Chip_UART0_RXIntHandlerRB	24	static
uart_0_11u6x.c:173:6:Chip_UART0_TXIntHandlerRB	24	static
uart_0_11u6x.c:185:10:Chip_UART0_SendRB	32	static
uart_0_11u6x.c:207:5:Chip_UART0_ReadRB	24	static
uart_0_11u6x.c:215:6:Chip_UART0_IRQRBHandler	24	static
uart_0_11u6x.c:232:10:Chip_UART0_SetBaudFDR	48	static
