Archive member included to satisfy reference by file (symbol)

C:\Users\TeddyP\Documents\MCUXpressoIDE_11.3.0_5222\workspace\lpc_board_nxp_lpcxpresso_11u68\Debug\liblpc_board_nxp_lpcxpresso_11u68.a(board.o)
                              ./example/src/adc.o (Board_UARTPutSTR)
C:\Users\TeddyP\Documents\MCUXpressoIDE_11.3.0_5222\workspace\lpc_board_nxp_lpcxpresso_11u68\Debug\liblpc_board_nxp_lpcxpresso_11u68.a(board_sysinit.o)
                              ./example/src/sysinit.o (Board_SystemInit)
C:\Users\TeddyP\Documents\MCUXpressoIDE_11.3.0_5222\workspace\lpc_chip_11u6x\Debug\liblpc_chip_11u6x.a(adc_11u6x.o)
                              ./example/src/adc.o (Chip_ADC_Init)
C:\Users\TeddyP\Documents\MCUXpressoIDE_11.3.0_5222\workspace\lpc_chip_11u6x\Debug\liblpc_chip_11u6x.a(chip_11u6x.o)
                              ./example/src/adc.o (SystemCoreClock)
C:\Users\TeddyP\Documents\MCUXpressoIDE_11.3.0_5222\workspace\lpc_chip_11u6x\Debug\liblpc_chip_11u6x.a(clock_11u6x.o)
                              C:\Users\TeddyP\Documents\MCUXpressoIDE_11.3.0_5222\workspace\lpc_chip_11u6x\Debug\liblpc_chip_11u6x.a(chip_11u6x.o) (Chip_Clock_SetUSBPLLSource)
C:\Users\TeddyP\Documents\MCUXpressoIDE_11.3.0_5222\workspace\lpc_chip_11u6x\Debug\liblpc_chip_11u6x.a(gpio_11u6x.o)
                              C:\Users\TeddyP\Documents\MCUXpressoIDE_11.3.0_5222\workspace\lpc_board_nxp_lpcxpresso_11u68\Debug\liblpc_board_nxp_lpcxpresso_11u68.a(board.o) (Chip_GPIO_Init)
C:\Users\TeddyP\Documents\MCUXpressoIDE_11.3.0_5222\workspace\lpc_chip_11u6x\Debug\liblpc_chip_11u6x.a(iocon_11u6x.o)
                              ./example/src/adc.o (Chip_IOCON_PinMuxSet)
C:\Users\TeddyP\Documents\MCUXpressoIDE_11.3.0_5222\workspace\lpc_chip_11u6x\Debug\liblpc_chip_11u6x.a(syscon_11u6x.o)
                              C:\Users\TeddyP\Documents\MCUXpressoIDE_11.3.0_5222\workspace\lpc_chip_11u6x\Debug\liblpc_chip_11u6x.a(adc_11u6x.o) (Chip_SYSCTL_PowerDown)
C:\Users\TeddyP\Documents\MCUXpressoIDE_11.3.0_5222\workspace\lpc_chip_11u6x\Debug\liblpc_chip_11u6x.a(sysinit_11u6x.o)
                              C:\Users\TeddyP\Documents\MCUXpressoIDE_11.3.0_5222\workspace\lpc_board_nxp_lpcxpresso_11u68\Debug\liblpc_board_nxp_lpcxpresso_11u68.a(board_sysinit.o) (Chip_SetupXtalClocking)
C:\Users\TeddyP\Documents\MCUXpressoIDE_11.3.0_5222\workspace\lpc_chip_11u6x\Debug\liblpc_chip_11u6x.a(uart_0_11u6x.o)
                              C:\Users\TeddyP\Documents\MCUXpressoIDE_11.3.0_5222\workspace\lpc_board_nxp_lpcxpresso_11u68\Debug\liblpc_board_nxp_lpcxpresso_11u68.a(board.o) (Chip_UART0_Init)
C:\Users\TeddyP\Documents\MCUXpressoIDE_11.3.0_5222\workspace\lpc_chip_11u6x\Debug\liblpc_chip_11u6x.a(ring_buffer.o)
                              C:\Users\TeddyP\Documents\MCUXpressoIDE_11.3.0_5222\workspace\lpc_chip_11u6x\Debug\liblpc_chip_11u6x.a(uart_0_11u6x.o) (RingBuffer_Insert)
c:/nxp/mcuxpressoide_11.3.0_5222/ide/plugins/com.nxp.mcuxpresso.tools.win32_11.3.0.202008311133/tools/bin/../lib/gcc/arm-none-eabi/9.3.1/../../../../arm-none-eabi/lib/thumb/v6-m/nofp\libcr_nohost.a(_cr__main.o)
                              ./example/src/cr_startup_lpc11u6x.o (__main)
c:/nxp/mcuxpressoide_11.3.0_5222/ide/plugins/com.nxp.mcuxpresso.tools.win32_11.3.0.202008311133/tools/bin/../lib/gcc/arm-none-eabi/9.3.1/../../../../arm-none-eabi/lib/thumb/v6-m/nofp\libcr_c.a(memcpy.o)
                              C:\Users\TeddyP\Documents\MCUXpressoIDE_11.3.0_5222\workspace\lpc_chip_11u6x\Debug\liblpc_chip_11u6x.a(ring_buffer.o) (memcpy)
c:/nxp/mcuxpressoide_11.3.0_5222/ide/plugins/com.nxp.mcuxpresso.tools.win32_11.3.0.202008311133/tools/bin/../lib/gcc/arm-none-eabi/9.3.1/../../../../arm-none-eabi/lib/thumb/v6-m/nofp\libcr_c.a(fpprintf.o)
                              ./example/src/adc.o (printf)
c:/nxp/mcuxpressoide_11.3.0_5222/ide/plugins/com.nxp.mcuxpresso.tools.win32_11.3.0.202008311133/tools/bin/../lib/gcc/arm-none-eabi/9.3.1/../../../../arm-none-eabi/lib/thumb/v6-m/nofp\libcr_c.a(initio.o)
                              c:/nxp/mcuxpressoide_11.3.0_5222/ide/plugins/com.nxp.mcuxpresso.tools.win32_11.3.0.202008311133/tools/bin/../lib/gcc/arm-none-eabi/9.3.1/../../../../arm-none-eabi/lib/thumb/v6-m/nofp\libcr_nohost.a(_cr__main.o) (_initio)
c:/nxp/mcuxpressoide_11.3.0_5222/ide/plugins/com.nxp.mcuxpresso.tools.win32_11.3.0.202008311133/tools/bin/../lib/gcc/arm-none-eabi/9.3.1/../../../../arm-none-eabi/lib/thumb/v6-m/nofp\libcr_c.a(printf.o)
                              c:/nxp/mcuxpressoide_11.3.0_5222/ide/plugins/com.nxp.mcuxpresso.tools.win32_11.3.0.202008311133/tools/bin/../lib/gcc/arm-none-eabi/9.3.1/../../../../arm-none-eabi/lib/thumb/v6-m/nofp\libcr_c.a(fpprintf.o) (__vfprintf)
c:/nxp/mcuxpressoide_11.3.0_5222/ide/plugins/com.nxp.mcuxpresso.tools.win32_11.3.0.202008311133/tools/bin/../lib/gcc/arm-none-eabi/9.3.1/../../../../arm-none-eabi/lib/thumb/v6-m/nofp\libcr_c.a(setvbuf.o)
[...]
Memory Configuration

Name             Origin             Length             Attributes
MFlash256        0x00000000         0x00040000         xr
Ram0_32          0x10000000         0x00008000         xrw
Ram1_2           0x20000000         0x00000800         xrw
Ram2USB_2        0x20004000         0x00000800         xrw
*default*        0x00000000         0xffffffff

Linker script and memory map

LOAD ./example/src/adc.o
LOAD ./example/src/aeabi_romdiv_patch.o
LOAD ./example/src/cr_startup_lpc11u6x.o
LOAD ./example/src/crp.o
LOAD ./example/src/mtb.o
LOAD ./example/src/sysinit.o
LOAD C:\Users\TeddyP\Documents\MCUXpressoIDE_11.3.0_5222\workspace\lpc_board_nxp_lpcxpresso_11u68\Debug\liblpc_board_nxp_lpcxpresso_11u68.a
LOAD C:\Users\TeddyP\Documents\MCUXpressoIDE_11.3.0_5222\workspace\lpc_chip_11u6x\Debug\liblpc_chip_11u6x.a
START GROUP
LOAD c:/nxp/mcuxpressoide_11.3.0_5222/ide/plugins/com.nxp.mcuxpresso.tools.win32_11.3.0.202008311133/tools/bin/../lib/gcc/arm-none-eabi/9.3.1/../../../../arm-none-eabi/lib/thumb/v6-m/nofp\libcr_nohost.a
LOAD c:/nxp/mcuxpressoide_11.3.0_5222/ide/plugins/com.nxp.mcuxpresso.tools.win32_11.3.0.202008311133/tools/bin/../lib/gcc/arm-none-eabi/9.3.1/../../../../arm-none-eabi/lib/thumb/v6-m/nofp\libcr_c.a
LOAD c:/nxp/mcuxpressoide_11.3.0_5222/ide/plugins/com.nxp.mcuxpresso.tools.win32_11.3.0.202008311133/tools/bin/../lib/gcc/arm-none-eabi/9.3.1/thumb/v6-m/nofp\libcr_eabihelpers.a
LOAD c:/nxp/mcuxpressoide_11.3.0_5222/ide/plugins/com.nxp.mcuxpresso.tools.win32_11.3.0.202008311133/tools/bin/../lib/gcc/arm-none-eabi/9.3.1/thumb/v6-m/nofp\libgcc.a
END GROUP
                0x00000000                __base_MFlash256 = 0x0
                0x00000000                __base_Flash = 0x0
                0x00040000                __top_MFlash256 = 0x40000
                0x00040000                __top_Flash = 0x40000
                0x10000000                __base_Ram0_32 = 0x10000000
                0x10000000                __base_RAM = 0x10000000
                0x10008000                __top_Ram0_32 = 0x10008000
                0x10008000                __top_RAM = 0x10008000
                0x20000000                __base_Ram1_2 = 0x20000000
                0x20000000                __base_RAM2 = 0x20000000
                0x20000800                __top_Ram1_2 = 0x20000800
                0x20000800                __top_RAM2 = 0x20000800
                0x20004000                __base_Ram2USB_2 = 0x20004000
                0x20004000                __base_RAM3 = 0x20004000
                0x20004800                __top_Ram2USB_2 = 0x20004800
                0x20004800                __top_RAM3 = 0x20004800

.text           0x00000000     0x3fc0
 FILL mask 0xff
                0x00000000                __vectors_start__ = ABSOLUTE (.)
 *(.isr_vector)
 .isr_vector    0x00000000       0xc0 ./example/src/cr_startup_lpc11u6x.o
                0x00000000                g_pfnVectors
                0x000000c0                . = ALIGN (0x4)
                0x000000c0                __section_table_start = .
                0x000000c0                __data_section_table = .
                0x000000c0        0x4 LONG 0x3fc0 LOADADDR (.data)
                0x000000c4        0x4 LONG 0x10000100 ADDR (.data)
                0x000000c8        0x4 LONG 0x0 SIZEOF (.data)
                0x000000cc        0x4 LONG 0x3fc0 LOADADDR (.data_RAM2)
                0x000000d0        0x4 LONG 0x20000000 ADDR (.data_RAM2)
                0x000000d4        0x4 LONG 0x0 SIZEOF (.data_RAM2)
                0x000000d8        0x4 LONG 0x3fc0 LOADADDR (.data_RAM3)
                0x000000dc        0x4 LONG 0x20004000 ADDR (.data_RAM3)
                0x000000e0        0x4 LONG 0x0 SIZEOF (.data_RAM3)
                0x000000e4                __data_section_table_end = .
                0x000000e4                __bss_section_table = .
                0x000000e4        0x4 LONG 0x10000100 ADDR (.bss)
                0x000000e8        0x4 LONG 0x200 SIZEOF (.bss)
                0x000000ec        0x4 LONG 0x20000000 ADDR (.bss_RAM2)
                0x000000f0        0x4 LONG 0x0 SIZEOF (.bss_RAM2)
                0x000000f4        0x4 LONG 0x20004000 ADDR (.bss_RAM3)
                0x000000f8        0x4 LONG 0x0 SIZEOF (.bss_RAM3)
                0x000000fc                __bss_section_table_end = .
                0x000000fc                __section_table_end = .
 *(.after_vectors*)
 .after_vectors
                0x000000fc      0x15c ./example/src/cr_startup_lpc11u6x.o
                0x000000fc                data_init
                0x0000013e                bss_init
                0x00000174                ResetISR
                0x00000234                NMI_Handler
                0x0000023a                HardFault_Handler
                0x00000240                SVC_Handler
                0x00000246                PendSV_Handler
                0x00000252                ADCB_IRQHandler
                0x00000252                SCT0_1_IRQHandler
                0x00000252                TIMER32_0_IRQHandler
                0x00000252                TIMER32_1_IRQHandler
                0x00000252                PIN_INT6_IRQHandler
                0x00000252                IntDefaultHandler
                0x00000252                PIN_INT4_IRQHandler
                0x00000252                SSP0_IRQHandler
                0x00000252                RTC_IRQHandler
                0x00000252                I2C1_IRQHandler
                0x00000252                I2C0_IRQHandler
                0x00000252                USART0_IRQHandler
                0x00000252                PIN_INT5_IRQHandler
                0x00000252                PIN_INT2_IRQHandler
                0x00000252                TIMER16_1_IRQHandler
                0x00000252                USB_FIQHandler
                0x00000252                USART1_4_IRQHandler
                0x00000252                SSP1_IRQHandler
                0x00000252                PIN_INT7_IRQHandler
                0x00000252                BOD_WDT_IRQHandler
                0x00000252                PIN_INT1_IRQHandler
                0x00000252                USB_IRQHandler
                0x00000252                USBWakeup_IRQHandler
                0x00000252                USART2_3_IRQHandler
                0x00000252                PIN_INT0_IRQHandler
                0x00000252                GINT0_IRQHandler
                0x00000252                TIMER16_0_IRQHandler
                0x00000252                DMA_IRQHandler
                0x00000252                PIN_INT3_IRQHandler
                0x00000252                FMC_IRQHandler
                0x00000252                GINT1_IRQHandler
                0x000002fc                . = 0x2fc
 *fill*         0x00000258       0xa4 ff
                0x000002fc                PROVIDE (__CRP_WORD_START__ = .)
 *(.crp)
 .crp           0x000002fc        0x4 ./example/src/crp.o
                0x000002fc                CRP_WORD
                0x00000300                PROVIDE (__CRP_WORD_END__ = .)
                0x00000001                ASSERT (! ((__CRP_WORD_START__ == __CRP_WORD_END__)), Linker CRP Enabled, but no CRP_WORD provided within application)
 *(.text*)
 .text.NVIC_EnableIRQ
                0x00000300       0x2c ./example/src/adc.o
 .text.NVIC_SetPriority
                0x0000032c       0xdc ./example/src/adc.o
 .text.SysTick_Config
                0x00000408       0x48 ./example/src/adc.o
 .text.Chip_ADC_SetupSequencer
                0x00000450       0x28 ./example/src/adc.o
 .text.Chip_ADC_EnableSequencer
                0x00000478       0x26 ./example/src/adc.o
 .text.Chip_ADC_StartSequencer
                0x0000049e       0x26 ./example/src/adc.o
 .text.Chip_ADC_GetDataReg
                0x000004c4       0x22 ./example/src/adc.o
 .text.Chip_ADC_SetThrLowValue
                0x000004e6       0x32 ./example/src/adc.o
 .text.Chip_ADC_SetThrHighValue
                0x00000518       0x32 ./example/src/adc.o
 .text.Chip_ADC_GetFlags
                0x0000054a       0x14 ./example/src/adc.o
 .text.Chip_ADC_ClearFlags
                0x0000055e       0x18 ./example/src/adc.o
 .text.Chip_ADC_SetTrim
                0x00000576       0x18 ./example/src/adc.o
 *fill*         0x0000058e        0x2 ff
 .text.SysTick_Handler
                0x00000590       0x34 ./example/src/adc.o
                0x00000590                SysTick_Handler
 .text.ADCA_IRQHandler
                0x000005c4       0x50 ./example/src/adc.o
                0x000005c4                ADCA_IRQHandler
 .text.main     0x00000614      0x1e4 ./example/src/adc.o
                0x00000614                main
 .text.__aeabi_idiv
                0x000007f8       0x10 ./example/src/aeabi_romdiv_patch.o
                0x000007f8                __aeabi_idivmod
                0x000007f8                __aeabi_idiv
 .text.__aeabi_uidiv
                0x00000808       0x10 ./example/src/aeabi_romdiv_patch.o
                0x00000808                __aeabi_uidivmod
                0x00000808                __aeabi_uidiv
 .text.SystemInit
                0x00000818        0xe ./example/src/sysinit.o
                0x00000818                SystemInit
 .text.Chip_GPIO_SetPinState
                0x00000826       0x3e C:\Users\TeddyP\Documents\MCUXpressoIDE_11.3.0_5222\workspace\lpc_board_nxp_lpcxpresso_11u68\Debug\liblpc_board_nxp_lpcxpresso_11u68.a(board.o)
 .text.Chip_GPIO_SetPinDIROutput
                0x00000864       0x50 C:\Users\TeddyP\Documents\MCUXpressoIDE_11.3.0_5222\workspace\lpc_board_nxp_lpcxpresso_11u68\Debug\liblpc_board_nxp_lpcxpresso_11u68.a(board.o)
 .text.Chip_UART0_TXEnable
                0x000008b4       0x16 C:\Users\TeddyP\Documents\MCUXpressoIDE_11.3.0_5222\workspace\lpc_board_nxp_lpcxpresso_11u68\Debug\liblpc_board_nxp_lpcxpresso_11u68.a(board.o)
 .text.Chip_UART0_SetupFIFOS
                0x000008ca       0x18 C:\Users\TeddyP\Documents\MCUXpressoIDE_11.3.0_5222\workspace\lpc_board_nxp_lpcxpresso_11u68\Debug\liblpc_board_nxp_lpcxpresso_11u68.a(board.o)
 .text.Chip_UART0_ConfigData
                0x000008e2       0x18 C:\Users\TeddyP\Documents\MCUXpressoIDE_11.3.0_5222\workspace\lpc_board_nxp_lpcxpresso_11u68\Debug\liblpc_board_nxp_lpcxpresso_11u68.a(board.o)
 .text.__sys_write
                0x000008fa       0x38 C:\Users\TeddyP\Documents\MCUXpressoIDE_11.3.0_5222\workspace\lpc_board_nxp_lpcxpresso_11u68\Debug\liblpc_board_nxp_lpcxpresso_11u68.a(board.o)
                0x000008fa                __sys_write
 *fill*         0x00000932        0x2 ff
 .text.Board_UARTPutChar
                0x00000934       0x24 C:\Users\TeddyP\Documents\MCUXpressoIDE_11.3.0_5222\workspace\lpc_board_nxp_lpcxpresso_11u68\Debug\liblpc_board_nxp_lpcxpresso_11u68.a(board.o)
                0x00000934                Board_UARTPutChar
 .text.Board_UARTPutSTR
                0x00000958       0x2a C:\Users\TeddyP\Documents\MCUXpressoIDE_11.3.0_5222\workspace\lpc_board_nxp_lpcxpresso_11u68\Debug\liblpc_board_nxp_lpcxpresso_11u68.a(board.o)
                0x00000958                Board_UARTPutSTR
 *fill*         0x00000982        0x2 ff
 .text.Board_Debug_Init
                0x00000984       0x40 C:\Users\TeddyP\Documents\MCUXpressoIDE_11.3.0_5222\workspace\lpc_board_nxp_lpcxpresso_11u68\Debug\liblpc_board_nxp_lpcxpresso_11u68.a(board.o)
                0x00000984                Board_Debug_Init
 .text.Board_LED_Init
                0x000009c4       0x60 C:\Users\TeddyP\Documents\MCUXpressoIDE_11.3.0_5222\workspace\lpc_board_nxp_lpcxpresso_11u68\Debug\liblpc_board_nxp_lpcxpresso_11u68.a(board.o)
 .text.Board_Init
                0x00000a24       0x1c C:\Users\TeddyP\Documents\MCUXpressoIDE_11.3.0_5222\workspace\lpc_board_nxp_lpcxpresso_11u68\Debug\liblpc_board_nxp_lpcxpresso_11u68.a(board.o)
                0x00000a24                Board_Init
 .text.Chip_Clock_EnablePeriphClock
                0x00000a40       0x30 C:\Users\TeddyP\Documents\MCUXpressoIDE_11.3.0_5222\workspace\lpc_board_nxp_lpcxpresso_11u68\Debug\liblpc_board_nxp_lpcxpresso_11u68.a(board_sysinit.o)
 .text.Board_SetupMuxing
                0x00000a70       0x24 C:\Users\TeddyP\Documents\MCUXpressoIDE_11.3.0_5222\workspace\lpc_board_nxp_lpcxpresso_11u68\Debug\liblpc_board_nxp_lpcxpresso_11u68.a(board_sysinit.o)
                0x00000a70                Board_SetupMuxing
 .text.Board_SetupClocking
                0x00000a94        0xe C:\Users\TeddyP\Documents\MCUXpressoIDE_11.3.0_5222\workspace\lpc_board_nxp_lpcxpresso_11u68\Debug\liblpc_board_nxp_lpcxpresso_11u68.a(board_sysinit.o)
                0x00000a94                Board_SetupClocking
 .text.Board_SystemInit
                0x00000aa2       0x12 C:\Users\TeddyP\Documents\MCUXpressoIDE_11.3.0_5222\workspace\lpc_board_nxp_lpcxpresso_11u68\Debug\liblpc_board_nxp_lpcxpresso_11u68.a(board_sysinit.o)
                0x00000aa2                Board_SystemInit
 .text.Chip_Clock_EnablePeriphClock
                0x00000ab4       0x30 C:\Users\TeddyP\Documents\MCUXpressoIDE_11.3.0_5222\workspace\lpc_chip_11u6x\Debug\liblpc_chip_11u6x.a(adc_11u6x.o)
 .text.Chip_ADC_SetDivider
                0x00000ae4       0x2c C:\Users\TeddyP\Documents\MCUXpressoIDE_11.3.0_5222\workspace\lpc_chip_11u6x\Debug\liblpc_chip_11u6x.a(adc_11u6x.o)
 .text.Chip_ADC_SetIntBits
                0x00000b10       0x26 C:\Users\TeddyP\Documents\MCUXpressoIDE_11.3.0_5222\workspace\lpc_chip_11u6x\Debug\liblpc_chip_11u6x.a(adc_11u6x.o)
                0x00000b10                Chip_ADC_SetIntBits
 .text.Chip_ADC_ClearIntBits
                0x00000b36       0x28 C:\Users\TeddyP\Documents\MCUXpressoIDE_11.3.0_5222\workspace\lpc_chip_11u6x\Debug\liblpc_chip_11u6x.a(adc_11u6x.o)
                0x00000b36                Chip_ADC_ClearIntBits
 .text.Chip_ADC_ClearTHRSELBits
                0x00000b5e       0x28 C:\Users\TeddyP\Documents\MCUXpressoIDE_11.3.0_5222\workspace\lpc_chip_11u6x\Debug\liblpc_chip_11u6x.a(adc_11u6x.o)
                0x00000b5e                Chip_ADC_ClearTHRSELBits
 .text.Chip_ADC_Init
                0x00000b86       0x2a C:\Users\TeddyP\Documents\MCUXpressoIDE_11.3.0_5222\workspace\lpc_chip_11u6x\Debug\liblpc_chip_11u6x.a(adc_11u6x.o)
                0x00000b86                Chip_ADC_Init
 .text.Chip_ADC_StartCalibration
                0x00000bb0       0x40 C:\Users\TeddyP\Documents\MCUXpressoIDE_11.3.0_5222\workspace\lpc_chip_11u6x\Debug\liblpc_chip_11u6x.a(adc_11u6x.o)
                0x00000bb0                Chip_ADC_StartCalibration
 .text.Chip_ADC_IsCalibrationDone
                0x00000bf0       0x20 C:\Users\TeddyP\Documents\MCUXpressoIDE_11.3.0_5222\workspace\lpc_chip_11u6x\Debug\liblpc_chip_11u6x.a(adc_11u6x.o)
                0x00000bf0                Chip_ADC_IsCalibrationDone
 .text.Chip_ADC_SetClockRate
                0x00000c10       0x38 C:\Users\TeddyP\Documents\MCUXpressoIDE_11.3.0_5222\workspace\lpc_chip_11u6x\Debug\liblpc_chip_11u6x.a(adc_11u6x.o)
                0x00000c10                Chip_ADC_SetClockRate
 .text.Chip_ADC_SetSequencerBits
                0x00000c48       0x44 C:\Users\TeddyP\Documents\MCUXpressoIDE_11.3.0_5222\workspace\lpc_chip_11u6x\Debug\liblpc_chip_11u6x.a(adc_11u6x.o)
                0x00000c48                Chip_ADC_SetSequencerBits
 .text.Chip_ADC_EnableInt
                0x00000c8c       0x1e C:\Users\TeddyP\Documents\MCUXpressoIDE_11.3.0_5222\workspace\lpc_chip_11u6x\Debug\liblpc_chip_11u6x.a(adc_11u6x.o)
                0x00000c8c                Chip_ADC_EnableInt
 .text.Chip_ADC_SetThresholdInt
                0x00000caa       0x50 C:\Users\TeddyP\Documents\MCUXpressoIDE_11.3.0_5222\workspace\lpc_chip_11u6x\Debug\liblpc_chip_11u6x.a(adc_11u6x.o)
                0x00000caa                Chip_ADC_SetThresholdInt
 .text.Chip_ADC_SelectTH0Channels
                0x00000cfa       0x1e C:\Users\TeddyP\Documents\MCUXpressoIDE_11.3.0_5222\workspace\lpc_chip_11u6x\Debug\liblpc_chip_11u6x.a(adc_11u6x.o)
                0x00000cfa                Chip_ADC_SelectTH0Channels
 .text.SystemCoreClockUpdate
                0x00000d18       0x18 C:\Users\TeddyP\Documents\MCUXpressoIDE_11.3.0_5222\workspace\lpc_chip_11u6x\Debug\liblpc_chip_11u6x.a(chip_11u6x.o)
                0x00000d18                SystemCoreClockUpdate
 .text.Chip_Clock_GetMainOscRate
                0x00000d30       0x14 C:\Users\TeddyP\Documents\MCUXpressoIDE_11.3.0_5222\workspace\lpc_chip_11u6x\Debug\liblpc_chip_11u6x.a(clock_11u6x.o)
 .text.Chip_Clock_GetIntOscRate
                0x00000d44       0x10 C:\Users\TeddyP\Documents\MCUXpressoIDE_11.3.0_5222\workspace\lpc_chip_11u6x\Debug\liblpc_chip_11u6x.a(clock_11u6x.o)
 .text.Chip_Clock_GetRTCOscRate
                0x00000d54       0x14 C:\Users\TeddyP\Documents\MCUXpressoIDE_11.3.0_5222\workspace\lpc_chip_11u6x\Debug\liblpc_chip_11u6x.a(clock_11u6x.o)
 .text.Chip_Clock_GetWDTRate
                0x00000d68       0x48 C:\Users\TeddyP\Documents\MCUXpressoIDE_11.3.0_5222\workspace\lpc_chip_11u6x\Debug\liblpc_chip_11u6x.a(clock_11u6x.o)
 .text.Chip_Clock_GetPLLFreq
                0x00000db0       0x22 C:\Users\TeddyP\Documents\MCUXpressoIDE_11.3.0_5222\workspace\lpc_chip_11u6x\Debug\liblpc_chip_11u6x.a(clock_11u6x.o)
 *fill*         0x00000dd2        0x2 ff
 .text.Chip_Clock_SetSystemPLLSource
                0x00000dd4       0x2c C:\Users\TeddyP\Documents\MCUXpressoIDE_11.3.0_5222\workspace\lpc_chip_11u6x\Debug\liblpc_chip_11u6x.a(clock_11u6x.o)
                0x00000dd4                Chip_Clock_SetSystemPLLSource
 .text.Chip_Clock_SetMainClockSource
                0x00000e00       0x2c C:\Users\TeddyP\Documents\MCUXpressoIDE_11.3.0_5222\workspace\lpc_chip_11u6x\Debug\liblpc_chip_11u6x.a(clock_11u6x.o)
                0x00000e00                Chip_Clock_SetMainClockSource
 .text.Chip_Clock_GetWDTOSCRate
                0x00000e2c       0x1c C:\Users\TeddyP\Documents\MCUXpressoIDE_11.3.0_5222\workspace\lpc_chip_11u6x\Debug\liblpc_chip_11u6x.a(clock_11u6x.o)
                0x00000e2c                Chip_Clock_GetWDTOSCRate
 .text.Chip_Clock_GetSystemPLLInClockRate
                0x00000e48       0x54 C:\Users\TeddyP\Documents\MCUXpressoIDE_11.3.0_5222\workspace\lpc_chip_11u6x\Debug\liblpc_chip_11u6x.a(clock_11u6x.o)
                0x00000e48                Chip_Clock_GetSystemPLLInClockRate
 .text.Chip_Clock_GetSystemPLLOutClockRate
                0x00000e9c       0x24 C:\Users\TeddyP\Documents\MCUXpressoIDE_11.3.0_5222\workspace\lpc_chip_11u6x\Debug\liblpc_chip_11u6x.a(clock_11u6x.o)
                0x00000e9c                Chip_Clock_GetSystemPLLOutClockRate
 .text.Chip_Clock_GetMainClockRate
                0x00000ec0       0x64 C:\Users\TeddyP\Documents\MCUXpressoIDE_11.3.0_5222\workspace\lpc_chip_11u6x\Debug\liblpc_chip_11u6x.a(clock_11u6x.o)
                0x00000ec0                Chip_Clock_GetMainClockRate
 .text.Chip_Clock_GetSystemClockRate
                0x00000f24       0x24 C:\Users\TeddyP\Documents\MCUXpressoIDE_11.3.0_5222\workspace\lpc_chip_11u6x\Debug\liblpc_chip_11u6x.a(clock_11u6x.o)
                0x00000f24                Chip_Clock_GetSystemClockRate
 .text.Chip_Clock_EnablePeriphClock
                0x00000f48       0x30 C:\Users\TeddyP\Documents\MCUXpressoIDE_11.3.0_5222\workspace\lpc_chip_11u6x\Debug\liblpc_chip_11u6x.a(gpio_11u6x.o)
 .text.Chip_GPIO_Init
                0x00000f78       0x16 C:\Users\TeddyP\Documents\MCUXpressoIDE_11.3.0_5222\workspace\lpc_chip_11u6x\Debug\liblpc_chip_11u6x.a(gpio_11u6x.o)
                0x00000f78                Chip_GPIO_Init
 .text.Chip_IOCON_PinMuxSet
                0x00000f8e       0x90 C:\Users\TeddyP\Documents\MCUXpressoIDE_11.3.0_5222\workspace\lpc_chip_11u6x\Debug\liblpc_chip_11u6x.a(iocon_11u6x.o)
                0x00000f8e                Chip_IOCON_PinMuxSet
 .text.Chip_IOCON_SetPinMuxing
                0x0000101e       0x50 C:\Users\TeddyP\Documents\MCUXpressoIDE_11.3.0_5222\workspace\lpc_chip_11u6x\Debug\liblpc_chip_11u6x.a(iocon_11u6x.o)
                0x0000101e                Chip_IOCON_SetPinMuxing
 *fill*         0x0000106e        0x2 ff
 .text.Chip_SYSCTL_PowerDown
                0x00001070       0x44 C:\Users\TeddyP\Documents\MCUXpressoIDE_11.3.0_5222\workspace\lpc_chip_11u6x\Debug\liblpc_chip_11u6x.a(syscon_11u6x.o)
                0x00001070                Chip_SYSCTL_PowerDown
 .text.Chip_SYSCTL_PowerUp
                0x000010b4       0x44 C:\Users\TeddyP\Documents\MCUXpressoIDE_11.3.0_5222\workspace\lpc_chip_11u6x\Debug\liblpc_chip_11u6x.a(syscon_11u6x.o)
                0x000010b4                Chip_SYSCTL_PowerUp
 .text.Chip_Clock_SetupSystemPLL
                0x000010f8       0x38 C:\Users\TeddyP\Documents\MCUXpressoIDE_11.3.0_5222\workspace\lpc_chip_11u6x\Debug\liblpc_chip_11u6x.a(sysinit_11u6x.o)
 .text.Chip_Clock_IsSystemPLLLocked
                0x00001130       0x1c C:\Users\TeddyP\Documents\MCUXpressoIDE_11.3.0_5222\workspace\lpc_chip_11u6x\Debug\liblpc_chip_11u6x.a(sysinit_11u6x.o)
 .text.Chip_Clock_SetSysClockDiv
                0x0000114c       0x1c C:\Users\TeddyP\Documents\MCUXpressoIDE_11.3.0_5222\workspace\lpc_chip_11u6x\Debug\liblpc_chip_11u6x.a(sysinit_11u6x.o)
 .text.Chip_FMC_SetFLASHAccess
                0x00001168       0x30 C:\Users\TeddyP\Documents\MCUXpressoIDE_11.3.0_5222\workspace\lpc_chip_11u6x\Debug\liblpc_chip_11u6x.a(sysinit_11u6x.o)
 .text.Chip_SetupXtalClocking
                0x00001198       0x6c C:\Users\TeddyP\Documents\MCUXpressoIDE_11.3.0_5222\workspace\lpc_chip_11u6x\Debug\liblpc_chip_11u6x.a(sysinit_11u6x.o)
                0x00001198                Chip_SetupXtalClocking
 .text.Chip_Clock_EnablePeriphClock
                0x00001204       0x30 C:\Users\TeddyP\Documents\MCUXpressoIDE_11.3.0_5222\workspace\lpc_chip_11u6x\Debug\liblpc_chip_11u6x.a(uart_0_11u6x.o)
 .text.Chip_Clock_SetUSART0ClockDiv
                0x00001234       0x1c C:\Users\TeddyP\Documents\MCUXpressoIDE_11.3.0_5222\workspace\lpc_chip_11u6x\Debug\liblpc_chip_11u6x.a(uart_0_11u6x.o)
 .text.Chip_UART0_SendByte
                0x00001250       0x1e C:\Users\TeddyP\Documents\MCUXpressoIDE_11.3.0_5222\workspace\lpc_chip_11u6x\Debug\liblpc_chip_11u6x.a(uart_0_11u6x.o)
 .text.Chip_UART0_SetupFIFOS
                0x0000126e       0x18 C:\Users\TeddyP\Documents\MCUXpressoIDE_11.3.0_5222\workspace\lpc_chip_11u6x\Debug\liblpc_chip_11u6x.a(uart_0_11u6x.o)
 .text.Chip_UART0_EnableDivisorAccess
                0x00001286       0x1c C:\Users\TeddyP\Documents\MCUXpressoIDE_11.3.0_5222\workspace\lpc_chip_11u6x\Debug\liblpc_chip_11u6x.a(uart_0_11u6x.o)
 .text.Chip_UART0_DisableDivisorAccess
                0x000012a2       0x1e C:\Users\TeddyP\Documents\MCUXpressoIDE_11.3.0_5222\workspace\lpc_chip_11u6x\Debug\liblpc_chip_11u6x.a(uart_0_11u6x.o)
 .text.Chip_UART0_SetDivisorLatches
                0x000012c0       0x30 C:\Users\TeddyP\Documents\MCUXpressoIDE_11.3.0_5222\workspace\lpc_chip_11u6x\Debug\liblpc_chip_11u6x.a(uart_0_11u6x.o)
 .text.Chip_UART0_ReadLineStatus
                0x000012f0       0x14 C:\Users\TeddyP\Documents\MCUXpressoIDE_11.3.0_5222\workspace\lpc_chip_11u6x\Debug\liblpc_chip_11u6x.a(uart_0_11u6x.o)
 .text.Chip_UART0_Init
                0x00001304       0x2c C:\Users\TeddyP\Documents\MCUXpressoIDE_11.3.0_5222\workspace\lpc_chip_11u6x\Debug\liblpc_chip_11u6x.a(uart_0_11u6x.o)
                0x00001304                Chip_UART0_Init
 .text.Chip_UART0_Send
                0x00001330       0x52 C:\Users\TeddyP\Documents\MCUXpressoIDE_11.3.0_5222\workspace\lpc_chip_11u6x\Debug\liblpc_chip_11u6x.a(uart_0_11u6x.o)
                0x00001330                Chip_UART0_Send
 .text.Chip_UART0_SendBlocking
                0x00001382       0x4e C:\Users\TeddyP\Documents\MCUXpressoIDE_11.3.0_5222\workspace\lpc_chip_11u6x\Debug\liblpc_chip_11u6x.a(uart_0_11u6x.o)
                0x00001382                Chip_UART0_SendBlocking
 .text.Chip_UART0_SetBaud
                0x000013d0       0x6e C:\Users\TeddyP\Documents\MCUXpressoIDE_11.3.0_5222\workspace\lpc_chip_11u6x\Debug\liblpc_chip_11u6x.a(uart_0_11u6x.o)
                0x000013d0                Chip_UART0_SetBaud
 .text.__main   0x0000143e        0xc c:/nxp/mcuxpressoide_11.3.0_5222/ide/plugins/com.nxp.mcuxpresso.tools.win32_11.3.0.202008311133/tools/bin/../lib/gcc/arm-none-eabi/9.3.1/../../../../arm-none-eabi/lib/thumb/v6-m/nofp\libcr_nohost.a(_cr__main.o)
                0x0000143e                __main
 .text.fp_round
                0x0000144a       0x4a c:/nxp/mcuxpressoide_11.3.0_5222/ide/plugins/com.nxp.mcuxpresso.tools.win32_11.3.0.202008311133/tools/bin/../lib/gcc/arm-none-eabi/9.3.1/../../../../arm-none-eabi/lib/thumb/v6-m/nofp\libcr_c.a(fpprintf.o)
 .text.pr_dec.constprop.0
                0x00001494       0x30 c:/nxp/mcuxpressoide_11.3.0_5222/ide/plugins/com.nxp.mcuxpresso.tools.win32_11.3.0.202008311133/tools/bin/../lib/gcc/arm-none-eabi/9.3.1/../../../../arm-none-eabi/lib/thumb/v6-m/nofp\libcr_c.a(fpprintf.o)
 .text.sprintf  0x000014c4       0x6c c:/nxp/mcuxpressoide_11.3.0_5222/ide/plugins/com.nxp.mcuxpresso.tools.win32_11.3.0.202008311133/tools/bin/../lib/gcc/arm-none-eabi/9.3.1/../../../../arm-none-eabi/lib/thumb/v6-m/nofp\libcr_c.a(fpprintf.o)
                0x000014c4                sprintf
 .text.fp_display
                0x00001530      0x97c c:/nxp/mcuxpressoide_11.3.0_5222/ide/plugins/com.nxp.mcuxpresso.tools.win32_11.3.0.202008311133/tools/bin/../lib/gcc/arm-none-eabi/9.3.1/../../../../arm-none-eabi/lib/thumb/v6-m/nofp\libcr_c.a(fpprintf.o)
 .text.vsnprintf
                0x00001eac       0x70 c:/nxp/mcuxpressoide_11.3.0_5222/ide/plugins/com.nxp.mcuxpresso.tools.win32_11.3.0.202008311133/tools/bin/../lib/gcc/arm-none-eabi/9.3.1/../../../../arm-none-eabi/lib/thumb/v6-m/nofp\libcr_c.a(fpprintf.o)
                0x00001eac                vsnprintf
 .text.printf   0x00001f1c       0x50 c:/nxp/mcuxpressoide_11.3.0_5222/ide/plugins/com.nxp.mcuxpresso.tools.win32_11.3.0.202008311133/tools/bin/../lib/gcc/arm-none-eabi/9.3.1/../../../../arm-none-eabi/lib/thumb/v6-m/nofp\libcr_c.a(fpprintf.o)
                0x00001f1c                printf
 .text._initio  0x00001f6c       0x7c c:/nxp/mcuxpressoide_11.3.0_5222/ide/plugins/com.nxp.mcuxpresso.tools.win32_11.3.0.202008311133/tools/bin/../lib/gcc/arm-none-eabi/9.3.1/../../../../arm-none-eabi/lib/thumb/v6-m/nofp\libcr_c.a(initio.o)
                0x00001f6c                _initio
 .text.__vfprintf
                0x00001fe8      0xd40 c:/nxp/mcuxpressoide_11.3.0_5222/ide/plugins/com.nxp.mcuxpresso.tools.win32_11.3.0.202008311133/tools/bin/../lib/gcc/arm-none-eabi/9.3.1/../../../../arm-none-eabi/lib/thumb/v6-m/nofp\libcr_c.a(printf.o)
                0x00001fe8                __vfprintf
 .text.setvbuf  0x00002d28       0x4c c:/nxp/mcuxpressoide_11.3.0_5222/ide/plugins/com.nxp.mcuxpresso.tools.win32_11.3.0.202008311133/tools/bin/../lib/gcc/arm-none-eabi/9.3.1/../../../../arm-none-eabi/lib/thumb/v6-m/nofp\libcr_c.a(setvbuf.o)
                0x00002d28                setvbuf
 .text.strlen   0x00002d74       0x58 c:/nxp/mcuxpressoide_11.3.0_5222/ide/plugins/com.nxp.mcuxpresso.tools.win32_11.3.0.202008311133/tools/bin/../lib/gcc/arm-none-eabi/9.3.1/../../../../arm-none-eabi/lib/thumb/v6-m/nofp\libcr_c.a(strlen.o)
                0x00002d74                strlen
 .text.memset   0x00002dcc        0x8 c:/nxp/mcuxpressoide_11.3.0_5222/ide/plugins/com.nxp.mcuxpresso.tools.win32_11.3.0.202008311133/tools/bin/../lib/gcc/arm-none-eabi/9.3.1/../../../../arm-none-eabi/lib/thumb/v6-m/nofp\libcr_c.a(memset.o)
                0x00002dcc                memset
 .text._deferredlazyseek
                0x00002dd4       0x40 c:/nxp/mcuxpressoide_11.3.0_5222/ide/plugins/com.nxp.mcuxpresso.tools.win32_11.3.0.202008311133/tools/bin/../lib/gcc/arm-none-eabi/9.3.1/../../../../arm-none-eabi/lib/thumb/v6-m/nofp\libcr_c.a(_deferredlazyseek.o)
                0x00002dd4                _deferredlazyseek
 .text.__flsbuf
                0x00002e14      0x150 c:/nxp/mcuxpressoide_11.3.0_5222/ide/plugins/com.nxp.mcuxpresso.tools.win32_11.3.0.202008311133/tools/bin/../lib/gcc/arm-none-eabi/9.3.1/../../../../arm-none-eabi/lib/thumb/v6-m/nofp\libcr_c.a(_deferredlazyseek.o)
                0x00002e14                __flsbuf
 .text._fdopen  0x00002f64       0x74 c:/nxp/mcuxpressoide_11.3.0_5222/ide/plugins/com.nxp.mcuxpresso.tools.win32_11.3.0.202008311133/tools/bin/../lib/gcc/arm-none-eabi/9.3.1/../../../../arm-none-eabi/lib/thumb/v6-m/nofp\libcr_c.a(_fdopen.o)
                0x00002f64                _fdopen
 .text._fflush  0x00002fd8       0x60 c:/nxp/mcuxpressoide_11.3.0_5222/ide/plugins/com.nxp.mcuxpresso.tools.win32_11.3.0.202008311133/tools/bin/../lib/gcc/arm-none-eabi/9.3.1/../../../../arm-none-eabi/lib/thumb/v6-m/nofp\libcr_c.a(_fflush.o)
                0x00002fd8                _fflush
 .text._frexpl  0x00003038       0x80 c:/nxp/mcuxpressoide_11.3.0_5222/ide/plugins/com.nxp.mcuxpresso.tools.win32_11.3.0.202008311133/tools/bin/../lib/gcc/arm-none-eabi/9.3.1/../../../../arm-none-eabi/lib/thumb/v6-m/nofp\libcr_c.a(_frexpl.o)
                0x00003038                _frexpl
 .text._ldexpl  0x000030b8       0x58 c:/nxp/mcuxpressoide_11.3.0_5222/ide/plugins/com.nxp.mcuxpresso.tools.win32_11.3.0.202008311133/tools/bin/../lib/gcc/arm-none-eabi/9.3.1/../../../../arm-none-eabi/lib/thumb/v6-m/nofp\libcr_c.a(_ldexpl.o)
                0x000030b8                _ldexpl
 .text._Cwritebuf
                0x00003110       0x68 c:/nxp/mcuxpressoide_11.3.0_5222/ide/plugins/com.nxp.mcuxpresso.tools.win32_11.3.0.202008311133/tools/bin/../lib/gcc/arm-none-eabi/9.3.1/../../../../arm-none-eabi/lib/thumb/v6-m/nofp\libcr_c.a(_writebuf.o)
                0x00003110                _Cwritebuf
 .text.malloc   0x00003178       0xd0 c:/nxp/mcuxpressoide_11.3.0_5222/ide/plugins/com.nxp.mcuxpresso.tools.win32_11.3.0.202008311133/tools/bin/../lib/gcc/arm-none-eabi/9.3.1/../../../../arm-none-eabi/lib/thumb/v6-m/nofp\libcr_c.a(alloc.o)
                0x00003178                malloc
 .text.free     0x00003248       0x2c c:/nxp/mcuxpressoide_11.3.0_5222/ide/plugins/com.nxp.mcuxpresso.tools.win32_11.3.0.202008311133/tools/bin/../lib/gcc/arm-none-eabi/9.3.1/../../../../arm-none-eabi/lib/thumb/v6-m/nofp\libcr_c.a(alloc.o)
                0x00003248                free
 .text._Csys_alloc
                0x00003274       0x20 c:/nxp/mcuxpressoide_11.3.0_5222/ide/plugins/com.nxp.mcuxpresso.tools.win32_11.3.0.202008311133/tools/bin/../lib/gcc/arm-none-eabi/9.3.1/../../../../arm-none-eabi/lib/thumb/v6-m/nofp\libcr_c.a(alloc.o)
                0x00003274                _Csys_alloc
 .text.fclose   0x00003294       0x5c c:/nxp/mcuxpressoide_11.3.0_5222/ide/plugins/com.nxp.mcuxpresso.tools.win32_11.3.0.202008311133/tools/bin/../lib/gcc/arm-none-eabi/9.3.1/../../../../arm-none-eabi/lib/thumb/v6-m/nofp\libcr_c.a(fclose.o)
                0x00003294                fclose
 .text.fflush   0x000032f0       0x44 c:/nxp/mcuxpressoide_11.3.0_5222/ide/plugins/com.nxp.mcuxpresso.tools.win32_11.3.0.202008311133/tools/bin/../lib/gcc/arm-none-eabi/9.3.1/../../../../arm-none-eabi/lib/thumb/v6-m/nofp\libcr_c.a(fflush.o)
                0x000032f0                fflush
 .text.fseek    0x00003334       0xf4 c:/nxp/mcuxpressoide_11.3.0_5222/ide/plugins/com.nxp.mcuxpresso.tools.win32_11.3.0.202008311133/tools/bin/../lib/gcc/arm-none-eabi/9.3.1/../../../../arm-none-eabi/lib/thumb/v6-m/nofp\libcr_c.a(fseek.o)
                0x00003334                fseek
 .text.ftell    0x00003428       0x48 c:/nxp/mcuxpressoide_11.3.0_5222/ide/plugins/com.nxp.mcuxpresso.tools.win32_11.3.0.202008311133/tools/bin/../lib/gcc/arm-none-eabi/9.3.1/../../../../arm-none-eabi/lib/thumb/v6-m/nofp\libcr_c.a(ftell.o)
                0x00003428                ftell
 .text.remove   0x00003470       0x12 c:/nxp/mcuxpressoide_11.3.0_5222/ide/plugins/com.nxp.mcuxpresso.tools.win32_11.3.0.202008311133/tools/bin/../lib/gcc/arm-none-eabi/9.3.1/../../../../arm-none-eabi/lib/thumb/v6-m/nofp\libcr_c.a(remove.o)
                0x00003470                remove
 *fill*         0x00003482        0x2 ff
 .text._sbrk    0x00003484       0x44 c:/nxp/mcuxpressoide_11.3.0_5222/ide/plugins/com.nxp.mcuxpresso.tools.win32_11.3.0.202008311133/tools/bin/../lib/gcc/arm-none-eabi/9.3.1/../../../../arm-none-eabi/lib/thumb/v6-m/nofp\libcr_c.a(_cr_sbrk.o)
                0x00003484                _sbrk
 .text._do_fflush
                0x000034c8       0x48 c:/nxp/mcuxpressoide_11.3.0_5222/ide/plugins/com.nxp.mcuxpresso.tools.win32_11.3.0.202008311133/tools/bin/../lib/gcc/arm-none-eabi/9.3.1/../../../../arm-none-eabi/lib/thumb/v6-m/nofp\libcr_c.a(_do_fflush.o)
                0x000034c8                _do_fflush
 .text.__check_heap_overflow
                0x00003510       0x14 c:/nxp/mcuxpressoide_11.3.0_5222/ide/plugins/com.nxp.mcuxpresso.tools.win32_11.3.0.202008311133/tools/bin/../lib/gcc/arm-none-eabi/9.3.1/../../../../arm-none-eabi/lib/thumb/v6-m/nofp\libcr_c.a(_cr_check_heap.o)
                0x00003510                __check_heap_overflow
 .text.__aeabi_dmul
                0x00003524      0x184 c:/nxp/mcuxpressoide_11.3.0_5222/ide/plugins/com.nxp.mcuxpresso.tools.win32_11.3.0.202008311133/tools/bin/../lib/gcc/arm-none-eabi/9.3.1/thumb/v6-m/nofp\libcr_eabihelpers.a(double.o)
                0x00003524                __aeabi_dmul
 .text.__aeabi_ddiv
                0x000036a8      0x150 c:/nxp/mcuxpressoide_11.3.0_5222/ide/plugins/com.nxp.mcuxpresso.tools.win32_11.3.0.202008311133/tools/bin/../lib/gcc/arm-none-eabi/9.3.1/thumb/v6-m/nofp\libcr_eabihelpers.a(double.o)
                0x000036a8                __aeabi_ddiv
 .text.__aeabi_dsub
                0x000037f8      0x1e4 c:/nxp/mcuxpressoide_11.3.0_5222/ide/plugins/com.nxp.mcuxpresso.tools.win32_11.3.0.202008311133/tools/bin/../lib/gcc/arm-none-eabi/9.3.1/thumb/v6-m/nofp\libcr_eabihelpers.a(double.o)
                0x000037f8                __aeabi_dsub
 .text.__aeabi_dadd
                0x000039dc      0x134 c:/nxp/mcuxpressoide_11.3.0_5222/ide/plugins/com.nxp.mcuxpresso.tools.win32_11.3.0.202008311133/tools/bin/../lib/gcc/arm-none-eabi/9.3.1/thumb/v6-m/nofp\libcr_eabihelpers.a(double.o)
                0x000039dc                __aeabi_dadd
 .text.__aeabi_d2iz
                0x00003b10       0x50 c:/nxp/mcuxpressoide_11.3.0_5222/ide/plugins/com.nxp.mcuxpresso.tools.win32_11.3.0.202008311133/tools/bin/../lib/gcc/arm-none-eabi/9.3.1/thumb/v6-m/nofp\libcr_eabihelpers.a(double.o)
                0x00003b10                __aeabi_d2iz
 .text.__bhs_ui2d
                0x00003b60       0x5e c:/nxp/mcuxpressoide_11.3.0_5222/ide/plugins/com.nxp.mcuxpresso.tools.win32_11.3.0.202008311133/tools/bin/../lib/gcc/arm-none-eabi/9.3.1/thumb/v6-m/nofp\libcr_eabihelpers.a(double.o)
                0x00003b60                __bhs_ui2d
 .text.__aeabi_i2d
                0x00003bbe       0x18 c:/nxp/mcuxpressoide_11.3.0_5222/ide/plugins/com.nxp.mcuxpresso.tools.win32_11.3.0.202008311133/tools/bin/../lib/gcc/arm-none-eabi/9.3.1/thumb/v6-m/nofp\libcr_eabihelpers.a(double.o)
                0x00003bbe                __aeabi_i2d
 *fill*         0x00003bd6        0x2 ff
 .text.__aeabi_dcmpeq
                0x00003bd8       0x30 c:/nxp/mcuxpressoide_11.3.0_5222/ide/plugins/com.nxp.mcuxpresso.tools.win32_11.3.0.202008311133/tools/bin/../lib/gcc/arm-none-eabi/9.3.1/thumb/v6-m/nofp\libcr_eabihelpers.a(double.o)
                0x00003bd8                __aeabi_dcmpeq
 .text.__aeabi_dcmplt
                0x00003c08       0x60 c:/nxp/mcuxpressoide_11.3.0_5222/ide/plugins/com.nxp.mcuxpresso.tools.win32_11.3.0.202008311133/tools/bin/../lib/gcc/arm-none-eabi/9.3.1/thumb/v6-m/nofp\libcr_eabihelpers.a(double.o)
                0x00003c08                __aeabi_dcmplt
 .text.__aeabi_dcmple
                0x00003c68       0x60 c:/nxp/mcuxpressoide_11.3.0_5222/ide/plugins/com.nxp.mcuxpresso.tools.win32_11.3.0.202008311133/tools/bin/../lib/gcc/arm-none-eabi/9.3.1/thumb/v6-m/nofp\libcr_eabihelpers.a(double.o)
                0x00003c68                __aeabi_dcmple
 .text.__aeabi_dcmpge
                0x00003cc8       0x64 c:/nxp/mcuxpressoide_11.3.0_5222/ide/plugins/com.nxp.mcuxpresso.tools.win32_11.3.0.202008311133/tools/bin/../lib/gcc/arm-none-eabi/9.3.1/thumb/v6-m/nofp\libcr_eabihelpers.a(double.o)
                0x00003cc8                __aeabi_dcmpge
 .text.__aeabi_llong_lmul
                0x00003d2c       0x2e c:/nxp/mcuxpressoide_11.3.0_5222/ide/plugins/com.nxp.mcuxpresso.tools.win32_11.3.0.202008311133/tools/bin/../lib/gcc/arm-none-eabi/9.3.1/thumb/v6-m/nofp\libcr_eabihelpers.a(llong.o)
                0x00003d2c                __aeabi_lmul
 .text.__aeabi_memset_lowlevel
                0x00003d5a       0x2a c:/nxp/mcuxpressoide_11.3.0_5222/ide/plugins/com.nxp.mcuxpresso.tools.win32_11.3.0.202008311133/tools/bin/../lib/gcc/arm-none-eabi/9.3.1/thumb/v6-m/nofp\libcr_eabihelpers.a(memcpy.o)
                0x00003d5a                __aeabi_lowlevel_memset
 .text.__gnu_thumb1_case_shi
                0x00003d84       0x10 c:/nxp/mcuxpressoide_11.3.0_5222/ide/plugins/com.nxp.mcuxpresso.tools.win32_11.3.0.202008311133/tools/bin/../lib/gcc/arm-none-eabi/9.3.1/thumb/v6-m/nofp\libcr_eabihelpers.a(thumb1_switch_helpers.o)
                0x00003d84                __gnu_thumb1_case_shi
 .text.__sys_appexit
                0x00003d94        0x2 c:/nxp/mcuxpressoide_11.3.0_5222/ide/plugins/com.nxp.mcuxpresso.tools.win32_11.3.0.202008311133/tools/bin/../lib/gcc/arm-none-eabi/9.3.1/../../../../arm-none-eabi/lib/thumb/v6-m/nofp\libcr_nohost.a(__sys_appexit.o)
                0x00003d94                __sys_appexit
                0x00003d94                __exit
 .text.__sys_close
                0x00003d96        0x6 c:/nxp/mcuxpressoide_11.3.0_5222/ide/plugins/com.nxp.mcuxpresso.tools.win32_11.3.0.202008311133/tools/bin/../lib/gcc/arm-none-eabi/9.3.1/../../../../arm-none-eabi/lib/thumb/v6-m/nofp\libcr_nohost.a(__sys_close.o)
                0x00003d96                __sys_close
 .text.__sys_flen
                0x00003d9c        0x6 c:/nxp/mcuxpressoide_11.3.0_5222/ide/plugins/com.nxp.mcuxpresso.tools.win32_11.3.0.202008311133/tools/bin/../lib/gcc/arm-none-eabi/9.3.1/../../../../arm-none-eabi/lib/thumb/v6-m/nofp\libcr_nohost.a(__sys_flen.o)
                0x00003d9c                __sys_flen
 .text.__sys_istty
                0x00003da2        0x6 c:/nxp/mcuxpressoide_11.3.0_5222/ide/plugins/com.nxp.mcuxpresso.tools.win32_11.3.0.202008311133/tools/bin/../lib/gcc/arm-none-eabi/9.3.1/../../../../arm-none-eabi/lib/thumb/v6-m/nofp\libcr_nohost.a(__sys_istty.o)
                0x00003da2                __sys_istty
 .text.__sys_remove
                0x00003da8        0x6 c:/nxp/mcuxpressoide_11.3.0_5222/ide/plugins/com.nxp.mcuxpresso.tools.win32_11.3.0.202008311133/tools/bin/../lib/gcc/arm-none-eabi/9.3.1/../../../../arm-none-eabi/lib/thumb/v6-m/nofp\libcr_nohost.a(__sys_remove.o)
                0x00003da8                __sys_remove
 .text.__sys_seek
                0x00003dae        0x6 c:/nxp/mcuxpressoide_11.3.0_5222/ide/plugins/com.nxp.mcuxpresso.tools.win32_11.3.0.202008311133/tools/bin/../lib/gcc/arm-none-eabi/9.3.1/../../../../arm-none-eabi/lib/thumb/v6-m/nofp\libcr_nohost.a(__sys_seek.o)
                0x00003dae                __sys_seek
 .text.__sys_tmpnam
                0x00003db4        0x6 c:/nxp/mcuxpressoide_11.3.0_5222/ide/plugins/com.nxp.mcuxpresso.tools.win32_11.3.0.202008311133/tools/bin/../lib/gcc/arm-none-eabi/9.3.1/../../../../arm-none-eabi/lib/thumb/v6-m/nofp\libcr_nohost.a(__sys_tmpnam.o)
                0x00003db4                __sys_tmpnam
 *(.rodata .rodata.* .constdata .constdata.*)
 *fill*         0x00003dba        0x2 ff
 .rodata.main.str1.4
                0x00003dbc       0xc6 ./example/src/adc.o
                                 0xcb (size before relaxing)
 *fill*         0x00003e82        0x2 ff
 .rodata.OscRateIn
                0x00003e84        0x4 C:\Users\TeddyP\Documents\MCUXpressoIDE_11.3.0_5222\workspace\lpc_board_nxp_lpcxpresso_11u68\Debug\liblpc_board_nxp_lpcxpresso_11u68.a(board.o)
                0x00003e84                OscRateIn
 .rodata.RTCOscRateIn
                0x00003e88        0x4 C:\Users\TeddyP\Documents\MCUXpressoIDE_11.3.0_5222\workspace\lpc_board_nxp_lpcxpresso_11u68\Debug\liblpc_board_nxp_lpcxpresso_11u68.a(board.o)
                0x00003e88                RTCOscRateIn
 .rodata.ledports
                0x00003e8c        0x3 C:\Users\TeddyP\Documents\MCUXpressoIDE_11.3.0_5222\workspace\lpc_board_nxp_lpcxpresso_11u68\Debug\liblpc_board_nxp_lpcxpresso_11u68.a(board.o)
 *fill*         0x00003e8f        0x1 ff
 .rodata.ledpins
                0x00003e90        0x3 C:\Users\TeddyP\Documents\MCUXpressoIDE_11.3.0_5222\workspace\lpc_board_nxp_lpcxpresso_11u68\Debug\liblpc_board_nxp_lpcxpresso_11u68.a(board.o)
 *fill*         0x00003e93        0x1 ff
 .rodata.pinmuxing
                0x00003e94       0x64 C:\Users\TeddyP\Documents\MCUXpressoIDE_11.3.0_5222\workspace\lpc_board_nxp_lpcxpresso_11u68\Debug\liblpc_board_nxp_lpcxpresso_11u68.a(board_sysinit.o)
 .rodata.wdtOSCRate
                0x00003ef8       0x40 C:\Users\TeddyP\Documents\MCUXpressoIDE_11.3.0_5222\workspace\lpc_chip_11u6x\Debug\liblpc_chip_11u6x.a(clock_11u6x.o)
 .rodata.fp_display.str1.1
                0x00003f38       0x34 c:/nxp/mcuxpressoide_11.3.0_5222/ide/plugins/com.nxp.mcuxpresso.tools.win32_11.3.0.202008311133/tools/bin/../lib/gcc/arm-none-eabi/9.3.1/../../../../arm-none-eabi/lib/thumb/v6-m/nofp\libcr_c.a(fpprintf.o)
                                 0x35 (size before relaxing)
 .rodata._initio.str1.1
                0x00003f6c        0x4 c:/nxp/mcuxpressoide_11.3.0_5222/ide/plugins/com.nxp.mcuxpresso.tools.win32_11.3.0.202008311133/tools/bin/../lib/gcc/arm-none-eabi/9.3.1/../../../../arm-none-eabi/lib/thumb/v6-m/nofp\libcr_c.a(initio.o)
 .rodata.__vfprintf.str1.1
                0x00003f70       0x31 c:/nxp/mcuxpressoide_11.3.0_5222/ide/plugins/com.nxp.mcuxpresso.tools.win32_11.3.0.202008311133/tools/bin/../lib/gcc/arm-none-eabi/9.3.1/../../../../arm-none-eabi/lib/thumb/v6-m/nofp\libcr_c.a(printf.o)
                                 0x38 (size before relaxing)
 .rodata._Csys_alloc.str1.1
                0x00003fa1       0x18 c:/nxp/mcuxpressoide_11.3.0_5222/ide/plugins/com.nxp.mcuxpresso.tools.win32_11.3.0.202008311133/tools/bin/../lib/gcc/arm-none-eabi/9.3.1/../../../../arm-none-eabi/lib/thumb/v6-m/nofp\libcr_c.a(alloc.o)
 *fill*         0x00003fb9        0x3 ff
 .rodata.__num_Ciob_streams
                0x00003fbc        0x4 c:/nxp/mcuxpressoide_11.3.0_5222/ide/plugins/com.nxp.mcuxpresso.tools.win32_11.3.0.202008311133/tools/bin/../lib/gcc/arm-none-eabi/9.3.1/../../../../arm-none-eabi/lib/thumb/v6-m/nofp\libcr_nohost.a(__ciob.o)
                0x00003fbc                __num_Ciob_streams
                0x00003fc0                . = ALIGN (0x4)

.glue_7         0x00003fc0        0x0
 .glue_7        0x00003fc0        0x0 linker stubs

.glue_7t        0x00003fc0        0x0
 .glue_7t       0x00003fc0        0x0 linker stubs

.vfp11_veneer   0x00003fc0        0x0
 .vfp11_veneer  0x00003fc0        0x0 linker stubs

.v4_bx          0x00003fc0        0x0
 .v4_bx         0x00003fc0        0x0 linker stubs

.iplt           0x00003fc0        0x0
 .iplt          0x00003fc0        0x0 ./example/src/adc.o

.rel.dyn        0x00003fc0        0x0
 .rel.iplt      0x00003fc0        0x0 ./example/src/adc.o

.ARM.extab
 *(.ARM.extab* .gnu.linkonce.armextab.*)

.ARM.exidx      0x00003fc0        0x0
                0x00003fc0                __exidx_start = .
 *(.ARM.exidx* .gnu.linkonce.armexidx.*)
                0x00003fc0                __exidx_end = .
                0x00003fc0                _etext = .

.mtb_buffer_RAM2
 *(.mtb.$RAM2*)
 *(.mtb.$Ram1_2*)

.data_RAM2      0x20000000        0x0 load address 0x00003fc0
 FILL mask 0xff
                [!provide]                PROVIDE (__start_data_RAM2 = .)
                [!provide]                PROVIDE (__start_data_Ram1_2 = .)
 *(.ramfunc.$RAM2)
 *(.ramfunc.$Ram1_2)
 *(.data.$RAM2)
 *(.data.$Ram1_2)
 *(.data.$RAM2.*)
 *(.data.$Ram1_2.*)
                0x20000000                . = ALIGN (0x4)
                [!provide]                PROVIDE (__end_data_RAM2 = .)
                [!provide]                PROVIDE (__end_data_Ram1_2 = .)

.mtb_buffer_RAM3
 *(.mtb.$RAM3*)
 *(.mtb.$Ram2USB_2*)

.data_RAM3      0x20004000        0x0 load address 0x00003fc0
 FILL mask 0xff
                [!provide]                PROVIDE (__start_data_RAM3 = .)
                [!provide]                PROVIDE (__start_data_Ram2USB_2 = .)
 *(.ramfunc.$RAM3)
 *(.ramfunc.$Ram2USB_2)
 *(.data.$RAM3)
 *(.data.$Ram2USB_2)
 *(.data.$RAM3.*)
 *(.data.$Ram2USB_2.*)
                0x20004000                . = ALIGN (0x4)
                [!provide]                PROVIDE (__end_data_RAM3 = .)
                [!provide]                PROVIDE (__end_data_Ram2USB_2 = .)

.mtb_buffer_default
                0x10000000      0x100
 *(.mtb*)
 .mtb.$RAM1     0x10000000      0x100 ./example/src/mtb.o
                0x10000000                __mtb_buffer__

.uninit_RESERVED
                0x10000100        0x0
                0x10000100                _start_uninit_RESERVED = .
 *(.bss.$RESERVED*)
                0x10000100                . = ALIGN (0x4)
                0x10000100                _end_uninit_RESERVED = .

.data           0x10000100        0x0 load address 0x00003fc0
 FILL mask 0xff
                0x10000100                _data = .
                [!provide]                PROVIDE (__start_data_RAM = .)
                [!provide]                PROVIDE (__start_data_Ram0_32 = .)
 *(vtable)
 *(.ramfunc*)
 *(CodeQuickAccess)
 *(DataQuickAccess)
 *(RamFunction)
 *(.data*)
                0x10000100                . = ALIGN (0x4)
                0x10000100                _edata = .
                [!provide]                PROVIDE (__end_data_RAM = .)
                [!provide]                PROVIDE (__end_data_Ram0_32 = .)

.igot.plt       0x10000100        0x0 load address 0x00003fc0
 .igot.plt      0x10000100        0x0 ./example/src/adc.o

.bss_RAM2       0x20000000        0x0
                [!provide]                PROVIDE (__start_bss_RAM2 = .)
                [!provide]                PROVIDE (__start_bss_Ram1_2 = .)
 *(.bss.$RAM2)
 *(.bss.$Ram1_2)
 *(.bss.$RAM2.*)
 *(.bss.$Ram1_2.*)
                0x20000000                . = ALIGN ((. != 0x0)?0x4:0x1)
                [!provide]                PROVIDE (__end_bss_RAM2 = .)
                [!provide]                PROVIDE (__end_bss_Ram1_2 = .)

.bss_RAM3       0x20004000        0x0
                [!provide]                PROVIDE (__start_bss_RAM3 = .)
                [!provide]                PROVIDE (__start_bss_Ram2USB_2 = .)
 *(.bss.$RAM3)
 *(.bss.$Ram2USB_2)
 *(.bss.$RAM3.*)
 *(.bss.$Ram2USB_2.*)
                0x20004000                . = ALIGN ((. != 0x0)?0x4:0x1)
                [!provide]                PROVIDE (__end_bss_RAM3 = .)
                [!provide]                PROVIDE (__end_bss_Ram2USB_2 = .)

.bss            0x10000100      0x200
                0x10000100                _bss = .
                [!provide]                PROVIDE (__start_bss_RAM = .)
                [!provide]                PROVIDE (__start_bss_Ram0_32 = .)
 *(.bss*)
 .bss.sequenceComplete
                0x10000100        0x1 ./example/src/adc.o
 .bss.thresholdCrossed
                0x10000101        0x1 ./example/src/adc.o
 *fill*         0x10000102        0x2 
 .bss.count.7045
                0x10000104        0x4 ./example/src/adc.o
 .bss.errno     0x10000108        0x4 c:/nxp/mcuxpressoide_11.3.0_5222/ide/plugins/com.nxp.mcuxpresso.tools.win32_11.3.0.202008311133/tools/bin/../lib/gcc/arm-none-eabi/9.3.1/../../../../arm-none-eabi/lib/thumb/v6-m/nofp\libcr_c.a(errno.o)
                0x10000108                errno
 .bss.__end_of_heap
                0x1000010c        0x4 c:/nxp/mcuxpressoide_11.3.0_5222/ide/plugins/com.nxp.mcuxpresso.tools.win32_11.3.0.202008311133/tools/bin/../lib/gcc/arm-none-eabi/9.3.1/../../../../arm-none-eabi/lib/thumb/v6-m/nofp\libcr_c.a(__init_alloc.o)
                0x1000010c                __end_of_heap
 .bss.__heaps   0x10000110        0x4 c:/nxp/mcuxpressoide_11.3.0_5222/ide/plugins/com.nxp.mcuxpresso.tools.win32_11.3.0.202008311133/tools/bin/../lib/gcc/arm-none-eabi/9.3.1/../../../../arm-none-eabi/lib/thumb/v6-m/nofp\libcr_c.a(__init_alloc.o)
                0x10000110                __heaps
 .bss.__Ciob    0x10000114      0x1e0 c:/nxp/mcuxpressoide_11.3.0_5222/ide/plugins/com.nxp.mcuxpresso.tools.win32_11.3.0.202008311133/tools/bin/../lib/gcc/arm-none-eabi/9.3.1/../../../../arm-none-eabi/lib/thumb/v6-m/nofp\libcr_nohost.a(__ciob.o)
                0x10000114                __Ciob
 *(COMMON)
 COMMON         0x100002f4        0x8 ./example/src/cr_startup_lpc11u6x.o
                0x100002f4                pDivRom_uidiv
                0x100002f8                pDivRom_idiv
 COMMON         0x100002fc        0x4 C:\Users\TeddyP\Documents\MCUXpressoIDE_11.3.0_5222\workspace\lpc_chip_11u6x\Debug\liblpc_chip_11u6x.a(chip_11u6x.o)
                0x100002fc                SystemCoreClock
                0x10000300                . = ALIGN (0x4)
                0x10000300                _ebss = .
                [!provide]                PROVIDE (__end_bss_RAM = .)
                [!provide]                PROVIDE (__end_bss_Ram0_32 = .)
                [!provide]                PROVIDE (end = .)

.noinit_RAM2    0x20000000        0x0
                [!provide]                PROVIDE (__start_noinit_RAM2 = .)
                [!provide]                PROVIDE (__start_noinit_Ram1_2 = .)
 *(.noinit.$RAM2)
 *(.noinit.$Ram1_2)
 *(.noinit.$RAM2.*)
 *(.noinit.$Ram1_2.*)
                0x20000000                . = ALIGN (0x4)
                [!provide]                PROVIDE (__end_noinit_RAM2 = .)
                [!provide]                PROVIDE (__end_noinit_Ram1_2 = .)

.noinit_RAM3    0x20004000        0x0
                [!provide]                PROVIDE (__start_noinit_RAM3 = .)
                [!provide]                PROVIDE (__start_noinit_Ram2USB_2 = .)
 *(.noinit.$RAM3)
 *(.noinit.$Ram2USB_2)
 *(.noinit.$RAM3.*)
 *(.noinit.$Ram2USB_2.*)
                0x20004000                . = ALIGN (0x4)
                [!provide]                PROVIDE (__end_noinit_RAM3 = .)
                [!provide]                PROVIDE (__end_noinit_Ram2USB_2 = .)

.noinit         0x10000300        0x0
                0x10000300                _noinit = .
                [!provide]                PROVIDE (__start_noinit_RAM = .)
                [!provide]                PROVIDE (__start_noinit_Ram0_32 = .)
 *(.noinit*)
                0x10000300                . = ALIGN (0x4)
                0x10000300                _end_noinit = .
                [!provide]                PROVIDE (__end_noinit_RAM = .)
                [!provide]                PROVIDE (__end_noinit_Ram0_32 = .)
                0x10000300                PROVIDE (_pvHeapStart = DEFINED (__user_heap_base)?__user_heap_base:.)
                0x10008000                PROVIDE (_vStackTop = DEFINED (__user_stack_top)?__user_stack_top:(__top_Ram0_32 - 0x0))
                [!provide]                PROVIDE (__valid_user_code_checksum = (0x0 - (((_vStackTop + (ResetISR + 0x1)) + (DEFINED (NMI_Handler)?NMI_Handler:M0_NMI_Handler + 0x1)) + (DEFINED (HardFault_Handler)?HardFault_Handler:M0_HardFault_Handler + 0x1))))
                0x00000000                _image_start = LOADADDR (.text)
                0x00003fc0                _image_end = (LOADADDR (.data) + SIZEOF (.data))
                0x00003fc0                _image_size = (_image_end - _image_start)
OUTPUT(periph_adc.axf elf32-littlearm)
LOAD linker stubs

.debug_info     0x00000000     0x773d
 .debug_info    0x00000000      0xbce ./example/src/adc.o
 .debug_info    0x00000bce       0x22 ./example/src/aeabi_romdiv_patch.o
 .debug_info    0x00000bf0      0x273 ./example/src/cr_startup_lpc11u6x.o
 .debug_info    0x00000e63       0x40 ./example/src/crp.o
 .debug_info    0x00000ea3       0x54 ./example/src/mtb.o
 .debug_info    0x00000ef7      0x26d ./example/src/sysinit.o
 .debug_info    0x00001164      0xada C:\Users\TeddyP\Documents\MCUXpressoIDE_11.3.0_5222\workspace\lpc_board_nxp_lpcxpresso_11u68\Debug\liblpc_board_nxp_lpcxpresso_11u68.a(board.o)
 .debug_info    0x00001c3e      0xa73 C:\Users\TeddyP\Documents\MCUXpressoIDE_11.3.0_5222\workspace\lpc_board_nxp_lpcxpresso_11u68\Debug\liblpc_board_nxp_lpcxpresso_11u68.a(board_sysinit.o)
 .debug_info    0x000026b1      0xc98 C:\Users\TeddyP\Documents\MCUXpressoIDE_11.3.0_5222\workspace\lpc_chip_11u6x\Debug\liblpc_chip_11u6x.a(adc_11u6x.o)
 .debug_info    0x00003349      0x8d8 C:\Users\TeddyP\Documents\MCUXpressoIDE_11.3.0_5222\workspace\lpc_chip_11u6x\Debug\liblpc_chip_11u6x.a(chip_11u6x.o)
 .debug_info    0x00003c21      0xdf3 C:\Users\TeddyP\Documents\MCUXpressoIDE_11.3.0_5222\workspace\lpc_chip_11u6x\Debug\liblpc_chip_11u6x.a(clock_11u6x.o)
 .debug_info    0x00004a14      0xad6 C:\Users\TeddyP\Documents\MCUXpressoIDE_11.3.0_5222\workspace\lpc_chip_11u6x\Debug\liblpc_chip_11u6x.a(gpio_11u6x.o)
 .debug_info    0x000054ea      0x345 C:\Users\TeddyP\Documents\MCUXpressoIDE_11.3.0_5222\workspace\lpc_chip_11u6x\Debug\liblpc_chip_11u6x.a(iocon_11u6x.o)
 .debug_info    0x0000582f      0x6ff C:\Users\TeddyP\Documents\MCUXpressoIDE_11.3.0_5222\workspace\lpc_chip_11u6x\Debug\liblpc_chip_11u6x.a(syscon_11u6x.o)
 .debug_info    0x00005f2e      0x808 C:\Users\TeddyP\Documents\MCUXpressoIDE_11.3.0_5222\workspace\lpc_chip_11u6x\Debug\liblpc_chip_11u6x.a(sysinit_11u6x.o)
 .debug_info    0x00006736     0x1007 C:\Users\TeddyP\Documents\MCUXpressoIDE_11.3.0_5222\workspace\lpc_chip_11u6x\Debug\liblpc_chip_11u6x.a(uart_0_11u6x.o)

.debug_abbrev   0x00000000     0x18d4
 .debug_abbrev  0x00000000      0x28c ./example/src/adc.o
 .debug_abbrev  0x0000028c       0x12 ./example/src/aeabi_romdiv_patch.o
 .debug_abbrev  0x0000029e      0x131 ./example/src/cr_startup_lpc11u6x.o
 .debug_abbrev  0x000003cf       0x38 ./example/src/crp.o
 .debug_abbrev  0x00000407       0x46 ./example/src/mtb.o
 .debug_abbrev  0x0000044d       0xdb ./example/src/sysinit.o
 .debug_abbrev  0x00000528      0x298 C:\Users\TeddyP\Documents\MCUXpressoIDE_11.3.0_5222\workspace\lpc_board_nxp_lpcxpresso_11u68\Debug\liblpc_board_nxp_lpcxpresso_11u68.a(board.o)
 .debug_abbrev  0x000007c0      0x1aa C:\Users\TeddyP\Documents\MCUXpressoIDE_11.3.0_5222\workspace\lpc_board_nxp_lpcxpresso_11u68\Debug\liblpc_board_nxp_lpcxpresso_11u68.a(board_sysinit.o)
 .debug_abbrev  0x0000096a      0x221 C:\Users\TeddyP\Documents\MCUXpressoIDE_11.3.0_5222\workspace\lpc_chip_11u6x\Debug\liblpc_chip_11u6x.a(adc_11u6x.o)
 .debug_abbrev  0x00000b8b      0x1c3 C:\Users\TeddyP\Documents\MCUXpressoIDE_11.3.0_5222\workspace\lpc_chip_11u6x\Debug\liblpc_chip_11u6x.a(chip_11u6x.o)
 .debug_abbrev  0x00000d4e      0x2f4 C:\Users\TeddyP\Documents\MCUXpressoIDE_11.3.0_5222\workspace\lpc_chip_11u6x\Debug\liblpc_chip_11u6x.a(clock_11u6x.o)
 .debug_abbrev  0x00001042      0x1dd C:\Users\TeddyP\Documents\MCUXpressoIDE_11.3.0_5222\workspace\lpc_chip_11u6x\Debug\liblpc_chip_11u6x.a(gpio_11u6x.o)
 .debug_abbrev  0x0000121f      0x15d C:\Users\TeddyP\Documents\MCUXpressoIDE_11.3.0_5222\workspace\lpc_chip_11u6x\Debug\liblpc_chip_11u6x.a(iocon_11u6x.o)
 .debug_abbrev  0x0000137c      0x140 C:\Users\TeddyP\Documents\MCUXpressoIDE_11.3.0_5222\workspace\lpc_chip_11u6x\Debug\liblpc_chip_11u6x.a(syscon_11u6x.o)
 .debug_abbrev  0x000014bc      0x1bd C:\Users\TeddyP\Documents\MCUXpressoIDE_11.3.0_5222\workspace\lpc_chip_11u6x\Debug\liblpc_chip_11u6x.a(sysinit_11u6x.o)
 .debug_abbrev  0x00001679      0x25b C:\Users\TeddyP\Documents\MCUXpressoIDE_11.3.0_5222\workspace\lpc_chip_11u6x\Debug\liblpc_chip_11u6x.a(uart_0_11u6x.o)

.debug_aranges  0x00000000      0x668
 .debug_aranges
                0x00000000       0x90 ./example/src/adc.o
 .debug_aranges
                0x00000090       0x28 ./example/src/aeabi_romdiv_patch.o
 .debug_aranges
                0x000000b8       0x60 ./example/src/cr_startup_lpc11u6x.o
 .debug_aranges
                0x00000118       0x18 ./example/src/crp.o
 .debug_aranges
                0x00000130       0x18 ./example/src/mtb.o
 .debug_aranges
                0x00000148       0x20 ./example/src/sysinit.o
 .debug_aranges
                0x00000168       0xc0 C:\Users\TeddyP\Documents\MCUXpressoIDE_11.3.0_5222\workspace\lpc_board_nxp_lpcxpresso_11u68\Debug\liblpc_board_nxp_lpcxpresso_11u68.a(board.o)
 .debug_aranges
                0x00000228       0x38 C:\Users\TeddyP\Documents\MCUXpressoIDE_11.3.0_5222\workspace\lpc_board_nxp_lpcxpresso_11u68\Debug\liblpc_board_nxp_lpcxpresso_11u68.a(board_sysinit.o)
 .debug_aranges
                0x00000260       0xb0 C:\Users\TeddyP\Documents\MCUXpressoIDE_11.3.0_5222\workspace\lpc_chip_11u6x\Debug\liblpc_chip_11u6x.a(adc_11u6x.o)
 .debug_aranges
                0x00000310       0x40 C:\Users\TeddyP\Documents\MCUXpressoIDE_11.3.0_5222\workspace\lpc_chip_11u6x\Debug\liblpc_chip_11u6x.a(chip_11u6x.o)
 .debug_aranges
                0x00000350      0x100 C:\Users\TeddyP\Documents\MCUXpressoIDE_11.3.0_5222\workspace\lpc_chip_11u6x\Debug\liblpc_chip_11u6x.a(clock_11u6x.o)
 .debug_aranges
                0x00000450       0x78 C:\Users\TeddyP\Documents\MCUXpressoIDE_11.3.0_5222\workspace\lpc_chip_11u6x\Debug\liblpc_chip_11u6x.a(gpio_11u6x.o)
 .debug_aranges
                0x000004c8       0x28 C:\Users\TeddyP\Documents\MCUXpressoIDE_11.3.0_5222\workspace\lpc_chip_11u6x\Debug\liblpc_chip_11u6x.a(iocon_11u6x.o)
 .debug_aranges
                0x000004f0       0x40 C:\Users\TeddyP\Documents\MCUXpressoIDE_11.3.0_5222\workspace\lpc_chip_11u6x\Debug\liblpc_chip_11u6x.a(syscon_11u6x.o)
 .debug_aranges
                0x00000530       0x50 C:\Users\TeddyP\Documents\MCUXpressoIDE_11.3.0_5222\workspace\lpc_chip_11u6x\Debug\liblpc_chip_11u6x.a(sysinit_11u6x.o)
 .debug_aranges
                0x00000580       0xe8 C:\Users\TeddyP\Documents\MCUXpressoIDE_11.3.0_5222\workspace\lpc_chip_11u6x\Debug\liblpc_chip_11u6x.a(uart_0_11u6x.o)

.debug_ranges   0x00000000      0x560
 .debug_ranges  0x00000000       0x80 ./example/src/adc.o
 .debug_ranges  0x00000080       0x20 ./example/src/aeabi_romdiv_patch.o
 .debug_ranges  0x000000a0       0x50 ./example/src/cr_startup_lpc11u6x.o
 .debug_ranges  0x000000f0       0x10 ./example/src/sysinit.o
 .debug_ranges  0x00000100       0xb0 C:\Users\TeddyP\Documents\MCUXpressoIDE_11.3.0_5222\workspace\lpc_board_nxp_lpcxpresso_11u68\Debug\liblpc_board_nxp_lpcxpresso_11u68.a(board.o)
 .debug_ranges  0x000001b0       0x28 C:\Users\TeddyP\Documents\MCUXpressoIDE_11.3.0_5222\workspace\lpc_board_nxp_lpcxpresso_11u68\Debug\liblpc_board_nxp_lpcxpresso_11u68.a(board_sysinit.o)
 .debug_ranges  0x000001d8       0xa0 C:\Users\TeddyP\Documents\MCUXpressoIDE_11.3.0_5222\workspace\lpc_chip_11u6x\Debug\liblpc_chip_11u6x.a(adc_11u6x.o)
 .debug_ranges  0x00000278       0x30 C:\Users\TeddyP\Documents\MCUXpressoIDE_11.3.0_5222\workspace\lpc_chip_11u6x\Debug\liblpc_chip_11u6x.a(chip_11u6x.o)
 .debug_ranges  0x000002a8       0xf0 C:\Users\TeddyP\Documents\MCUXpressoIDE_11.3.0_5222\workspace\lpc_chip_11u6x\Debug\liblpc_chip_11u6x.a(clock_11u6x.o)
 .debug_ranges  0x00000398       0x68 C:\Users\TeddyP\Documents\MCUXpressoIDE_11.3.0_5222\workspace\lpc_chip_11u6x\Debug\liblpc_chip_11u6x.a(gpio_11u6x.o)
 .debug_ranges  0x00000400       0x18 C:\Users\TeddyP\Documents\MCUXpressoIDE_11.3.0_5222\workspace\lpc_chip_11u6x\Debug\liblpc_chip_11u6x.a(iocon_11u6x.o)
 .debug_ranges  0x00000418       0x30 C:\Users\TeddyP\Documents\MCUXpressoIDE_11.3.0_5222\workspace\lpc_chip_11u6x\Debug\liblpc_chip_11u6x.a(syscon_11u6x.o)
 .debug_ranges  0x00000448       0x40 C:\Users\TeddyP\Documents\MCUXpressoIDE_11.3.0_5222\workspace\lpc_chip_11u6x\Debug\liblpc_chip_11u6x.a(sysinit_11u6x.o)
 .debug_ranges  0x00000488       0xd8 C:\Users\TeddyP\Documents\MCUXpressoIDE_11.3.0_5222\workspace\lpc_chip_11u6x\Debug\liblpc_chip_11u6x.a(uart_0_11u6x.o)

.debug_macro    0x00000000     0x4c12
 .debug_macro   0x00000000      0x21c ./example/src/adc.o
 .debug_macro   0x0000021c      0xa9c ./example/src/adc.o
 .debug_macro   0x00000cb8       0x10 ./example/src/adc.o
 .debug_macro   0x00000cc8      0x12e ./example/src/adc.o
 .debug_macro   0x00000df6      0x5b3 ./example/src/adc.o
 .debug_macro   0x000013a9       0x22 ./example/src/adc.o
 .debug_macro   0x000013cb       0x7b ./example/src/adc.o
 .debug_macro   0x00001446       0x10 ./example/src/adc.o
 .debug_macro   0x00001456       0x26 ./example/src/adc.o
 .debug_macro   0x0000147c       0x3a ./example/src/adc.o
 .debug_macro   0x000014b6       0x1f ./example/src/adc.o
 .debug_macro   0x000014d5      0x242 ./example/src/adc.o
 .debug_macro   0x00001717      0x178 ./example/src/adc.o
 .debug_macro   0x0000188f       0xca ./example/src/adc.o
 .debug_macro   0x00001959       0x18 ./example/src/adc.o
 .debug_macro   0x00001971       0x5e ./example/src/adc.o
 .debug_macro   0x000019cf       0x6a ./example/src/adc.o
 .debug_macro   0x00001a39       0x70 ./example/src/adc.o
 .debug_macro   0x00001aa9       0x34 ./example/src/adc.o
 .debug_macro   0x00001add      0x10d ./example/src/adc.o
 .debug_macro   0x00001bea       0x10 ./example/src/adc.o
 .debug_macro   0x00001bfa       0xac ./example/src/adc.o
 .debug_macro   0x00001ca6       0x40 ./example/src/adc.o
 .debug_macro   0x00001ce6       0x6a ./example/src/adc.o
 .debug_macro   0x00001d50       0x64 ./example/src/adc.o
 .debug_macro   0x00001db4       0x1c ./example/src/adc.o
 .debug_macro   0x00001dd0       0x4c ./example/src/adc.o
 .debug_macro   0x00001e1c       0x16 ./example/src/adc.o
 .debug_macro   0x00001e32      0x2fb ./example/src/adc.o
 .debug_macro   0x0000212d      0x112 ./example/src/adc.o
 .debug_macro   0x0000223f       0xb8 ./example/src/adc.o
 .debug_macro   0x000022f7      0x201 ./example/src/adc.o
 .debug_macro   0x000024f8      0x152 ./example/src/adc.o
 .debug_macro   0x0000264a      0x18a ./example/src/adc.o
 .debug_macro   0x000027d4       0x88 ./example/src/adc.o
 .debug_macro   0x0000285c       0x40 ./example/src/adc.o
 .debug_macro   0x0000289c       0xd2 ./example/src/adc.o
 .debug_macro   0x0000296e       0x3a ./example/src/adc.o
 .debug_macro   0x000029a8       0x42 ./example/src/adc.o
 .debug_macro   0x000029ea       0x10 ./example/src/adc.o
 .debug_macro   0x000029fa       0x34 ./example/src/adc.o
 .debug_macro   0x00002a2e       0x9a ./example/src/adc.o
 .debug_macro   0x00002ac8       0x20 ./example/src/adc.o
 .debug_macro   0x00002ae8       0x23 ./example/src/cr_startup_lpc11u6x.o
 .debug_macro   0x00002b0b       0x1a ./example/src/crp.o
 .debug_macro   0x00002b25       0x34 ./example/src/crp.o
 .debug_macro   0x00002b59       0x29 ./example/src/mtb.o
 .debug_macro   0x00002b82       0x82 ./example/src/mtb.o
 .debug_macro   0x00002c04       0x10 ./example/src/mtb.o
 .debug_macro   0x00002c14      0x210 ./example/src/sysinit.o
 .debug_macro   0x00002e24      0x226 C:\Users\TeddyP\Documents\MCUXpressoIDE_11.3.0_5222\workspace\lpc_board_nxp_lpcxpresso_11u68\Debug\liblpc_board_nxp_lpcxpresso_11u68.a(board.o)
 .debug_macro   0x0000304a      0xa96 C:\Users\TeddyP\Documents\MCUXpressoIDE_11.3.0_5222\workspace\lpc_board_nxp_lpcxpresso_11u68\Debug\liblpc_board_nxp_lpcxpresso_11u68.a(board.o)
 .debug_macro   0x00003ae0       0x12 C:\Users\TeddyP\Documents\MCUXpressoIDE_11.3.0_5222\workspace\lpc_board_nxp_lpcxpresso_11u68\Debug\liblpc_board_nxp_lpcxpresso_11u68.a(board.o)
 .debug_macro   0x00003af2      0x21e C:\Users\TeddyP\Documents\MCUXpressoIDE_11.3.0_5222\workspace\lpc_board_nxp_lpcxpresso_11u68\Debug\liblpc_board_nxp_lpcxpresso_11u68.a(board_sysinit.o)
 .debug_macro   0x00003d10      0x1db C:\Users\TeddyP\Documents\MCUXpressoIDE_11.3.0_5222\workspace\lpc_chip_11u6x\Debug\liblpc_chip_11u6x.a(adc_11u6x.o)
 .debug_macro   0x00003eeb      0x1db C:\Users\TeddyP\Documents\MCUXpressoIDE_11.3.0_5222\workspace\lpc_chip_11u6x\Debug\liblpc_chip_11u6x.a(chip_11u6x.o)
 .debug_macro   0x000040c6      0x1db C:\Users\TeddyP\Documents\MCUXpressoIDE_11.3.0_5222\workspace\lpc_chip_11u6x\Debug\liblpc_chip_11u6x.a(clock_11u6x.o)
 .debug_macro   0x000042a1      0x1db C:\Users\TeddyP\Documents\MCUXpressoIDE_11.3.0_5222\workspace\lpc_chip_11u6x\Debug\liblpc_chip_11u6x.a(gpio_11u6x.o)
 .debug_macro   0x0000447c      0x1db C:\Users\TeddyP\Documents\MCUXpressoIDE_11.3.0_5222\workspace\lpc_chip_11u6x\Debug\liblpc_chip_11u6x.a(iocon_11u6x.o)
 .debug_macro   0x00004657      0x205 C:\Users\TeddyP\Documents\MCUXpressoIDE_11.3.0_5222\workspace\lpc_chip_11u6x\Debug\liblpc_chip_11u6x.a(syscon_11u6x.o)
 .debug_macro   0x0000485c      0x1db C:\Users\TeddyP\Documents\MCUXpressoIDE_11.3.0_5222\workspace\lpc_chip_11u6x\Debug\liblpc_chip_11u6x.a(sysinit_11u6x.o)
 .debug_macro   0x00004a37      0x1db C:\Users\TeddyP\Documents\MCUXpressoIDE_11.3.0_5222\workspace\lpc_chip_11u6x\Debug\liblpc_chip_11u6x.a(uart_0_11u6x.o)

.debug_line     0x00000000     0x4dd8
 .debug_line    0x00000000      0x773 ./example/src/adc.o
 .debug_line    0x00000773       0x6d ./example/src/aeabi_romdiv_patch.o
 .debug_line    0x000007e0      0x15e ./example/src/cr_startup_lpc11u6x.o
 .debug_line    0x0000093e       0xb9 ./example/src/crp.o
 .debug_line    0x000009f7       0xd6 ./example/src/mtb.o
 .debug_line    0x00000acd      0x4d0 ./example/src/sysinit.o
 .debug_line    0x00000f9d      0x7ac C:\Users\TeddyP\Documents\MCUXpressoIDE_11.3.0_5222\workspace\lpc_board_nxp_lpcxpresso_11u68\Debug\liblpc_board_nxp_lpcxpresso_11u68.a(board.o)
 .debug_line    0x00001749      0x531 C:\Users\TeddyP\Documents\MCUXpressoIDE_11.3.0_5222\workspace\lpc_board_nxp_lpcxpresso_11u68\Debug\liblpc_board_nxp_lpcxpresso_11u68.a(board_sysinit.o)
 .debug_line    0x00001c7a      0x6b0 C:\Users\TeddyP\Documents\MCUXpressoIDE_11.3.0_5222\workspace\lpc_chip_11u6x\Debug\liblpc_chip_11u6x.a(adc_11u6x.o)
 .debug_line    0x0000232a      0x4e3 C:\Users\TeddyP\Documents\MCUXpressoIDE_11.3.0_5222\workspace\lpc_chip_11u6x\Debug\liblpc_chip_11u6x.a(chip_11u6x.o)
 .debug_line    0x0000280d      0x88d C:\Users\TeddyP\Documents\MCUXpressoIDE_11.3.0_5222\workspace\lpc_chip_11u6x\Debug\liblpc_chip_11u6x.a(clock_11u6x.o)
 .debug_line    0x0000309a      0x5be C:\Users\TeddyP\Documents\MCUXpressoIDE_11.3.0_5222\workspace\lpc_chip_11u6x\Debug\liblpc_chip_11u6x.a(gpio_11u6x.o)
 .debug_line    0x00003658      0x4cf C:\Users\TeddyP\Documents\MCUXpressoIDE_11.3.0_5222\workspace\lpc_chip_11u6x\Debug\liblpc_chip_11u6x.a(iocon_11u6x.o)
 .debug_line    0x00003b27      0x501 C:\Users\TeddyP\Documents\MCUXpressoIDE_11.3.0_5222\workspace\lpc_chip_11u6x\Debug\liblpc_chip_11u6x.a(syscon_11u6x.o)
 .debug_line    0x00004028      0x563 C:\Users\TeddyP\Documents\MCUXpressoIDE_11.3.0_5222\workspace\lpc_chip_11u6x\Debug\liblpc_chip_11u6x.a(sysinit_11u6x.o)
 .debug_line    0x0000458b      0x84d C:\Users\TeddyP\Documents\MCUXpressoIDE_11.3.0_5222\workspace\lpc_chip_11u6x\Debug\liblpc_chip_11u6x.a(uart_0_11u6x.o)

.debug_str      0x00000000     0xdab4
 .debug_str     0x00000000     0xb772 ./example/src/adc.o
                               0xb843 (size before relaxing)
 .debug_str     0x0000b772       0x32 ./example/src/aeabi_romdiv_patch.o
                                 0x81 (size before relaxing)
 .debug_str     0x0000b7a4      0x1f1 ./example/src/cr_startup_lpc11u6x.o
                               0x2f40 (size before relaxing)
 .debug_str     0x0000b995       0xf1 ./example/src/crp.o
                               0x2e2a (size before relaxing)
 .debug_str     0x0000ba86      0x521 ./example/src/mtb.o
                               0x325f (size before relaxing)
 .debug_str     0x0000bfa7       0x19 ./example/src/sysinit.o
                               0xb17f (size before relaxing)
 .debug_str     0x0000bfc0      0x2f8 C:\Users\TeddyP\Documents\MCUXpressoIDE_11.3.0_5222\workspace\lpc_board_nxp_lpcxpresso_11u68\Debug\liblpc_board_nxp_lpcxpresso_11u68.a(board.o)
                               0xb5d6 (size before relaxing)
 .debug_str     0x0000c2b8      0x5c3 C:\Users\TeddyP\Documents\MCUXpressoIDE_11.3.0_5222\workspace\lpc_board_nxp_lpcxpresso_11u68\Debug\liblpc_board_nxp_lpcxpresso_11u68.a(board_sysinit.o)
                               0xb935 (size before relaxing)
 .debug_str     0x0000c87b      0x253 C:\Users\TeddyP\Documents\MCUXpressoIDE_11.3.0_5222\workspace\lpc_chip_11u6x\Debug\liblpc_chip_11u6x.a(adc_11u6x.o)
                               0xb5bc (size before relaxing)
 .debug_str     0x0000cace      0x161 C:\Users\TeddyP\Documents\MCUXpressoIDE_11.3.0_5222\workspace\lpc_chip_11u6x\Debug\liblpc_chip_11u6x.a(chip_11u6x.o)
                               0xb5e3 (size before relaxing)
 .debug_str     0x0000cc2f      0x7b2 C:\Users\TeddyP\Documents\MCUXpressoIDE_11.3.0_5222\workspace\lpc_chip_11u6x\Debug\liblpc_chip_11u6x.a(clock_11u6x.o)
                               0xba5b (size before relaxing)
 .debug_str     0x0000d3e1       0xe0 C:\Users\TeddyP\Documents\MCUXpressoIDE_11.3.0_5222\workspace\lpc_chip_11u6x\Debug\liblpc_chip_11u6x.a(gpio_11u6x.o)
                               0xb432 (size before relaxing)
 .debug_str     0x0000d4c1       0x5e C:\Users\TeddyP\Documents\MCUXpressoIDE_11.3.0_5222\workspace\lpc_chip_11u6x\Debug\liblpc_chip_11u6x.a(iocon_11u6x.o)
                               0xae0b (size before relaxing)
 .debug_str     0x0000d51f      0x1c2 C:\Users\TeddyP\Documents\MCUXpressoIDE_11.3.0_5222\workspace\lpc_chip_11u6x\Debug\liblpc_chip_11u6x.a(syscon_11u6x.o)
                               0xb1c9 (size before relaxing)
 .debug_str     0x0000d6e1      0x130 C:\Users\TeddyP\Documents\MCUXpressoIDE_11.3.0_5222\workspace\lpc_chip_11u6x\Debug\liblpc_chip_11u6x.a(sysinit_11u6x.o)
                               0xb248 (size before relaxing)
 .debug_str     0x0000d811      0x2a3 C:\Users\TeddyP\Documents\MCUXpressoIDE_11.3.0_5222\workspace\lpc_chip_11u6x\Debug\liblpc_chip_11u6x.a(uart_0_11u6x.o)
                               0xb616 (size before relaxing)

.comment        0x00000000       0x4c
 .comment       0x00000000       0x4c ./example/src/adc.o
                                 0x4d (size before relaxing)
 .comment       0x0000004c       0x4d ./example/src/cr_startup_lpc11u6x.o
 .comment       0x0000004c       0x4d ./example/src/crp.o
 .comment       0x0000004c       0x4d ./example/src/mtb.o
 .comment       0x0000004c       0x4d ./example/src/sysinit.o
 .comment       0x0000004c       0x4d C:\Users\TeddyP\Documents\MCUXpressoIDE_11.3.0_5222\workspace\lpc_board_nxp_lpcxpresso_11u68\Debug\liblpc_board_nxp_lpcxpresso_11u68.a(board.o)
 .comment       0x0000004c       0x4d C:\Users\TeddyP\Documents\MCUXpressoIDE_11.3.0_5222\workspace\lpc_board_nxp_lpcxpresso_11u68\Debug\liblpc_board_nxp_lpcxpresso_11u68.a(board_sysinit.o)
 .comment       0x0000004c       0x4d C:\Users\TeddyP\Documents\MCUXpressoIDE_11.3.0_5222\workspace\lpc_chip_11u6x\Debug\liblpc_chip_11u6x.a(adc_11u6x.o)
 .comment       0x0000004c       0x4d C:\Users\TeddyP\Documents\MCUXpressoIDE_11.3.0_5222\workspace\lpc_chip_11u6x\Debug\liblpc_chip_11u6x.a(chip_11u6x.o)
 .comment       0x0000004c       0x4d C:\Users\TeddyP\Documents\MCUXpressoIDE_11.3.0_5222\workspace\lpc_chip_11u6x\Debug\liblpc_chip_11u6x.a(clock_11u6x.o)
 .comment       0x0000004c       0x4d C:\Users\TeddyP\Documents\MCUXpressoIDE_11.3.0_5222\workspace\lpc_chip_11u6x\Debug\liblpc_chip_11u6x.a(gpio_11u6x.o)
 .comment       0x0000004c       0x4d C:\Users\TeddyP\Documents\MCUXpressoIDE_11.3.0_5222\workspace\lpc_chip_11u6x\Debug\liblpc_chip_11u6x.a(iocon_11u6x.o)
 .comment       0x0000004c       0x4d C:\Users\TeddyP\Documents\MCUXpressoIDE_11.3.0_5222\workspace\lpc_chip_11u6x\Debug\liblpc_chip_11u6x.a(syscon_11u6x.o)
 .comment       0x0000004c       0x4d C:\Users\TeddyP\Documents\MCUXpressoIDE_11.3.0_5222\workspace\lpc_chip_11u6x\Debug\liblpc_chip_11u6x.a(sysinit_11u6x.o)
 .comment       0x0000004c       0x4d C:\Users\TeddyP\Documents\MCUXpressoIDE_11.3.0_5222\workspace\lpc_chip_11u6x\Debug\liblpc_chip_11u6x.a(uart_0_11u6x.o)
 .comment       0x0000004c       0x4d c:/nxp/mcuxpressoide_11.3.0_5222/ide/plugins/com.nxp.mcuxpresso.tools.win32_11.3.0.202008311133/tools/bin/../lib/gcc/arm-none-eabi/9.3.1/../../../../arm-none-eabi/lib/thumb/v6-m/nofp\libcr_nohost.a(_cr__main.o)
 .comment       0x0000004c       0x4d c:/nxp/mcuxpressoide_11.3.0_5222/ide/plugins/com.nxp.mcuxpresso.tools.win32_11.3.0.202008311133/tools/bin/../lib/gcc/arm-none-eabi/9.3.1/../../../../arm-none-eabi/lib/thumb/v6-m/nofp\libcr_c.a(fpprintf.o)
 .comment       0x0000004c       0x4d c:/nxp/mcuxpressoide_11.3.0_5222/ide/plugins/com.nxp.mcuxpresso.tools.win32_11.3.0.202008311133/tools/bin/../lib/gcc/arm-none-eabi/9.3.1/../../../../arm-none-eabi/lib/thumb/v6-m/nofp\libcr_c.a(initio.o)
 .comment       0x0000004c       0x4d c:/nxp/mcuxpressoide_11.3.0_5222/ide/plugins/com.nxp.mcuxpresso.tools.win32_11.3.0.202008311133/tools/bin/../lib/gcc/arm-none-eabi/9.3.1/../../../../arm-none-eabi/lib/thumb/v6-m/nofp\libcr_c.a(printf.o)
 .comment       0x0000004c       0x4d c:/nxp/mcuxpressoide_11.3.0_5222/ide/plugins/com.nxp.mcuxpresso.tools.win32_11.3.0.202008311133/tools/bin/../lib/gcc/arm-none-eabi/9.3.1/../../../../arm-none-eabi/lib/thumb/v6-m/nofp\libcr_c.a(setvbuf.o)
 .comment       0x0000004c       0x4d c:/nxp/mcuxpressoide_11.3.0_5222/ide/plugins/com.nxp.mcuxpresso.tools.win32_11.3.0.202008311133/tools/bin/../lib/gcc/arm-none-eabi/9.3.1/../../../../arm-none-eabi/lib/thumb/v6-m/nofp\libcr_c.a(strlen.o)
 .comment       0x0000004c       0x4d c:/nxp/mcuxpressoide_11.3.0_5222/ide/plugins/com.nxp.mcuxpresso.tools.win32_11.3.0.202008311133/tools/bin/../lib/gcc/arm-none-eabi/9.3.1/../../../../arm-none-eabi/lib/thumb/v6-m/nofp\libcr_c.a(memset.o)
 .comment       0x0000004c       0x4d c:/nxp/mcuxpressoide_11.3.0_5222/ide/plugins/com.nxp.mcuxpresso.tools.win32_11.3.0.202008311133/tools/bin/../lib/gcc/arm-none-eabi/9.3.1/../../../../arm-none-eabi/lib/thumb/v6-m/nofp\libcr_c.a(_deferredlazyseek.o)
 .comment       0x0000004c       0x4d c:/nxp/mcuxpressoide_11.3.0_5222/ide/plugins/com.nxp.mcuxpresso.tools.win32_11.3.0.202008311133/tools/bin/../lib/gcc/arm-none-eabi/9.3.1/../../../../arm-none-eabi/lib/thumb/v6-m/nofp\libcr_c.a(_fdopen.o)
 .comment       0x0000004c       0x4d c:/nxp/mcuxpressoide_11.3.0_5222/ide/plugins/com.nxp.mcuxpresso.tools.win32_11.3.0.202008311133/tools/bin/../lib/gcc/arm-none-eabi/9.3.1/../../../../arm-none-eabi/lib/thumb/v6-m/nofp\libcr_c.a(_fflush.o)
 .comment       0x0000004c       0x4d c:/nxp/mcuxpressoide_11.3.0_5222/ide/plugins/com.nxp.mcuxpresso.tools.win32_11.3.0.202008311133/tools/bin/../lib/gcc/arm-none-eabi/9.3.1/../../../../arm-none-eabi/lib/thumb/v6-m/nofp\libcr_c.a(_frexpl.o)
 .comment       0x0000004c       0x4d c:/nxp/mcuxpressoide_11.3.0_5222/ide/plugins/com.nxp.mcuxpresso.tools.win32_11.3.0.202008311133/tools/bin/../lib/gcc/arm-none-eabi/9.3.1/../../../../arm-none-eabi/lib/thumb/v6-m/nofp\libcr_c.a(_ldexpl.o)
 .comment       0x0000004c       0x4d c:/nxp/mcuxpressoide_11.3.0_5222/ide/plugins/com.nxp.mcuxpresso.tools.win32_11.3.0.202008311133/tools/bin/../lib/gcc/arm-none-eabi/9.3.1/../../../../arm-none-eabi/lib/thumb/v6-m/nofp\libcr_c.a(_writebuf.o)
 .comment       0x0000004c       0x4d c:/nxp/mcuxpressoide_11.3.0_5222/ide/plugins/com.nxp.mcuxpresso.tools.win32_11.3.0.202008311133/tools/bin/../lib/gcc/arm-none-eabi/9.3.1/../../../../arm-none-eabi/lib/thumb/v6-m/nofp\libcr_c.a(alloc.o)
 .comment       0x0000004c       0x4d c:/nxp/mcuxpressoide_11.3.0_5222/ide/plugins/com.nxp.mcuxpresso.tools.win32_11.3.0.202008311133/tools/bin/../lib/gcc/arm-none-eabi/9.3.1/../../../../arm-none-eabi/lib/thumb/v6-m/nofp\libcr_c.a(errno.o)
 .comment       0x0000004c       0x4d c:/nxp/mcuxpressoide_11.3.0_5222/ide/plugins/com.nxp.mcuxpresso.tools.win32_11.3.0.202008311133/tools/bin/../lib/gcc/arm-none-eabi/9.3.1/../../../../arm-none-eabi/lib/thumb/v6-m/nofp\libcr_c.a(fclose.o)
 .comment       0x0000004c       0x4d c:/nxp/mcuxpressoide_11.3.0_5222/ide/plugins/com.nxp.mcuxpresso.tools.win32_11.3.0.202008311133/tools/bin/../lib/gcc/arm-none-eabi/9.3.1/../../../../arm-none-eabi/lib/thumb/v6-m/nofp\libcr_c.a(fflush.o)
 .comment       0x0000004c       0x4d c:/nxp/mcuxpressoide_11.3.0_5222/ide/plugins/com.nxp.mcuxpresso.tools.win32_11.3.0.202008311133/tools/bin/../lib/gcc/arm-none-eabi/9.3.1/../../../../arm-none-eabi/lib/thumb/v6-m/nofp\libcr_c.a(fseek.o)
 .comment       0x0000004c       0x4d c:/nxp/mcuxpressoide_11.3.0_5222/ide/plugins/com.nxp.mcuxpresso.tools.win32_11.3.0.202008311133/tools/bin/../lib/gcc/arm-none-eabi/9.3.1/../../../../arm-none-eabi/lib/thumb/v6-m/nofp\libcr_c.a(ftell.o)
 .comment       0x0000004c       0x4d c:/nxp/mcuxpressoide_11.3.0_5222/ide/plugins/com.nxp.mcuxpresso.tools.win32_11.3.0.202008311133/tools/bin/../lib/gcc/arm-none-eabi/9.3.1/../../../../arm-none-eabi/lib/thumb/v6-m/nofp\libcr_c.a(remove.o)
 .comment       0x0000004c       0x4d c:/nxp/mcuxpressoide_11.3.0_5222/ide/plugins/com.nxp.mcuxpresso.tools.win32_11.3.0.202008311133/tools/bin/../lib/gcc/arm-none-eabi/9.3.1/../../../../arm-none-eabi/lib/thumb/v6-m/nofp\libcr_c.a(__init_alloc.o)
 .comment       0x0000004c       0x4d c:/nxp/mcuxpressoide_11.3.0_5222/ide/plugins/com.nxp.mcuxpresso.tools.win32_11.3.0.202008311133/tools/bin/../lib/gcc/arm-none-eabi/9.3.1/../../../../arm-none-eabi/lib/thumb/v6-m/nofp\libcr_c.a(_cr_sbrk.o)
 .comment       0x0000004c       0x4d c:/nxp/mcuxpressoide_11.3.0_5222/ide/plugins/com.nxp.mcuxpresso.tools.win32_11.3.0.202008311133/tools/bin/../lib/gcc/arm-none-eabi/9.3.1/../../../../arm-none-eabi/lib/thumb/v6-m/nofp\libcr_c.a(_do_fflush.o)
 .comment       0x0000004c       0x4d c:/nxp/mcuxpressoide_11.3.0_5222/ide/plugins/com.nxp.mcuxpresso.tools.win32_11.3.0.202008311133/tools/bin/../lib/gcc/arm-none-eabi/9.3.1/../../../../arm-none-eabi/lib/thumb/v6-m/nofp\libcr_c.a(_cr_check_heap.o)
 .comment       0x0000004c       0x4d c:/nxp/mcuxpressoide_11.3.0_5222/ide/plugins/com.nxp.mcuxpresso.tools.win32_11.3.0.202008311133/tools/bin/../lib/gcc/arm-none-eabi/9.3.1/thumb/v6-m/nofp\libcr_eabihelpers.a(double.o)
 .comment       0x0000004c       0x4d c:/nxp/mcuxpressoide_11.3.0_5222/ide/plugins/com.nxp.mcuxpresso.tools.win32_11.3.0.202008311133/tools/bin/../lib/gcc/arm-none-eabi/9.3.1/../../../../arm-none-eabi/lib/thumb/v6-m/nofp\libcr_nohost.a(__ciob.o)
 .comment       0x0000004c       0x4d c:/nxp/mcuxpressoide_11.3.0_5222/ide/plugins/com.nxp.mcuxpresso.tools.win32_11.3.0.202008311133/tools/bin/../lib/gcc/arm-none-eabi/9.3.1/../../../../arm-none-eabi/lib/thumb/v6-m/nofp\libcr_nohost.a(__sys_appexit.o)
 .comment       0x0000004c       0x4d c:/nxp/mcuxpressoide_11.3.0_5222/ide/plugins/com.nxp.mcuxpresso.tools.win32_11.3.0.202008311133/tools/bin/../lib/gcc/arm-none-eabi/9.3.1/../../../../arm-none-eabi/lib/thumb/v6-m/nofp\libcr_nohost.a(__sys_close.o)
 .comment       0x0000004c       0x4d c:/nxp/mcuxpressoide_11.3.0_5222/ide/plugins/com.nxp.mcuxpresso.tools.win32_11.3.0.202008311133/tools/bin/../lib/gcc/arm-none-eabi/9.3.1/../../../../arm-none-eabi/lib/thumb/v6-m/nofp\libcr_nohost.a(__sys_flen.o)
 .comment       0x0000004c       0x4d c:/nxp/mcuxpressoide_11.3.0_5222/ide/plugins/com.nxp.mcuxpresso.tools.win32_11.3.0.202008311133/tools/bin/../lib/gcc/arm-none-eabi/9.3.1/../../../../arm-none-eabi/lib/thumb/v6-m/nofp\libcr_nohost.a(__sys_istty.o)
 .comment       0x0000004c       0x4d c:/nxp/mcuxpressoide_11.3.0_5222/ide/plugins/com.nxp.mcuxpresso.tools.win32_11.3.0.202008311133/tools/bin/../lib/gcc/arm-none-eabi/9.3.1/../../../../arm-none-eabi/lib/thumb/v6-m/nofp\libcr_nohost.a(__sys_remove.o)
 .comment       0x0000004c       0x4d c:/nxp/mcuxpressoide_11.3.0_5222/ide/plugins/com.nxp.mcuxpresso.tools.win32_11.3.0.202008311133/tools/bin/../lib/gcc/arm-none-eabi/9.3.1/../../../../arm-none-eabi/lib/thumb/v6-m/nofp\libcr_nohost.a(__sys_seek.o)
 .comment       0x0000004c       0x4d c:/nxp/mcuxpressoide_11.3.0_5222/ide/plugins/com.nxp.mcuxpresso.tools.win32_11.3.0.202008311133/tools/bin/../lib/gcc/arm-none-eabi/9.3.1/../../../../arm-none-eabi/lib/thumb/v6-m/nofp\libcr_nohost.a(__sys_tmpnam.o)

.ARM.attributes
                0x00000000       0x2a
 .ARM.attributes
                0x00000000       0x2c ./example/src/adc.o
 .ARM.attributes
                0x0000002c       0x1c ./example/src/aeabi_romdiv_patch.o
 .ARM.attributes
                0x00000048       0x2c ./example/src/cr_startup_lpc11u6x.o
 .ARM.attributes
                0x00000074       0x31 ./example/src/crp.o
 .ARM.attributes
                0x000000a5       0x31 ./example/src/mtb.o
 .ARM.attributes
                0x000000d6       0x2c ./example/src/sysinit.o
 .ARM.attributes
                0x00000102       0x2c C:\Users\TeddyP\Documents\MCUXpressoIDE_11.3.0_5222\workspace\lpc_board_nxp_lpcxpresso_11u68\Debug\liblpc_board_nxp_lpcxpresso_11u68.a(board.o)
 .ARM.attributes
                0x0000012e       0x2c C:\Users\TeddyP\Documents\MCUXpressoIDE_11.3.0_5222\workspace\lpc_board_nxp_lpcxpresso_11u68\Debug\liblpc_board_nxp_lpcxpresso_11u68.a(board_sysinit.o)
 .ARM.attributes
                0x0000015a       0x2c C:\Users\TeddyP\Documents\MCUXpressoIDE_11.3.0_5222\workspace\lpc_chip_11u6x\Debug\liblpc_chip_11u6x.a(adc_11u6x.o)
 .ARM.attributes
                0x00000186       0x2c C:\Users\TeddyP\Documents\MCUXpressoIDE_11.3.0_5222\workspace\lpc_chip_11u6x\Debug\liblpc_chip_11u6x.a(chip_11u6x.o)
 .ARM.attributes
                0x000001b2       0x2c C:\Users\TeddyP\Documents\MCUXpressoIDE_11.3.0_5222\workspace\lpc_chip_11u6x\Debug\liblpc_chip_11u6x.a(clock_11u6x.o)
 .ARM.attributes
                0x000001de       0x2c C:\Users\TeddyP\Documents\MCUXpressoIDE_11.3.0_5222\workspace\lpc_chip_11u6x\Debug\liblpc_chip_11u6x.a(gpio_11u6x.o)
 .ARM.attributes
                0x0000020a       0x2c C:\Users\TeddyP\Documents\MCUXpressoIDE_11.3.0_5222\workspace\lpc_chip_11u6x\Debug\liblpc_chip_11u6x.a(iocon_11u6x.o)
 .ARM.attributes
                0x00000236       0x2c C:\Users\TeddyP\Documents\MCUXpressoIDE_11.3.0_5222\workspace\lpc_chip_11u6x\Debug\liblpc_chip_11u6x.a(syscon_11u6x.o)
 .ARM.attributes
                0x00000262       0x2c C:\Users\TeddyP\Documents\MCUXpressoIDE_11.3.0_5222\workspace\lpc_chip_11u6x\Debug\liblpc_chip_11u6x.a(sysinit_11u6x.o)
 .ARM.attributes
                0x0000028e       0x2c C:\Users\TeddyP\Documents\MCUXpressoIDE_11.3.0_5222\workspace\lpc_chip_11u6x\Debug\liblpc_chip_11u6x.a(uart_0_11u6x.o)
 .ARM.attributes
                0x000002ba       0x2c c:/nxp/mcuxpressoide_11.3.0_5222/ide/plugins/com.nxp.mcuxpresso.tools.win32_11.3.0.202008311133/tools/bin/../lib/gcc/arm-none-eabi/9.3.1/../../../../arm-none-eabi/lib/thumb/v6-m/nofp\libcr_nohost.a(_cr__main.o)
 .ARM.attributes
                0x000002e6       0x2c c:/nxp/mcuxpressoide_11.3.0_5222/ide/plugins/com.nxp.mcuxpresso.tools.win32_11.3.0.202008311133/tools/bin/../lib/gcc/arm-none-eabi/9.3.1/../../../../arm-none-eabi/lib/thumb/v6-m/nofp\libcr_c.a(fpprintf.o)
 .ARM.attributes
                0x00000312       0x2c c:/nxp/mcuxpressoide_11.3.0_5222/ide/plugins/com.nxp.mcuxpresso.tools.win32_11.3.0.202008311133/tools/bin/../lib/gcc/arm-none-eabi/9.3.1/../../../../arm-none-eabi/lib/thumb/v6-m/nofp\libcr_c.a(initio.o)
 .ARM.attributes
                0x0000033e       0x2c c:/nxp/mcuxpressoide_11.3.0_5222/ide/plugins/com.nxp.mcuxpresso.tools.win32_11.3.0.202008311133/tools/bin/../lib/gcc/arm-none-eabi/9.3.1/../../../../arm-none-eabi/lib/thumb/v6-m/nofp\libcr_c.a(printf.o)
 .ARM.attributes
                0x0000036a       0x2c c:/nxp/mcuxpressoide_11.3.0_5222/ide/plugins/com.nxp.mcuxpresso.tools.win32_11.3.0.202008311133/tools/bin/../lib/gcc/arm-none-eabi/9.3.1/../../../../arm-none-eabi/lib/thumb/v6-m/nofp\libcr_c.a(setvbuf.o)
 .ARM.attributes
                0x00000396       0x2c c:/nxp/mcuxpressoide_11.3.0_5222/ide/plugins/com.nxp.mcuxpresso.tools.win32_11.3.0.202008311133/tools/bin/../lib/gcc/arm-none-eabi/9.3.1/../../../../arm-none-eabi/lib/thumb/v6-m/nofp\libcr_c.a(strlen.o)
 .ARM.attributes
                0x000003c2       0x2c c:/nxp/mcuxpressoide_11.3.0_5222/ide/plugins/com.nxp.mcuxpresso.tools.win32_11.3.0.202008311133/tools/bin/../lib/gcc/arm-none-eabi/9.3.1/../../../../arm-none-eabi/lib/thumb/v6-m/nofp\libcr_c.a(memset.o)
 .ARM.attributes
                0x000003ee       0x2c c:/nxp/mcuxpressoide_11.3.0_5222/ide/plugins/com.nxp.mcuxpresso.tools.win32_11.3.0.202008311133/tools/bin/../lib/gcc/arm-none-eabi/9.3.1/../../../../arm-none-eabi/lib/thumb/v6-m/nofp\libcr_c.a(_deferredlazyseek.o)
 .ARM.attributes
                0x0000041a       0x2c c:/nxp/mcuxpressoide_11.3.0_5222/ide/plugins/com.nxp.mcuxpresso.tools.win32_11.3.0.202008311133/tools/bin/../lib/gcc/arm-none-eabi/9.3.1/../../../../arm-none-eabi/lib/thumb/v6-m/nofp\libcr_c.a(_fdopen.o)
 .ARM.attributes
                0x00000446       0x2c c:/nxp/mcuxpressoide_11.3.0_5222/ide/plugins/com.nxp.mcuxpresso.tools.win32_11.3.0.202008311133/tools/bin/../lib/gcc/arm-none-eabi/9.3.1/../../../../arm-none-eabi/lib/thumb/v6-m/nofp\libcr_c.a(_fflush.o)
 .ARM.attributes
                0x00000472       0x2c c:/nxp/mcuxpressoide_11.3.0_5222/ide/plugins/com.nxp.mcuxpresso.tools.win32_11.3.0.202008311133/tools/bin/../lib/gcc/arm-none-eabi/9.3.1/../../../../arm-none-eabi/lib/thumb/v6-m/nofp\libcr_c.a(_frexpl.o)
 .ARM.attributes
                0x0000049e       0x2c c:/nxp/mcuxpressoide_11.3.0_5222/ide/plugins/com.nxp.mcuxpresso.tools.win32_11.3.0.202008311133/tools/bin/../lib/gcc/arm-none-eabi/9.3.1/../../../../arm-none-eabi/lib/thumb/v6-m/nofp\libcr_c.a(_ldexpl.o)
 .ARM.attributes
                0x000004ca       0x2c c:/nxp/mcuxpressoide_11.3.0_5222/ide/plugins/com.nxp.mcuxpresso.tools.win32_11.3.0.202008311133/tools/bin/../lib/gcc/arm-none-eabi/9.3.1/../../../../arm-none-eabi/lib/thumb/v6-m/nofp\libcr_c.a(_writebuf.o)
 .ARM.attributes
                0x000004f6       0x2c c:/nxp/mcuxpressoide_11.3.0_5222/ide/plugins/com.nxp.mcuxpresso.tools.win32_11.3.0.202008311133/tools/bin/../lib/gcc/arm-none-eabi/9.3.1/../../../../arm-none-eabi/lib/thumb/v6-m/nofp\libcr_c.a(alloc.o)
 .ARM.attributes
                0x00000522       0x31 c:/nxp/mcuxpressoide_11.3.0_5222/ide/plugins/com.nxp.mcuxpresso.tools.win32_11.3.0.202008311133/tools/bin/../lib/gcc/arm-none-eabi/9.3.1/../../../../arm-none-eabi/lib/thumb/v6-m/nofp\libcr_c.a(errno.o)
 .ARM.attributes
                0x00000553       0x2c c:/nxp/mcuxpressoide_11.3.0_5222/ide/plugins/com.nxp.mcuxpresso.tools.win32_11.3.0.202008311133/tools/bin/../lib/gcc/arm-none-eabi/9.3.1/../../../../arm-none-eabi/lib/thumb/v6-m/nofp\libcr_c.a(fclose.o)
 .ARM.attributes
                0x0000057f       0x2c c:/nxp/mcuxpressoide_11.3.0_5222/ide/plugins/com.nxp.mcuxpresso.tools.win32_11.3.0.202008311133/tools/bin/../lib/gcc/arm-none-eabi/9.3.1/../../../../arm-none-eabi/lib/thumb/v6-m/nofp\libcr_c.a(fflush.o)
 .ARM.attributes
                0x000005ab       0x2c c:/nxp/mcuxpressoide_11.3.0_5222/ide/plugins/com.nxp.mcuxpresso.tools.win32_11.3.0.202008311133/tools/bin/../lib/gcc/arm-none-eabi/9.3.1/../../../../arm-none-eabi/lib/thumb/v6-m/nofp\libcr_c.a(fseek.o)
 .ARM.attributes
                0x000005d7       0x2c c:/nxp/mcuxpressoide_11.3.0_5222/ide/plugins/com.nxp.mcuxpresso.tools.win32_11.3.0.202008311133/tools/bin/../lib/gcc/arm-none-eabi/9.3.1/../../../../arm-none-eabi/lib/thumb/v6-m/nofp\libcr_c.a(ftell.o)
 .ARM.attributes
                0x00000603       0x2c c:/nxp/mcuxpressoide_11.3.0_5222/ide/plugins/com.nxp.mcuxpresso.tools.win32_11.3.0.202008311133/tools/bin/../lib/gcc/arm-none-eabi/9.3.1/../../../../arm-none-eabi/lib/thumb/v6-m/nofp\libcr_c.a(remove.o)
 .ARM.attributes
                0x0000062f       0x2c c:/nxp/mcuxpressoide_11.3.0_5222/ide/plugins/com.nxp.mcuxpresso.tools.win32_11.3.0.202008311133/tools/bin/../lib/gcc/arm-none-eabi/9.3.1/../../../../arm-none-eabi/lib/thumb/v6-m/nofp\libcr_c.a(__init_alloc.o)
 .ARM.attributes
                0x0000065b       0x2c c:/nxp/mcuxpressoide_11.3.0_5222/ide/plugins/com.nxp.mcuxpresso.tools.win32_11.3.0.202008311133/tools/bin/../lib/gcc/arm-none-eabi/9.3.1/../../../../arm-none-eabi/lib/thumb/v6-m/nofp\libcr_c.a(_cr_sbrk.o)
 .ARM.attributes
                0x00000687       0x2c c:/nxp/mcuxpressoide_11.3.0_5222/ide/plugins/com.nxp.mcuxpresso.tools.win32_11.3.0.202008311133/tools/bin/../lib/gcc/arm-none-eabi/9.3.1/../../../../arm-none-eabi/lib/thumb/v6-m/nofp\libcr_c.a(_do_fflush.o)
 .ARM.attributes
                0x000006b3       0x2c c:/nxp/mcuxpressoide_11.3.0_5222/ide/plugins/com.nxp.mcuxpresso.tools.win32_11.3.0.202008311133/tools/bin/../lib/gcc/arm-none-eabi/9.3.1/../../../../arm-none-eabi/lib/thumb/v6-m/nofp\libcr_c.a(_cr_check_heap.o)
 .ARM.attributes
                0x000006df       0x2c c:/nxp/mcuxpressoide_11.3.0_5222/ide/plugins/com.nxp.mcuxpresso.tools.win32_11.3.0.202008311133/tools/bin/../lib/gcc/arm-none-eabi/9.3.1/thumb/v6-m/nofp\libcr_eabihelpers.a(double.o)
 .ARM.attributes
                0x0000070b       0x1c c:/nxp/mcuxpressoide_11.3.0_5222/ide/plugins/com.nxp.mcuxpresso.tools.win32_11.3.0.202008311133/tools/bin/../lib/gcc/arm-none-eabi/9.3.1/thumb/v6-m/nofp\libcr_eabihelpers.a(llong.o)
 .ARM.attributes
                0x00000727       0x1c c:/nxp/mcuxpressoide_11.3.0_5222/ide/plugins/com.nxp.mcuxpresso.tools.win32_11.3.0.202008311133/tools/bin/../lib/gcc/arm-none-eabi/9.3.1/thumb/v6-m/nofp\libcr_eabihelpers.a(memcpy.o)
 .ARM.attributes
                0x00000743       0x1c c:/nxp/mcuxpressoide_11.3.0_5222/ide/plugins/com.nxp.mcuxpresso.tools.win32_11.3.0.202008311133/tools/bin/../lib/gcc/arm-none-eabi/9.3.1/thumb/v6-m/nofp\libcr_eabihelpers.a(thumb1_switch_helpers.o)
 .ARM.attributes
                0x0000075f       0x31 c:/nxp/mcuxpressoide_11.3.0_5222/ide/plugins/com.nxp.mcuxpresso.tools.win32_11.3.0.202008311133/tools/bin/../lib/gcc/arm-none-eabi/9.3.1/../../../../arm-none-eabi/lib/thumb/v6-m/nofp\libcr_nohost.a(__ciob.o)
 .ARM.attributes
                0x00000790       0x2c c:/nxp/mcuxpressoide_11.3.0_5222/ide/plugins/com.nxp.mcuxpresso.tools.win32_11.3.0.202008311133/tools/bin/../lib/gcc/arm-none-eabi/9.3.1/../../../../arm-none-eabi/lib/thumb/v6-m/nofp\libcr_nohost.a(__sys_appexit.o)
 .ARM.attributes
                0x000007bc       0x2c c:/nxp/mcuxpressoide_11.3.0_5222/ide/plugins/com.nxp.mcuxpresso.tools.win32_11.3.0.202008311133/tools/bin/../lib/gcc/arm-none-eabi/9.3.1/../../../../arm-none-eabi/lib/thumb/v6-m/nofp\libcr_nohost.a(__sys_close.o)
 .ARM.attributes
                0x000007e8       0x2c c:/nxp/mcuxpressoide_11.3.0_5222/ide/plugins/com.nxp.mcuxpresso.tools.win32_11.3.0.202008311133/tools/bin/../lib/gcc/arm-none-eabi/9.3.1/../../../../arm-none-eabi/lib/thumb/v6-m/nofp\libcr_nohost.a(__sys_flen.o)
 .ARM.attributes
                0x00000814       0x2c c:/nxp/mcuxpressoide_11.3.0_5222/ide/plugins/com.nxp.mcuxpresso.tools.win32_11.3.0.202008311133/tools/bin/../lib/gcc/arm-none-eabi/9.3.1/../../../../arm-none-eabi/lib/thumb/v6-m/nofp\libcr_nohost.a(__sys_istty.o)
 .ARM.attributes
                0x00000840       0x2c c:/nxp/mcuxpressoide_11.3.0_5222/ide/plugins/com.nxp.mcuxpresso.tools.win32_11.3.0.202008311133/tools/bin/../lib/gcc/arm-none-eabi/9.3.1/../../../../arm-none-eabi/lib/thumb/v6-m/nofp\libcr_nohost.a(__sys_remove.o)
 .ARM.attributes
                0x0000086c       0x2c c:/nxp/mcuxpressoide_11.3.0_5222/ide/plugins/com.nxp.mcuxpresso.tools.win32_11.3.0.202008311133/tools/bin/../lib/gcc/arm-none-eabi/9.3.1/../../../../arm-none-eabi/lib/thumb/v6-m/nofp\libcr_nohost.a(__sys_seek.o)
 .ARM.attributes
                0x00000898       0x2c c:/nxp/mcuxpressoide_11.3.0_5222/ide/plugins/com.nxp.mcuxpresso.tools.win32_11.3.0.202008311133/tools/bin/../lib/gcc/arm-none-eabi/9.3.1/../../../../arm-none-eabi/lib/thumb/v6-m/nofp\libcr_nohost.a(__sys_tmpnam.o)

.debug_frame    0x00000000     0x13c8
 .debug_frame   0x00000000      0x1ec ./example/src/adc.o
 .debug_frame   0x000001ec      0x118 ./example/src/cr_startup_lpc11u6x.o
 .debug_frame   0x00000304       0x2c ./example/src/sysinit.o
 .debug_frame   0x00000330      0x2a8 C:\Users\TeddyP\Documents\MCUXpressoIDE_11.3.0_5222\workspace\lpc_board_nxp_lpcxpresso_11u68\Debug\liblpc_board_nxp_lpcxpresso_11u68.a(board.o)
 .debug_frame   0x000005d8       0x84 C:\Users\TeddyP\Documents\MCUXpressoIDE_11.3.0_5222\workspace\lpc_board_nxp_lpcxpresso_11u68\Debug\liblpc_board_nxp_lpcxpresso_11u68.a(board_sysinit.o)
 .debug_frame   0x0000065c      0x270 C:\Users\TeddyP\Documents\MCUXpressoIDE_11.3.0_5222\workspace\lpc_chip_11u6x\Debug\liblpc_chip_11u6x.a(adc_11u6x.o)
 .debug_frame   0x000008cc       0xa4 C:\Users\TeddyP\Documents\MCUXpressoIDE_11.3.0_5222\workspace\lpc_chip_11u6x\Debug\liblpc_chip_11u6x.a(chip_11u6x.o)
 .debug_frame   0x00000970      0x394 C:\Users\TeddyP\Documents\MCUXpressoIDE_11.3.0_5222\workspace\lpc_chip_11u6x\Debug\liblpc_chip_11u6x.a(clock_11u6x.o)
 .debug_frame   0x00000d04      0x190 C:\Users\TeddyP\Documents\MCUXpressoIDE_11.3.0_5222\workspace\lpc_chip_11u6x\Debug\liblpc_chip_11u6x.a(gpio_11u6x.o)
 .debug_frame   0x00000e94       0x50 C:\Users\TeddyP\Documents\MCUXpressoIDE_11.3.0_5222\workspace\lpc_chip_11u6x\Debug\liblpc_chip_11u6x.a(iocon_11u6x.o)
 .debug_frame   0x00000ee4       0xb0 C:\Users\TeddyP\Documents\MCUXpressoIDE_11.3.0_5222\workspace\lpc_chip_11u6x\Debug\liblpc_chip_11u6x.a(syscon_11u6x.o)
 .debug_frame   0x00000f94       0xe4 C:\Users\TeddyP\Documents\MCUXpressoIDE_11.3.0_5222\workspace\lpc_chip_11u6x\Debug\liblpc_chip_11u6x.a(sysinit_11u6x.o)
 .debug_frame   0x00001078      0x350 C:\Users\TeddyP\Documents\MCUXpressoIDE_11.3.0_5222\workspace\lpc_chip_11u6x\Debug\liblpc_chip_11u6x.a(uart_0_11u6x.o)