core_cm0plus.h:626:22:NVIC_EnableIRQ	16	static
clock_11u6x.h:279:20:Chip_Clock_EnablePeriphClock	16	static
gpio_11u6x.h:158:20:Chip_GPIO_SetPinDIRInput	16	static
gpiogroup_11u6x.h:68:20:Chip_GPIOGP_ClearIntStatus	24	static
gpiogroup_11u6x.h:104:20:Chip_GPIOGP_SelectAndMode	16	static
gpiogroup_11u6x.h:115:20:Chip_GPIOGP_SelectEdgeMode	16	static
gpiogroup_11u6x.h:139:20:Chip_GPIOGP_SelectLowLevel	32	static
gpiogroup_11u6x.h:189:20:Chip_GPIOGP_EnableGroupPins	32	static
grouped_int.c:84:6:GINT0_IRQHandler	8	static
grouped_int.c:94:6:GINT1_IRQHandler	8	static
grouped_int.c:104:5:main	8	static
