Archive member included to satisfy reference by file (symbol)

C:\Users\TeddyP\Documents\MCUXpressoIDE_11.3.0_5222\workspace\lpc_board_nxp_lpcxpresso_11u68\Debug\liblpc_board_nxp_lpcxpresso_11u68.a(board.o)
                              ./example/src/hid_main.o (Board_Init)
C:\Users\TeddyP\Documents\MCUXpressoIDE_11.3.0_5222\workspace\lpc_board_nxp_lpcxpresso_11u68\Debug\liblpc_board_nxp_lpcxpresso_11u68.a(board_sysinit.o)
                              ./example/src/sysinit.o (Board_SystemInit)
C:\Users\TeddyP\Documents\MCUXpressoIDE_11.3.0_5222\workspace\lpc_chip_11u6x\Debug\liblpc_chip_11u6x.a(chip_11u6x.o)
                              ./example/src/hid_main.o (Chip_USB_Init)
C:\Users\TeddyP\Documents\MCUXpressoIDE_11.3.0_5222\workspace\lpc_chip_11u6x\Debug\liblpc_chip_11u6x.a(clock_11u6x.o)
                              C:\Users\TeddyP\Documents\MCUXpressoIDE_11.3.0_5222\workspace\lpc_chip_11u6x\Debug\liblpc_chip_11u6x.a(chip_11u6x.o) (Chip_Clock_SetUSBPLLSource)
C:\Users\TeddyP\Documents\MCUXpressoIDE_11.3.0_5222\workspace\lpc_chip_11u6x\Debug\liblpc_chip_11u6x.a(gpio_11u6x.o)
                              C:\Users\TeddyP\Documents\MCUXpressoIDE_11.3.0_5222\workspace\lpc_board_nxp_lpcxpresso_11u68\Debug\liblpc_board_nxp_lpcxpresso_11u68.a(board.o) (Chip_GPIO_Init)
C:\Users\TeddyP\Documents\MCUXpressoIDE_11.3.0_5222\workspace\lpc_chip_11u6x\Debug\liblpc_chip_11u6x.a(iocon_11u6x.o)
                              C:\Users\TeddyP\Documents\MCUXpressoIDE_11.3.0_5222\workspace\lpc_board_nxp_lpcxpresso_11u68\Debug\liblpc_board_nxp_lpcxpresso_11u68.a(board_sysinit.o) (Chip_IOCON_SetPinMuxing)
C:\Users\TeddyP\Documents\MCUXpressoIDE_11.3.0_5222\workspace\lpc_chip_11u6x\Debug\liblpc_chip_11u6x.a(syscon_11u6x.o)
                              C:\Users\TeddyP\Documents\MCUXpressoIDE_11.3.0_5222\workspace\lpc_chip_11u6x\Debug\liblpc_chip_11u6x.a(chip_11u6x.o) (Chip_SYSCTL_PowerUp)
C:\Users\TeddyP\Documents\MCUXpressoIDE_11.3.0_5222\workspace\lpc_chip_11u6x\Debug\liblpc_chip_11u6x.a(sysinit_11u6x.o)
                              C:\Users\TeddyP\Documents\MCUXpressoIDE_11.3.0_5222\workspace\lpc_board_nxp_lpcxpresso_11u68\Debug\liblpc_board_nxp_lpcxpresso_11u68.a(board_sysinit.o) (Chip_SetupXtalClocking)
C:\Users\TeddyP\Documents\MCUXpressoIDE_11.3.0_5222\workspace\lpc_chip_11u6x\Debug\liblpc_chip_11u6x.a(uart_0_11u6x.o)
                              C:\Users\TeddyP\Documents\MCUXpressoIDE_11.3.0_5222\workspace\lpc_board_nxp_lpcxpresso_11u68\Debug\liblpc_board_nxp_lpcxpresso_11u68.a(board.o) (Chip_UART0_Init)
C:\Users\TeddyP\Documents\MCUXpressoIDE_11.3.0_5222\workspace\lpc_chip_11u6x\Debug\liblpc_chip_11u6x.a(ring_buffer.o)
                              C:\Users\TeddyP\Documents\MCUXpressoIDE_11.3.0_5222\workspace\lpc_chip_11u6x\Debug\liblpc_chip_11u6x.a(uart_0_11u6x.o) (RingBuffer_Insert)
c:/nxp/mcuxpressoide_11.3.0_5222/ide/plugins/com.nxp.mcuxpresso.tools.win32_11.3.0.202008311133/tools/bin/../lib/gcc/arm-none-eabi/9.3.1/../../../../arm-none-eabi/lib/thumb/v6-m/nofp\libcr_nohost.a(_cr__main.o)
                              ./example/src/cr_startup_lpc11u6x.o (__main)
c:/nxp/mcuxpressoide_11.3.0_5222/ide/plugins/com.nxp.mcuxpresso.tools.win32_11.3.0.202008311133/tools/bin/../lib/gcc/arm-none-eabi/9.3.1/../../../../arm-none-eabi/lib/thumb/v6-m/nofp\libcr_c.a(memcpy.o)
                              C:\Users\TeddyP\Documents\MCUXpressoIDE_11.3.0_5222\workspace\lpc_chip_11u6x\Debug\liblpc_chip_11u6x.a(ring_buffer.o) (memcpy)
c:/nxp/mcuxpressoide_11.3.0_5222/ide/plugins/com.nxp.mcuxpresso.tools.win32_11.3.0.202008311133/tools/bin/../lib/gcc/arm-none-eabi/9.3.1/../../../../arm-none-eabi/lib/thumb/v6-m/nofp\libcr_c.a(memset.o)
                              ./example/src/hid_generic.o (memset)
c:/nxp/mcuxpressoide_11.3.0_5222/ide/plugins/com.nxp.mcuxpresso.tools.win32_11.3.0.202008311133/tools/bin/../lib/gcc/arm-none-eabi/9.3.1/../../../../arm-none-eabi/lib/thumb/v6-m/nofp\libcr_c.a(initio.o)
                              c:/nxp/mcuxpressoide_11.3.0_5222/ide/plugins/com.nxp.mcuxpresso.tools.win32_11.3.0.202008311133/tools/bin/../lib/gcc/arm-none-eabi/9.3.1/../../../../arm-none-eabi/lib/thumb/v6-m/nofp\libcr_nohost.a(_cr__main.o) (_initio)
c:/nxp/mcuxpressoide_11.3.0_5222/ide/plugins/com.nxp.mcuxpresso.tools.win32_11.3.0.202008311133/tools/bin/../lib/gcc/arm-none-eabi/9.3.1/../../../../arm-none-eabi/lib/thumb/v6-m/nofp\libcr_c.a(setvbuf.o)
                              c:/nxp/mcuxpressoide_11.3.0_5222/ide/plugins/com.nxp.mcuxpresso.tools.win32_11.3.0.202008311133/tools/bin/../lib/gcc/arm-none-eabi/9.3.1/../../../../arm-none-eabi/lib/thumb/v6-m/nofp\libcr_c.a(initio.o) (setvbuf)
c:/nxp/mcuxpressoide_11.3.0_5222/ide/plugins/com.nxp.mcuxpresso.tools.win32_11.3.0.202008311133/tools/bin/../lib/gcc/arm-none-eabi/9.3.1/../../../../arm-none-eabi/lib/thumb/v6-m/nofp\libcr_c.a(_fdopen.o)
[...]
Memory Configuration

Name             Origin             Length             Attributes
MFlash256        0x00000000         0x00040000         xr
Ram0_32          0x10000000         0x00008000         xrw
Ram1_2           0x20000000         0x00000800         xrw
Ram2USB_2        0x20004000         0x00000800         xrw
*default*        0x00000000         0xffffffff

Linker script and memory map

LOAD ./example/src/aeabi_romdiv_patch.o
LOAD ./example/src/cr_startup_lpc11u6x.o
LOAD ./example/src/crp.o
LOAD ./example/src/hid_desc.o
LOAD ./example/src/hid_generic.o
LOAD ./example/src/hid_main.o
LOAD ./example/src/mtb.o
LOAD ./example/src/sysinit.o
LOAD C:\Users\TeddyP\Documents\MCUXpressoIDE_11.3.0_5222\workspace\lpc_board_nxp_lpcxpresso_11u68\Debug\liblpc_board_nxp_lpcxpresso_11u68.a
LOAD C:\Users\TeddyP\Documents\MCUXpressoIDE_11.3.0_5222\workspace\lpc_chip_11u6x\Debug\liblpc_chip_11u6x.a
START GROUP
LOAD c:/nxp/mcuxpressoide_11.3.0_5222/ide/plugins/com.nxp.mcuxpresso.tools.win32_11.3.0.202008311133/tools/bin/../lib/gcc/arm-none-eabi/9.3.1/../../../../arm-none-eabi/lib/thumb/v6-m/nofp\libcr_nohost.a
LOAD c:/nxp/mcuxpressoide_11.3.0_5222/ide/plugins/com.nxp.mcuxpresso.tools.win32_11.3.0.202008311133/tools/bin/../lib/gcc/arm-none-eabi/9.3.1/../../../../arm-none-eabi/lib/thumb/v6-m/nofp\libcr_c.a
LOAD c:/nxp/mcuxpressoide_11.3.0_5222/ide/plugins/com.nxp.mcuxpresso.tools.win32_11.3.0.202008311133/tools/bin/../lib/gcc/arm-none-eabi/9.3.1/thumb/v6-m/nofp\libcr_eabihelpers.a
LOAD c:/nxp/mcuxpressoide_11.3.0_5222/ide/plugins/com.nxp.mcuxpresso.tools.win32_11.3.0.202008311133/tools/bin/../lib/gcc/arm-none-eabi/9.3.1/thumb/v6-m/nofp\libgcc.a
END GROUP
                0x00000000                __base_MFlash256 = 0x0
                0x00000000                __base_Flash = 0x0
                0x00040000                __top_MFlash256 = 0x40000
                0x00040000                __top_Flash = 0x40000
                0x10000000                __base_Ram0_32 = 0x10000000
                0x10000000                __base_RAM = 0x10000000
                0x10008000                __top_Ram0_32 = 0x10008000
                0x10008000                __top_RAM = 0x10008000
                0x20000000                __base_Ram1_2 = 0x20000000
                0x20000000                __base_RAM2 = 0x20000000
                0x20000800                __top_Ram1_2 = 0x20000800
                0x20000800                __top_RAM2 = 0x20000800
                0x20004000                __base_Ram2USB_2 = 0x20004000
                0x20004000                __base_RAM3 = 0x20004000
                0x20004800                __top_Ram2USB_2 = 0x20004800
                0x20004800                __top_RAM3 = 0x20004800

.text           0x00000000     0x17e8
 FILL mask 0xff
                0x00000000                __vectors_start__ = ABSOLUTE (.)
 *(.isr_vector)
 .isr_vector    0x00000000       0xc0 ./example/src/cr_startup_lpc11u6x.o
                0x00000000                g_pfnVectors
                0x000000c0                . = ALIGN (0x4)
                0x000000c0                __section_table_start = .
                0x000000c0                __data_section_table = .
                0x000000c0        0x4 LONG 0x17e8 LOADADDR (.data)
                0x000000c4        0x4 LONG 0x10000100 ADDR (.data)
                0x000000c8        0x4 LONG 0x2c SIZEOF (.data)
                0x000000cc        0x4 LONG 0x17e8 LOADADDR (.data_RAM2)
                0x000000d0        0x4 LONG 0x20000000 ADDR (.data_RAM2)
                0x000000d4        0x4 LONG 0x0 SIZEOF (.data_RAM2)
                0x000000d8        0x4 LONG 0x17e8 LOADADDR (.data_RAM3)
                0x000000dc        0x4 LONG 0x20004000 ADDR (.data_RAM3)
                0x000000e0        0x4 LONG 0x0 SIZEOF (.data_RAM3)
                0x000000e4                __data_section_table_end = .
                0x000000e4                __bss_section_table = .
                0x000000e4        0x4 LONG 0x1000012c ADDR (.bss)
                0x000000e8        0x4 LONG 0x1f8 SIZEOF (.bss)
                0x000000ec        0x4 LONG 0x20000000 ADDR (.bss_RAM2)
                0x000000f0        0x4 LONG 0x0 SIZEOF (.bss_RAM2)
                0x000000f4        0x4 LONG 0x20004000 ADDR (.bss_RAM3)
                0x000000f8        0x4 LONG 0x0 SIZEOF (.bss_RAM3)
                0x000000fc                __bss_section_table_end = .
                0x000000fc                __section_table_end = .
 *(.after_vectors*)
 .after_vectors
                0x000000fc      0x15c ./example/src/cr_startup_lpc11u6x.o
                0x000000fc                data_init
                0x0000013e                bss_init
                0x00000174                ResetISR
                0x00000234                NMI_Handler
                0x0000023a                HardFault_Handler
                0x00000240                SVC_Handler
                0x00000246                PendSV_Handler
                0x0000024c                SysTick_Handler
                0x00000252                SCT0_1_IRQHandler
                0x00000252                ADCB_IRQHandler
                0x00000252                TIMER32_0_IRQHandler
                0x00000252                TIMER32_1_IRQHandler
                0x00000252                PIN_INT6_IRQHandler
                0x00000252                IntDefaultHandler
                0x00000252                PIN_INT4_IRQHandler
                0x00000252                I2C1_IRQHandler
                0x00000252                RTC_IRQHandler
                0x00000252                USBWakeup_IRQHandler
                0x00000252                I2C0_IRQHandler
                0x00000252                USART0_IRQHandler
                0x00000252                PIN_INT5_IRQHandler
                0x00000252                PIN_INT2_IRQHandler
                0x00000252                TIMER16_1_IRQHandler
                0x00000252                USB_FIQHandler
                0x00000252                USART1_4_IRQHandler
                0x00000252                SSP1_IRQHandler
                0x00000252                PIN_INT7_IRQHandler
                0x00000252                BOD_WDT_IRQHandler
                0x00000252                PIN_INT1_IRQHandler
                0x00000252                SSP0_IRQHandler
                0x00000252                USART2_3_IRQHandler
                0x00000252                PIN_INT0_IRQHandler
                0x00000252                GINT0_IRQHandler
                0x00000252                TIMER16_0_IRQHandler
                0x00000252                DMA_IRQHandler
                0x00000252                PIN_INT3_IRQHandler
                0x00000252                FMC_IRQHandler
                0x00000252                GINT1_IRQHandler
                0x00000252                ADCA_IRQHandler
                0x000002fc                . = 0x2fc
 *fill*         0x00000258       0xa4 ff
                0x000002fc                PROVIDE (__CRP_WORD_START__ = .)
 *(.crp)
 .crp           0x000002fc        0x4 ./example/src/crp.o
                0x000002fc                CRP_WORD
                0x00000300                PROVIDE (__CRP_WORD_END__ = .)
                0x00000001                ASSERT (! ((__CRP_WORD_START__ == __CRP_WORD_END__)), Linker CRP Enabled, but no CRP_WORD provided within application)
 *(.text*)
 .text.__aeabi_uidiv
                0x00000300       0x10 ./example/src/aeabi_romdiv_patch.o
                0x00000300                __aeabi_uidivmod
                0x00000300                __aeabi_uidiv
 .text.HID_GetReport
                0x00000310       0x50 ./example/src/hid_generic.o
 .text.HID_SetReport
                0x00000360       0x5c ./example/src/hid_generic.o
 .text.HID_Ep_Hdlr
                0x000003bc       0x5c ./example/src/hid_generic.o
 .text.usb_hid_init
                0x00000418       0xf4 ./example/src/hid_generic.o
                0x00000418                usb_hid_init
 .text.NVIC_EnableIRQ
                0x0000050c       0x2c ./example/src/hid_main.o
 .text.USB_IRQHandler
                0x00000538       0x5c ./example/src/hid_main.o
                0x00000538                USB_IRQHandler
 .text.main     0x00000594       0xf8 ./example/src/hid_main.o
                0x00000594                main
 .text.SystemInit
                0x0000068c        0xe ./example/src/sysinit.o
                0x0000068c                SystemInit
 .text.Chip_GPIO_SetPinState
                0x0000069a       0x3e C:\Users\TeddyP\Documents\MCUXpressoIDE_11.3.0_5222\workspace\lpc_board_nxp_lpcxpresso_11u68\Debug\liblpc_board_nxp_lpcxpresso_11u68.a(board.o)
 .text.Chip_GPIO_SetPinDIROutput
                0x000006d8       0x50 C:\Users\TeddyP\Documents\MCUXpressoIDE_11.3.0_5222\workspace\lpc_board_nxp_lpcxpresso_11u68\Debug\liblpc_board_nxp_lpcxpresso_11u68.a(board.o)
 .text.Chip_UART0_TXEnable
                0x00000728       0x16 C:\Users\TeddyP\Documents\MCUXpressoIDE_11.3.0_5222\workspace\lpc_board_nxp_lpcxpresso_11u68\Debug\liblpc_board_nxp_lpcxpresso_11u68.a(board.o)
 .text.Chip_UART0_SetupFIFOS
                0x0000073e       0x18 C:\Users\TeddyP\Documents\MCUXpressoIDE_11.3.0_5222\workspace\lpc_board_nxp_lpcxpresso_11u68\Debug\liblpc_board_nxp_lpcxpresso_11u68.a(board.o)
 .text.Chip_UART0_ConfigData
                0x00000756       0x18 C:\Users\TeddyP\Documents\MCUXpressoIDE_11.3.0_5222\workspace\lpc_board_nxp_lpcxpresso_11u68\Debug\liblpc_board_nxp_lpcxpresso_11u68.a(board.o)
 .text.__sys_write
                0x0000076e       0x38 C:\Users\TeddyP\Documents\MCUXpressoIDE_11.3.0_5222\workspace\lpc_board_nxp_lpcxpresso_11u68\Debug\liblpc_board_nxp_lpcxpresso_11u68.a(board.o)
                0x0000076e                __sys_write
 *fill*         0x000007a6        0x2 ff
 .text.Board_UARTPutChar
                0x000007a8       0x24 C:\Users\TeddyP\Documents\MCUXpressoIDE_11.3.0_5222\workspace\lpc_board_nxp_lpcxpresso_11u68\Debug\liblpc_board_nxp_lpcxpresso_11u68.a(board.o)
                0x000007a8                Board_UARTPutChar
 .text.Board_Debug_Init
                0x000007cc       0x40 C:\Users\TeddyP\Documents\MCUXpressoIDE_11.3.0_5222\workspace\lpc_board_nxp_lpcxpresso_11u68\Debug\liblpc_board_nxp_lpcxpresso_11u68.a(board.o)
                0x000007cc                Board_Debug_Init
 .text.Board_LED_Init
                0x0000080c       0x60 C:\Users\TeddyP\Documents\MCUXpressoIDE_11.3.0_5222\workspace\lpc_board_nxp_lpcxpresso_11u68\Debug\liblpc_board_nxp_lpcxpresso_11u68.a(board.o)
 .text.Board_Init
                0x0000086c       0x1c C:\Users\TeddyP\Documents\MCUXpressoIDE_11.3.0_5222\workspace\lpc_board_nxp_lpcxpresso_11u68\Debug\liblpc_board_nxp_lpcxpresso_11u68.a(board.o)
                0x0000086c                Board_Init
 .text.Chip_Clock_EnablePeriphClock
                0x00000888       0x30 C:\Users\TeddyP\Documents\MCUXpressoIDE_11.3.0_5222\workspace\lpc_board_nxp_lpcxpresso_11u68\Debug\liblpc_board_nxp_lpcxpresso_11u68.a(board_sysinit.o)
 .text.Board_SetupMuxing
                0x000008b8       0x24 C:\Users\TeddyP\Documents\MCUXpressoIDE_11.3.0_5222\workspace\lpc_board_nxp_lpcxpresso_11u68\Debug\liblpc_board_nxp_lpcxpresso_11u68.a(board_sysinit.o)
                0x000008b8                Board_SetupMuxing
 .text.Board_SetupClocking
                0x000008dc        0xe C:\Users\TeddyP\Documents\MCUXpressoIDE_11.3.0_5222\workspace\lpc_board_nxp_lpcxpresso_11u68\Debug\liblpc_board_nxp_lpcxpresso_11u68.a(board_sysinit.o)
                0x000008dc                Board_SetupClocking
 .text.Board_SystemInit
                0x000008ea       0x12 C:\Users\TeddyP\Documents\MCUXpressoIDE_11.3.0_5222\workspace\lpc_board_nxp_lpcxpresso_11u68\Debug\liblpc_board_nxp_lpcxpresso_11u68.a(board_sysinit.o)
                0x000008ea                Board_SystemInit
 .text.Chip_Clock_SetupUSBPLL
                0x000008fc       0x38 C:\Users\TeddyP\Documents\MCUXpressoIDE_11.3.0_5222\workspace\lpc_chip_11u6x\Debug\liblpc_chip_11u6x.a(chip_11u6x.o)
 .text.Chip_Clock_IsUSBPLLLocked
                0x00000934       0x1c C:\Users\TeddyP\Documents\MCUXpressoIDE_11.3.0_5222\workspace\lpc_chip_11u6x\Debug\liblpc_chip_11u6x.a(chip_11u6x.o)
 .text.Chip_Clock_EnablePeriphClock
                0x00000950       0x30 C:\Users\TeddyP\Documents\MCUXpressoIDE_11.3.0_5222\workspace\lpc_chip_11u6x\Debug\liblpc_chip_11u6x.a(chip_11u6x.o)
 .text.Chip_USB_Init
                0x00000980       0x54 C:\Users\TeddyP\Documents\MCUXpressoIDE_11.3.0_5222\workspace\lpc_chip_11u6x\Debug\liblpc_chip_11u6x.a(chip_11u6x.o)
                0x00000980                Chip_USB_Init
 .text.Chip_Clock_GetMainOscRate
                0x000009d4       0x14 C:\Users\TeddyP\Documents\MCUXpressoIDE_11.3.0_5222\workspace\lpc_chip_11u6x\Debug\liblpc_chip_11u6x.a(clock_11u6x.o)
 .text.Chip_Clock_GetIntOscRate
                0x000009e8       0x10 C:\Users\TeddyP\Documents\MCUXpressoIDE_11.3.0_5222\workspace\lpc_chip_11u6x\Debug\liblpc_chip_11u6x.a(clock_11u6x.o)
 .text.Chip_Clock_GetRTCOscRate
                0x000009f8       0x14 C:\Users\TeddyP\Documents\MCUXpressoIDE_11.3.0_5222\workspace\lpc_chip_11u6x\Debug\liblpc_chip_11u6x.a(clock_11u6x.o)
 .text.Chip_Clock_GetWDTRate
                0x00000a0c       0x48 C:\Users\TeddyP\Documents\MCUXpressoIDE_11.3.0_5222\workspace\lpc_chip_11u6x\Debug\liblpc_chip_11u6x.a(clock_11u6x.o)
 .text.Chip_Clock_GetPLLFreq
                0x00000a54       0x22 C:\Users\TeddyP\Documents\MCUXpressoIDE_11.3.0_5222\workspace\lpc_chip_11u6x\Debug\liblpc_chip_11u6x.a(clock_11u6x.o)
 *fill*         0x00000a76        0x2 ff
 .text.Chip_Clock_SetSystemPLLSource
                0x00000a78       0x2c C:\Users\TeddyP\Documents\MCUXpressoIDE_11.3.0_5222\workspace\lpc_chip_11u6x\Debug\liblpc_chip_11u6x.a(clock_11u6x.o)
                0x00000a78                Chip_Clock_SetSystemPLLSource
 .text.Chip_Clock_SetUSBPLLSource
                0x00000aa4       0x2c C:\Users\TeddyP\Documents\MCUXpressoIDE_11.3.0_5222\workspace\lpc_chip_11u6x\Debug\liblpc_chip_11u6x.a(clock_11u6x.o)
                0x00000aa4                Chip_Clock_SetUSBPLLSource
 .text.Chip_Clock_SetMainClockSource
                0x00000ad0       0x2c C:\Users\TeddyP\Documents\MCUXpressoIDE_11.3.0_5222\workspace\lpc_chip_11u6x\Debug\liblpc_chip_11u6x.a(clock_11u6x.o)
                0x00000ad0                Chip_Clock_SetMainClockSource
 .text.Chip_Clock_SetUSBClockSource
                0x00000afc       0x3c C:\Users\TeddyP\Documents\MCUXpressoIDE_11.3.0_5222\workspace\lpc_chip_11u6x\Debug\liblpc_chip_11u6x.a(clock_11u6x.o)
                0x00000afc                Chip_Clock_SetUSBClockSource
 .text.Chip_Clock_GetWDTOSCRate
                0x00000b38       0x1c C:\Users\TeddyP\Documents\MCUXpressoIDE_11.3.0_5222\workspace\lpc_chip_11u6x\Debug\liblpc_chip_11u6x.a(clock_11u6x.o)
                0x00000b38                Chip_Clock_GetWDTOSCRate
 .text.Chip_Clock_GetSystemPLLInClockRate
                0x00000b54       0x54 C:\Users\TeddyP\Documents\MCUXpressoIDE_11.3.0_5222\workspace\lpc_chip_11u6x\Debug\liblpc_chip_11u6x.a(clock_11u6x.o)
                0x00000b54                Chip_Clock_GetSystemPLLInClockRate
 .text.Chip_Clock_GetSystemPLLOutClockRate
                0x00000ba8       0x24 C:\Users\TeddyP\Documents\MCUXpressoIDE_11.3.0_5222\workspace\lpc_chip_11u6x\Debug\liblpc_chip_11u6x.a(clock_11u6x.o)
                0x00000ba8                Chip_Clock_GetSystemPLLOutClockRate
 .text.Chip_Clock_GetMainClockRate
                0x00000bcc       0x64 C:\Users\TeddyP\Documents\MCUXpressoIDE_11.3.0_5222\workspace\lpc_chip_11u6x\Debug\liblpc_chip_11u6x.a(clock_11u6x.o)
                0x00000bcc                Chip_Clock_GetMainClockRate
 .text.Chip_Clock_EnablePeriphClock
                0x00000c30       0x30 C:\Users\TeddyP\Documents\MCUXpressoIDE_11.3.0_5222\workspace\lpc_chip_11u6x\Debug\liblpc_chip_11u6x.a(gpio_11u6x.o)
 .text.Chip_GPIO_Init
                0x00000c60       0x16 C:\Users\TeddyP\Documents\MCUXpressoIDE_11.3.0_5222\workspace\lpc_chip_11u6x\Debug\liblpc_chip_11u6x.a(gpio_11u6x.o)
                0x00000c60                Chip_GPIO_Init
 .text.Chip_IOCON_PinMuxSet
                0x00000c76       0x90 C:\Users\TeddyP\Documents\MCUXpressoIDE_11.3.0_5222\workspace\lpc_chip_11u6x\Debug\liblpc_chip_11u6x.a(iocon_11u6x.o)
                0x00000c76                Chip_IOCON_PinMuxSet
 .text.Chip_IOCON_SetPinMuxing
                0x00000d06       0x50 C:\Users\TeddyP\Documents\MCUXpressoIDE_11.3.0_5222\workspace\lpc_chip_11u6x\Debug\liblpc_chip_11u6x.a(iocon_11u6x.o)
                0x00000d06                Chip_IOCON_SetPinMuxing
 *fill*         0x00000d56        0x2 ff
 .text.Chip_SYSCTL_PowerDown
                0x00000d58       0x44 C:\Users\TeddyP\Documents\MCUXpressoIDE_11.3.0_5222\workspace\lpc_chip_11u6x\Debug\liblpc_chip_11u6x.a(syscon_11u6x.o)
                0x00000d58                Chip_SYSCTL_PowerDown
 .text.Chip_SYSCTL_PowerUp
                0x00000d9c       0x44 C:\Users\TeddyP\Documents\MCUXpressoIDE_11.3.0_5222\workspace\lpc_chip_11u6x\Debug\liblpc_chip_11u6x.a(syscon_11u6x.o)
                0x00000d9c                Chip_SYSCTL_PowerUp
 .text.Chip_Clock_SetupSystemPLL
                0x00000de0       0x38 C:\Users\TeddyP\Documents\MCUXpressoIDE_11.3.0_5222\workspace\lpc_chip_11u6x\Debug\liblpc_chip_11u6x.a(sysinit_11u6x.o)
 .text.Chip_Clock_IsSystemPLLLocked
                0x00000e18       0x1c C:\Users\TeddyP\Documents\MCUXpressoIDE_11.3.0_5222\workspace\lpc_chip_11u6x\Debug\liblpc_chip_11u6x.a(sysinit_11u6x.o)
 .text.Chip_Clock_SetSysClockDiv
                0x00000e34       0x1c C:\Users\TeddyP\Documents\MCUXpressoIDE_11.3.0_5222\workspace\lpc_chip_11u6x\Debug\liblpc_chip_11u6x.a(sysinit_11u6x.o)
 .text.Chip_FMC_SetFLASHAccess
                0x00000e50       0x30 C:\Users\TeddyP\Documents\MCUXpressoIDE_11.3.0_5222\workspace\lpc_chip_11u6x\Debug\liblpc_chip_11u6x.a(sysinit_11u6x.o)
 .text.Chip_SetupXtalClocking
                0x00000e80       0x6c C:\Users\TeddyP\Documents\MCUXpressoIDE_11.3.0_5222\workspace\lpc_chip_11u6x\Debug\liblpc_chip_11u6x.a(sysinit_11u6x.o)
                0x00000e80                Chip_SetupXtalClocking
 .text.Chip_Clock_EnablePeriphClock
                0x00000eec       0x30 C:\Users\TeddyP\Documents\MCUXpressoIDE_11.3.0_5222\workspace\lpc_chip_11u6x\Debug\liblpc_chip_11u6x.a(uart_0_11u6x.o)
 .text.Chip_Clock_SetUSART0ClockDiv
                0x00000f1c       0x1c C:\Users\TeddyP\Documents\MCUXpressoIDE_11.3.0_5222\workspace\lpc_chip_11u6x\Debug\liblpc_chip_11u6x.a(uart_0_11u6x.o)
 .text.Chip_UART0_SendByte
                0x00000f38       0x1e C:\Users\TeddyP\Documents\MCUXpressoIDE_11.3.0_5222\workspace\lpc_chip_11u6x\Debug\liblpc_chip_11u6x.a(uart_0_11u6x.o)
 .text.Chip_UART0_SetupFIFOS
                0x00000f56       0x18 C:\Users\TeddyP\Documents\MCUXpressoIDE_11.3.0_5222\workspace\lpc_chip_11u6x\Debug\liblpc_chip_11u6x.a(uart_0_11u6x.o)
 .text.Chip_UART0_EnableDivisorAccess
                0x00000f6e       0x1c C:\Users\TeddyP\Documents\MCUXpressoIDE_11.3.0_5222\workspace\lpc_chip_11u6x\Debug\liblpc_chip_11u6x.a(uart_0_11u6x.o)
 .text.Chip_UART0_DisableDivisorAccess
                0x00000f8a       0x1e C:\Users\TeddyP\Documents\MCUXpressoIDE_11.3.0_5222\workspace\lpc_chip_11u6x\Debug\liblpc_chip_11u6x.a(uart_0_11u6x.o)
 .text.Chip_UART0_SetDivisorLatches
                0x00000fa8       0x30 C:\Users\TeddyP\Documents\MCUXpressoIDE_11.3.0_5222\workspace\lpc_chip_11u6x\Debug\liblpc_chip_11u6x.a(uart_0_11u6x.o)
 .text.Chip_UART0_ReadLineStatus
                0x00000fd8       0x14 C:\Users\TeddyP\Documents\MCUXpressoIDE_11.3.0_5222\workspace\lpc_chip_11u6x\Debug\liblpc_chip_11u6x.a(uart_0_11u6x.o)
 .text.Chip_UART0_Init
                0x00000fec       0x2c C:\Users\TeddyP\Documents\MCUXpressoIDE_11.3.0_5222\workspace\lpc_chip_11u6x\Debug\liblpc_chip_11u6x.a(uart_0_11u6x.o)
                0x00000fec                Chip_UART0_Init
 .text.Chip_UART0_Send
                0x00001018       0x52 C:\Users\TeddyP\Documents\MCUXpressoIDE_11.3.0_5222\workspace\lpc_chip_11u6x\Debug\liblpc_chip_11u6x.a(uart_0_11u6x.o)
                0x00001018                Chip_UART0_Send
 .text.Chip_UART0_SendBlocking
                0x0000106a       0x4e C:\Users\TeddyP\Documents\MCUXpressoIDE_11.3.0_5222\workspace\lpc_chip_11u6x\Debug\liblpc_chip_11u6x.a(uart_0_11u6x.o)
                0x0000106a                Chip_UART0_SendBlocking
 .text.Chip_UART0_SetBaud
                0x000010b8       0x6e C:\Users\TeddyP\Documents\MCUXpressoIDE_11.3.0_5222\workspace\lpc_chip_11u6x\Debug\liblpc_chip_11u6x.a(uart_0_11u6x.o)
                0x000010b8                Chip_UART0_SetBaud
 .text.__main   0x00001126        0xc c:/nxp/mcuxpressoide_11.3.0_5222/ide/plugins/com.nxp.mcuxpresso.tools.win32_11.3.0.202008311133/tools/bin/../lib/gcc/arm-none-eabi/9.3.1/../../../../arm-none-eabi/lib/thumb/v6-m/nofp\libcr_nohost.a(_cr__main.o)
                0x00001126                __main
 .text.memset   0x00001132        0x8 c:/nxp/mcuxpressoide_11.3.0_5222/ide/plugins/com.nxp.mcuxpresso.tools.win32_11.3.0.202008311133/tools/bin/../lib/gcc/arm-none-eabi/9.3.1/../../../../arm-none-eabi/lib/thumb/v6-m/nofp\libcr_c.a(memset.o)
                0x00001132                memset
 *fill*         0x0000113a        0x2 ff
 .text._initio  0x0000113c       0x7c c:/nxp/mcuxpressoide_11.3.0_5222/ide/plugins/com.nxp.mcuxpresso.tools.win32_11.3.0.202008311133/tools/bin/../lib/gcc/arm-none-eabi/9.3.1/../../../../arm-none-eabi/lib/thumb/v6-m/nofp\libcr_c.a(initio.o)
                0x0000113c                _initio
 .text.setvbuf  0x000011b8       0x4c c:/nxp/mcuxpressoide_11.3.0_5222/ide/plugins/com.nxp.mcuxpresso.tools.win32_11.3.0.202008311133/tools/bin/../lib/gcc/arm-none-eabi/9.3.1/../../../../arm-none-eabi/lib/thumb/v6-m/nofp\libcr_c.a(setvbuf.o)
                0x000011b8                setvbuf
 .text._fdopen  0x00001204       0x74 c:/nxp/mcuxpressoide_11.3.0_5222/ide/plugins/com.nxp.mcuxpresso.tools.win32_11.3.0.202008311133/tools/bin/../lib/gcc/arm-none-eabi/9.3.1/../../../../arm-none-eabi/lib/thumb/v6-m/nofp\libcr_c.a(_fdopen.o)
                0x00001204                _fdopen
 .text.fclose   0x00001278       0x5c c:/nxp/mcuxpressoide_11.3.0_5222/ide/plugins/com.nxp.mcuxpresso.tools.win32_11.3.0.202008311133/tools/bin/../lib/gcc/arm-none-eabi/9.3.1/../../../../arm-none-eabi/lib/thumb/v6-m/nofp\libcr_c.a(fclose.o)
                0x00001278                fclose
 .text.fflush   0x000012d4       0x44 c:/nxp/mcuxpressoide_11.3.0_5222/ide/plugins/com.nxp.mcuxpresso.tools.win32_11.3.0.202008311133/tools/bin/../lib/gcc/arm-none-eabi/9.3.1/../../../../arm-none-eabi/lib/thumb/v6-m/nofp\libcr_c.a(fflush.o)
                0x000012d4                fflush
 .text.fseek    0x00001318       0xf4 c:/nxp/mcuxpressoide_11.3.0_5222/ide/plugins/com.nxp.mcuxpresso.tools.win32_11.3.0.202008311133/tools/bin/../lib/gcc/arm-none-eabi/9.3.1/../../../../arm-none-eabi/lib/thumb/v6-m/nofp\libcr_c.a(fseek.o)
                0x00001318                fseek
 .text.ftell    0x0000140c       0x48 c:/nxp/mcuxpressoide_11.3.0_5222/ide/plugins/com.nxp.mcuxpresso.tools.win32_11.3.0.202008311133/tools/bin/../lib/gcc/arm-none-eabi/9.3.1/../../../../arm-none-eabi/lib/thumb/v6-m/nofp\libcr_c.a(ftell.o)
                0x0000140c                ftell
 .text.remove   0x00001454       0x12 c:/nxp/mcuxpressoide_11.3.0_5222/ide/plugins/com.nxp.mcuxpresso.tools.win32_11.3.0.202008311133/tools/bin/../lib/gcc/arm-none-eabi/9.3.1/../../../../arm-none-eabi/lib/thumb/v6-m/nofp\libcr_c.a(remove.o)
                0x00001454                remove
 *fill*         0x00001466        0x2 ff
 .text.strlen   0x00001468       0x58 c:/nxp/mcuxpressoide_11.3.0_5222/ide/plugins/com.nxp.mcuxpresso.tools.win32_11.3.0.202008311133/tools/bin/../lib/gcc/arm-none-eabi/9.3.1/../../../../arm-none-eabi/lib/thumb/v6-m/nofp\libcr_c.a(strlen.o)
                0x00001468                strlen
 .text._do_fflush
                0x000014c0       0x48 c:/nxp/mcuxpressoide_11.3.0_5222/ide/plugins/com.nxp.mcuxpresso.tools.win32_11.3.0.202008311133/tools/bin/../lib/gcc/arm-none-eabi/9.3.1/../../../../arm-none-eabi/lib/thumb/v6-m/nofp\libcr_c.a(_do_fflush.o)
                0x000014c0                _do_fflush
 .text._fflush  0x00001508       0x60 c:/nxp/mcuxpressoide_11.3.0_5222/ide/plugins/com.nxp.mcuxpresso.tools.win32_11.3.0.202008311133/tools/bin/../lib/gcc/arm-none-eabi/9.3.1/../../../../arm-none-eabi/lib/thumb/v6-m/nofp\libcr_c.a(_fflush.o)
                0x00001508                _fflush
 .text._Cwritebuf
                0x00001568       0x68 c:/nxp/mcuxpressoide_11.3.0_5222/ide/plugins/com.nxp.mcuxpresso.tools.win32_11.3.0.202008311133/tools/bin/../lib/gcc/arm-none-eabi/9.3.1/../../../../arm-none-eabi/lib/thumb/v6-m/nofp\libcr_c.a(_writebuf.o)
                0x00001568                _Cwritebuf
 .text.free     0x000015d0       0x2c c:/nxp/mcuxpressoide_11.3.0_5222/ide/plugins/com.nxp.mcuxpresso.tools.win32_11.3.0.202008311133/tools/bin/../lib/gcc/arm-none-eabi/9.3.1/../../../../arm-none-eabi/lib/thumb/v6-m/nofp\libcr_c.a(alloc.o)
                0x000015d0                free
 .text._deferredlazyseek
                0x000015fc       0x40 c:/nxp/mcuxpressoide_11.3.0_5222/ide/plugins/com.nxp.mcuxpresso.tools.win32_11.3.0.202008311133/tools/bin/../lib/gcc/arm-none-eabi/9.3.1/../../../../arm-none-eabi/lib/thumb/v6-m/nofp\libcr_c.a(_deferredlazyseek.o)
                0x000015fc                _deferredlazyseek
 .text.__aeabi_memset_lowlevel
                0x0000163c       0x2a c:/nxp/mcuxpressoide_11.3.0_5222/ide/plugins/com.nxp.mcuxpresso.tools.win32_11.3.0.202008311133/tools/bin/../lib/gcc/arm-none-eabi/9.3.1/thumb/v6-m/nofp\libcr_eabihelpers.a(memcpy.o)
                0x0000163c                __aeabi_lowlevel_memset
 .text.__sys_close
                0x00001666        0x6 c:/nxp/mcuxpressoide_11.3.0_5222/ide/plugins/com.nxp.mcuxpresso.tools.win32_11.3.0.202008311133/tools/bin/../lib/gcc/arm-none-eabi/9.3.1/../../../../arm-none-eabi/lib/thumb/v6-m/nofp\libcr_nohost.a(__sys_close.o)
                0x00001666                __sys_close
 .text.__sys_flen
                0x0000166c        0x6 c:/nxp/mcuxpressoide_11.3.0_5222/ide/plugins/com.nxp.mcuxpresso.tools.win32_11.3.0.202008311133/tools/bin/../lib/gcc/arm-none-eabi/9.3.1/../../../../arm-none-eabi/lib/thumb/v6-m/nofp\libcr_nohost.a(__sys_flen.o)
                0x0000166c                __sys_flen
 .text.__sys_istty
                0x00001672        0x6 c:/nxp/mcuxpressoide_11.3.0_5222/ide/plugins/com.nxp.mcuxpresso.tools.win32_11.3.0.202008311133/tools/bin/../lib/gcc/arm-none-eabi/9.3.1/../../../../arm-none-eabi/lib/thumb/v6-m/nofp\libcr_nohost.a(__sys_istty.o)
                0x00001672                __sys_istty
 .text.__sys_remove
                0x00001678        0x6 c:/nxp/mcuxpressoide_11.3.0_5222/ide/plugins/com.nxp.mcuxpresso.tools.win32_11.3.0.202008311133/tools/bin/../lib/gcc/arm-none-eabi/9.3.1/../../../../arm-none-eabi/lib/thumb/v6-m/nofp\libcr_nohost.a(__sys_remove.o)
                0x00001678                __sys_remove
 .text.__sys_seek
                0x0000167e        0x6 c:/nxp/mcuxpressoide_11.3.0_5222/ide/plugins/com.nxp.mcuxpresso.tools.win32_11.3.0.202008311133/tools/bin/../lib/gcc/arm-none-eabi/9.3.1/../../../../arm-none-eabi/lib/thumb/v6-m/nofp\libcr_nohost.a(__sys_seek.o)
                0x0000167e                __sys_seek
 .text.__sys_tmpnam
                0x00001684        0x6 c:/nxp/mcuxpressoide_11.3.0_5222/ide/plugins/com.nxp.mcuxpresso.tools.win32_11.3.0.202008311133/tools/bin/../lib/gcc/arm-none-eabi/9.3.1/../../../../arm-none-eabi/lib/thumb/v6-m/nofp\libcr_nohost.a(__sys_tmpnam.o)
                0x00001684                __sys_tmpnam
 *(.rodata .rodata.* .constdata .constdata.*)
 *fill*         0x0000168a        0x2 ff
 .rodata.HID_ReportDescriptor
                0x0000168c       0x21 ./example/src/hid_desc.o
                0x0000168c                HID_ReportDescriptor
 *fill*         0x000016ad        0x1 ff
 .rodata.HID_ReportDescSize
                0x000016ae        0x2 ./example/src/hid_desc.o
                0x000016ae                HID_ReportDescSize
 .rodata.USB_DeviceDescriptor
                0x000016b0       0x12 ./example/src/hid_desc.o
                0x000016b0                USB_DeviceDescriptor
 *fill*         0x000016c2        0x2 ff
 .rodata.USB_StringDescriptor
                0x000016c4       0x68 ./example/src/hid_desc.o
                0x000016c4                USB_StringDescriptor
 .rodata.OscRateIn
                0x0000172c        0x4 C:\Users\TeddyP\Documents\MCUXpressoIDE_11.3.0_5222\workspace\lpc_board_nxp_lpcxpresso_11u68\Debug\liblpc_board_nxp_lpcxpresso_11u68.a(board.o)
                0x0000172c                OscRateIn
 .rodata.RTCOscRateIn
                0x00001730        0x4 C:\Users\TeddyP\Documents\MCUXpressoIDE_11.3.0_5222\workspace\lpc_board_nxp_lpcxpresso_11u68\Debug\liblpc_board_nxp_lpcxpresso_11u68.a(board.o)
                0x00001730                RTCOscRateIn
 .rodata.ledports
                0x00001734        0x3 C:\Users\TeddyP\Documents\MCUXpressoIDE_11.3.0_5222\workspace\lpc_board_nxp_lpcxpresso_11u68\Debug\liblpc_board_nxp_lpcxpresso_11u68.a(board.o)
 *fill*         0x00001737        0x1 ff
 .rodata.ledpins
                0x00001738        0x3 C:\Users\TeddyP\Documents\MCUXpressoIDE_11.3.0_5222\workspace\lpc_board_nxp_lpcxpresso_11u68\Debug\liblpc_board_nxp_lpcxpresso_11u68.a(board.o)
 *fill*         0x0000173b        0x1 ff
 .rodata.pinmuxing
                0x0000173c       0x64 C:\Users\TeddyP\Documents\MCUXpressoIDE_11.3.0_5222\workspace\lpc_board_nxp_lpcxpresso_11u68\Debug\liblpc_board_nxp_lpcxpresso_11u68.a(board_sysinit.o)
 .rodata.wdtOSCRate
                0x000017a0       0x40 C:\Users\TeddyP\Documents\MCUXpressoIDE_11.3.0_5222\workspace\lpc_chip_11u6x\Debug\liblpc_chip_11u6x.a(clock_11u6x.o)
 .rodata._initio.str1.1
                0x000017e0        0x4 c:/nxp/mcuxpressoide_11.3.0_5222/ide/plugins/com.nxp.mcuxpresso.tools.win32_11.3.0.202008311133/tools/bin/../lib/gcc/arm-none-eabi/9.3.1/../../../../arm-none-eabi/lib/thumb/v6-m/nofp\libcr_c.a(initio.o)
 .rodata.__num_Ciob_streams
                0x000017e4        0x4 c:/nxp/mcuxpressoide_11.3.0_5222/ide/plugins/com.nxp.mcuxpresso.tools.win32_11.3.0.202008311133/tools/bin/../lib/gcc/arm-none-eabi/9.3.1/../../../../arm-none-eabi/lib/thumb/v6-m/nofp\libcr_nohost.a(__ciob.o)
                0x000017e4                __num_Ciob_streams
                0x000017e8                . = ALIGN (0x4)

.glue_7         0x000017e8        0x0
 .glue_7        0x000017e8        0x0 linker stubs

.glue_7t        0x000017e8        0x0
 .glue_7t       0x000017e8        0x0 linker stubs

.vfp11_veneer   0x000017e8        0x0
 .vfp11_veneer  0x000017e8        0x0 linker stubs

.v4_bx          0x000017e8        0x0
 .v4_bx         0x000017e8        0x0 linker stubs

.iplt           0x000017e8        0x0
 .iplt          0x000017e8        0x0 ./example/src/aeabi_romdiv_patch.o

.rel.dyn        0x000017e8        0x0
 .rel.iplt      0x000017e8        0x0 ./example/src/aeabi_romdiv_patch.o

.ARM.extab
 *(.ARM.extab* .gnu.linkonce.armextab.*)

.ARM.exidx      0x000017e8        0x0
                0x000017e8                __exidx_start = .
 *(.ARM.exidx* .gnu.linkonce.armexidx.*)
                0x000017e8                __exidx_end = .
                0x000017e8                _etext = .

.mtb_buffer_RAM2
 *(.mtb.$RAM2*)
 *(.mtb.$Ram1_2*)

.data_RAM2      0x20000000        0x0 load address 0x000017e8
 FILL mask 0xff
                [!provide]                PROVIDE (__start_data_RAM2 = .)
                [!provide]                PROVIDE (__start_data_Ram1_2 = .)
 *(.ramfunc.$RAM2)
 *(.ramfunc.$Ram1_2)
 *(.data.$RAM2)
 *(.data.$Ram1_2)
 *(.data.$RAM2.*)
 *(.data.$Ram1_2.*)
                0x20000000                . = ALIGN (0x4)
                [!provide]                PROVIDE (__end_data_RAM2 = .)
                [!provide]                PROVIDE (__end_data_Ram1_2 = .)

.mtb_buffer_RAM3
 *(.mtb.$RAM3*)
 *(.mtb.$Ram2USB_2*)

.data_RAM3      0x20004000        0x0 load address 0x000017e8
 FILL mask 0xff
                [!provide]                PROVIDE (__start_data_RAM3 = .)
                [!provide]                PROVIDE (__start_data_Ram2USB_2 = .)
 *(.ramfunc.$RAM3)
 *(.ramfunc.$Ram2USB_2)
 *(.data.$RAM3)
 *(.data.$Ram2USB_2)
 *(.data.$RAM3.*)
 *(.data.$Ram2USB_2.*)
                0x20004000                . = ALIGN (0x4)
                [!provide]                PROVIDE (__end_data_RAM3 = .)
                [!provide]                PROVIDE (__end_data_Ram2USB_2 = .)

.mtb_buffer_default
                0x10000000      0x100
 *(.mtb*)
 .mtb.$RAM1     0x10000000      0x100 ./example/src/mtb.o
                0x10000000                __mtb_buffer__

.uninit_RESERVED
                0x10000100        0x0
                0x10000100                _start_uninit_RESERVED = .
 *(.bss.$RESERVED*)
                0x10000100                . = ALIGN (0x4)
                0x10000100                _end_uninit_RESERVED = .

.data           0x10000100       0x2c load address 0x000017e8
 FILL mask 0xff
                0x10000100                _data = .
                [!provide]                PROVIDE (__start_data_RAM = .)
                [!provide]                PROVIDE (__start_data_Ram0_32 = .)
 *(vtable)
 *(.ramfunc*)
 *(CodeQuickAccess)
 *(DataQuickAccess)
 *(RamFunction)
 *(.data*)
 .data.USB_FsConfigDescriptor
                0x10000100       0x2a ./example/src/hid_desc.o
                0x10000100                USB_FsConfigDescriptor
                0x1000012c                . = ALIGN (0x4)
 *fill*         0x1000012a        0x2 ff
                0x1000012c                _edata = .
                [!provide]                PROVIDE (__end_data_RAM = .)
                [!provide]                PROVIDE (__end_data_Ram0_32 = .)

.igot.plt       0x1000012c        0x0 load address 0x00001814
 .igot.plt      0x1000012c        0x0 ./example/src/aeabi_romdiv_patch.o

.bss_RAM2       0x20000000        0x0
                [!provide]                PROVIDE (__start_bss_RAM2 = .)
                [!provide]                PROVIDE (__start_bss_Ram1_2 = .)
 *(.bss.$RAM2)
 *(.bss.$Ram1_2)
 *(.bss.$RAM2.*)
 *(.bss.$Ram1_2.*)
                0x20000000                . = ALIGN ((. != 0x0)?0x4:0x1)
                [!provide]                PROVIDE (__end_bss_RAM2 = .)
                [!provide]                PROVIDE (__end_bss_Ram1_2 = .)

.bss_RAM3       0x20004000        0x0
                [!provide]                PROVIDE (__start_bss_RAM3 = .)
                [!provide]                PROVIDE (__start_bss_Ram2USB_2 = .)
 *(.bss.$RAM3)
 *(.bss.$Ram2USB_2)
 *(.bss.$RAM3.*)
 *(.bss.$Ram2USB_2.*)
                0x20004000                . = ALIGN ((. != 0x0)?0x4:0x1)
                [!provide]                PROVIDE (__end_bss_RAM3 = .)
                [!provide]                PROVIDE (__end_bss_Ram2USB_2 = .)

.bss            0x1000012c      0x1f8
                0x1000012c                _bss = .
                [!provide]                PROVIDE (__start_bss_RAM = .)
                [!provide]                PROVIDE (__start_bss_Ram0_32 = .)
 *(.bss*)
 .bss.loopback_report
                0x1000012c        0x4 ./example/src/hid_generic.o
 .bss.g_hUsb    0x10000130        0x4 ./example/src/hid_main.o
 .bss.errno     0x10000134        0x4 c:/nxp/mcuxpressoide_11.3.0_5222/ide/plugins/com.nxp.mcuxpresso.tools.win32_11.3.0.202008311133/tools/bin/../lib/gcc/arm-none-eabi/9.3.1/../../../../arm-none-eabi/lib/thumb/v6-m/nofp\libcr_c.a(errno.o)
                0x10000134                errno
 .bss.__Ciob    0x10000138      0x1e0 c:/nxp/mcuxpressoide_11.3.0_5222/ide/plugins/com.nxp.mcuxpresso.tools.win32_11.3.0.202008311133/tools/bin/../lib/gcc/arm-none-eabi/9.3.1/../../../../arm-none-eabi/lib/thumb/v6-m/nofp\libcr_nohost.a(__ciob.o)
                0x10000138                __Ciob
 *(COMMON)
 COMMON         0x10000318        0x8 ./example/src/cr_startup_lpc11u6x.o
                0x10000318                pDivRom_uidiv
                0x1000031c                pDivRom_idiv
 COMMON         0x10000320        0x4 ./example/src/hid_main.o
                0x10000320                g_pUsbApi
                0x10000324                . = ALIGN (0x4)
                0x10000324                _ebss = .
                [!provide]                PROVIDE (__end_bss_RAM = .)
                [!provide]                PROVIDE (__end_bss_Ram0_32 = .)
                [!provide]                PROVIDE (end = .)

.noinit_RAM2    0x20000000        0x0
                [!provide]                PROVIDE (__start_noinit_RAM2 = .)
                [!provide]                PROVIDE (__start_noinit_Ram1_2 = .)
 *(.noinit.$RAM2)
 *(.noinit.$Ram1_2)
 *(.noinit.$RAM2.*)
 *(.noinit.$Ram1_2.*)
                0x20000000                . = ALIGN (0x4)
                [!provide]                PROVIDE (__end_noinit_RAM2 = .)
                [!provide]                PROVIDE (__end_noinit_Ram1_2 = .)

.noinit_RAM3    0x20004000        0x0
                [!provide]                PROVIDE (__start_noinit_RAM3 = .)
                [!provide]                PROVIDE (__start_noinit_Ram2USB_2 = .)
 *(.noinit.$RAM3)
 *(.noinit.$Ram2USB_2)
 *(.noinit.$RAM3.*)
 *(.noinit.$Ram2USB_2.*)
                0x20004000                . = ALIGN (0x4)
                [!provide]                PROVIDE (__end_noinit_RAM3 = .)
                [!provide]                PROVIDE (__end_noinit_Ram2USB_2 = .)

.noinit         0x10000324        0x0
                0x10000324                _noinit = .
                [!provide]                PROVIDE (__start_noinit_RAM = .)
                [!provide]                PROVIDE (__start_noinit_Ram0_32 = .)
 *(.noinit*)
                0x10000324                . = ALIGN (0x4)
                0x10000324                _end_noinit = .
                [!provide]                PROVIDE (__end_noinit_RAM = .)
                [!provide]                PROVIDE (__end_noinit_Ram0_32 = .)
                0x10000324                PROVIDE (_pvHeapStart = DEFINED (__user_heap_base)?__user_heap_base:.)
                0x10008000                PROVIDE (_vStackTop = DEFINED (__user_stack_top)?__user_stack_top:(__top_Ram0_32 - 0x0))
                [!provide]                PROVIDE (__valid_user_code_checksum = (0x0 - (((_vStackTop + (ResetISR + 0x1)) + (DEFINED (NMI_Handler)?NMI_Handler:M0_NMI_Handler + 0x1)) + (DEFINED (HardFault_Handler)?HardFault_Handler:M0_HardFault_Handler + 0x1))))
                0x00000000                _image_start = LOADADDR (.text)
                0x00001814                _image_end = (LOADADDR (.data) + SIZEOF (.data))
                0x00001814                _image_size = (_image_end - _image_start)
OUTPUT(usbd_rom_hid_generic.axf elf32-littlearm)
LOAD linker stubs

.ARM.attributes
                0x00000000       0x28
 .ARM.attributes
                0x00000000       0x1c ./example/src/aeabi_romdiv_patch.o
 .ARM.attributes
                0x0000001c       0x2c ./example/src/cr_startup_lpc11u6x.o
 .ARM.attributes
                0x00000048       0x31 ./example/src/crp.o
 .ARM.attributes
                0x00000079       0x31 ./example/src/hid_desc.o
 .ARM.attributes
                0x000000aa       0x2c ./example/src/hid_generic.o
 .ARM.attributes
                0x000000d6       0x2c ./example/src/hid_main.o
 .ARM.attributes
                0x00000102       0x31 ./example/src/mtb.o
 .ARM.attributes
                0x00000133       0x2c ./example/src/sysinit.o
 .ARM.attributes
                0x0000015f       0x2c C:\Users\TeddyP\Documents\MCUXpressoIDE_11.3.0_5222\workspace\lpc_board_nxp_lpcxpresso_11u68\Debug\liblpc_board_nxp_lpcxpresso_11u68.a(board.o)
 .ARM.attributes
                0x0000018b       0x2c C:\Users\TeddyP\Documents\MCUXpressoIDE_11.3.0_5222\workspace\lpc_board_nxp_lpcxpresso_11u68\Debug\liblpc_board_nxp_lpcxpresso_11u68.a(board_sysinit.o)
 .ARM.attributes
                0x000001b7       0x2c C:\Users\TeddyP\Documents\MCUXpressoIDE_11.3.0_5222\workspace\lpc_chip_11u6x\Debug\liblpc_chip_11u6x.a(chip_11u6x.o)
 .ARM.attributes
                0x000001e3       0x2c C:\Users\TeddyP\Documents\MCUXpressoIDE_11.3.0_5222\workspace\lpc_chip_11u6x\Debug\liblpc_chip_11u6x.a(clock_11u6x.o)
 .ARM.attributes
                0x0000020f       0x2c C:\Users\TeddyP\Documents\MCUXpressoIDE_11.3.0_5222\workspace\lpc_chip_11u6x\Debug\liblpc_chip_11u6x.a(gpio_11u6x.o)
 .ARM.attributes
                0x0000023b       0x2c C:\Users\TeddyP\Documents\MCUXpressoIDE_11.3.0_5222\workspace\lpc_chip_11u6x\Debug\liblpc_chip_11u6x.a(iocon_11u6x.o)
 .ARM.attributes
                0x00000267       0x2c C:\Users\TeddyP\Documents\MCUXpressoIDE_11.3.0_5222\workspace\lpc_chip_11u6x\Debug\liblpc_chip_11u6x.a(syscon_11u6x.o)
 .ARM.attributes
                0x00000293       0x2c C:\Users\TeddyP\Documents\MCUXpressoIDE_11.3.0_5222\workspace\lpc_chip_11u6x\Debug\liblpc_chip_11u6x.a(sysinit_11u6x.o)
 .ARM.attributes
                0x000002bf       0x2c C:\Users\TeddyP\Documents\MCUXpressoIDE_11.3.0_5222\workspace\lpc_chip_11u6x\Debug\liblpc_chip_11u6x.a(uart_0_11u6x.o)
 .ARM.attributes
                0x000002eb       0x2c c:/nxp/mcuxpressoide_11.3.0_5222/ide/plugins/com.nxp.mcuxpresso.tools.win32_11.3.0.202008311133/tools/bin/../lib/gcc/arm-none-eabi/9.3.1/../../../../arm-none-eabi/lib/thumb/v6-m/nofp\libcr_nohost.a(_cr__main.o)
 .ARM.attributes
                0x00000317       0x2c c:/nxp/mcuxpressoide_11.3.0_5222/ide/plugins/com.nxp.mcuxpresso.tools.win32_11.3.0.202008311133/tools/bin/../lib/gcc/arm-none-eabi/9.3.1/../../../../arm-none-eabi/lib/thumb/v6-m/nofp\libcr_c.a(memset.o)
 .ARM.attributes
                0x00000343       0x2c c:/nxp/mcuxpressoide_11.3.0_5222/ide/plugins/com.nxp.mcuxpresso.tools.win32_11.3.0.202008311133/tools/bin/../lib/gcc/arm-none-eabi/9.3.1/../../../../arm-none-eabi/lib/thumb/v6-m/nofp\libcr_c.a(initio.o)
 .ARM.attributes
                0x0000036f       0x2c c:/nxp/mcuxpressoide_11.3.0_5222/ide/plugins/com.nxp.mcuxpresso.tools.win32_11.3.0.202008311133/tools/bin/../lib/gcc/arm-none-eabi/9.3.1/../../../../arm-none-eabi/lib/thumb/v6-m/nofp\libcr_c.a(setvbuf.o)
 .ARM.attributes
                0x0000039b       0x2c c:/nxp/mcuxpressoide_11.3.0_5222/ide/plugins/com.nxp.mcuxpresso.tools.win32_11.3.0.202008311133/tools/bin/../lib/gcc/arm-none-eabi/9.3.1/../../../../arm-none-eabi/lib/thumb/v6-m/nofp\libcr_c.a(_fdopen.o)
 .ARM.attributes
                0x000003c7       0x2c c:/nxp/mcuxpressoide_11.3.0_5222/ide/plugins/com.nxp.mcuxpresso.tools.win32_11.3.0.202008311133/tools/bin/../lib/gcc/arm-none-eabi/9.3.1/../../../../arm-none-eabi/lib/thumb/v6-m/nofp\libcr_c.a(fclose.o)
 .ARM.attributes
                0x000003f3       0x2c c:/nxp/mcuxpressoide_11.3.0_5222/ide/plugins/com.nxp.mcuxpresso.tools.win32_11.3.0.202008311133/tools/bin/../lib/gcc/arm-none-eabi/9.3.1/../../../../arm-none-eabi/lib/thumb/v6-m/nofp\libcr_c.a(fflush.o)
 .ARM.attributes
                0x0000041f       0x2c c:/nxp/mcuxpressoide_11.3.0_5222/ide/plugins/com.nxp.mcuxpresso.tools.win32_11.3.0.202008311133/tools/bin/../lib/gcc/arm-none-eabi/9.3.1/../../../../arm-none-eabi/lib/thumb/v6-m/nofp\libcr_c.a(fseek.o)
 .ARM.attributes
                0x0000044b       0x2c c:/nxp/mcuxpressoide_11.3.0_5222/ide/plugins/com.nxp.mcuxpresso.tools.win32_11.3.0.202008311133/tools/bin/../lib/gcc/arm-none-eabi/9.3.1/../../../../arm-none-eabi/lib/thumb/v6-m/nofp\libcr_c.a(ftell.o)
 .ARM.attributes
                0x00000477       0x2c c:/nxp/mcuxpressoide_11.3.0_5222/ide/plugins/com.nxp.mcuxpresso.tools.win32_11.3.0.202008311133/tools/bin/../lib/gcc/arm-none-eabi/9.3.1/../../../../arm-none-eabi/lib/thumb/v6-m/nofp\libcr_c.a(remove.o)
 .ARM.attributes
                0x000004a3       0x2c c:/nxp/mcuxpressoide_11.3.0_5222/ide/plugins/com.nxp.mcuxpresso.tools.win32_11.3.0.202008311133/tools/bin/../lib/gcc/arm-none-eabi/9.3.1/../../../../arm-none-eabi/lib/thumb/v6-m/nofp\libcr_c.a(strlen.o)
 .ARM.attributes
                0x000004cf       0x2c c:/nxp/mcuxpressoide_11.3.0_5222/ide/plugins/com.nxp.mcuxpresso.tools.win32_11.3.0.202008311133/tools/bin/../lib/gcc/arm-none-eabi/9.3.1/../../../../arm-none-eabi/lib/thumb/v6-m/nofp\libcr_c.a(_do_fflush.o)
 .ARM.attributes
                0x000004fb       0x2c c:/nxp/mcuxpressoide_11.3.0_5222/ide/plugins/com.nxp.mcuxpresso.tools.win32_11.3.0.202008311133/tools/bin/../lib/gcc/arm-none-eabi/9.3.1/../../../../arm-none-eabi/lib/thumb/v6-m/nofp\libcr_c.a(_fflush.o)
 .ARM.attributes
                0x00000527       0x2c c:/nxp/mcuxpressoide_11.3.0_5222/ide/plugins/com.nxp.mcuxpresso.tools.win32_11.3.0.202008311133/tools/bin/../lib/gcc/arm-none-eabi/9.3.1/../../../../arm-none-eabi/lib/thumb/v6-m/nofp\libcr_c.a(_writebuf.o)
 .ARM.attributes
                0x00000553       0x2c c:/nxp/mcuxpressoide_11.3.0_5222/ide/plugins/com.nxp.mcuxpresso.tools.win32_11.3.0.202008311133/tools/bin/../lib/gcc/arm-none-eabi/9.3.1/../../../../arm-none-eabi/lib/thumb/v6-m/nofp\libcr_c.a(alloc.o)
 .ARM.attributes
                0x0000057f       0x31 c:/nxp/mcuxpressoide_11.3.0_5222/ide/plugins/com.nxp.mcuxpresso.tools.win32_11.3.0.202008311133/tools/bin/../lib/gcc/arm-none-eabi/9.3.1/../../../../arm-none-eabi/lib/thumb/v6-m/nofp\libcr_c.a(errno.o)
 .ARM.attributes
                0x000005b0       0x2c c:/nxp/mcuxpressoide_11.3.0_5222/ide/plugins/com.nxp.mcuxpresso.tools.win32_11.3.0.202008311133/tools/bin/../lib/gcc/arm-none-eabi/9.3.1/../../../../arm-none-eabi/lib/thumb/v6-m/nofp\libcr_c.a(_deferredlazyseek.o)
 .ARM.attributes
                0x000005dc       0x1c c:/nxp/mcuxpressoide_11.3.0_5222/ide/plugins/com.nxp.mcuxpresso.tools.win32_11.3.0.202008311133/tools/bin/../lib/gcc/arm-none-eabi/9.3.1/thumb/v6-m/nofp\libcr_eabihelpers.a(memcpy.o)
 .ARM.attributes
                0x000005f8       0x31 c:/nxp/mcuxpressoide_11.3.0_5222/ide/plugins/com.nxp.mcuxpresso.tools.win32_11.3.0.202008311133/tools/bin/../lib/gcc/arm-none-eabi/9.3.1/../../../../arm-none-eabi/lib/thumb/v6-m/nofp\libcr_nohost.a(__ciob.o)
 .ARM.attributes
                0x00000629       0x2c c:/nxp/mcuxpressoide_11.3.0_5222/ide/plugins/com.nxp.mcuxpresso.tools.win32_11.3.0.202008311133/tools/bin/../lib/gcc/arm-none-eabi/9.3.1/../../../../arm-none-eabi/lib/thumb/v6-m/nofp\libcr_nohost.a(__sys_close.o)
 .ARM.attributes
                0x00000655       0x2c c:/nxp/mcuxpressoide_11.3.0_5222/ide/plugins/com.nxp.mcuxpresso.tools.win32_11.3.0.202008311133/tools/bin/../lib/gcc/arm-none-eabi/9.3.1/../../../../arm-none-eabi/lib/thumb/v6-m/nofp\libcr_nohost.a(__sys_flen.o)
 .ARM.attributes
                0x00000681       0x2c c:/nxp/mcuxpressoide_11.3.0_5222/ide/plugins/com.nxp.mcuxpresso.tools.win32_11.3.0.202008311133/tools/bin/../lib/gcc/arm-none-eabi/9.3.1/../../../../arm-none-eabi/lib/thumb/v6-m/nofp\libcr_nohost.a(__sys_istty.o)
 .ARM.attributes
                0x000006ad       0x2c c:/nxp/mcuxpressoide_11.3.0_5222/ide/plugins/com.nxp.mcuxpresso.tools.win32_11.3.0.202008311133/tools/bin/../lib/gcc/arm-none-eabi/9.3.1/../../../../arm-none-eabi/lib/thumb/v6-m/nofp\libcr_nohost.a(__sys_remove.o)
 .ARM.attributes
                0x000006d9       0x2c c:/nxp/mcuxpressoide_11.3.0_5222/ide/plugins/com.nxp.mcuxpresso.tools.win32_11.3.0.202008311133/tools/bin/../lib/gcc/arm-none-eabi/9.3.1/../../../../arm-none-eabi/lib/thumb/v6-m/nofp\libcr_nohost.a(__sys_seek.o)
 .ARM.attributes
                0x00000705       0x2c c:/nxp/mcuxpressoide_11.3.0_5222/ide/plugins/com.nxp.mcuxpresso.tools.win32_11.3.0.202008311133/tools/bin/../lib/gcc/arm-none-eabi/9.3.1/../../../../arm-none-eabi/lib/thumb/v6-m/nofp\libcr_nohost.a(__sys_tmpnam.o)

.comment        0x00000000       0x4c
 .comment       0x00000000       0x4c ./example/src/cr_startup_lpc11u6x.o
                                 0x4d (size before relaxing)
 .comment       0x0000004c       0x4d ./example/src/crp.o
 .comment       0x0000004c       0x4d ./example/src/hid_desc.o
 .comment       0x0000004c       0x4d ./example/src/hid_generic.o
 .comment       0x0000004c       0x4d ./example/src/hid_main.o
 .comment       0x0000004c       0x4d ./example/src/mtb.o
 .comment       0x0000004c       0x4d ./example/src/sysinit.o
 .comment       0x0000004c       0x4d C:\Users\TeddyP\Documents\MCUXpressoIDE_11.3.0_5222\workspace\lpc_board_nxp_lpcxpresso_11u68\Debug\liblpc_board_nxp_lpcxpresso_11u68.a(board.o)
 .comment       0x0000004c       0x4d C:\Users\TeddyP\Documents\MCUXpressoIDE_11.3.0_5222\workspace\lpc_board_nxp_lpcxpresso_11u68\Debug\liblpc_board_nxp_lpcxpresso_11u68.a(board_sysinit.o)
 .comment       0x0000004c       0x4d C:\Users\TeddyP\Documents\MCUXpressoIDE_11.3.0_5222\workspace\lpc_chip_11u6x\Debug\liblpc_chip_11u6x.a(chip_11u6x.o)
 .comment       0x0000004c       0x4d C:\Users\TeddyP\Documents\MCUXpressoIDE_11.3.0_5222\workspace\lpc_chip_11u6x\Debug\liblpc_chip_11u6x.a(clock_11u6x.o)
 .comment       0x0000004c       0x4d C:\Users\TeddyP\Documents\MCUXpressoIDE_11.3.0_5222\workspace\lpc_chip_11u6x\Debug\liblpc_chip_11u6x.a(gpio_11u6x.o)
 .comment       0x0000004c       0x4d C:\Users\TeddyP\Documents\MCUXpressoIDE_11.3.0_5222\workspace\lpc_chip_11u6x\Debug\liblpc_chip_11u6x.a(iocon_11u6x.o)
 .comment       0x0000004c       0x4d C:\Users\TeddyP\Documents\MCUXpressoIDE_11.3.0_5222\workspace\lpc_chip_11u6x\Debug\liblpc_chip_11u6x.a(syscon_11u6x.o)
 .comment       0x0000004c       0x4d C:\Users\TeddyP\Documents\MCUXpressoIDE_11.3.0_5222\workspace\lpc_chip_11u6x\Debug\liblpc_chip_11u6x.a(sysinit_11u6x.o)
 .comment       0x0000004c       0x4d C:\Users\TeddyP\Documents\MCUXpressoIDE_11.3.0_5222\workspace\lpc_chip_11u6x\Debug\liblpc_chip_11u6x.a(uart_0_11u6x.o)
 .comment       0x0000004c       0x4d c:/nxp/mcuxpressoide_11.3.0_5222/ide/plugins/com.nxp.mcuxpresso.tools.win32_11.3.0.202008311133/tools/bin/../lib/gcc/arm-none-eabi/9.3.1/../../../../arm-none-eabi/lib/thumb/v6-m/nofp\libcr_nohost.a(_cr__main.o)
 .comment       0x0000004c       0x4d c:/nxp/mcuxpressoide_11.3.0_5222/ide/plugins/com.nxp.mcuxpresso.tools.win32_11.3.0.202008311133/tools/bin/../lib/gcc/arm-none-eabi/9.3.1/../../../../arm-none-eabi/lib/thumb/v6-m/nofp\libcr_c.a(memset.o)
 .comment       0x0000004c       0x4d c:/nxp/mcuxpressoide_11.3.0_5222/ide/plugins/com.nxp.mcuxpresso.tools.win32_11.3.0.202008311133/tools/bin/../lib/gcc/arm-none-eabi/9.3.1/../../../../arm-none-eabi/lib/thumb/v6-m/nofp\libcr_c.a(initio.o)
 .comment       0x0000004c       0x4d c:/nxp/mcuxpressoide_11.3.0_5222/ide/plugins/com.nxp.mcuxpresso.tools.win32_11.3.0.202008311133/tools/bin/../lib/gcc/arm-none-eabi/9.3.1/../../../../arm-none-eabi/lib/thumb/v6-m/nofp\libcr_c.a(setvbuf.o)
 .comment       0x0000004c       0x4d c:/nxp/mcuxpressoide_11.3.0_5222/ide/plugins/com.nxp.mcuxpresso.tools.win32_11.3.0.202008311133/tools/bin/../lib/gcc/arm-none-eabi/9.3.1/../../../../arm-none-eabi/lib/thumb/v6-m/nofp\libcr_c.a(_fdopen.o)
 .comment       0x0000004c       0x4d c:/nxp/mcuxpressoide_11.3.0_5222/ide/plugins/com.nxp.mcuxpresso.tools.win32_11.3.0.202008311133/tools/bin/../lib/gcc/arm-none-eabi/9.3.1/../../../../arm-none-eabi/lib/thumb/v6-m/nofp\libcr_c.a(fclose.o)
 .comment       0x0000004c       0x4d c:/nxp/mcuxpressoide_11.3.0_5222/ide/plugins/com.nxp.mcuxpresso.tools.win32_11.3.0.202008311133/tools/bin/../lib/gcc/arm-none-eabi/9.3.1/../../../../arm-none-eabi/lib/thumb/v6-m/nofp\libcr_c.a(fflush.o)
 .comment       0x0000004c       0x4d c:/nxp/mcuxpressoide_11.3.0_5222/ide/plugins/com.nxp.mcuxpresso.tools.win32_11.3.0.202008311133/tools/bin/../lib/gcc/arm-none-eabi/9.3.1/../../../../arm-none-eabi/lib/thumb/v6-m/nofp\libcr_c.a(fseek.o)
 .comment       0x0000004c       0x4d c:/nxp/mcuxpressoide_11.3.0_5222/ide/plugins/com.nxp.mcuxpresso.tools.win32_11.3.0.202008311133/tools/bin/../lib/gcc/arm-none-eabi/9.3.1/../../../../arm-none-eabi/lib/thumb/v6-m/nofp\libcr_c.a(ftell.o)
 .comment       0x0000004c       0x4d c:/nxp/mcuxpressoide_11.3.0_5222/ide/plugins/com.nxp.mcuxpresso.tools.win32_11.3.0.202008311133/tools/bin/../lib/gcc/arm-none-eabi/9.3.1/../../../../arm-none-eabi/lib/thumb/v6-m/nofp\libcr_c.a(remove.o)
 .comment       0x0000004c       0x4d c:/nxp/mcuxpressoide_11.3.0_5222/ide/plugins/com.nxp.mcuxpresso.tools.win32_11.3.0.202008311133/tools/bin/../lib/gcc/arm-none-eabi/9.3.1/../../../../arm-none-eabi/lib/thumb/v6-m/nofp\libcr_c.a(strlen.o)
 .comment       0x0000004c       0x4d c:/nxp/mcuxpressoide_11.3.0_5222/ide/plugins/com.nxp.mcuxpresso.tools.win32_11.3.0.202008311133/tools/bin/../lib/gcc/arm-none-eabi/9.3.1/../../../../arm-none-eabi/lib/thumb/v6-m/nofp\libcr_c.a(_do_fflush.o)
 .comment       0x0000004c       0x4d c:/nxp/mcuxpressoide_11.3.0_5222/ide/plugins/com.nxp.mcuxpresso.tools.win32_11.3.0.202008311133/tools/bin/../lib/gcc/arm-none-eabi/9.3.1/../../../../arm-none-eabi/lib/thumb/v6-m/nofp\libcr_c.a(_fflush.o)
 .comment       0x0000004c       0x4d c:/nxp/mcuxpressoide_11.3.0_5222/ide/plugins/com.nxp.mcuxpresso.tools.win32_11.3.0.202008311133/tools/bin/../lib/gcc/arm-none-eabi/9.3.1/../../../../arm-none-eabi/lib/thumb/v6-m/nofp\libcr_c.a(_writebuf.o)
 .comment       0x0000004c       0x4d c:/nxp/mcuxpressoide_11.3.0_5222/ide/plugins/com.nxp.mcuxpresso.tools.win32_11.3.0.202008311133/tools/bin/../lib/gcc/arm-none-eabi/9.3.1/../../../../arm-none-eabi/lib/thumb/v6-m/nofp\libcr_c.a(alloc.o)
 .comment       0x0000004c       0x4d c:/nxp/mcuxpressoide_11.3.0_5222/ide/plugins/com.nxp.mcuxpresso.tools.win32_11.3.0.202008311133/tools/bin/../lib/gcc/arm-none-eabi/9.3.1/../../../../arm-none-eabi/lib/thumb/v6-m/nofp\libcr_c.a(errno.o)
 .comment       0x0000004c       0x4d c:/nxp/mcuxpressoide_11.3.0_5222/ide/plugins/com.nxp.mcuxpresso.tools.win32_11.3.0.202008311133/tools/bin/../lib/gcc/arm-none-eabi/9.3.1/../../../../arm-none-eabi/lib/thumb/v6-m/nofp\libcr_c.a(_deferredlazyseek.o)
 .comment       0x0000004c       0x4d c:/nxp/mcuxpressoide_11.3.0_5222/ide/plugins/com.nxp.mcuxpresso.tools.win32_11.3.0.202008311133/tools/bin/../lib/gcc/arm-none-eabi/9.3.1/../../../../arm-none-eabi/lib/thumb/v6-m/nofp\libcr_nohost.a(__ciob.o)
 .comment       0x0000004c       0x4d c:/nxp/mcuxpressoide_11.3.0_5222/ide/plugins/com.nxp.mcuxpresso.tools.win32_11.3.0.202008311133/tools/bin/../lib/gcc/arm-none-eabi/9.3.1/../../../../arm-none-eabi/lib/thumb/v6-m/nofp\libcr_nohost.a(__sys_close.o)
 .comment       0x0000004c       0x4d c:/nxp/mcuxpressoide_11.3.0_5222/ide/plugins/com.nxp.mcuxpresso.tools.win32_11.3.0.202008311133/tools/bin/../lib/gcc/arm-none-eabi/9.3.1/../../../../arm-none-eabi/lib/thumb/v6-m/nofp\libcr_nohost.a(__sys_flen.o)
 .comment       0x0000004c       0x4d c:/nxp/mcuxpressoide_11.3.0_5222/ide/plugins/com.nxp.mcuxpresso.tools.win32_11.3.0.202008311133/tools/bin/../lib/gcc/arm-none-eabi/9.3.1/../../../../arm-none-eabi/lib/thumb/v6-m/nofp\libcr_nohost.a(__sys_istty.o)
 .comment       0x0000004c       0x4d c:/nxp/mcuxpressoide_11.3.0_5222/ide/plugins/com.nxp.mcuxpresso.tools.win32_11.3.0.202008311133/tools/bin/../lib/gcc/arm-none-eabi/9.3.1/../../../../arm-none-eabi/lib/thumb/v6-m/nofp\libcr_nohost.a(__sys_remove.o)
 .comment       0x0000004c       0x4d c:/nxp/mcuxpressoide_11.3.0_5222/ide/plugins/com.nxp.mcuxpresso.tools.win32_11.3.0.202008311133/tools/bin/../lib/gcc/arm-none-eabi/9.3.1/../../../../arm-none-eabi/lib/thumb/v6-m/nofp\libcr_nohost.a(__sys_seek.o)
 .comment       0x0000004c       0x4d c:/nxp/mcuxpressoide_11.3.0_5222/ide/plugins/com.nxp.mcuxpresso.tools.win32_11.3.0.202008311133/tools/bin/../lib/gcc/arm-none-eabi/9.3.1/../../../../arm-none-eabi/lib/thumb/v6-m/nofp\libcr_nohost.a(__sys_tmpnam.o)

.debug_line     0x00000000     0x5200
 .debug_line    0x00000000       0x6d ./example/src/aeabi_romdiv_patch.o
 .debug_line    0x0000006d      0x15e ./example/src/cr_startup_lpc11u6x.o
 .debug_line    0x000001cb       0xb9 ./example/src/crp.o
 .debug_line    0x00000284      0x361 ./example/src/hid_desc.o
 .debug_line    0x000005e5      0x769 ./example/src/hid_generic.o
 .debug_line    0x00000d4e      0x781 ./example/src/hid_main.o
 .debug_line    0x000014cf       0xd6 ./example/src/mtb.o
 .debug_line    0x000015a5      0x4d0 ./example/src/sysinit.o
 .debug_line    0x00001a75      0x7ac C:\Users\TeddyP\Documents\MCUXpressoIDE_11.3.0_5222\workspace\lpc_board_nxp_lpcxpresso_11u68\Debug\liblpc_board_nxp_lpcxpresso_11u68.a(board.o)
 .debug_line    0x00002221      0x531 C:\Users\TeddyP\Documents\MCUXpressoIDE_11.3.0_5222\workspace\lpc_board_nxp_lpcxpresso_11u68\Debug\liblpc_board_nxp_lpcxpresso_11u68.a(board_sysinit.o)
 .debug_line    0x00002752      0x4e3 C:\Users\TeddyP\Documents\MCUXpressoIDE_11.3.0_5222\workspace\lpc_chip_11u6x\Debug\liblpc_chip_11u6x.a(chip_11u6x.o)
 .debug_line    0x00002c35      0x88d C:\Users\TeddyP\Documents\MCUXpressoIDE_11.3.0_5222\workspace\lpc_chip_11u6x\Debug\liblpc_chip_11u6x.a(clock_11u6x.o)
 .debug_line    0x000034c2      0x5be C:\Users\TeddyP\Documents\MCUXpressoIDE_11.3.0_5222\workspace\lpc_chip_11u6x\Debug\liblpc_chip_11u6x.a(gpio_11u6x.o)
 .debug_line    0x00003a80      0x4cf C:\Users\TeddyP\Documents\MCUXpressoIDE_11.3.0_5222\workspace\lpc_chip_11u6x\Debug\liblpc_chip_11u6x.a(iocon_11u6x.o)
 .debug_line    0x00003f4f      0x501 C:\Users\TeddyP\Documents\MCUXpressoIDE_11.3.0_5222\workspace\lpc_chip_11u6x\Debug\liblpc_chip_11u6x.a(syscon_11u6x.o)
 .debug_line    0x00004450      0x563 C:\Users\TeddyP\Documents\MCUXpressoIDE_11.3.0_5222\workspace\lpc_chip_11u6x\Debug\liblpc_chip_11u6x.a(sysinit_11u6x.o)
 .debug_line    0x000049b3      0x84d C:\Users\TeddyP\Documents\MCUXpressoIDE_11.3.0_5222\workspace\lpc_chip_11u6x\Debug\liblpc_chip_11u6x.a(uart_0_11u6x.o)

.debug_info     0x00000000     0xb3cd
 .debug_info    0x00000000       0x22 ./example/src/aeabi_romdiv_patch.o
 .debug_info    0x00000022      0x273 ./example/src/cr_startup_lpc11u6x.o
 .debug_info    0x00000295       0x40 ./example/src/crp.o
 .debug_info    0x000002d5     0x13e9 ./example/src/hid_desc.o
 .debug_info    0x000016be     0x1d1f ./example/src/hid_generic.o
 .debug_info    0x000033dd     0x23ee ./example/src/hid_main.o
 .debug_info    0x000057cb       0x54 ./example/src/mtb.o
 .debug_info    0x0000581f      0x26d ./example/src/sysinit.o
 .debug_info    0x00005a8c      0xada C:\Users\TeddyP\Documents\MCUXpressoIDE_11.3.0_5222\workspace\lpc_board_nxp_lpcxpresso_11u68\Debug\liblpc_board_nxp_lpcxpresso_11u68.a(board.o)
 .debug_info    0x00006566      0xa73 C:\Users\TeddyP\Documents\MCUXpressoIDE_11.3.0_5222\workspace\lpc_board_nxp_lpcxpresso_11u68\Debug\liblpc_board_nxp_lpcxpresso_11u68.a(board_sysinit.o)
 .debug_info    0x00006fd9      0x8d8 C:\Users\TeddyP\Documents\MCUXpressoIDE_11.3.0_5222\workspace\lpc_chip_11u6x\Debug\liblpc_chip_11u6x.a(chip_11u6x.o)
 .debug_info    0x000078b1      0xdf3 C:\Users\TeddyP\Documents\MCUXpressoIDE_11.3.0_5222\workspace\lpc_chip_11u6x\Debug\liblpc_chip_11u6x.a(clock_11u6x.o)
 .debug_info    0x000086a4      0xad6 C:\Users\TeddyP\Documents\MCUXpressoIDE_11.3.0_5222\workspace\lpc_chip_11u6x\Debug\liblpc_chip_11u6x.a(gpio_11u6x.o)
 .debug_info    0x0000917a      0x345 C:\Users\TeddyP\Documents\MCUXpressoIDE_11.3.0_5222\workspace\lpc_chip_11u6x\Debug\liblpc_chip_11u6x.a(iocon_11u6x.o)
 .debug_info    0x000094bf      0x6ff C:\Users\TeddyP\Documents\MCUXpressoIDE_11.3.0_5222\workspace\lpc_chip_11u6x\Debug\liblpc_chip_11u6x.a(syscon_11u6x.o)
 .debug_info    0x00009bbe      0x808 C:\Users\TeddyP\Documents\MCUXpressoIDE_11.3.0_5222\workspace\lpc_chip_11u6x\Debug\liblpc_chip_11u6x.a(sysinit_11u6x.o)
 .debug_info    0x0000a3c6     0x1007 C:\Users\TeddyP\Documents\MCUXpressoIDE_11.3.0_5222\workspace\lpc_chip_11u6x\Debug\liblpc_chip_11u6x.a(uart_0_11u6x.o)

.debug_abbrev   0x00000000     0x1b3d
 .debug_abbrev  0x00000000       0x12 ./example/src/aeabi_romdiv_patch.o
 .debug_abbrev  0x00000012      0x131 ./example/src/cr_startup_lpc11u6x.o
 .debug_abbrev  0x00000143       0x38 ./example/src/crp.o
 .debug_abbrev  0x0000017b      0x1b0 ./example/src/hid_desc.o
 .debug_abbrev  0x0000032b      0x27b ./example/src/hid_generic.o
 .debug_abbrev  0x000005a6      0x2eb ./example/src/hid_main.o
 .debug_abbrev  0x00000891       0x46 ./example/src/mtb.o
 .debug_abbrev  0x000008d7       0xdb ./example/src/sysinit.o
 .debug_abbrev  0x000009b2      0x298 C:\Users\TeddyP\Documents\MCUXpressoIDE_11.3.0_5222\workspace\lpc_board_nxp_lpcxpresso_11u68\Debug\liblpc_board_nxp_lpcxpresso_11u68.a(board.o)
 .debug_abbrev  0x00000c4a      0x1aa C:\Users\TeddyP\Documents\MCUXpressoIDE_11.3.0_5222\workspace\lpc_board_nxp_lpcxpresso_11u68\Debug\liblpc_board_nxp_lpcxpresso_11u68.a(board_sysinit.o)
 .debug_abbrev  0x00000df4      0x1c3 C:\Users\TeddyP\Documents\MCUXpressoIDE_11.3.0_5222\workspace\lpc_chip_11u6x\Debug\liblpc_chip_11u6x.a(chip_11u6x.o)
 .debug_abbrev  0x00000fb7      0x2f4 C:\Users\TeddyP\Documents\MCUXpressoIDE_11.3.0_5222\workspace\lpc_chip_11u6x\Debug\liblpc_chip_11u6x.a(clock_11u6x.o)
 .debug_abbrev  0x000012ab      0x1dd C:\Users\TeddyP\Documents\MCUXpressoIDE_11.3.0_5222\workspace\lpc_chip_11u6x\Debug\liblpc_chip_11u6x.a(gpio_11u6x.o)
 .debug_abbrev  0x00001488      0x15d C:\Users\TeddyP\Documents\MCUXpressoIDE_11.3.0_5222\workspace\lpc_chip_11u6x\Debug\liblpc_chip_11u6x.a(iocon_11u6x.o)
 .debug_abbrev  0x000015e5      0x140 C:\Users\TeddyP\Documents\MCUXpressoIDE_11.3.0_5222\workspace\lpc_chip_11u6x\Debug\liblpc_chip_11u6x.a(syscon_11u6x.o)
 .debug_abbrev  0x00001725      0x1bd C:\Users\TeddyP\Documents\MCUXpressoIDE_11.3.0_5222\workspace\lpc_chip_11u6x\Debug\liblpc_chip_11u6x.a(sysinit_11u6x.o)
 .debug_abbrev  0x000018e2      0x25b C:\Users\TeddyP\Documents\MCUXpressoIDE_11.3.0_5222\workspace\lpc_chip_11u6x\Debug\liblpc_chip_11u6x.a(uart_0_11u6x.o)

.debug_aranges  0x00000000      0x5b0
 .debug_aranges
                0x00000000       0x28 ./example/src/aeabi_romdiv_patch.o
 .debug_aranges
                0x00000028       0x60 ./example/src/cr_startup_lpc11u6x.o
 .debug_aranges
                0x00000088       0x18 ./example/src/crp.o
 .debug_aranges
                0x000000a0       0x18 ./example/src/hid_desc.o
 .debug_aranges
                0x000000b8       0x38 ./example/src/hid_generic.o
 .debug_aranges
                0x000000f0       0x38 ./example/src/hid_main.o
 .debug_aranges
                0x00000128       0x18 ./example/src/mtb.o
 .debug_aranges
                0x00000140       0x20 ./example/src/sysinit.o
 .debug_aranges
                0x00000160       0xc0 C:\Users\TeddyP\Documents\MCUXpressoIDE_11.3.0_5222\workspace\lpc_board_nxp_lpcxpresso_11u68\Debug\liblpc_board_nxp_lpcxpresso_11u68.a(board.o)
 .debug_aranges
                0x00000220       0x38 C:\Users\TeddyP\Documents\MCUXpressoIDE_11.3.0_5222\workspace\lpc_board_nxp_lpcxpresso_11u68\Debug\liblpc_board_nxp_lpcxpresso_11u68.a(board_sysinit.o)
 .debug_aranges
                0x00000258       0x40 C:\Users\TeddyP\Documents\MCUXpressoIDE_11.3.0_5222\workspace\lpc_chip_11u6x\Debug\liblpc_chip_11u6x.a(chip_11u6x.o)
 .debug_aranges
                0x00000298      0x100 C:\Users\TeddyP\Documents\MCUXpressoIDE_11.3.0_5222\workspace\lpc_chip_11u6x\Debug\liblpc_chip_11u6x.a(clock_11u6x.o)
 .debug_aranges
                0x00000398       0x78 C:\Users\TeddyP\Documents\MCUXpressoIDE_11.3.0_5222\workspace\lpc_chip_11u6x\Debug\liblpc_chip_11u6x.a(gpio_11u6x.o)
 .debug_aranges
                0x00000410       0x28 C:\Users\TeddyP\Documents\MCUXpressoIDE_11.3.0_5222\workspace\lpc_chip_11u6x\Debug\liblpc_chip_11u6x.a(iocon_11u6x.o)
 .debug_aranges
                0x00000438       0x40 C:\Users\TeddyP\Documents\MCUXpressoIDE_11.3.0_5222\workspace\lpc_chip_11u6x\Debug\liblpc_chip_11u6x.a(syscon_11u6x.o)
 .debug_aranges
                0x00000478       0x50 C:\Users\TeddyP\Documents\MCUXpressoIDE_11.3.0_5222\workspace\lpc_chip_11u6x\Debug\liblpc_chip_11u6x.a(sysinit_11u6x.o)
 .debug_aranges
                0x000004c8       0xe8 C:\Users\TeddyP\Documents\MCUXpressoIDE_11.3.0_5222\workspace\lpc_chip_11u6x\Debug\liblpc_chip_11u6x.a(uart_0_11u6x.o)

.debug_str      0x00000000    0x12d75
 .debug_str     0x00000000       0x8b ./example/src/aeabi_romdiv_patch.o
 .debug_str     0x0000008b     0x2ede ./example/src/cr_startup_lpc11u6x.o
                               0x2f4a (size before relaxing)
 .debug_str     0x00002f69       0xf1 ./example/src/crp.o
                               0x2e34 (size before relaxing)
 .debug_str     0x0000305a     0x6584 ./example/src/hid_desc.o
                               0x940d (size before relaxing)
 .debug_str     0x000095de     0x7074 ./example/src/hid_generic.o
                              0x10492 (size before relaxing)
 .debug_str     0x00010652      0x8da ./example/src/hid_main.o
                              0x109ac (size before relaxing)
 .debug_str     0x00010f2c      0x521 ./example/src/mtb.o
                               0x3269 (size before relaxing)
 .debug_str     0x0001144d       0x19 ./example/src/sysinit.o
                               0xb189 (size before relaxing)
 .debug_str     0x00011466      0x2df C:\Users\TeddyP\Documents\MCUXpressoIDE_11.3.0_5222\workspace\lpc_board_nxp_lpcxpresso_11u68\Debug\liblpc_board_nxp_lpcxpresso_11u68.a(board.o)
                               0xb5d6 (size before relaxing)
 .debug_str     0x00011745      0x5d9 C:\Users\TeddyP\Documents\MCUXpressoIDE_11.3.0_5222\workspace\lpc_board_nxp_lpcxpresso_11u68\Debug\liblpc_board_nxp_lpcxpresso_11u68.a(board_sysinit.o)
                               0xb935 (size before relaxing)
 .debug_str     0x00011d1e      0x1b4 C:\Users\TeddyP\Documents\MCUXpressoIDE_11.3.0_5222\workspace\lpc_chip_11u6x\Debug\liblpc_chip_11u6x.a(chip_11u6x.o)
                               0xb5e3 (size before relaxing)
 .debug_str     0x00011ed2      0x7a9 C:\Users\TeddyP\Documents\MCUXpressoIDE_11.3.0_5222\workspace\lpc_chip_11u6x\Debug\liblpc_chip_11u6x.a(clock_11u6x.o)
                               0xba5b (size before relaxing)
 .debug_str     0x0001267b       0xfe C:\Users\TeddyP\Documents\MCUXpressoIDE_11.3.0_5222\workspace\lpc_chip_11u6x\Debug\liblpc_chip_11u6x.a(gpio_11u6x.o)
                               0xb432 (size before relaxing)
 .debug_str     0x00012779       0x5e C:\Users\TeddyP\Documents\MCUXpressoIDE_11.3.0_5222\workspace\lpc_chip_11u6x\Debug\liblpc_chip_11u6x.a(iocon_11u6x.o)
                               0xae0b (size before relaxing)
 .debug_str     0x000127d7      0x1c2 C:\Users\TeddyP\Documents\MCUXpressoIDE_11.3.0_5222\workspace\lpc_chip_11u6x\Debug\liblpc_chip_11u6x.a(syscon_11u6x.o)
                               0xb1c9 (size before relaxing)
 .debug_str     0x00012999      0x130 C:\Users\TeddyP\Documents\MCUXpressoIDE_11.3.0_5222\workspace\lpc_chip_11u6x\Debug\liblpc_chip_11u6x.a(sysinit_11u6x.o)
                               0xb248 (size before relaxing)
 .debug_str     0x00012ac9      0x2ac C:\Users\TeddyP\Documents\MCUXpressoIDE_11.3.0_5222\workspace\lpc_chip_11u6x\Debug\liblpc_chip_11u6x.a(uart_0_11u6x.o)
                               0xb616 (size before relaxing)

.debug_ranges   0x00000000      0x490
 .debug_ranges  0x00000000       0x20 ./example/src/aeabi_romdiv_patch.o
 .debug_ranges  0x00000020       0x50 ./example/src/cr_startup_lpc11u6x.o
 .debug_ranges  0x00000070       0x28 ./example/src/hid_generic.o
 .debug_ranges  0x00000098       0x28 ./example/src/hid_main.o
 .debug_ranges  0x000000c0       0x10 ./example/src/sysinit.o
 .debug_ranges  0x000000d0       0xb0 C:\Users\TeddyP\Documents\MCUXpressoIDE_11.3.0_5222\workspace\lpc_board_nxp_lpcxpresso_11u68\Debug\liblpc_board_nxp_lpcxpresso_11u68.a(board.o)
 .debug_ranges  0x00000180       0x28 C:\Users\TeddyP\Documents\MCUXpressoIDE_11.3.0_5222\workspace\lpc_board_nxp_lpcxpresso_11u68\Debug\liblpc_board_nxp_lpcxpresso_11u68.a(board_sysinit.o)
 .debug_ranges  0x000001a8       0x30 C:\Users\TeddyP\Documents\MCUXpressoIDE_11.3.0_5222\workspace\lpc_chip_11u6x\Debug\liblpc_chip_11u6x.a(chip_11u6x.o)
 .debug_ranges  0x000001d8       0xf0 C:\Users\TeddyP\Documents\MCUXpressoIDE_11.3.0_5222\workspace\lpc_chip_11u6x\Debug\liblpc_chip_11u6x.a(clock_11u6x.o)
 .debug_ranges  0x000002c8       0x68 C:\Users\TeddyP\Documents\MCUXpressoIDE_11.3.0_5222\workspace\lpc_chip_11u6x\Debug\liblpc_chip_11u6x.a(gpio_11u6x.o)
 .debug_ranges  0x00000330       0x18 C:\Users\TeddyP\Documents\MCUXpressoIDE_11.3.0_5222\workspace\lpc_chip_11u6x\Debug\liblpc_chip_11u6x.a(iocon_11u6x.o)
 .debug_ranges  0x00000348       0x30 C:\Users\TeddyP\Documents\MCUXpressoIDE_11.3.0_5222\workspace\lpc_chip_11u6x\Debug\liblpc_chip_11u6x.a(syscon_11u6x.o)
 .debug_ranges  0x00000378       0x40 C:\Users\TeddyP\Documents\MCUXpressoIDE_11.3.0_5222\workspace\lpc_chip_11u6x\Debug\liblpc_chip_11u6x.a(sysinit_11u6x.o)
 .debug_ranges  0x000003b8       0xd8 C:\Users\TeddyP\Documents\MCUXpressoIDE_11.3.0_5222\workspace\lpc_chip_11u6x\Debug\liblpc_chip_11u6x.a(uart_0_11u6x.o)

.debug_macro    0x00000000     0x5c61
 .debug_macro   0x00000000       0x23 ./example/src/cr_startup_lpc11u6x.o
 .debug_macro   0x00000023      0xa9c ./example/src/cr_startup_lpc11u6x.o
 .debug_macro   0x00000abf       0x1a ./example/src/crp.o
 .debug_macro   0x00000ad9       0x34 ./example/src/crp.o
 .debug_macro   0x00000b0d      0x107 ./example/src/hid_desc.o
 .debug_macro   0x00000c14       0x10 ./example/src/hid_desc.o
 .debug_macro   0x00000c24      0x12e ./example/src/hid_desc.o
 .debug_macro   0x00000d52      0x5b3 ./example/src/hid_desc.o
 .debug_macro   0x00001305       0x22 ./example/src/hid_desc.o
 .debug_macro   0x00001327       0x7b ./example/src/hid_desc.o
 .debug_macro   0x000013a2       0x18 ./example/src/hid_desc.o
 .debug_macro   0x000013ba      0x26c ./example/src/hid_desc.o
 .debug_macro   0x00001626       0x46 ./example/src/hid_desc.o
 .debug_macro   0x0000166c       0x12 ./example/src/hid_desc.o
 .debug_macro   0x0000167e       0xfa ./example/src/hid_desc.o
 .debug_macro   0x00001778       0xee ./example/src/hid_desc.o
 .debug_macro   0x00001866      0x693 ./example/src/hid_desc.o
 .debug_macro   0x00001ef9      0x272 ./example/src/hid_desc.o
 .debug_macro   0x0000216b       0x10 ./example/src/hid_desc.o
 .debug_macro   0x0000217b      0x2b6 ./example/src/hid_generic.o
 .debug_macro   0x00002431       0x10 ./example/src/hid_generic.o
 .debug_macro   0x00002441       0x26 ./example/src/hid_generic.o
 .debug_macro   0x00002467       0x3a ./example/src/hid_generic.o
 .debug_macro   0x000024a1       0x1f ./example/src/hid_generic.o
 .debug_macro   0x000024c0      0x242 ./example/src/hid_generic.o
 .debug_macro   0x00002702      0x178 ./example/src/hid_generic.o
 .debug_macro   0x0000287a       0xca ./example/src/hid_generic.o
 .debug_macro   0x00002944       0x5e ./example/src/hid_generic.o
 .debug_macro   0x000029a2       0x6a ./example/src/hid_generic.o
 .debug_macro   0x00002a0c       0x70 ./example/src/hid_generic.o
 .debug_macro   0x00002a7c       0x34 ./example/src/hid_generic.o
 .debug_macro   0x00002ab0      0x10d ./example/src/hid_generic.o
 .debug_macro   0x00002bbd       0x10 ./example/src/hid_generic.o
 .debug_macro   0x00002bcd       0xac ./example/src/hid_generic.o
 .debug_macro   0x00002c79       0x40 ./example/src/hid_generic.o
 .debug_macro   0x00002cb9       0x6a ./example/src/hid_generic.o
 .debug_macro   0x00002d23       0x64 ./example/src/hid_generic.o
 .debug_macro   0x00002d87       0x1c ./example/src/hid_generic.o
 .debug_macro   0x00002da3       0x4c ./example/src/hid_generic.o
 .debug_macro   0x00002def       0x16 ./example/src/hid_generic.o
 .debug_macro   0x00002e05      0x2fb ./example/src/hid_generic.o
 .debug_macro   0x00003100      0x112 ./example/src/hid_generic.o
 .debug_macro   0x00003212       0xb8 ./example/src/hid_generic.o
 .debug_macro   0x000032ca      0x201 ./example/src/hid_generic.o
 .debug_macro   0x000034cb      0x152 ./example/src/hid_generic.o
 .debug_macro   0x0000361d      0x18a ./example/src/hid_generic.o
 .debug_macro   0x000037a7       0x88 ./example/src/hid_generic.o
 .debug_macro   0x0000382f       0x40 ./example/src/hid_generic.o
 .debug_macro   0x0000386f       0xd2 ./example/src/hid_generic.o
 .debug_macro   0x00003941       0x3a ./example/src/hid_generic.o
 .debug_macro   0x0000397b       0x42 ./example/src/hid_generic.o
 .debug_macro   0x000039bd       0x10 ./example/src/hid_generic.o
 .debug_macro   0x000039cd       0x34 ./example/src/hid_generic.o
 .debug_macro   0x00003a01       0x9a ./example/src/hid_generic.o
 .debug_macro   0x00003a9b       0x20 ./example/src/hid_generic.o
 .debug_macro   0x00003abb      0x2c8 ./example/src/hid_main.o
 .debug_macro   0x00003d83       0x29 ./example/src/mtb.o
 .debug_macro   0x00003dac       0x82 ./example/src/mtb.o
 .debug_macro   0x00003e2e       0x10 ./example/src/mtb.o
 .debug_macro   0x00003e3e      0x210 ./example/src/sysinit.o
 .debug_macro   0x0000404e      0x226 C:\Users\TeddyP\Documents\MCUXpressoIDE_11.3.0_5222\workspace\lpc_board_nxp_lpcxpresso_11u68\Debug\liblpc_board_nxp_lpcxpresso_11u68.a(board.o)
 .debug_macro   0x00004274      0xa96 C:\Users\TeddyP\Documents\MCUXpressoIDE_11.3.0_5222\workspace\lpc_board_nxp_lpcxpresso_11u68\Debug\liblpc_board_nxp_lpcxpresso_11u68.a(board.o)
 .debug_macro   0x00004d0a       0x12 C:\Users\TeddyP\Documents\MCUXpressoIDE_11.3.0_5222\workspace\lpc_board_nxp_lpcxpresso_11u68\Debug\liblpc_board_nxp_lpcxpresso_11u68.a(board.o)
 .debug_macro   0x00004d1c      0x21e C:\Users\TeddyP\Documents\MCUXpressoIDE_11.3.0_5222\workspace\lpc_board_nxp_lpcxpresso_11u68\Debug\liblpc_board_nxp_lpcxpresso_11u68.a(board_sysinit.o)
 .debug_macro   0x00004f3a      0x1db C:\Users\TeddyP\Documents\MCUXpressoIDE_11.3.0_5222\workspace\lpc_chip_11u6x\Debug\liblpc_chip_11u6x.a(chip_11u6x.o)
 .debug_macro   0x00005115      0x1db C:\Users\TeddyP\Documents\MCUXpressoIDE_11.3.0_5222\workspace\lpc_chip_11u6x\Debug\liblpc_chip_11u6x.a(clock_11u6x.o)
 .debug_macro   0x000052f0      0x1db C:\Users\TeddyP\Documents\MCUXpressoIDE_11.3.0_5222\workspace\lpc_chip_11u6x\Debug\liblpc_chip_11u6x.a(gpio_11u6x.o)
 .debug_macro   0x000054cb      0x1db C:\Users\TeddyP\Documents\MCUXpressoIDE_11.3.0_5222\workspace\lpc_chip_11u6x\Debug\liblpc_chip_11u6x.a(iocon_11u6x.o)
 .debug_macro   0x000056a6      0x205 C:\Users\TeddyP\Documents\MCUXpressoIDE_11.3.0_5222\workspace\lpc_chip_11u6x\Debug\liblpc_chip_11u6x.a(syscon_11u6x.o)
 .debug_macro   0x000058ab      0x1db C:\Users\TeddyP\Documents\MCUXpressoIDE_11.3.0_5222\workspace\lpc_chip_11u6x\Debug\liblpc_chip_11u6x.a(sysinit_11u6x.o)
 .debug_macro   0x00005a86      0x1db C:\Users\TeddyP\Documents\MCUXpressoIDE_11.3.0_5222\workspace\lpc_chip_11u6x\Debug\liblpc_chip_11u6x.a(uart_0_11u6x.o)

.debug_frame    0x00000000     0x108c
 .debug_frame   0x00000000      0x118 ./example/src/cr_startup_lpc11u6x.o
 .debug_frame   0x00000118       0x90 ./example/src/hid_generic.o
 .debug_frame   0x000001a8       0x90 ./example/src/hid_main.o
 .debug_frame   0x00000238       0x2c ./example/src/sysinit.o
 .debug_frame   0x00000264      0x2a8 C:\Users\TeddyP\Documents\MCUXpressoIDE_11.3.0_5222\workspace\lpc_board_nxp_lpcxpresso_11u68\Debug\liblpc_board_nxp_lpcxpresso_11u68.a(board.o)
 .debug_frame   0x0000050c       0x84 C:\Users\TeddyP\Documents\MCUXpressoIDE_11.3.0_5222\workspace\lpc_board_nxp_lpcxpresso_11u68\Debug\liblpc_board_nxp_lpcxpresso_11u68.a(board_sysinit.o)
 .debug_frame   0x00000590       0xa4 C:\Users\TeddyP\Documents\MCUXpressoIDE_11.3.0_5222\workspace\lpc_chip_11u6x\Debug\liblpc_chip_11u6x.a(chip_11u6x.o)
 .debug_frame   0x00000634      0x394 C:\Users\TeddyP\Documents\MCUXpressoIDE_11.3.0_5222\workspace\lpc_chip_11u6x\Debug\liblpc_chip_11u6x.a(clock_11u6x.o)
 .debug_frame   0x000009c8      0x190 C:\Users\TeddyP\Documents\MCUXpressoIDE_11.3.0_5222\workspace\lpc_chip_11u6x\Debug\liblpc_chip_11u6x.a(gpio_11u6x.o)
 .debug_frame   0x00000b58       0x50 C:\Users\TeddyP\Documents\MCUXpressoIDE_11.3.0_5222\workspace\lpc_chip_11u6x\Debug\liblpc_chip_11u6x.a(iocon_11u6x.o)
 .debug_frame   0x00000ba8       0xb0 C:\Users\TeddyP\Documents\MCUXpressoIDE_11.3.0_5222\workspace\lpc_chip_11u6x\Debug\liblpc_chip_11u6x.a(syscon_11u6x.o)
 .debug_frame   0x00000c58       0xe4 C:\Users\TeddyP\Documents\MCUXpressoIDE_11.3.0_5222\workspace\lpc_chip_11u6x\Debug\liblpc_chip_11u6x.a(sysinit_11u6x.o)
 .debug_frame   0x00000d3c      0x350 C:\Users\TeddyP\Documents\MCUXpressoIDE_11.3.0_5222\workspace\lpc_chip_11u6x\Debug\liblpc_chip_11u6x.a(uart_0_11u6x.o)
