syscon_11u6x.h:155:20:Chip_SYSCTL_AssertPeriphReset	16	static
syscon_11u6x.h:165:20:Chip_SYSCTL_DeassertPeriphReset	16	static
syscon_11u6x.h:175:20:Chip_SYSCTL_PeriphReset	16	static
clock_11u6x.h:392:20:Chip_Clock_SetUSARTNBaseClockDiv	16	static
clock_11u6x.h:403:24:Chip_Clock_GetUSARTNBaseClockDiv	8	static
clock_11u6x.h:413:20:Chip_Clock_SetUSARTNFRGDivider	16	static
clock_11u6x.h:422:24:Chip_Clock_GetUSARTNFRGDivider	8	static
clock_11u6x.h:432:20:Chip_Clock_SetUSARTNFRGMultiplier	16	static
clock_11u6x.h:441:24:Chip_Clock_GetUSARTNFRGMultiplier	8	static
clock_11u6x.h:515:24:Chip_Clock_GetMainOscRate	8	static
clock_11u6x.h:524:24:Chip_Clock_GetIntOscRate	8	static
clock_11u6x.h:533:24:Chip_Clock_GetRTCOscRate	8	static
clock_11u6x.c:65:17:Chip_Clock_GetWDTRate	24	static
clock_11u6x.c:79:17:Chip_Clock_GetPLLFreq	24	static
clock_11u6x.c:91:10:Chip_Clock_GetUSARTNBaseClockRate	56	static
clock_11u6x.c:125:10:Chip_Clock_SetUSARTNBaseClockRate	32	static
clock_11u6x.c:166:6:Chip_Clock_SetSystemPLLSource	16	static
clock_11u6x.c:174:6:Chip_Clock_SetPLLBypass	24	static
clock_11u6x.c:189:6:Chip_Clock_SetUSBPLLSource	16	static
clock_11u6x.c:197:6:Chip_Clock_SetMainClockSource	16	static
clock_11u6x.c:205:6:Chip_Clock_SetUSBClockSource	16	static
clock_11u6x.c:214:6:Chip_Clock_SetCLKOUTSource	16	static
clock_11u6x.c:223:10:Chip_Clock_GetWDTOSCRate	8	static
clock_11u6x.c:229:10:Chip_Clock_GetSystemPLLInClockRate	16	static
clock_11u6x.c:254:10:Chip_Clock_GetSystemPLLOutClockRate	16	static
clock_11u6x.c:261:10:Chip_Clock_GetUSBPLLInClockRate	16	static
clock_11u6x.c:282:10:Chip_Clock_GetUSBPLLOutClockRate	16	static
clock_11u6x.c:289:10:Chip_Clock_GetMainClockRate	16	static
clock_11u6x.c:315:10:Chip_Clock_GetSystemClockRate	8	static
