clock_11u6x.h:279:20:Chip_Clock_EnablePeriphClock	16	static
clock_11u6x.h:289:20:Chip_Clock_DisablePeriphClock	16	static
i2c_11u6x.c:76:20:enableClk	16	static
i2c_11u6x.c:81:20:disableClk	16	static
i2c_11u6x.c:87:24:getClkRate	16	static
i2c_11u6x.c:93:20:startMasterXfer	16	static
i2c_11u6x.c:103:20:startSlaverXfer	16	static
i2c_11u6x.c:113:19:isI2CBusFree	16	static
i2c_11u6x.c:119:19:getCurState	16	static
i2c_11u6x.c:125:19:isMasterState	16	static
i2c_11u6x.c:131:13:setSlaveAddr	32	static
i2c_11u6x.c:145:12:isSlaveAddrMatching	24	static
i2c_11u6x.c:152:21:lookupSlaveIndex	16	static
i2c_11u6x.c:175:5:handleMasterXferState	24	static
i2c_11u6x.c:248:14:getSlaveIndex	16	static
i2c_11u6x.c:265:5:handleSlaveXferState	24	static
i2c_11u6x.c:331:6:Chip_I2C_EventHandler	24	static
i2c_11u6x.c:347:6:Chip_I2C_EventHandlerPolling	24	static
i2c_11u6x.c:367:6:Chip_I2C_Init	16	static
i2c_11u6x.c:376:6:Chip_I2C_DeInit	16	static
i2c_11u6x.c:385:6:Chip_I2C_SetClockRate	24	static
i2c_11u6x.c:395:10:Chip_I2C_GetClockRate	24	static
i2c_11u6x.c:401:5:Chip_I2C_SetMasterEventHandler	24	static
i2c_11u6x.c:411:20:Chip_I2C_GetMasterEventHandler	16	static
i2c_11u6x.c:417:5:Chip_I2C_MasterTransfer	24	static
i2c_11u6x.c:445:5:Chip_I2C_MasterSend	48	static
i2c_11u6x.c:458:5:Chip_I2C_MasterCmdRead	48	static
i2c_11u6x.c:471:5:Chip_I2C_MasterRead	56	static
i2c_11u6x.c:482:5:Chip_I2C_IsMasterActive	16	static
i2c_11u6x.c:488:6:Chip_I2C_MasterStateHandler	16	static
i2c_11u6x.c:496:6:Chip_I2C_SlaveSetup	40	static
i2c_11u6x.c:519:6:Chip_I2C_SlaveStateHandler	40	static
i2c_11u6x.c:545:6:Chip_I2C_Disable	16	static
i2c_11u6x.c:551:5:Chip_I2C_IsStateChanged	16	static
