syscon_11u6x.h:155:20:Chip_SYSCTL_AssertPeriphReset	16	static
syscon_11u6x.h:165:20:Chip_SYSCTL_DeassertPeriphReset	16	static
syscon_11u6x.h:175:20:Chip_SYSCTL_PeriphReset	16	static
clock_11u6x.h:279:20:Chip_Clock_EnablePeriphClock	16	static
clock_11u6x.h:289:20:Chip_Clock_DisablePeriphClock	16	static
clock_11u6x.h:301:20:Chip_Clock_SetSSP0ClockDiv	16	static
clock_11u6x.h:311:24:Chip_Clock_GetSSP0ClockDiv	8	static
clock_11u6x.h:345:20:Chip_Clock_SetSSP1ClockDiv	16	static
clock_11u6x.h:355:24:Chip_Clock_GetSSP1ClockDiv	8	static
ssp_11u6x.h:243:20:Chip_SSP_Disable	16	static
ssp_11u6x.h:283:26:Chip_SSP_GetStatus	16	static
ssp_11u6x.h:310:25:Chip_SSP_GetRawIntStatus	16	static
ssp_11u6x.h:321:23:Chip_SSP_GetDataSize	16	static
ssp_11u6x.h:335:20:Chip_SSP_ClearIntPending	16	static
ssp_11u6x.h:365:24:Chip_SSP_ReceiveFrame	16	static
ssp_11u6x.h:376:20:Chip_SSP_SendFrame	16	static
ssp_11u6x.h:407:20:Chip_SSP_SetFormat	24	static
ssp_11u6x.h:420:20:Chip_SSP_Set_Mode	16	static
ssp_11u6x.c:46:13:SSP_Write2BFifo	16	static
ssp_11u6x.c:59:13:SSP_Write1BFifo	16	static
ssp_11u6x.c:72:13:SSP_Read2BFifo	32	static
ssp_11u6x.c:87:13:SSP_Read1BFifo	32	static
ssp_11u6x.c:103:28:Chip_SSP_GetClockIndex	24	static
ssp_11u6x.c:118:35:Chip_SSP_GetResetIndex	24	static
ssp_11u6x.c:133:13:Chip_SSP_SetSSPClkDivider	16	static
ssp_11u6x.c:144:17:Chip_SSP_GetPCLKkRate	24	static
ssp_11u6x.c:163:6:Chip_SSP_SetClockRate	32	static
ssp_11u6x.c:172:10:Chip_SSP_RWFrames_Blocking	16	static
ssp_11u6x.c:225:10:Chip_SSP_WriteFrames_Blocking	40	static
ssp_11u6x.c:293:10:Chip_SSP_ReadFrames_Blocking	40	static
ssp_11u6x.c:361:6:Chip_SSP_Int_FlushData	16	static
ssp_11u6x.c:377:8:Chip_SSP_Int_RWFrames8Bits	16	static
ssp_11u6x.c:408:8:Chip_SSP_Int_RWFrames16Bits	16	static
ssp_11u6x.c:439:6:Chip_SSP_SetMaster	16	static
ssp_11u6x.c:450:6:Chip_SSP_SetBitRate	32	static
ssp_11u6x.c:475:6:Chip_SSP_Init	16	static
ssp_11u6x.c:487:6:Chip_SSP_DeInit	16	static
