syscon_11u6x.h:155:20:Chip_SYSCTL_AssertPeriphReset	16	static
syscon_11u6x.h:165:20:Chip_SYSCTL_DeassertPeriphReset	16	static
syscon_11u6x.h:175:20:Chip_SYSCTL_PeriphReset	16	static
clock_11u6x.h:279:20:Chip_Clock_EnablePeriphClock	16	static
clock_11u6x.h:289:20:Chip_Clock_DisablePeriphClock	16	static
ring_buffer.h:133:19:RingBuffer_IsEmpty	16	static
uart_n_11u6x.h:174:20:Chip_UARTN_SendByte	16	static
uart_n_11u6x.h:187:24:Chip_UARTN_ReadByte	16	static
uart_n_11u6x.h:201:20:Chip_UARTN_IntEnable	16	static
uart_n_11u6x.h:214:20:Chip_UARTN_IntDisable	16	static
uart_n_11u6x.h:272:24:Chip_UARTN_GetStatus	16	static
uart_n_11u6x.c:50:28:getUARTClockID	16	static
uart_n_11u6x.c:63:13:Chip_UARTN_EnableClock	32	static
uart_n_11u6x.c:77:13:Chip_UARTN_DisableClock	32	static
uart_n_11u6x.c:99:6:Chip_UARTN_Init	24	static
uart_n_11u6x.c:124:6:Chip_UARTN_DeInit	16	static
uart_n_11u6x.c:131:5:Chip_UARTN_Send	32	static
uart_n_11u6x.c:148:5:Chip_UARTN_SendBlocking	40	static
uart_n_11u6x.c:164:5:Chip_UARTN_Read	32	static
uart_n_11u6x.c:181:5:Chip_UARTN_ReadBlocking	40	static
uart_n_11u6x.c:197:6:Chip_UARTN_SetBaud	24	static
uart_n_11u6x.c:205:6:Chip_UARTN_SetBaudWithRTC32K	16	static
uart_n_11u6x.c:214:6:Chip_UARTN_RXIntHandlerRB	24	static
uart_n_11u6x.c:224:6:Chip_UARTN_TXIntHandlerRB	24	static
uart_n_11u6x.c:236:10:Chip_UARTN_SendRB	32	static
uart_n_11u6x.c:258:5:Chip_UARTN_ReadRB	24	static
uart_n_11u6x.c:266:6:Chip_UARTN_IRQRBHandler	24	static
