core_cm0plus.h:626:22:NVIC_EnableIRQ	16	static
core_cm0plus.h:693:22:NVIC_SetPriority	24	static
uart_0_11u6x.h:290:20:Chip_UART0_TXEnable	16	static
uart_0_11u6x.h:341:20:Chip_UART0_IntEnable	16	static
uart_0_11u6x.h:356:20:Chip_UART0_IntDisable	16	static
uart_0_11u6x.h:369:24:Chip_UART0_GetIntsEnabled	16	static
uart_0_11u6x.h:394:20:Chip_UART0_SetupFIFOS	16	static
uart_0_11u6x.h:409:20:Chip_UART0_ConfigData	16	static
usbd_core.h:557:20:USB_IsConfigured	24	static
cdc_uart.c:79:13:Init_UART_PinMux	8	static
cdc_uart.c:96:13:UCOM_UartInit	8	static
cdc_uart.c:118:20:UCOM_bulk_hdlr	40	static
cdc_uart.c:169:20:UCOM_SetLineCode	24	static
cdc_uart.c:265:6:USART0_IRQHandler	24	static
cdc_uart.c:307:13:UCOM_init	120	static
