core_cm0plus.h:638:22:NVIC_DisableIRQ	16	static
i2cm_11u6x.h:157:20:Chip_I2CM_SendStart	16	static
i2cm_11u6x.h:168:20:Chip_I2CM_ResetControl	16	static
i2cm_11u6x.h:184:20:Chip_I2CM_WriteByte	16	static
i2cm_11u6x.h:197:23:Chip_I2CM_ReadByte	16	static
i2cm_11u6x.h:209:20:Chip_I2CM_NackNextByte	16	static
i2cm_11u6x.h:220:20:Chip_I2CM_SendStop	16	static
i2cm_11u6x.h:255:20:Chip_I2CM_SendStartAfterStop	16	static
i2cm_11u6x.h:266:24:Chip_I2CM_StateChanged	16	static
i2cm_11u6x.h:277:20:Chip_I2CM_ClearSI	16	static
i2cm_11u6x.h:301:24:Chip_I2CM_GetCurState	16	static
usbd_core.h:557:20:USB_IsConfigured	24	static
hid_i2c.c:81:20:HID_I2C_Bind	24	static
hid_i2c.c:101:20:HID_I2C_IncIndex	16	static
hid_i2c.c:107:20:HID_I2C_GetReport	24	static
hid_i2c.c:114:20:HID_I2C_SetReport	24	static
hid_i2c.c:121:20:HID_I2C_EpIn_Hdlr	40	static
hid_i2c.c:140:20:HID_I2C_EpOut_Hdlr	40	static
hid_i2c.c:161:17:HID_I2C_StatusCheckLoop	16	static
hid_i2c.c:171:16:HID_I2C_HandleReadStates	48	static
hid_i2c.c:210:16:HID_I2C_HandleWriteStates	40	static
hid_i2c.c:248:13:HID_I2C_HandleRWReq	40	static
hid_i2c.c:320:13:HID_I2C_HandleXferReq	56	static
hid_i2c.c:365:13:HID_I2C_init	120	static
hid_i2c.c:458:6:HID_I2C_process	40	static
