port.c:130:17:pxPortInitialiseStack	24	static
port.c:148:13:prvTaskExitError	8	static
port.c:162:6:SVC_Handler	0	static
port.c:190:6:vPortStartFirstTask	0	static
port.c:206:15:xPortStartScheduler	8	static
port.c:227:6:vPortEndScheduler	8	static
port.c:234:6:vPortYield	8	static
port.c:246:6:vPortEnterCritical	8	static
port.c:255:6:vPortExitCritical	8	static
port.c:265:15:ulSetInterruptMaskFromISR	0	static
port.c:278:6:vClearInterruptMaskFromISR	0	static
port.c:290:6:PendSV_Handler	0	static
port.c:338:6:SysTick_Handler	16	static
port.c:359:6:prvSetupTimerInterrupt	8	static
