core_cm0plus.h:626:22:NVIC_EnableIRQ	16	static
core_cm0plus.h:693:22:NVIC_SetPriority	24	static
core_cm0plus.h:767:26:SysTick_Config	16	static
syscon_11u6x.h:155:20:Chip_SYSCTL_AssertPeriphReset	16	static
syscon_11u6x.h:165:20:Chip_SYSCTL_DeassertPeriphReset	16	static
syscon_11u6x.h:175:20:Chip_SYSCTL_PeriphReset	16	static
periph_i2cm_interrupt.c:89:13:Init_I2C_PinMux	8	static
periph_i2cm_interrupt.c:108:13:setupI2CMaster	8	static
periph_i2cm_interrupt.c:119:13:WaitForI2cXferComplete	16	static
periph_i2cm_interrupt.c:129:13:SetupXferRecAndExecute	32	static
periph_i2cm_interrupt.c:186:17:IncLedPattern	16	static
periph_i2cm_interrupt.c:203:17:WriteLedsOverI2CM	40	static
periph_i2cm_interrupt.c:225:13:ReadWriteLedsOverI2CM	24	static
periph_i2cm_interrupt.c:259:6:I2C0_IRQHandler	8	static
periph_i2cm_interrupt.c:269:6:SysTick_Handler	8	static
periph_i2cm_interrupt.c:284:5:main	16	static
