core_cm0plus.h:626:22:NVIC_EnableIRQ	16	static
core_cm0plus.h:693:22:NVIC_SetPriority	24	static
core_cm0plus.h:767:26:SysTick_Config	16	static
adc_11u6x.h:298:20:Chip_ADC_SetupSequencer	24	static
adc_11u6x.h:309:20:Chip_ADC_EnableSequencer	16	static
adc_11u6x.h:347:20:Chip_ADC_StartBurstSequencer	16	static
adc_11u6x.h:358:20:Chip_ADC_StopBurstSequencer	16	static
adc_11u6x.h:416:24:Chip_ADC_GetDataReg	16	static
adc_11u6x.h:514:24:Chip_ADC_GetFlags	16	static
adc_11u6x.h:525:20:Chip_ADC_ClearFlags	16	static
adc_11u6x.h:536:20:Chip_ADC_SetTrim	16	static
temp.c:61:13:tempStartCycle	8	static
temp.c:72:13:tempCycleComplete	8	static
temp.c:79:17:tempGetSample	8	static
temp.c:93:6:SysTick_Handler	8	static
temp.c:111:6:ADCA_IRQHandler	24	static
temp.c:140:5:main	16	static
