09:58:44 **** Incremental Build of configuration Debug for project demos_switch_blinky ****
make -r -j16 all 
Building target: demos_switch_blinky.axf
Invoking: MCU Linker
arm-none-eabi-gcc -nostdlib -L"C:\Users\TeddyP\Documents\MCUXpressoIDE_11.3.0_5222\workspace\lpc_chip_11u6x\Debug" -L"C:\Users\TeddyP\Documents\MCUXpressoIDE_11.3.0_5222\workspace\lpc_board_nxp_lpcxpresso_11u68\Debug" -Xlinker -Map="demos_switch_blinky.map" -Xlinker --gc-sections -Xlinker --allow-multiple-definition -mcpu=cortex-m0 -mthumb -T "demos_switch_blinky_Debug.ld" -o "demos_switch_blinky.axf"  ./example/src/aeabi_romdiv_patch.o ./example/src/cr_startup_lpc11u6x.o ./example/src/crp.o ./example/src/mtb.o ./example/src/switch_blinky.o ./example/src/sysinit.o   -llpc_board_nxp_lpcxpresso_11u68 -llpc_chip_11u6x
Finished building target: demos_switch_blinky.axf
 
make --no-print-directory post-build
Performing post-build steps
arm-none-eabi-size "demos_switch_blinky.axf"; # arm-none-eabi-objcopy -O binary "demos_switch_blinky.axf" "demos_switch_blinky.bin" ; checksum -p LPC11U68 -d "demos_switch_blinky.bin";
   text	   data	    bss	    dec	    hex	filename
   6588	      0	    760	   7348	   1cb4	demos_switch_blinky.axf
 

09:58:44 Build Finished. 0 errors, 0 warnings. (took 316ms)

