23:28:19 **** Build of configuration Debug for project I2I2-004-ReadPIO-ChangePIOState ****
make -r -j16 all 
Building file: ../src/I2I2-004.cpp
Building file: ../src/aeabi_romdiv_patch.s
Building file: ../src/cr_cpp_config.cpp
Building file: ../src/cr_startup_lpc11u6x.cpp
Building file: ../src/crp.c
Invoking: MCU C++ Compiler
Building file: ../src/mtb.c
Invoking: MCU Assembler
arm-none-eabi-c++ -DDEBUG -D__CODE_RED -D__NEWLIB__ -DCORE_M0PLUS -D__MTB_BUFFER_SIZE=256 -D__USE_ROMDIVIDE -D__USE_LPCOPEN -DCPP_USE_HEAP -D__LPC11U6X__ -I"C:\Users\TeddyP\Documents\GitHub\I2I\lpc_board_nxp_lpcxpresso_11u68\inc" -I"C:\Users\TeddyP\Documents\GitHub\I2I\lpc_chip_11u6x\inc" -O0 -fno-common -g3 -Wall -c -fmessage-length=0 -fno-builtin -ffunction-sections -fdata-sections -fno-rtti -fno-exceptions -fmerge-constants -fmacro-prefix-map="../src/"=. -mcpu=cortex-m0 -mthumb -fstack-usage -MMD -MP -MF"src/I2I2-004.d" -MT"src/I2I2-004.o" -MT"src/I2I2-004.d" -o "src/I2I2-004.o" "../src/I2I2-004.cpp"
Building file: ../src/sysinit.c
Invoking: MCU C++ Compiler
Invoking: MCU C++ Compiler
Invoking: MCU C Compiler
arm-none-eabi-gcc -c -x assembler-with-cpp -D__NEWLIB__ -DDEBUG -D__CODE_RED -DCORE_M0PLUS -D__USE_ROMDIVIDE -D__USE_LPCOPEN -D__LPC11U6X__ -I"C:\Users\TeddyP\Documents\GitHub\I2I\lpc_board_nxp_lpcxpresso_11u68\inc" -I"C:\Users\TeddyP\Documents\GitHub\I2I\lpc_chip_11u6x\inc" -g3 -mcpu=cortex-m0 -mthumb -o "src/aeabi_romdiv_patch.o" "../src/aeabi_romdiv_patch.s"
arm-none-eabi-c++ -DDEBUG -D__CODE_RED -D__NEWLIB__ -DCORE_M0PLUS -D__MTB_BUFFER_SIZE=256 -D__USE_ROMDIVIDE -D__USE_LPCOPEN -DCPP_USE_HEAP -D__LPC11U6X__ -I"C:\Users\TeddyP\Documents\GitHub\I2I\lpc_board_nxp_lpcxpresso_11u68\inc" -I"C:\Users\TeddyP\Documents\GitHub\I2I\lpc_chip_11u6x\inc" -O0 -fno-common -g3 -Wall -c -fmessage-length=0 -fno-builtin -ffunction-sections -fdata-sections -fno-rtti -fno-exceptions -fmerge-constants -fmacro-prefix-map="../src/"=. -mcpu=cortex-m0 -mthumb -fstack-usage -MMD -MP -MF"src/cr_cpp_config.d" -MT"src/cr_cpp_config.o" -MT"src/cr_cpp_config.d" -o "src/cr_cpp_config.o" "../src/cr_cpp_config.cpp"
Invoking: MCU C Compiler
arm-none-eabi-c++ -DDEBUG -D__CODE_RED -D__NEWLIB__ -DCORE_M0PLUS -D__MTB_BUFFER_SIZE=256 -D__USE_ROMDIVIDE -D__USE_LPCOPEN -DCPP_USE_HEAP -D__LPC11U6X__ -I"C:\Users\TeddyP\Documents\GitHub\I2I\lpc_board_nxp_lpcxpresso_11u68\inc" -I"C:\Users\TeddyP\Documents\GitHub\I2I\lpc_chip_11u6x\inc" -O0 -fno-common -g3 -Wall -c -fmessage-length=0 -fno-builtin -ffunction-sections -fdata-sections -fno-rtti -fno-exceptions -fmerge-constants -fmacro-prefix-map="../src/"=. -mcpu=cortex-m0 -mthumb -fstack-usage -MMD -MP -MFInvoking: MCU C Compiler
"src/cr_startup_lpc11u6x.d" -MT"src/cr_startup_lpc11u6x.o" -MT"src/cr_startup_lpc11u6x.d" -o "src/cr_startup_lpc11u6x.o" "../src/cr_startup_lpc11u6x.cpp"
arm-none-eabi-gcc -DDEBUG -D__CODE_RED -D__NEWLIB__ -DCORE_M0PLUS -D__MTB_BUFFER_SIZE=256 -D__USE_ROMDIVIDE -D__USE_LPCOPEN -DCPP_USE_HEAP -D__LPC11U6X__ -I"C:\Users\TeddyP\Documents\GitHub\I2I\lpc_board_nxp_lpcxpresso_11u68\inc" -I"C:\Users\TeddyP\Documents\GitHub\I2I\lpc_chip_11u6x\inc" -O0 -fno-common -g3 -Wall -c -fmessage-length=0 -fno-builtin -ffunction-sections -fdata-sections -fmerge-constants -fmacro-prefix-map="../src/"=. -mcpu=cortex-m0 -mthumb -fstack-usage -MMD -MP -MF"src/crp.d" -MT"src/crp.o" -MT"src/crp.d" -o "src/crp.o" "../src/crp.c"
arm-none-eabi-gcc -DDEBUG -D__CODE_RED -D__NEWLIB__ -DCORE_M0PLUS -D__MTB_BUFFER_SIZE=256 -D__USE_ROMDIVIDE -D__USE_LPCOPEN -DCPP_USE_HEAP -D__LPC11U6X__ -I"C:\Users\TeddyP\Documents\GitHub\I2I\lpc_board_nxp_lpcxpresso_11u68\inc" -I"C:\Users\TeddyP\Documents\GitHub\I2I\lpc_chip_11u6x\inc" -O0 -fno-common -g3 -Wall -c -fmessage-length=0 -fno-builtin -ffunction-sections -fdata-sections -fmerge-constants -fmacro-prefix-map="../src/"=. -mcpu=cortex-m0 -mthumb -fstack-usage -MMD -MP -MF"src/mtb.d" -MT"src/mtb.o" -MT"src/mtb.d" -o "src/mtb.o" "../src/mtb.c"
arm-none-eabi-gcc -DDEBUG -D__CODE_RED -D__NEWLIB__ -DCORE_M0PLUS -D__MTB_BUFFER_SIZE=256 -D__USE_ROMDIVIDE -D__USE_LPCOPEN -DCPP_USE_HEAP -D__LPC11U6X__ -I"C:\Users\TeddyP\Documents\GitHub\I2I\lpc_board_nxp_lpcxpresso_11u68\inc" -I"C:\Users\TeddyP\Documents\GitHub\I2I\lpc_chip_11u6x\inc" -O0 -fno-common -g3 -Wall -c -fmessage-length=0 -fno-builtin -ffunction-sections -fdata-sections -fmerge-constants -fmacro-prefix-map="../src/"=. -mcpu=cortex-m0 -mthumb -fstack-usage -MMD -MP -MF"src/sysinit.d" -MT"src/sysinit.o" -MT"src/sysinit.d" -o "src/sysinit.o" "../src/sysinit.c"
Finished building: ../src/aeabi_romdiv_patch.s
Finished building: ../src/mtb.c
Finished building: ../src/crp.c
Finished building: ../src/cr_cpp_config.cpp
Finished building: ../src/cr_startup_lpc11u6x.cpp
 
 
 
 
 
../src/I2I2-004.cpp: In function 'int main()':
../src/I2I2-004.cpp:47:25: warning: unused variable 'i' [-Wunused-variable]
   47 |     volatile static int i = 0 ;
      |                         ^
Finished building: ../src/sysinit.c
 
Finished building: ../src/I2I2-004.cpp
 
Building target: I2I2-004-ReadPIO-ChangePIOState.axf
Invoking: MCU C++ Linker
arm-none-eabi-c++ -nostdlib -L"C:\Users\TeddyP\Documents\GitHub\I2I\lpc_board_nxp_lpcxpresso_11u68\Debug" -L"C:\Users\TeddyP\Documents\GitHub\I2I\lpc_chip_11u6x\Debug" -Xlinker -Map="I2I2-004-ReadPIO-ChangePIOState.map" -Xlinker --cref -Xlinker --gc-sections -Xlinker -print-memory-usage -mcpu=cortex-m0 -mthumb -T "I2I2-003-ChangePIOState_Debug.ld" -o "I2I2-004-ReadPIO-ChangePIOState.axf"  ./src/I2I2-004.o ./src/aeabi_romdiv_patch.o ./src/cr_cpp_config.o ./src/cr_startup_lpc11u6x.o ./src/crp.o ./src/mtb.o ./src/sysinit.o   -llpc_board_nxp_lpcxpresso_11u68 -llpc_chip_11u6x
Memory region         Used Size  Region Size  %age Used
       MFlash256:        3924 B       256 KB      1.50%
         Ram0_32:         296 B        32 KB      0.90%
          Ram1_2:          0 GB         2 KB      0.00%
       Ram2USB_2:          0 GB         2 KB      0.00%
Finished building target: I2I2-004-ReadPIO-ChangePIOState.axf
 
make --no-print-directory post-build
Performing post-build steps
arm-none-eabi-size "I2I2-004-ReadPIO-ChangePIOState.axf"; # arm-none-eabi-objcopy -v -O binary "I2I2-004-ReadPIO-ChangePIOState.axf" "I2I2-004-ReadPIO-ChangePIOState.bin" ; # checksum -p LPC11U68 -d "I2I2-004-ReadPIO-ChangePIOState.bin";
   text	   data	    bss	    dec	    hex	filename
   3924	      0	    296	   4220	   107c	I2I2-004-ReadPIO-ChangePIOState.axf
 

23:28:22 Build Finished. 0 errors, 1 warnings. (took 2s.852ms)

