14:04:23 **** Incremental Build of configuration Debug for project I2I2-003-LCDScreen ****
make -r -j16 all 
Building file: ../src/I2I2-003.cpp
Invoking: MCU C++ Compiler
arm-none-eabi-c++ -DDEBUG -D__CODE_RED -D__NEWLIB__ -DCORE_M0PLUS -D__MTB_BUFFER_SIZE=256 -D__USE_ROMDIVIDE -D__USE_LPCOPEN -DCPP_USE_HEAP -D__LPC11U6X__ -I"C:\Users\TeddyP\Documents\GitHub\I2I\lpc_board_nxp_lpcxpresso_11u68\inc" -I"C:\Users\TeddyP\Documents\GitHub\I2I\lpc_chip_11u6x\inc" -O0 -fno-common -g3 -Wall -c -fmessage-length=0 -fno-builtin -ffunction-sections -fdata-sections -fno-rtti -fno-exceptions -fmerge-constants -fmacro-prefix-map="../src/"=. -mcpu=cortex-m0 -mthumb -fstack-usage -MMD -MP -MF"src/I2I2-003.d" -MT"src/I2I2-003.o" -MT"src/I2I2-003.d" -o "src/I2I2-003.o" "../src/I2I2-003.cpp"
Finished building: ../src/I2I2-003.cpp
 
Building target: I2I2-003-LCDScreen.axf
Invoking: MCU C++ Linker
arm-none-eabi-c++ -nostdlib -L"C:\Users\TeddyP\Documents\GitHub\I2I\lpc_board_nxp_lpcxpresso_11u68\Debug" -L"C:\Users\TeddyP\Documents\GitHub\I2I\lpc_chip_11u6x\Debug" -Xlinker -Map="I2I2-003-LCDScreen.map" -Xlinker --cref -Xlinker --gc-sections -Xlinker -print-memory-usage -mcpu=cortex-m0 -mthumb -T "I2I2-002-ReadPIO-ChangeBLED_Debug.ld" -o "I2I2-003-LCDScreen.axf"  ./src/I2I2-003.o ./src/aeabi_romdiv_patch.o ./src/cr_cpp_config.o ./src/cr_startup_lpc11u6x.o ./src/crp.o ./src/mtb.o ./src/sysinit.o   -llpc_board_nxp_lpcxpresso_11u68 -llpc_chip_11u6x
Memory region         Used Size  Region Size  %age Used
       MFlash256:        3744 B       256 KB      1.43%
         Ram0_32:         300 B        32 KB      0.92%
          Ram1_2:          0 GB         2 KB      0.00%
       Ram2USB_2:          0 GB         2 KB      0.00%
Finished building target: I2I2-003-LCDScreen.axf
 
make --no-print-directory post-build
Performing post-build steps
arm-none-eabi-size "I2I2-003-LCDScreen.axf"; # arm-none-eabi-objcopy -v -O binary "I2I2-003-LCDScreen.axf" "I2I2-003-LCDScreen.bin" ; # checksum -p LPC11U68 -d "I2I2-003-LCDScreen.bin";
   text	   data	    bss	    dec	    hex	filename
   3744	      0	    300	   4044	    fcc	I2I2-003-LCDScreen.axf
 

14:04:23 Build Finished. 0 errors, 0 warnings. (took 777ms)

