09:58:55 **** Incremental Build of configuration Debug for project periph_pinint ****
make -r -j16 all 
Building target: periph_pinint.axf
Invoking: MCU Linker
arm-none-eabi-gcc -nostdlib -L"C:\Users\TeddyP\Documents\MCUXpressoIDE_11.3.0_5222\workspace\lpc_chip_11u6x\Debug" -L"C:\Users\TeddyP\Documents\MCUXpressoIDE_11.3.0_5222\workspace\lpc_board_nxp_lpcxpresso_11u68\Debug" -Xlinker -Map="periph_pinint.map" -Xlinker --gc-sections -Xlinker --allow-multiple-definition -mcpu=cortex-m0 -mthumb -T "periph_pinint_Debug.ld" -o "periph_pinint.axf"  ./example/src/aeabi_romdiv_patch.o ./example/src/cr_startup_lpc11u6x.o ./example/src/crp.o ./example/src/mtb.o ./example/src/pinint.o ./example/src/sysinit.o   -llpc_board_nxp_lpcxpresso_11u68 -llpc_chip_11u6x
Finished building target: periph_pinint.axf
 
make --no-print-directory post-build
Performing post-build steps
arm-none-eabi-size "periph_pinint.axf"; # arm-none-eabi-objcopy -O binary "periph_pinint.axf" "periph_pinint.bin" ; checksum -p LPC11U68 -d "periph_pinint.bin";
   text	   data	    bss	    dec	    hex	filename
   5660	      0	    752	   6412	   190c	periph_pinint.axf
 

09:58:55 Build Finished. 0 errors, 0 warnings. (took 312ms)

