09:58:50 **** Incremental Build of configuration Debug for project periph_eeprom ****
make -r -j16 all 
Building target: periph_eeprom.axf
Invoking: MCU Linker
arm-none-eabi-gcc -nostdlib -L"C:\Users\TeddyP\Documents\MCUXpressoIDE_11.3.0_5222\workspace\lpc_chip_11u6x\Debug" -L"C:\Users\TeddyP\Documents\MCUXpressoIDE_11.3.0_5222\workspace\lpc_board_nxp_lpcxpresso_11u68\Debug" -Xlinker -Map="periph_eeprom.map" -Xlinker --gc-sections -Xlinker --allow-multiple-definition -mcpu=cortex-m0 -mthumb -T "periph_eeprom_Debug.ld" -o "periph_eeprom.axf"  ./example/src/aeabi_romdiv_patch.o ./example/src/cr_startup_lpc11u6x.o ./example/src/crp.o ./example/src/eeprom.o ./example/src/mtb.o ./example/src/sysinit.o   -llpc_board_nxp_lpcxpresso_11u68 -llpc_chip_11u6x
Finished building target: periph_eeprom.axf
 
make --no-print-directory post-build
Performing post-build steps
arm-none-eabi-size "periph_eeprom.axf"; # arm-none-eabi-objcopy -O binary "periph_eeprom.axf" "periph_eeprom.bin" ; checksum -p LPC11U68 -d "periph_eeprom.bin";
   text	   data	    bss	    dec	    hex	filename
  15968	      0	    792	  16760	   4178	periph_eeprom.axf
 

09:58:51 Build Finished. 0 errors, 0 warnings. (took 318ms)

