09:58:48 **** Incremental Build of configuration Debug for project periph_crc ****
make -r -j16 all 
Building target: periph_crc.axf
Invoking: MCU Linker
arm-none-eabi-gcc -nostdlib -L"C:\Users\TeddyP\Documents\MCUXpressoIDE_11.3.0_5222\workspace\lpc_chip_11u6x\Debug" -L"C:\Users\TeddyP\Documents\MCUXpressoIDE_11.3.0_5222\workspace\lpc_board_nxp_lpcxpresso_11u68\Debug" -Xlinker -Map="periph_crc.map" -Xlinker --gc-sections -Xlinker --allow-multiple-definition -mcpu=cortex-m0 -mthumb -T "periph_crc_Debug.ld" -o "periph_crc.axf"  ./example/src/aeabi_romdiv_patch.o ./example/src/cr_startup_lpc11u6x.o ./example/src/crc.o ./example/src/crp.o ./example/src/mtb.o ./example/src/sysinit.o   -llpc_board_nxp_lpcxpresso_11u68 -llpc_chip_11u6x
Finished building target: periph_crc.axf
 
make --no-print-directory post-build
Performing post-build steps
arm-none-eabi-size "periph_crc.axf"; # arm-none-eabi-objcopy -O binary "periph_crc.axf" "periph_crc.bin" ; checksum -p LPC11U68 -d "periph_crc.bin";
   text	   data	    bss	    dec	    hex	filename
   5940	      0	    756	   6696	   1a28	periph_crc.axf
 

09:58:49 Build Finished. 0 errors, 0 warnings. (took 313ms)

