09:58:47 **** Incremental Build of configuration Debug for project periph_bod ****
make -r -j16 all 
Building target: periph_bod.axf
Invoking: MCU Linker
arm-none-eabi-gcc -nostdlib -L"C:\Users\TeddyP\Documents\MCUXpressoIDE_11.3.0_5222\workspace\lpc_chip_11u6x\Debug" -L"C:\Users\TeddyP\Documents\MCUXpressoIDE_11.3.0_5222\workspace\lpc_board_nxp_lpcxpresso_11u68\Debug" -Xlinker -Map="periph_bod.map" -Xlinker --gc-sections -Xlinker --allow-multiple-definition -mcpu=cortex-m0 -mthumb -T "periph_bod_Debug.ld" -o "periph_bod.axf"  ./example/src/aeabi_romdiv_patch.o ./example/src/bod.o ./example/src/cr_startup_lpc11u6x.o ./example/src/crp.o ./example/src/mtb.o ./example/src/sysinit.o   -llpc_board_nxp_lpcxpresso_11u68 -llpc_chip_11u6x
Finished building target: periph_bod.axf
 
make --no-print-directory post-build
Performing post-build steps
arm-none-eabi-size "periph_bod.axf"; # arm-none-eabi-objcopy -O binary "periph_bod.axf" "periph_bod.bin" ; checksum -p LPC11U68 -d "periph_bod.bin";
   text	   data	    bss	    dec	    hex	filename
   5312	      0	    752	   6064	   17b0	periph_bod.axf
 

09:58:48 Build Finished. 0 errors, 0 warnings. (took 324ms)

