09:58:58 **** Incremental Build of configuration Debug for project periph_timer ****
make -r -j16 all 
Building target: periph_timer.axf
Invoking: MCU Linker
arm-none-eabi-gcc -nostdlib -L"C:\Users\TeddyP\Documents\MCUXpressoIDE_11.3.0_5222\workspace\lpc_chip_11u6x\Debug" -L"C:\Users\TeddyP\Documents\MCUXpressoIDE_11.3.0_5222\workspace\lpc_board_nxp_lpcxpresso_11u68\Debug" -Xlinker -Map="periph_timer.map" -Xlinker --gc-sections -Xlinker --allow-multiple-definition -mcpu=cortex-m0 -mthumb -T "periph_timer_Debug.ld" -o "periph_timer.axf"  ./example/src/aeabi_romdiv_patch.o ./example/src/cr_startup_lpc11u6x.o ./example/src/crp.o ./example/src/mtb.o ./example/src/sysinit.o ./example/src/timer.o   -llpc_board_nxp_lpcxpresso_11u68 -llpc_chip_11u6x
Finished building target: periph_timer.axf
 
make --no-print-directory post-build
Performing post-build steps
arm-none-eabi-size "periph_timer.axf"; # arm-none-eabi-objcopy -O binary "periph_timer.axf" "periph_timer.bin" ; checksum -p LPC11U68 -d "periph_timer.bin";
   text	   data	    bss	    dec	    hex	filename
   5832	      0	    752	   6584	   19b8	periph_timer.axf
 

09:58:58 Build Finished. 0 errors, 0 warnings. (took 362ms)

