09:58:54 **** Incremental Build of configuration Debug for project periph_i2c_rom_polling_slave ****
make -r -j16 all 
Building target: periph_i2c_rom_polling_slave.axf
Invoking: MCU Linker
arm-none-eabi-gcc -nostdlib -L"C:\Users\TeddyP\Documents\MCUXpressoIDE_11.3.0_5222\workspace\lpc_chip_11u6x\Debug" -L"C:\Users\TeddyP\Documents\MCUXpressoIDE_11.3.0_5222\workspace\lpc_board_nxp_lpcxpresso_11u68\Debug" -Xlinker -Map="periph_i2c_rom_polling_slave.map" -Xlinker --gc-sections -Xlinker --allow-multiple-definition -mcpu=cortex-m0 -mthumb -T "periph_i2c_rom_polling_slave_Debug.ld" -o "periph_i2c_rom_polling_slave.axf"  ./example/src/aeabi_romdiv_patch.o ./example/src/cr_startup_lpc11u6x.o ./example/src/crp.o ./example/src/mtb.o ./example/src/periph_i2c_rom_polling_slave.o ./example/src/sysinit.o   -llpc_board_nxp_lpcxpresso_11u68 -llpc_chip_11u6x
Finished building target: periph_i2c_rom_polling_slave.axf
 
make --no-print-directory post-build
Performing post-build steps
arm-none-eabi-size "periph_i2c_rom_polling_slave.axf"; # arm-none-eabi-objcopy -O binary "periph_i2c_rom_polling_slave.axf" "periph_i2c_rom_polling_slave.bin" ; checksum -p LPC11U68 -d "periph_i2c_rom_polling_slave.bin";
   text	   data	    bss	    dec	    hex	filename
  15272	     56	    988	  16316	   3fbc	periph_i2c_rom_polling_slave.axf
 

09:58:54 Build Finished. 0 errors, 0 warnings. (took 317ms)

