09:58:55 **** Incremental Build of configuration Debug for project periph_pmu ****
make -r -j16 all 
Building target: periph_pmu.axf
Invoking: MCU Linker
arm-none-eabi-gcc -nostdlib -L"C:\Users\TeddyP\Documents\MCUXpressoIDE_11.3.0_5222\workspace\lpc_chip_11u6x\Debug" -L"C:\Users\TeddyP\Documents\MCUXpressoIDE_11.3.0_5222\workspace\lpc_board_nxp_lpcxpresso_11u68\Debug" -Xlinker -Map="periph_pmu.map" -Xlinker --gc-sections -Xlinker --allow-multiple-definition -mcpu=cortex-m0 -mthumb -T "periph_pmu_Debug.ld" -o "periph_pmu.axf"  ./example/src/aeabi_romdiv_patch.o ./example/src/cr_startup_lpc11u6x.o ./example/src/crp.o ./example/src/mtb.o ./example/src/pmu.o ./example/src/sysinit.o   -llpc_board_nxp_lpcxpresso_11u68 -llpc_chip_11u6x
Finished building target: periph_pmu.axf
 
make --no-print-directory post-build
Performing post-build steps
arm-none-eabi-size "periph_pmu.axf"; # arm-none-eabi-objcopy -O binary "periph_pmu.axf" "periph_pmu.bin" ; checksum -p LPC11U68 -d "periph_pmu.bin";
   text	   data	    bss	    dec	    hex	filename
  16464	      0	    760	  17224	   4348	periph_pmu.axf
 

09:58:56 Build Finished. 0 errors, 0 warnings. (took 380ms)

