09:59:01 **** Incremental Build of configuration Debug for project periph_wwdt ****
make -r -j16 all 
Building target: periph_wwdt.axf
Invoking: MCU Linker
arm-none-eabi-gcc -nostdlib -L"C:\Users\TeddyP\Documents\MCUXpressoIDE_11.3.0_5222\workspace\lpc_chip_11u6x\Debug" -L"C:\Users\TeddyP\Documents\MCUXpressoIDE_11.3.0_5222\workspace\lpc_board_nxp_lpcxpresso_11u68\Debug" -Xlinker -Map="periph_wwdt.map" -Xlinker --gc-sections -Xlinker --allow-multiple-definition -mcpu=cortex-m0 -mthumb -T "periph_wwdt_Debug.ld" -o "periph_wwdt.axf"  ./example/src/aeabi_romdiv_patch.o ./example/src/cr_startup_lpc11u6x.o ./example/src/crp.o ./example/src/mtb.o ./example/src/sysinit.o ./example/src/wwdt.o   -llpc_board_nxp_lpcxpresso_11u68 -llpc_chip_11u6x
Finished building target: periph_wwdt.axf
 
make --no-print-directory post-build
Performing post-build steps
arm-none-eabi-size "periph_wwdt.axf"; # arm-none-eabi-objcopy -O binary "periph_wwdt.axf" "periph_wwdt.bin" ; checksum -p LPC11U68 -d "periph_wwdt.bin";
   text	   data	    bss	    dec	    hex	filename
   6064	      0	    752	   6816	   1aa0	periph_wwdt.axf
 

09:59:02 Build Finished. 0 errors, 0 warnings. (took 361ms)

