09:58:56 **** Incremental Build of configuration Debug for project periph_rtc ****
make -r -j16 all 
Building target: periph_rtc.axf
Invoking: MCU Linker
arm-none-eabi-gcc -nostdlib -L"C:\Users\TeddyP\Documents\MCUXpressoIDE_11.3.0_5222\workspace\lpc_chip_11u6x\Debug" -L"C:\Users\TeddyP\Documents\MCUXpressoIDE_11.3.0_5222\workspace\lpc_board_nxp_lpcxpresso_11u68\Debug" -Xlinker -Map="periph_rtc.map" -Xlinker --gc-sections -Xlinker --allow-multiple-definition -mcpu=cortex-m0 -mthumb -T "periph_rtc_Debug.ld" -o "periph_rtc.axf"  ./example/src/aeabi_romdiv_patch.o ./example/src/cr_startup_lpc11u6x.o ./example/src/crp.o ./example/src/mtb.o ./example/src/rtc.o ./example/src/sysinit.o   -llpc_board_nxp_lpcxpresso_11u68 -llpc_chip_11u6x
Finished building target: periph_rtc.axf
 
make --no-print-directory post-build
Performing post-build steps
arm-none-eabi-size "periph_rtc.axf"; # arm-none-eabi-objcopy -O binary "periph_rtc.axf" "periph_rtc.bin" ; checksum -p LPC11U68 -d "periph_rtc.bin";
   text	   data	    bss	    dec	    hex	filename
  15376	      0	    764	  16140	   3f0c	periph_rtc.axf
 

09:58:56 Build Finished. 0 errors, 0 warnings. (took 316ms)

