09:58:57 **** Incremental Build of configuration Debug for project periph_temp ****
make -r -j16 all 
Building target: periph_temp.axf
Invoking: MCU Linker
arm-none-eabi-gcc -nostdlib -L"C:\Users\TeddyP\Documents\MCUXpressoIDE_11.3.0_5222\workspace\lpc_chip_11u6x\Debug" -L"C:\Users\TeddyP\Documents\MCUXpressoIDE_11.3.0_5222\workspace\lpc_board_nxp_lpcxpresso_11u68\Debug" -Xlinker -Map="periph_temp.map" -Xlinker --gc-sections -Xlinker --allow-multiple-definition -mcpu=cortex-m0 -mthumb -T "periph_temp_Debug.ld" -o "periph_temp.axf"  ./example/src/aeabi_romdiv_patch.o ./example/src/cr_startup_lpc11u6x.o ./example/src/crp.o ./example/src/mtb.o ./example/src/sysinit.o ./example/src/temp.o   -llpc_board_nxp_lpcxpresso_11u68 -llpc_chip_11u6x
Finished building target: periph_temp.axf
 
make --no-print-directory post-build
Performing post-build steps
arm-none-eabi-size "periph_temp.axf"; # arm-none-eabi-objcopy -O binary "periph_temp.axf" "periph_temp.bin" ; checksum -p LPC11U68 -d "periph_temp.bin";
   text	   data	    bss	    dec	    hex	filename
  15960	      0	    812	  16772	   4184	periph_temp.axf
 

09:58:58 Build Finished. 0 errors, 0 warnings. (took 370ms)

