09:58:52 **** Incremental Build of configuration Debug for project periph_i2c ****
make -r -j16 all 
Building target: periph_i2c.axf
Invoking: MCU Linker
arm-none-eabi-gcc -nostdlib -L"C:\Users\TeddyP\Documents\MCUXpressoIDE_11.3.0_5222\workspace\lpc_chip_11u6x\Debug" -L"C:\Users\TeddyP\Documents\MCUXpressoIDE_11.3.0_5222\workspace\lpc_board_nxp_lpcxpresso_11u68\Debug" -Xlinker -Map="periph_i2c.map" -Xlinker --gc-sections -Xlinker --allow-multiple-definition -mcpu=cortex-m0 -mthumb -T "periph_i2c_Debug.ld" -o "periph_i2c.axf"  ./example/src/aeabi_romdiv_patch.o ./example/src/cr_startup_lpc11u6x.o ./example/src/crp.o ./example/src/i2c.o ./example/src/mtb.o ./example/src/sysinit.o   -llpc_board_nxp_lpcxpresso_11u68 -llpc_chip_11u6x
Finished building target: periph_i2c.axf
 
make --no-print-directory post-build
Performing post-build steps
arm-none-eabi-size "periph_i2c.axf"; # arm-none-eabi-objcopy -O binary "periph_i2c.axf" "periph_i2c.bin" ; checksum -p LPC11U68 -d "periph_i2c.bin";
   text	   data	    bss	    dec	    hex	filename
  22784	     60	   1508	  24352	   5f20	periph_i2c.axf
 

09:58:52 Build Finished. 0 errors, 0 warnings. (took 312ms)

