09:59:06 **** Incremental Build of configuration Debug for project usbd_rom_hid_keyboard ****
make -r -j16 all 
Building target: usbd_rom_hid_keyboard.axf
Invoking: MCU Linker
arm-none-eabi-gcc -nostdlib -L"C:\Users\TeddyP\Documents\MCUXpressoIDE_11.3.0_5222\workspace\lpc_chip_11u6x\Debug" -L"C:\Users\TeddyP\Documents\MCUXpressoIDE_11.3.0_5222\workspace\lpc_board_nxp_lpcxpresso_11u68\Debug" -Xlinker -Map="usbd_rom_hid_keyboard.map" -Xlinker --gc-sections -Xlinker --allow-multiple-definition -mcpu=cortex-m0 -mthumb -T "usbd_rom_hid_keyboard_Debug.ld" -o "usbd_rom_hid_keyboard.axf"  ./example/src/aeabi_romdiv_patch.o ./example/src/cr_startup_lpc11u6x.o ./example/src/crp.o ./example/src/hid_desc.o ./example/src/hid_keyboard.o ./example/src/hid_main.o ./example/src/ms_timer.o ./example/src/mtb.o ./example/src/sysinit.o   -llpc_board_nxp_lpcxpresso_11u68 -llpc_chip_11u6x
Finished building target: usbd_rom_hid_keyboard.axf
 
make --no-print-directory post-build
Performing post-build steps
arm-none-eabi-size "usbd_rom_hid_keyboard.axf"; # arm-none-eabi-objcopy -O binary "usbd_rom_hid_keyboard.axf" "usbd_rom_hid_keyboard.bin" ; checksum -p LPC11U68 -d "usbd_rom_hid_keyboard.bin";
   text	   data	    bss	    dec	    hex	filename
   7472	     36	    784	   8292	   2064	usbd_rom_hid_keyboard.axf
 

09:59:06 Build Finished. 0 errors, 0 warnings. (took 374ms)

