09:59:04 **** Incremental Build of configuration Debug for project usbd_rom_hid_generic ****
make -r -j16 all 
Building target: usbd_rom_hid_generic.axf
Invoking: MCU Linker
arm-none-eabi-gcc -nostdlib -L"C:\Users\TeddyP\Documents\MCUXpressoIDE_11.3.0_5222\workspace\lpc_chip_11u6x\Debug" -L"C:\Users\TeddyP\Documents\MCUXpressoIDE_11.3.0_5222\workspace\lpc_board_nxp_lpcxpresso_11u68\Debug" -Xlinker -Map="usbd_rom_hid_generic.map" -Xlinker --gc-sections -Xlinker --allow-multiple-definition -mcpu=cortex-m0 -mthumb -T "usbd_rom_hid_generic_Debug.ld" -o "usbd_rom_hid_generic.axf"  ./example/src/aeabi_romdiv_patch.o ./example/src/cr_startup_lpc11u6x.o ./example/src/crp.o ./example/src/hid_desc.o ./example/src/hid_generic.o ./example/src/hid_main.o ./example/src/mtb.o ./example/src/sysinit.o   -llpc_board_nxp_lpcxpresso_11u68 -llpc_chip_11u6x
Finished building target: usbd_rom_hid_generic.axf
 
make --no-print-directory post-build
Performing post-build steps
arm-none-eabi-size "usbd_rom_hid_generic.axf"; # arm-none-eabi-objcopy -O binary "usbd_rom_hid_generic.axf" "usbd_rom_hid_generic.bin" ; checksum -p LPC11U68 -d "usbd_rom_hid_generic.bin";
   text	   data	    bss	    dec	    hex	filename
   6120	     44	    760	   6924	   1b0c	usbd_rom_hid_generic.axf
 

09:59:04 Build Finished. 0 errors, 0 warnings. (took 369ms)

