core_cm0plus.h:626:22:NVIC_EnableIRQ	16	static
core_cm0plus.h:693:22:NVIC_SetPriority	24	static
core_cm0plus.h:767:26:SysTick_Config	16	static
syscon_11u6x.h:155:20:Chip_SYSCTL_AssertPeriphReset	16	static
syscon_11u6x.h:165:20:Chip_SYSCTL_DeassertPeriphReset	16	static
syscon_11u6x.h:175:20:Chip_SYSCTL_PeriphReset	16	static
periph_i2c_rom_interrupt.c:93:13:Init_I2C_PinMux	8	static
periph_i2c_rom_interrupt.c:112:13:errorI2C	8	static
periph_i2c_rom_interrupt.c:119:13:setupI2CMaster	16	static
periph_i2c_rom_interrupt.c:147:13:cbI2CComplete	16	static
periph_i2c_rom_interrupt.c:228:13:sendI2CMaster	80	static
periph_i2c_rom_interrupt.c:289:13:sendReadI2CMaster	96	static
periph_i2c_rom_interrupt.c:355:17:IncLedPattern	16	static
periph_i2c_rom_interrupt.c:372:17:WriteLedsOverI2C	16	static
periph_i2c_rom_interrupt.c:386:13:ReadWriteLedsOverI2C	24	static
periph_i2c_rom_interrupt.c:408:6:I2C0_IRQHandler	8	static
periph_i2c_rom_interrupt.c:418:6:SysTick_Handler	8	static
periph_i2c_rom_interrupt.c:433:5:main	16	static
