core_cm0plus.h:626:22:NVIC_EnableIRQ	16	static
core_cm0plus.h:638:22:NVIC_DisableIRQ	16	static
clock_11u6x.h:279:20:Chip_Clock_EnablePeriphClock	16	static
uart_0_11u6x.h:290:20:Chip_UART0_TXEnable	16	static
uart_0_11u6x.h:394:20:Chip_UART0_SetupFIFOS	16	static
uart_0_11u6x.h:409:20:Chip_UART0_ConfigData	16	static
dma_11u6x.h:145:20:Chip_DMA_Init	16	static
dma_11u6x.h:167:20:Chip_DMA_Enable	16	static
dma_11u6x.h:223:20:Chip_DMA_SetSRAMBase	16	static
dma_11u6x.h:252:20:Chip_DMA_EnableChannel	16	static
dma_11u6x.h:263:20:Chip_DMA_DisableChannel	16	static
dma_11u6x.h:291:24:Chip_DMA_GetActiveChannels	16	static
dma_11u6x.h:307:24:Chip_DMA_GetBusyChannels	16	static
dma_11u6x.h:321:24:Chip_DMA_GetErrorIntChannels	16	static
dma_11u6x.h:332:20:Chip_DMA_ClearErrorIntChannel	16	static
dma_11u6x.h:343:20:Chip_DMA_EnableIntChannel	16	static
dma_11u6x.h:383:24:Chip_DMA_GetActiveIntAChannels	16	static
dma_11u6x.h:394:20:Chip_DMA_ClearActiveIntAChannel	16	static
dma_11u6x.h:432:20:Chip_DMA_SetValidChannel	16	static
dma_11u6x.h:460:20:Chip_DMA_AbortChannel	16	static
dma_11u6x.h:578:20:Chip_DMA_SetupChannelConfig	24	static
dma_11u6x.h:635:20:Chip_DMA_SetupChannelTransfer	24	static
dma_11u6x.h:699:20:Chip_DMA_SWTriggerChannel	16	static
dma_uart.c:91:13:Init_UART_PinMux	8	static
dma_uart.c:107:13:dmaTXSetup	8	static
dma_uart.c:122:13:dmaRXSetup	8	static
dma_uart.c:135:13:dmaTXSend	16	static
dma_uart.c:191:13:dmaRXQueue	16	static
dma_uart.c:228:12:checkRxData	24	static
dma_uart.c:247:13:dmaClearChannel	16	static
dma_uart.c:263:6:DMA_IRQHandler	16	static
dma_uart.c:324:5:main	32	static
