core_cm0plus.h:626:22:NVIC_EnableIRQ	16	static
core_cm0plus.h:693:22:NVIC_SetPriority	24	static
uart_n_11u6x.h:131:20:Chip_UARTN_Enable	16	static
uart_n_11u6x.h:151:20:Chip_UARTN_TXEnable	16	static
uart_n_11u6x.h:201:20:Chip_UARTN_IntEnable	16	static
uart_n_11u6x.h:214:20:Chip_UARTN_IntDisable	16	static
uart_n_11u6x.h:227:24:Chip_UARTN_GetIntsEnabled	16	static
uart_n_11u6x.h:256:20:Chip_UARTN_ConfigData	24	static
uart_n_11u6x.h:272:24:Chip_UARTN_GetStatus	16	static
usbd_core.h:557:20:USB_IsConfigured	24	static
cdc_uartn.c:98:13:Init_UART_PinMux	8	static
cdc_uartn.c:117:6:UCOM_UartInit	8	static
cdc_uartn.c:142:20:UCOM_bulk_hdlr	40	static
cdc_uartn.c:193:20:UCOM_SetLineCode	24	static
cdc_uartn.c:254:6:USART1_4_IRQHandler	24	static
cdc_uartn.c:296:13:UCOM_init	120	static
