core_cm0plus.h:626:22:NVIC_EnableIRQ	16	static
core_cm0plus.h:693:22:NVIC_SetPriority	24	static
core_cm0plus.h:767:26:SysTick_Config	16	static
clock_11u6x.h:95:20:Chip_Clock_SetupUSBPLL	16	static
clock_11u6x.h:104:20:Chip_Clock_IsUSBPLLLocked	8	static
clock_11u6x.h:279:20:Chip_Clock_EnablePeriphClock	16	static
ms_timer.h:62:20:systick_init	8	static
hid_main.c:55:13:USB_LowSpeedInit	8	static
hid_main.c:88:6:SystemInit	8	static
hid_main.c:99:6:USB_IRQHandler	16	static
hid_main.c:118:27:find_IntfDesc	32	static
hid_main.c:149:5:main	112	static
