core_cm0plus.h:626:22:NVIC_EnableIRQ	16	static
core_cm0plus.h:693:22:NVIC_SetPriority	24	static
core_cm0plus.h:767:26:SysTick_Config	16	static
adc_11u6x.h:298:20:Chip_ADC_SetupSequencer	24	static
adc_11u6x.h:309:20:Chip_ADC_EnableSequencer	16	static
adc_11u6x.h:333:20:Chip_ADC_StartSequencer	16	static
adc_11u6x.h:416:24:Chip_ADC_GetDataReg	16	static
adc_11u6x.h:428:20:Chip_ADC_SetThrLowValue	16	static
adc_11u6x.h:440:20:Chip_ADC_SetThrHighValue	16	static
adc_11u6x.h:514:24:Chip_ADC_GetFlags	16	static
adc_11u6x.h:525:20:Chip_ADC_ClearFlags	16	static
adc_11u6x.h:536:20:Chip_ADC_SetTrim	16	static
adc.c:71:6:SysTick_Handler	8	static
adc.c:89:6:ADCA_IRQHandler	16	static
adc.c:114:5:main	16	static
