core_cm0plus.h:626:22:NVIC_EnableIRQ	16	static
core_cm0plus.h:638:22:NVIC_DisableIRQ	16	static
core_cm0plus.h:693:22:NVIC_SetPriority	24	static
core_cm0plus.h:767:26:SysTick_Config	16	static
syscon_11u6x.h:155:20:Chip_SYSCTL_AssertPeriphReset	16	static
syscon_11u6x.h:165:20:Chip_SYSCTL_DeassertPeriphReset	16	static
syscon_11u6x.h:175:20:Chip_SYSCTL_PeriphReset	16	static
i2c.c:93:13:Init_I2C_PinMux	8	static
i2c.c:112:13:i2c_state_handling	16	static
i2c.c:123:13:con_print_data	24	static
i2c.c:139:12:con_get_input	48	static
i2c.c:202:13:i2c_rw_input	24	static
i2c.c:234:13:i2c_set_mode	16	static
i2c.c:249:13:i2c_app_init	16	static
i2c.c:262:13:i2c_probe_slaves	32	static
i2c.c:289:12:i2c_menu	8	static
i2c.c:296:13:i2c_eeprom_update_state	24	static
i2c.c:303:13:i2c_eeprom_events	16	static
i2c.c:340:13:i2c_eeprom_init	24	static
i2c.c:352:6:i2c_iox_update_regs	16	static
i2c.c:363:13:i2c_iox_events	16	static
i2c.c:389:13:i2c_iox_init	24	static
i2c.c:409:6:SysTick_Handler	8	static
i2c.c:419:6:I2C0_IRQHandler	8	static
i2c.c:428:5:main	16	static
