core_cm0plus.h:626:22:NVIC_EnableIRQ	16	static
core_cm0plus.h:678:22:NVIC_ClearPendingIRQ	16	static
timer_11u6x.h:120:20:Chip_TIMER_MatchPending	16	static
timer_11u6x.h:150:20:Chip_TIMER_ClearMatch	16	static
timer_11u6x.h:178:20:Chip_TIMER_Enable	16	static
timer_11u6x.h:223:20:Chip_TIMER_PrescaleSet	16	static
timer_11u6x.h:236:20:Chip_TIMER_SetMatch	24	static
timer_11u6x.h:272:20:Chip_TIMER_MatchEnableInt	16	static
timer_11u6x.h:294:20:Chip_TIMER_ResetOnMatchEnable	16	static
timer.c:59:6:TIMER32_0_IRQHandler	8	static
timer.c:71:6:TIMER16_0_IRQHandler	8	static
timer.c:83:5:main	16	static
