09:58:45 **** Incremental Build of configuration Debug for project demo_lcd ****
make -r -j16 all 
Building target: demo_lcd.axf
Invoking: MCU Linker
arm-none-eabi-gcc -nostdlib -L"C:\Users\TeddyP\Documents\MCUXpressoIDE_11.3.0_5222\workspace\lpc_chip_11u6x\Debug" -L"C:\Users\TeddyP\Documents\MCUXpressoIDE_11.3.0_5222\workspace\lpc_board_manley_11u68\Debug" -Xlinker -Map="demo_lcd.map" -Xlinker --gc-sections -Xlinker --allow-multiple-definition -mcpu=cortex-m0 -mthumb -T "demo_lcd_Debug.ld" -o "demo_lcd.axf"  ./example/src/aeabi_romdiv_patch.o ./example/src/cr_startup_lpc11u6x.o ./example/src/crp.o ./example/src/font_render.o ./example/src/lcdmanley.o ./example/src/lpc_winfreesystem14x16.o ./example/src/mtb.o ./example/src/nxp_logo128x47.o ./example/src/sysinit.o   -llpc_board_manley_11u68 -llpc_chip_11u6x
Finished building target: demo_lcd.axf
 
make --no-print-directory post-build
Performing post-build steps
arm-none-eabi-size "demo_lcd.axf"; # arm-none-eabi-objcopy -O binary "demo_lcd.axf" "demo_lcd.bin" ; checksum -p LPC11U68 -d "demo_lcd.bin";
   text	   data	    bss	    dec	    hex	filename
  22112	   7396	   1436	  30944	   78e0	demo_lcd.axf
 

09:58:45 Build Finished. 0 errors, 0 warnings. (took 364ms)

