09:58:43 **** Incremental Build of configuration Debug for project freertos_blinky ****
make -r -j16 all 
Building target: freertos_blinky.axf
Invoking: MCU Linker
arm-none-eabi-gcc -nostdlib -L"C:\Users\TeddyP\Documents\MCUXpressoIDE_11.3.0_5222\workspace\lpc_chip_11u6x\Debug" -L"C:\Users\TeddyP\Documents\MCUXpressoIDE_11.3.0_5222\workspace\lpc_board_nxp_lpcxpresso_11u68\Debug" -Xlinker -Map="freertos_blinky.map" -Xlinker --gc-sections -Xlinker --allow-multiple-definition -mcpu=cortex-m0 -mthumb -T "freertos_blinky_Debug.ld" -o "freertos_blinky.axf"  ./freertos/src/FreeRTOSCommonHooks.o ./freertos/src/heap_3.o ./freertos/src/list.o ./freertos/src/port.o ./freertos/src/queue.o ./freertos/src/tasks.o  ./example/src/aeabi_romdiv_patch.o ./example/src/cr_startup_lpc11u6x.o ./example/src/crp.o ./example/src/freertos_blinky.o ./example/src/mtb.o ./example/src/sysinit.o   -llpc_board_nxp_lpcxpresso_11u68 -llpc_chip_11u6x
Finished building target: freertos_blinky.axf
 
make --no-print-directory post-build
Performing post-build steps
arm-none-eabi-size "freertos_blinky.axf"; # arm-none-eabi-objcopy -O binary "freertos_blinky.axf" "freertos_blinky.bin" ; checksum -p LPC11U68 -d "freertos_blinky.bin";
   text	   data	    bss	    dec	    hex	filename
  18188	      8	   1072	  19268	   4b44	freertos_blinky.axf
 

09:58:43 Build Finished. 0 errors, 0 warnings. (took 370ms)

