09:26:37 **** Incremental Build of configuration Debug for project lpc_board_nxp_lpcxpresso_11u68 ****
make -r all 
Building file: ../src/board.c
Invoking: MCU C Compiler
arm-none-eabi-gcc -D__REDLIB__ -DDEBUG -D__CODE_RED -D__USE_LPCOPEN -DCORE_M0PLUS -D__USE_ROMDIVIDE -I"C:\Users\TeddyP\Documents\MCUXpressoIDE_11.3.0_5222\workspace\lpc_chip_11u6x\inc" -I"C:\Users\TeddyP\Documents\MCUXpressoIDE_11.3.0_5222\workspace\lpc_board_nxp_lpcxpresso_11u68\inc" -O0 -g3 -Wall -c -fmessage-length=0 -fno-builtin -ffunction-sections -fdata-sections -fmerge-constants -fmacro-prefix-map="../src/"=. -mcpu=cortex-m0 -mthumb -D__REDLIB__ -fstack-usage -specs=redlib.specs -MMD -MP -MF"src/board.d" -MT"src/board.o" -MT"src/board.d" -o "src/board.o" "../src/board.c"
Finished building: ../src/board.c
 
Building file: ../src/board_sysinit.c
Invoking: MCU C Compiler
arm-none-eabi-gcc -D__REDLIB__ -DDEBUG -D__CODE_RED -D__USE_LPCOPEN -DCORE_M0PLUS -D__USE_ROMDIVIDE -I"C:\Users\TeddyP\Documents\MCUXpressoIDE_11.3.0_5222\workspace\lpc_chip_11u6x\inc" -I"C:\Users\TeddyP\Documents\MCUXpressoIDE_11.3.0_5222\workspace\lpc_board_nxp_lpcxpresso_11u68\inc" -O0 -g3 -Wall -c -fmessage-length=0 -fno-builtin -ffunction-sections -fdata-sections -fmerge-constants -fmacro-prefix-map="../src/"=. -mcpu=cortex-m0 -mthumb -D__REDLIB__ -fstack-usage -specs=redlib.specs -MMD -MP -MF"src/board_sysinit.d" -MT"src/board_sysinit.o" -MT"src/board_sysinit.d" -o "src/board_sysinit.o" "../src/board_sysinit.c"
Finished building: ../src/board_sysinit.c
 
Building target: liblpc_board_nxp_lpcxpresso_11u68.a
Invoking: MCU Archiver
arm-none-eabi-ar -r  "liblpc_board_nxp_lpcxpresso_11u68.a"  ./src/board.o ./src/board_sysinit.o   
arm-none-eabi-ar: creating liblpc_board_nxp_lpcxpresso_11u68.a
Finished building target: liblpc_board_nxp_lpcxpresso_11u68.a
 
make --no-print-directory post-build
Performing post-build steps
arm-none-eabi-size "liblpc_board_nxp_lpcxpresso_11u68.a" ; # arm-none-eabi-objdump -h -S "liblpc_board_nxp_lpcxpresso_11u68.a" >"liblpc_board_nxp_lpcxpresso_11u68.lss"
   text	   data	    bss	    dec	    hex	filename
   1285	      0	      0	   1285	    505	board.o (ex liblpc_board_nxp_lpcxpresso_11u68.a)
    216	      0	      0	    216	     d8	board_sysinit.o (ex liblpc_board_nxp_lpcxpresso_11u68.a)
 
09:26:40 **** Incremental Build of configuration Debug for project lpc_chip_11u6x ****
make -r all 
Building file: ../src/adc_11u6x.c
Invoking: MCU C Compiler
arm-none-eabi-gcc -D__REDLIB__ -DDEBUG -D__CODE_RED -D__USE_LPCOPEN -DCORE_M0PLUS -D__USE_ROMDIVIDE -I"C:\Users\TeddyP\Documents\MCUXpressoIDE_11.3.0_5222\workspace\lpc_chip_11u6x\inc" -O0 -g3 -Wall -c -fmessage-length=0 -fno-builtin -ffunction-sections -fdata-sections -fmerge-constants -fmacro-prefix-map="../src/"=. -mcpu=cortex-m0 -mthumb -D__REDLIB__ -fstack-usage -specs=redlib.specs -MMD -MP -MF"src/adc_11u6x.d" -MT"src/adc_11u6x.o" -MT"src/adc_11u6x.d" -o "src/adc_11u6x.o" "../src/adc_11u6x.c"
../src/adc_11u6x.c: In function 'Chip_ADC_StartCalibration':
../src/adc_11u6x.c:115:11: warning: variable 'save_ADC_CTRL' set but not used [-Wunused-but-set-variable]
  115 |  uint32_t save_ADC_CTRL;
      |           ^~~~~~~~~~~~~
Finished building: ../src/adc_11u6x.c
 
Building file: ../src/chip_11u6x.c
Invoking: MCU C Compiler
arm-none-eabi-gcc -D__REDLIB__ -DDEBUG -D__CODE_RED -D__USE_LPCOPEN -DCORE_M0PLUS -D__USE_ROMDIVIDE -I"C:\Users\TeddyP\Documents\MCUXpressoIDE_11.3.0_5222\workspace\lpc_chip_11u6x\inc" -O0 -g3 -Wall -c -fmessage-length=0 -fno-builtin -ffunction-sections -fdata-sections -fmerge-constants -fmacro-prefix-map="../src/"=. -mcpu=cortex-m0 -mthumb -D__REDLIB__ -fstack-usage -specs=redlib.specs -MMD -MP -MF"src/chip_11u6x.d" -MT"src/chip_11u6x.o" -MT"src/chip_11u6x.d" -o "src/chip_11u6x.o" "../src/chip_11u6x.c"
Finished building: ../src/chip_11u6x.c
 
Building file: ../src/clock_11u6x.c
Invoking: MCU C Compiler
arm-none-eabi-gcc -D__REDLIB__ -DDEBUG -D__CODE_RED -D__USE_LPCOPEN -DCORE_M0PLUS -D__USE_ROMDIVIDE -I"C:\Users\TeddyP\Documents\MCUXpressoIDE_11.3.0_5222\workspace\lpc_chip_11u6x\inc" -O0 -g3 -Wall -c -fmessage-length=0 -fno-builtin -ffunction-sections -fdata-sections -fmerge-constants -fmacro-prefix-map="../src/"=. -mcpu=cortex-m0 -mthumb -D__REDLIB__ -fstack-usage -specs=redlib.specs -MMD -MP -MF"src/clock_11u6x.d" -MT"src/clock_11u6x.o" -MT"src/clock_11u6x.d" -o "src/clock_11u6x.o" "../src/clock_11u6x.c"
Finished building: ../src/clock_11u6x.c
 
Building file: ../src/crc_11u6x.c
Invoking: MCU C Compiler
arm-none-eabi-gcc -D__REDLIB__ -DDEBUG -D__CODE_RED -D__USE_LPCOPEN -DCORE_M0PLUS -D__USE_ROMDIVIDE -I"C:\Users\TeddyP\Documents\MCUXpressoIDE_11.3.0_5222\workspace\lpc_chip_11u6x\inc" -O0 -g3 -Wall -c -fmessage-length=0 -fno-builtin -ffunction-sections -fdata-sections -fmerge-constants -fmacro-prefix-map="../src/"=. -mcpu=cortex-m0 -mthumb -D__REDLIB__ -fstack-usage -specs=redlib.specs -MMD -MP -MF"src/crc_11u6x.d" -MT"src/crc_11u6x.o" -MT"src/crc_11u6x.d" -o "src/crc_11u6x.o" "../src/crc_11u6x.c"
Finished building: ../src/crc_11u6x.c
 
Building file: ../src/dma_11u6x.c
Invoking: MCU C Compiler
arm-none-eabi-gcc -D__REDLIB__ -DDEBUG -D__CODE_RED -D__USE_LPCOPEN -DCORE_M0PLUS -D__USE_ROMDIVIDE -I"C:\Users\TeddyP\Documents\MCUXpressoIDE_11.3.0_5222\workspace\lpc_chip_11u6x\inc" -O0 -g3 -Wall -c -fmessage-length=0 -fno-builtin -ffunction-sections -fdata-sections -fmerge-constants -fmacro-prefix-map="../src/"=. -mcpu=cortex-m0 -mthumb -D__REDLIB__ -fstack-usage -specs=redlib.specs -MMD -MP -MF"src/dma_11u6x.d" -MT"src/dma_11u6x.o" -MT"src/dma_11u6x.d" -o "src/dma_11u6x.o" "../src/dma_11u6x.c"
Finished building: ../src/dma_11u6x.c
 
Building file: ../src/gpio_11u6x.c
Invoking: MCU C Compiler
arm-none-eabi-gcc -D__REDLIB__ -DDEBUG -D__CODE_RED -D__USE_LPCOPEN -DCORE_M0PLUS -D__USE_ROMDIVIDE -I"C:\Users\TeddyP\Documents\MCUXpressoIDE_11.3.0_5222\workspace\lpc_chip_11u6x\inc" -O0 -g3 -Wall -c -fmessage-length=0 -fno-builtin -ffunction-sections -fdata-sections -fmerge-constants -fmacro-prefix-map="../src/"=. -mcpu=cortex-m0 -mthumb -D__REDLIB__ -fstack-usage -specs=redlib.specs -MMD -MP -MF"src/gpio_11u6x.d" -MT"src/gpio_11u6x.o" -MT"src/gpio_11u6x.d" -o "src/gpio_11u6x.o" "../src/gpio_11u6x.c"
Finished building: ../src/gpio_11u6x.c
 
Building file: ../src/gpiogroup_11u6x.c
Invoking: MCU C Compiler
arm-none-eabi-gcc -D__REDLIB__ -DDEBUG -D__CODE_RED -D__USE_LPCOPEN -DCORE_M0PLUS -D__USE_ROMDIVIDE -I"C:\Users\TeddyP\Documents\MCUXpressoIDE_11.3.0_5222\workspace\lpc_chip_11u6x\inc" -O0 -g3 -Wall -c -fmessage-length=0 -fno-builtin -ffunction-sections -fdata-sections -fmerge-constants -fmacro-prefix-map="../src/"=. -mcpu=cortex-m0 -mthumb -D__REDLIB__ -fstack-usage -specs=redlib.specs -MMD -MP -MF"src/gpiogroup_11u6x.d" -MT"src/gpiogroup_11u6x.o" -MT"src/gpiogroup_11u6x.d" -o "src/gpiogroup_11u6x.o" "../src/gpiogroup_11u6x.c"
Finished building: ../src/gpiogroup_11u6x.c
 
Building file: ../src/i2c_11u6x.c
Invoking: MCU C Compiler
arm-none-eabi-gcc -D__REDLIB__ -DDEBUG -D__CODE_RED -D__USE_LPCOPEN -DCORE_M0PLUS -D__USE_ROMDIVIDE -I"C:\Users\TeddyP\Documents\MCUXpressoIDE_11.3.0_5222\workspace\lpc_chip_11u6x\inc" -O0 -g3 -Wall -c -fmessage-length=0 -fno-builtin -ffunction-sections -fdata-sections -fmerge-constants -fmacro-prefix-map="../src/"=. -mcpu=cortex-m0 -mthumb -D__REDLIB__ -fstack-usage -specs=redlib.specs -MMD -MP -MF"src/i2c_11u6x.d" -MT"src/i2c_11u6x.o" -MT"src/i2c_11u6x.d" -o "src/i2c_11u6x.o" "../src/i2c_11u6x.c"
Finished building: ../src/i2c_11u6x.c
 
Building file: ../src/i2cm_11u6x.c
Invoking: MCU C Compiler
arm-none-eabi-gcc -D__REDLIB__ -DDEBUG -D__CODE_RED -D__USE_LPCOPEN -DCORE_M0PLUS -D__USE_ROMDIVIDE -I"C:\Users\TeddyP\Documents\MCUXpressoIDE_11.3.0_5222\workspace\lpc_chip_11u6x\inc" -O0 -g3 -Wall -c -fmessage-length=0 -fno-builtin -ffunction-sections -fdata-sections -fmerge-constants -fmacro-prefix-map="../src/"=. -mcpu=cortex-m0 -mthumb -D__REDLIB__ -fstack-usage -specs=redlib.specs -MMD -MP -MF"src/i2cm_11u6x.d" -MT"src/i2cm_11u6x.o" -MT"src/i2cm_11u6x.d" -o "src/i2cm_11u6x.o" "../src/i2cm_11u6x.c"
Finished building: ../src/i2cm_11u6x.c
 
Building file: ../src/iocon_11u6x.c
Invoking: MCU C Compiler
arm-none-eabi-gcc -D__REDLIB__ -DDEBUG -D__CODE_RED -D__USE_LPCOPEN -DCORE_M0PLUS -D__USE_ROMDIVIDE -I"C:\Users\TeddyP\Documents\MCUXpressoIDE_11.3.0_5222\workspace\lpc_chip_11u6x\inc" -O0 -g3 -Wall -c -fmessage-length=0 -fno-builtin -ffunction-sections -fdata-sections -fmerge-constants -fmacro-prefix-map="../src/"=. -mcpu=cortex-m0 -mthumb -D__REDLIB__ -fstack-usage -specs=redlib.specs -MMD -MP -MF"src/iocon_11u6x.d" -MT"src/iocon_11u6x.o" -MT"src/iocon_11u6x.d" -o "src/iocon_11u6x.o" "../src/iocon_11u6x.c"
Finished building: ../src/iocon_11u6x.c
 
Building file: ../src/pinint_11u6x.c
Invoking: MCU C Compiler
arm-none-eabi-gcc -D__REDLIB__ -DDEBUG -D__CODE_RED -D__USE_LPCOPEN -DCORE_M0PLUS -D__USE_ROMDIVIDE -I"C:\Users\TeddyP\Documents\MCUXpressoIDE_11.3.0_5222\workspace\lpc_chip_11u6x\inc" -O0 -g3 -Wall -c -fmessage-length=0 -fno-builtin -ffunction-sections -fdata-sections -fmerge-constants -fmacro-prefix-map="../src/"=. -mcpu=cortex-m0 -mthumb -D__REDLIB__ -fstack-usage -specs=redlib.specs -MMD -MP -MF"src/pinint_11u6x.d" -MT"src/pinint_11u6x.o" -MT"src/pinint_11u6x.d" -o "src/pinint_11u6x.o" "../src/pinint_11u6x.c"
Finished building: ../src/pinint_11u6x.c
 
Building file: ../src/pmu_11u6x.c
Invoking: MCU C Compiler
arm-none-eabi-gcc -D__REDLIB__ -DDEBUG -D__CODE_RED -D__USE_LPCOPEN -DCORE_M0PLUS -D__USE_ROMDIVIDE -I"C:\Users\TeddyP\Documents\MCUXpressoIDE_11.3.0_5222\workspace\lpc_chip_11u6x\inc" -O0 -g3 -Wall -c -fmessage-length=0 -fno-builtin -ffunction-sections -fdata-sections -fmerge-constants -fmacro-prefix-map="../src/"=. -mcpu=cortex-m0 -mthumb -D__REDLIB__ -fstack-usage -specs=redlib.specs -MMD -MP -MF"src/pmu_11u6x.d" -MT"src/pmu_11u6x.o" -MT"src/pmu_11u6x.d" -o "src/pmu_11u6x.o" "../src/pmu_11u6x.c"
Finished building: ../src/pmu_11u6x.c
 
Building file: ../src/ring_buffer.c
Invoking: MCU C Compiler
arm-none-eabi-gcc -D__REDLIB__ -DDEBUG -D__CODE_RED -D__USE_LPCOPEN -DCORE_M0PLUS -D__USE_ROMDIVIDE -I"C:\Users\TeddyP\Documents\MCUXpressoIDE_11.3.0_5222\workspace\lpc_chip_11u6x\inc" -O0 -g3 -Wall -c -fmessage-length=0 -fno-builtin -ffunction-sections -fdata-sections -fmerge-constants -fmacro-prefix-map="../src/"=. -mcpu=cortex-m0 -mthumb -D__REDLIB__ -fstack-usage -specs=redlib.specs -MMD -MP -MF"src/ring_buffer.d" -MT"src/ring_buffer.o" -MT"src/ring_buffer.d" -o "src/ring_buffer.o" "../src/ring_buffer.c"
Finished building: ../src/ring_buffer.c
 
Building file: ../src/romdiv_11u6x.c
Invoking: MCU C Compiler
arm-none-eabi-gcc -D__REDLIB__ -DDEBUG -D__CODE_RED -D__USE_LPCOPEN -DCORE_M0PLUS -D__USE_ROMDIVIDE -I"C:\Users\TeddyP\Documents\MCUXpressoIDE_11.3.0_5222\workspace\lpc_chip_11u6x\inc" -O0 -g3 -Wall -c -fmessage-length=0 -fno-builtin -ffunction-sections -fdata-sections -fmerge-constants -fmacro-prefix-map="../src/"=. -mcpu=cortex-m0 -mthumb -D__REDLIB__ -fstack-usage -specs=redlib.specs -MMD -MP -MF"src/romdiv_11u6x.d" -MT"src/romdiv_11u6x.o" -MT"src/romdiv_11u6x.d" -o "src/romdiv_11u6x.o" "../src/romdiv_11u6x.c"
Finished building: ../src/romdiv_11u6x.c
 
Building file: ../src/rtc_11u6x.c
Invoking: MCU C Compiler
arm-none-eabi-gcc -D__REDLIB__ -DDEBUG -D__CODE_RED -D__USE_LPCOPEN -DCORE_M0PLUS -D__USE_ROMDIVIDE -I"C:\Users\TeddyP\Documents\MCUXpressoIDE_11.3.0_5222\workspace\lpc_chip_11u6x\inc" -O0 -g3 -Wall -c -fmessage-length=0 -fno-builtin -ffunction-sections -fdata-sections -fmerge-constants -fmacro-prefix-map="../src/"=. -mcpu=cortex-m0 -mthumb -D__REDLIB__ -fstack-usage -specs=redlib.specs -MMD -MP -MF"src/rtc_11u6x.d" -MT"src/rtc_11u6x.o" -MT"src/rtc_11u6x.d" -o "src/rtc_11u6x.o" "../src/rtc_11u6x.c"
Finished building: ../src/rtc_11u6x.c
 
Building file: ../src/sct_11u6x.c
Invoking: MCU C Compiler
arm-none-eabi-gcc -D__REDLIB__ -DDEBUG -D__CODE_RED -D__USE_LPCOPEN -DCORE_M0PLUS -D__USE_ROMDIVIDE -I"C:\Users\TeddyP\Documents\MCUXpressoIDE_11.3.0_5222\workspace\lpc_chip_11u6x\inc" -O0 -g3 -Wall -c -fmessage-length=0 -fno-builtin -ffunction-sections -fdata-sections -fmerge-constants -fmacro-prefix-map="../src/"=. -mcpu=cortex-m0 -mthumb -D__REDLIB__ -fstack-usage -specs=redlib.specs -MMD -MP -MF"src/sct_11u6x.d" -MT"src/sct_11u6x.o" -MT"src/sct_11u6x.d" -o "src/sct_11u6x.o" "../src/sct_11u6x.c"
Finished building: ../src/sct_11u6x.c
 
Building file: ../src/ssp_11u6x.c
Invoking: MCU C Compiler
arm-none-eabi-gcc -D__REDLIB__ -DDEBUG -D__CODE_RED -D__USE_LPCOPEN -DCORE_M0PLUS -D__USE_ROMDIVIDE -I"C:\Users\TeddyP\Documents\MCUXpressoIDE_11.3.0_5222\workspace\lpc_chip_11u6x\inc" -O0 -g3 -Wall -c -fmessage-length=0 -fno-builtin -ffunction-sections -fdata-sections -fmerge-constants -fmacro-prefix-map="../src/"=. -mcpu=cortex-m0 -mthumb -D__REDLIB__ -fstack-usage -specs=redlib.specs -MMD -MP -MF"src/ssp_11u6x.d" -MT"src/ssp_11u6x.o" -MT"src/ssp_11u6x.d" -o "src/ssp_11u6x.o" "../src/ssp_11u6x.c"
Finished building: ../src/ssp_11u6x.c
 
Building file: ../src/stopwatch_11u6.c
Invoking: MCU C Compiler
arm-none-eabi-gcc -D__REDLIB__ -DDEBUG -D__CODE_RED -D__USE_LPCOPEN -DCORE_M0PLUS -D__USE_ROMDIVIDE -I"C:\Users\TeddyP\Documents\MCUXpressoIDE_11.3.0_5222\workspace\lpc_chip_11u6x\inc" -O0 -g3 -Wall -c -fmessage-length=0 -fno-builtin -ffunction-sections -fdata-sections -fmerge-constants -fmacro-prefix-map="../src/"=. -mcpu=cortex-m0 -mthumb -D__REDLIB__ -fstack-usage -specs=redlib.specs -MMD -MP -MF"src/stopwatch_11u6.d" -MT"src/stopwatch_11u6.o" -MT"src/stopwatch_11u6.d" -o "src/stopwatch_11u6.o" "../src/stopwatch_11u6.c"
Finished building: ../src/stopwatch_11u6.c
 
Building file: ../src/syscon_11u6x.c
Invoking: MCU C Compiler
arm-none-eabi-gcc -D__REDLIB__ -DDEBUG -D__CODE_RED -D__USE_LPCOPEN -DCORE_M0PLUS -D__USE_ROMDIVIDE -I"C:\Users\TeddyP\Documents\MCUXpressoIDE_11.3.0_5222\workspace\lpc_chip_11u6x\inc" -O0 -g3 -Wall -c -fmessage-length=0 -fno-builtin -ffunction-sections -fdata-sections -fmerge-constants -fmacro-prefix-map="../src/"=. -mcpu=cortex-m0 -mthumb -D__REDLIB__ -fstack-usage -specs=redlib.specs -MMD -MP -MF"src/syscon_11u6x.d" -MT"src/syscon_11u6x.o" -MT"src/syscon_11u6x.d" -o "src/syscon_11u6x.o" "../src/syscon_11u6x.c"
Finished building: ../src/syscon_11u6x.c
 
Building file: ../src/sysinit_11u6x.c
Invoking: MCU C Compiler
arm-none-eabi-gcc -D__REDLIB__ -DDEBUG -D__CODE_RED -D__USE_LPCOPEN -DCORE_M0PLUS -D__USE_ROMDIVIDE -I"C:\Users\TeddyP\Documents\MCUXpressoIDE_11.3.0_5222\workspace\lpc_chip_11u6x\inc" -O0 -g3 -Wall -c -fmessage-length=0 -fno-builtin -ffunction-sections -fdata-sections -fmerge-constants -fmacro-prefix-map="../src/"=. -mcpu=cortex-m0 -mthumb -D__REDLIB__ -fstack-usage -specs=redlib.specs -MMD -MP -MF"src/sysinit_11u6x.d" -MT"src/sysinit_11u6x.o" -MT"src/sysinit_11u6x.d" -o "src/sysinit_11u6x.o" "../src/sysinit_11u6x.c"
Finished building: ../src/sysinit_11u6x.c
 
Building file: ../src/timer_11u6x.c
Invoking: MCU C Compiler
arm-none-eabi-gcc -D__REDLIB__ -DDEBUG -D__CODE_RED -D__USE_LPCOPEN -DCORE_M0PLUS -D__USE_ROMDIVIDE -I"C:\Users\TeddyP\Documents\MCUXpressoIDE_11.3.0_5222\workspace\lpc_chip_11u6x\inc" -O0 -g3 -Wall -c -fmessage-length=0 -fno-builtin -ffunction-sections -fdata-sections -fmerge-constants -fmacro-prefix-map="../src/"=. -mcpu=cortex-m0 -mthumb -D__REDLIB__ -fstack-usage -specs=redlib.specs -MMD -MP -MF"src/timer_11u6x.d" -MT"src/timer_11u6x.o" -MT"src/timer_11u6x.d" -o "src/timer_11u6x.o" "../src/timer_11u6x.c"
Finished building: ../src/timer_11u6x.c
 
Building file: ../src/uart_0_11u6x.c
Invoking: MCU C Compiler
arm-none-eabi-gcc -D__REDLIB__ -DDEBUG -D__CODE_RED -D__USE_LPCOPEN -DCORE_M0PLUS -D__USE_ROMDIVIDE -I"C:\Users\TeddyP\Documents\MCUXpressoIDE_11.3.0_5222\workspace\lpc_chip_11u6x\inc" -O0 -g3 -Wall -c -fmessage-length=0 -fno-builtin -ffunction-sections -fdata-sections -fmerge-constants -fmacro-prefix-map="../src/"=. -mcpu=cortex-m0 -mthumb -D__REDLIB__ -fstack-usage -specs=redlib.specs -MMD -MP -MF"src/uart_0_11u6x.d" -MT"src/uart_0_11u6x.o" -MT"src/uart_0_11u6x.d" -o "src/uart_0_11u6x.o" "../src/uart_0_11u6x.c"
Finished building: ../src/uart_0_11u6x.c
 
Building file: ../src/uart_n_11u6x.c
Invoking: MCU C Compiler
arm-none-eabi-gcc -D__REDLIB__ -DDEBUG -D__CODE_RED -D__USE_LPCOPEN -DCORE_M0PLUS -D__USE_ROMDIVIDE -I"C:\Users\TeddyP\Documents\MCUXpressoIDE_11.3.0_5222\workspace\lpc_chip_11u6x\inc" -O0 -g3 -Wall -c -fmessage-length=0 -fno-builtin -ffunction-sections -fdata-sections -fmerge-constants -fmacro-prefix-map="../src/"=. -mcpu=cortex-m0 -mthumb -D__REDLIB__ -fstack-usage -specs=redlib.specs -MMD -MP -MF"src/uart_n_11u6x.d" -MT"src/uart_n_11u6x.o" -MT"src/uart_n_11u6x.d" -o "src/uart_n_11u6x.o" "../src/uart_n_11u6x.c"
Finished building: ../src/uart_n_11u6x.c
 
Building file: ../src/wwdt_11u6x.c
Invoking: MCU C Compiler
arm-none-eabi-gcc -D__REDLIB__ -DDEBUG -D__CODE_RED -D__USE_LPCOPEN -DCORE_M0PLUS -D__USE_ROMDIVIDE -I"C:\Users\TeddyP\Documents\MCUXpressoIDE_11.3.0_5222\workspace\lpc_chip_11u6x\inc" -O0 -g3 -Wall -c -fmessage-length=0 -fno-builtin -ffunction-sections -fdata-sections -fmerge-constants -fmacro-prefix-map="../src/"=. -mcpu=cortex-m0 -mthumb -D__REDLIB__ -fstack-usage -specs=redlib.specs -MMD -MP -MF"src/wwdt_11u6x.d" -MT"src/wwdt_11u6x.o" -MT"src/wwdt_11u6x.d" -o "src/wwdt_11u6x.o" "../src/wwdt_11u6x.c"
Finished building: ../src/wwdt_11u6x.c
 
Building target: liblpc_chip_11u6x.a
Invoking: MCU Archiver
arm-none-eabi-ar -r  "liblpc_chip_11u6x.a"  ./src/adc_11u6x.o ./src/chip_11u6x.o ./src/clock_11u6x.o ./src/crc_11u6x.o ./src/dma_11u6x.o ./src/gpio_11u6x.o ./src/gpiogroup_11u6x.o ./src/i2c_11u6x.o ./src/i2cm_11u6x.o ./src/iocon_11u6x.o ./src/pinint_11u6x.o ./src/pmu_11u6x.o ./src/ring_buffer.o ./src/romdiv_11u6x.o ./src/rtc_11u6x.o ./src/sct_11u6x.o ./src/ssp_11u6x.o ./src/stopwatch_11u6.o ./src/syscon_11u6x.o ./src/sysinit_11u6x.o ./src/timer_11u6x.o ./src/uart_0_11u6x.o ./src/uart_n_11u6x.o ./src/wwdt_11u6x.o   
arm-none-eabi-ar: creating liblpc_chip_11u6x.a
Finished building target: liblpc_chip_11u6x.a
 
make --no-print-directory post-build
Performing post-build steps
arm-none-eabi-size "liblpc_chip_11u6x.a" ; # arm-none-eabi-objdump -h -S "liblpc_chip_11u6x.a" >"liblpc_chip_11u6x.lss"
   text	   data	    bss	    dec	    hex	filename
    874	      0	      0	    874	    36a	adc_11u6x.o (ex liblpc_chip_11u6x.a)
    240	      0	      0	    240	     f0	chip_11u6x.o (ex liblpc_chip_11u6x.a)
   1528	      0	      0	   1528	    5f8	clock_11u6x.o (ex liblpc_chip_11u6x.a)
    544	      0	      0	    544	    220	crc_11u6x.o (ex liblpc_chip_11u6x.a)
    340	      0	      0	    340	    154	dma_11u6x.o (ex liblpc_chip_11u6x.a)
    866	      0	      0	    866	    362	gpio_11u6x.o (ex liblpc_chip_11u6x.a)
      0	      0	      0	      0	      0	gpiogroup_11u6x.o (ex liblpc_chip_11u6x.a)
   3938	     56	     80	   4074	    fea	i2c_11u6x.o (ex liblpc_chip_11u6x.a)
   1394	      0	      0	   1394	    572	i2cm_11u6x.o (ex liblpc_chip_11u6x.a)
    224	      0	      0	    224	     e0	iocon_11u6x.o (ex liblpc_chip_11u6x.a)
    224	      0	      0	    224	     e0	pinint_11u6x.o (ex liblpc_chip_11u6x.a)
    242	      0	      0	    242	     f2	pmu_11u6x.o (ex liblpc_chip_11u6x.a)
    956	      0	      0	    956	    3bc	ring_buffer.o (ex liblpc_chip_11u6x.a)
      0	      0	      0	      0	      0	romdiv_11u6x.o (ex liblpc_chip_11u6x.a)
    144	      0	      0	    144	     90	rtc_11u6x.o (ex liblpc_chip_11u6x.a)
    552	      0	      1	    553	    229	sct_11u6x.o (ex liblpc_chip_11u6x.a)
   2954	      0	      0	   2954	    b8a	ssp_11u6x.o (ex liblpc_chip_11u6x.a)
    376	      0	     12	    388	    184	stopwatch_11u6.o (ex liblpc_chip_11u6x.a)
    308	      0	      0	    308	    134	syscon_11u6x.o (ex liblpc_chip_11u6x.a)
    362	      0	      0	    362	    16a	sysinit_11u6x.o (ex liblpc_chip_11u6x.a)
    444	      0	      0	    444	    1bc	timer_11u6x.o (ex liblpc_chip_11u6x.a)
   1508	      0	      0	   1508	    5e4	uart_0_11u6x.o (ex liblpc_chip_11u6x.a)
   1522	      0	      1	   1523	    5f3	uart_n_11u6x.o (ex liblpc_chip_11u6x.a)
    236	      0	      0	    236	     ec	wwdt_11u6x.o (ex liblpc_chip_11u6x.a)
 
09:26:46 **** Incremental Build of configuration Debug for project I2I2 ****
make -r -j16 all 
Building file: ../src/I2I2.cpp
Invoking: MCU C++ Compiler
arm-none-eabi-c++ -DDEBUG -D__CODE_RED -D__NEWLIB__ -DCORE_M0PLUS -D__MTB_BUFFER_SIZE=256 -D__USE_ROMDIVIDE -D__USE_LPCOPEN -DCPP_USE_HEAP -D__LPC11U6X__ -I"C:\Users\TeddyP\Documents\MCUXpressoIDE_11.3.0_5222\workspace\lpc_board_nxp_lpcxpresso_11u68\inc" -I"C:\Users\TeddyP\Documents\MCUXpressoIDE_11.3.0_5222\workspace\lpc_chip_11u6x\inc" -O0 -fno-common -g3 -Wall -c -fmessage-length=0 -fno-builtin -ffunction-sections -fdata-sections -fno-rtti -fno-exceptions -fmerge-constants -fmacro-prefix-map="../src/"=. -mcpu=cortex-m0 -mthumb -fstack-usage -MMD -MP -MF"src/I2I2.d" -MT"src/I2I2.o" -MT"src/I2I2.d" -o "src/I2I2.o" "../src/I2I2.cpp"
../src/I2I2.cpp: In function 'int main()':
../src/I2I2.cpp:58:25: warning: unused variable 'i' [-Wunused-variable]
   58 |     volatile static int i = 0 ;
      |                         ^
Finished building: ../src/I2I2.cpp
 
Building target: I2I2.axf
Invoking: MCU C++ Linker
arm-none-eabi-c++ -nostdlib -L"C:\Users\TeddyP\Documents\MCUXpressoIDE_11.3.0_5222\workspace\lpc_board_nxp_lpcxpresso_11u68\Debug" -L"C:\Users\TeddyP\Documents\MCUXpressoIDE_11.3.0_5222\workspace\lpc_chip_11u6x\Debug" -Xlinker -Map="I2I2.map" -Xlinker --cref -Xlinker --gc-sections -Xlinker -print-memory-usage -mcpu=cortex-m0 -mthumb -T "I2I2_Debug.ld" -o "I2I2.axf"  ./src/I2I2.o ./src/aeabi_romdiv_patch.o ./src/cr_cpp_config.o ./src/cr_startup_lpc11u6x.o ./src/crp.o ./src/mtb.o ./src/sysinit.o   -llpc_board_nxp_lpcxpresso_11u68 -llpc_chip_11u6x
Memory region         Used Size  Region Size  %age Used
       MFlash256:        3696 B       256 KB      1.41%
         Ram0_32:         292 B        32 KB      0.89%
          Ram1_2:          0 GB         2 KB      0.00%
       Ram2USB_2:          0 GB         2 KB      0.00%
Finished building target: I2I2.axf
 
make --no-print-directory post-build
Performing post-build steps
arm-none-eabi-size "I2I2.axf"; # arm-none-eabi-objcopy -v -O binary "I2I2.axf" "I2I2.bin" ; # checksum -p LPC11U68 -d "I2I2.bin";
   text	   data	    bss	    dec	    hex	filename
   3696	      0	    292	   3988	    f94	I2I2.axf
 
09:28:28 **** Incremental Build of configuration Debug for project lpc_board_nxp_lpcxpresso_11u68 ****
make -r all 
make: Nothing to be done for 'all'.
09:28:28 **** Incremental Build of configuration Debug for project lpc_chip_11u6x ****
make -r all 
make: Nothing to be done for 'all'.
09:28:29 **** Incremental Build of configuration Debug for project I2I2 ****
make -r -j16 all 
Building file: ../src/I2I2.cpp
Invoking: MCU C++ Compiler
arm-none-eabi-c++ -DDEBUG -D__CODE_RED -D__NEWLIB__ -DCORE_M0PLUS -D__MTB_BUFFER_SIZE=256 -D__USE_ROMDIVIDE -D__USE_LPCOPEN -DCPP_USE_HEAP -D__LPC11U6X__ -I"C:\Users\TeddyP\Documents\MCUXpressoIDE_11.3.0_5222\workspace\lpc_board_nxp_lpcxpresso_11u68\inc" -I"C:\Users\TeddyP\Documents\MCUXpressoIDE_11.3.0_5222\workspace\lpc_chip_11u6x\inc" -O0 -fno-common -g3 -Wall -c -fmessage-length=0 -fno-builtin -ffunction-sections -fdata-sections -fno-rtti -fno-exceptions -fmerge-constants -fmacro-prefix-map="../src/"=. -mcpu=cortex-m0 -mthumb -fstack-usage -MMD -MP -MF"src/I2I2.d" -MT"src/I2I2.o" -MT"src/I2I2.d" -o "src/I2I2.o" "../src/I2I2.cpp"
../src/I2I2.cpp: In function 'int main()':
../src/I2I2.cpp:58:25: warning: unused variable 'i' [-Wunused-variable]
   58 |     volatile static int i = 0 ;
      |                         ^
Finished building: ../src/I2I2.cpp
 
Building target: I2I2.axf
Invoking: MCU C++ Linker
arm-none-eabi-c++ -nostdlib -L"C:\Users\TeddyP\Documents\MCUXpressoIDE_11.3.0_5222\workspace\lpc_board_nxp_lpcxpresso_11u68\Debug" -L"C:\Users\TeddyP\Documents\MCUXpressoIDE_11.3.0_5222\workspace\lpc_chip_11u6x\Debug" -Xlinker -Map="I2I2.map" -Xlinker --cref -Xlinker --gc-sections -Xlinker -print-memory-usage -mcpu=cortex-m0 -mthumb -T "I2I2_Debug.ld" -o "I2I2.axf"  ./src/I2I2.o ./src/aeabi_romdiv_patch.o ./src/cr_cpp_config.o ./src/cr_startup_lpc11u6x.o ./src/crp.o ./src/mtb.o ./src/sysinit.o   -llpc_board_nxp_lpcxpresso_11u68 -llpc_chip_11u6x
Memory region         Used Size  Region Size  %age Used
       MFlash256:        3696 B       256 KB      1.41%
         Ram0_32:         292 B        32 KB      0.89%
          Ram1_2:          0 GB         2 KB      0.00%
       Ram2USB_2:          0 GB         2 KB      0.00%
Finished building target: I2I2.axf
 
make --no-print-directory post-build
Performing post-build steps
arm-none-eabi-size "I2I2.axf"; # arm-none-eabi-objcopy -v -O binary "I2I2.axf" "I2I2.bin" ; # checksum -p LPC11U68 -d "I2I2.bin";
   text	   data	    bss	    dec	    hex	filename
   3696	      0	    292	   3988	    f94	I2I2.axf
 
09:29:46 **** Incremental Build of configuration Debug for project lpc_board_nxp_lpcxpresso_11u68 ****
make -r all 
make: Nothing to be done for 'all'.
09:29:46 **** Incremental Build of configuration Debug for project lpc_chip_11u6x ****
make -r all 
make: Nothing to be done for 'all'.
09:29:46 **** Incremental Build of configuration Debug for project I2I2 ****
make -r -j16 all 
Building file: ../src/I2I2.cpp
Invoking: MCU C++ Compiler
arm-none-eabi-c++ -DDEBUG -D__CODE_RED -D__NEWLIB__ -DCORE_M0PLUS -D__MTB_BUFFER_SIZE=256 -D__USE_ROMDIVIDE -D__USE_LPCOPEN -DCPP_USE_HEAP -D__LPC11U6X__ -I"C:\Users\TeddyP\Documents\MCUXpressoIDE_11.3.0_5222\workspace\lpc_board_nxp_lpcxpresso_11u68\inc" -I"C:\Users\TeddyP\Documents\MCUXpressoIDE_11.3.0_5222\workspace\lpc_chip_11u6x\inc" -O0 -fno-common -g3 -Wall -c -fmessage-length=0 -fno-builtin -ffunction-sections -fdata-sections -fno-rtti -fno-exceptions -fmerge-constants -fmacro-prefix-map="../src/"=. -mcpu=cortex-m0 -mthumb -fstack-usage -MMD -MP -MF"src/I2I2.d" -MT"src/I2I2.o" -MT"src/I2I2.d" -o "src/I2I2.o" "../src/I2I2.cpp"
../src/I2I2.cpp: In function 'int main()':
../src/I2I2.cpp:58:25: warning: unused variable 'i' [-Wunused-variable]
   58 |     volatile static int i = 0 ;
      |                         ^
Finished building: ../src/I2I2.cpp
 
Building target: I2I2.axf
Invoking: MCU C++ Linker
arm-none-eabi-c++ -nostdlib -L"C:\Users\TeddyP\Documents\MCUXpressoIDE_11.3.0_5222\workspace\lpc_board_nxp_lpcxpresso_11u68\Debug" -L"C:\Users\TeddyP\Documents\MCUXpressoIDE_11.3.0_5222\workspace\lpc_chip_11u6x\Debug" -Xlinker -Map="I2I2.map" -Xlinker --cref -Xlinker --gc-sections -Xlinker -print-memory-usage -mcpu=cortex-m0 -mthumb -T "I2I2_Debug.ld" -o "I2I2.axf"  ./src/I2I2.o ./src/aeabi_romdiv_patch.o ./src/cr_cpp_config.o ./src/cr_startup_lpc11u6x.o ./src/crp.o ./src/mtb.o ./src/sysinit.o   -llpc_board_nxp_lpcxpresso_11u68 -llpc_chip_11u6x
Memory region         Used Size  Region Size  %age Used
       MFlash256:        3696 B       256 KB      1.41%
         Ram0_32:         292 B        32 KB      0.89%
          Ram1_2:          0 GB         2 KB      0.00%
       Ram2USB_2:          0 GB         2 KB      0.00%
Finished building target: I2I2.axf
 
make --no-print-directory post-build
Performing post-build steps
arm-none-eabi-size "I2I2.axf"; # arm-none-eabi-objcopy -v -O binary "I2I2.axf" "I2I2.bin" ; # checksum -p LPC11U68 -d "I2I2.bin";
   text	   data	    bss	    dec	    hex	filename
   3696	      0	    292	   3988	    f94	I2I2.axf
 
09:35:40 **** Incremental Build of configuration Debug for project lpc_board_nxp_lpcxpresso_11u68 ****
make -r all 
make: Nothing to be done for 'all'.
09:35:40 **** Incremental Build of configuration Debug for project lpc_chip_11u6x ****
make -r all 
make: Nothing to be done for 'all'.
09:35:40 **** Incremental Build of configuration Debug for project I2I2 ****
make -r -j16 all 
Building file: ../src/I2I2.cpp
Invoking: MCU C++ Compiler
arm-none-eabi-c++ -DDEBUG -D__CODE_RED -D__NEWLIB__ -DCORE_M0PLUS -D__MTB_BUFFER_SIZE=256 -D__USE_ROMDIVIDE -D__USE_LPCOPEN -DCPP_USE_HEAP -D__LPC11U6X__ -I"C:\Users\TeddyP\Documents\MCUXpressoIDE_11.3.0_5222\workspace\lpc_board_nxp_lpcxpresso_11u68\inc" -I"C:\Users\TeddyP\Documents\MCUXpressoIDE_11.3.0_5222\workspace\lpc_chip_11u6x\inc" -O0 -fno-common -g3 -Wall -c -fmessage-length=0 -fno-builtin -ffunction-sections -fdata-sections -fno-rtti -fno-exceptions -fmerge-constants -fmacro-prefix-map="../src/"=. -mcpu=cortex-m0 -mthumb -fstack-usage -MMD -MP -MF"src/I2I2.d" -MT"src/I2I2.o" -MT"src/I2I2.d" -o "src/I2I2.o" "../src/I2I2.cpp"
../src/I2I2.cpp: In function 'int main()':
../src/I2I2.cpp:58:25: warning: unused variable 'i' [-Wunused-variable]
   58 |     volatile static int i = 0 ;
      |                         ^
Finished building: ../src/I2I2.cpp
 
Building target: I2I2.axf
Invoking: MCU C++ Linker
arm-none-eabi-c++ -nostdlib -L"C:\Users\TeddyP\Documents\MCUXpressoIDE_11.3.0_5222\workspace\lpc_board_nxp_lpcxpresso_11u68\Debug" -L"C:\Users\TeddyP\Documents\MCUXpressoIDE_11.3.0_5222\workspace\lpc_chip_11u6x\Debug" -Xlinker -Map="I2I2.map" -Xlinker --cref -Xlinker --gc-sections -Xlinker -print-memory-usage -mcpu=cortex-m0 -mthumb -T "I2I2_Debug.ld" -o "I2I2.axf"  ./src/I2I2.o ./src/aeabi_romdiv_patch.o ./src/cr_cpp_config.o ./src/cr_startup_lpc11u6x.o ./src/crp.o ./src/mtb.o ./src/sysinit.o   -llpc_board_nxp_lpcxpresso_11u68 -llpc_chip_11u6x
Memory region         Used Size  Region Size  %age Used
       MFlash256:        3696 B       256 KB      1.41%
         Ram0_32:         292 B        32 KB      0.89%
          Ram1_2:          0 GB         2 KB      0.00%
       Ram2USB_2:          0 GB         2 KB      0.00%
Finished building target: I2I2.axf
 
make --no-print-directory post-build
Performing post-build steps
arm-none-eabi-size "I2I2.axf"; # arm-none-eabi-objcopy -v -O binary "I2I2.axf" "I2I2.bin" ; # checksum -p LPC11U68 -d "I2I2.bin";
   text	   data	    bss	    dec	    hex	filename
   3696	      0	    292	   3988	    f94	I2I2.axf
 
09:37:39 **** Incremental Build of configuration Debug for project lpc_board_nxp_lpcxpresso_11u68 ****
make -r all 
make: Nothing to be done for 'all'.
09:37:39 **** Incremental Build of configuration Debug for project lpc_chip_11u6x ****
make -r all 
make: Nothing to be done for 'all'.
09:37:40 **** Incremental Build of configuration Debug for project I2I2 ****
make -r -j16 all 
Building file: ../src/I2I2.cpp
Invoking: MCU C++ Compiler
arm-none-eabi-c++ -DDEBUG -D__CODE_RED -D__NEWLIB__ -DCORE_M0PLUS -D__MTB_BUFFER_SIZE=256 -D__USE_ROMDIVIDE -D__USE_LPCOPEN -DCPP_USE_HEAP -D__LPC11U6X__ -I"C:\Users\TeddyP\Documents\MCUXpressoIDE_11.3.0_5222\workspace\lpc_board_nxp_lpcxpresso_11u68\inc" -I"C:\Users\TeddyP\Documents\MCUXpressoIDE_11.3.0_5222\workspace\lpc_chip_11u6x\inc" -O0 -fno-common -g3 -Wall -c -fmessage-length=0 -fno-builtin -ffunction-sections -fdata-sections -fno-rtti -fno-exceptions -fmerge-constants -fmacro-prefix-map="../src/"=. -mcpu=cortex-m0 -mthumb -fstack-usage -MMD -MP -MF"src/I2I2.d" -MT"src/I2I2.o" -MT"src/I2I2.d" -o "src/I2I2.o" "../src/I2I2.cpp"
../src/I2I2.cpp: In function 'int main()':
../src/I2I2.cpp:58:25: warning: unused variable 'i' [-Wunused-variable]
   58 |     volatile static int i = 0 ;
      |                         ^
Finished building: ../src/I2I2.cpp
 
Building target: I2I2.axf
Invoking: MCU C++ Linker
arm-none-eabi-c++ -nostdlib -L"C:\Users\TeddyP\Documents\MCUXpressoIDE_11.3.0_5222\workspace\lpc_board_nxp_lpcxpresso_11u68\Debug" -L"C:\Users\TeddyP\Documents\MCUXpressoIDE_11.3.0_5222\workspace\lpc_chip_11u6x\Debug" -Xlinker -Map="I2I2.map" -Xlinker --cref -Xlinker --gc-sections -Xlinker -print-memory-usage -mcpu=cortex-m0 -mthumb -T "I2I2_Debug.ld" -o "I2I2.axf"  ./src/I2I2.o ./src/aeabi_romdiv_patch.o ./src/cr_cpp_config.o ./src/cr_startup_lpc11u6x.o ./src/crp.o ./src/mtb.o ./src/sysinit.o   -llpc_board_nxp_lpcxpresso_11u68 -llpc_chip_11u6x
Memory region         Used Size  Region Size  %age Used
       MFlash256:        3656 B       256 KB      1.39%
         Ram0_32:         292 B        32 KB      0.89%
          Ram1_2:          0 GB         2 KB      0.00%
       Ram2USB_2:          0 GB         2 KB      0.00%
Finished building target: I2I2.axf
 
make --no-print-directory post-build
Performing post-build steps
arm-none-eabi-size "I2I2.axf"; # arm-none-eabi-objcopy -v -O binary "I2I2.axf" "I2I2.bin" ; # checksum -p LPC11U68 -d "I2I2.bin";
   text	   data	    bss	    dec	    hex	filename
   3656	      0	    292	   3948	    f6c	I2I2.axf
 
09:47:39 **** Build of configuration Debug for project lpc_board_manley_11u68 ****
make -r all 
Building file: ../src/board.c
Invoking: MCU C Compiler
arm-none-eabi-gcc -D__REDLIB__ -DDEBUG -D__CODE_RED -D__USE_LPCOPEN -DCORE_M0PLUS -D__USE_ROMDIVIDE -I"C:\Users\TeddyP\Documents\MCUXpressoIDE_11.3.0_5222\workspace\lpc_chip_11u6x\inc" -I"C:\Users\TeddyP\Documents\MCUXpressoIDE_11.3.0_5222\workspace\lpc_board_manley_11u68\inc" -O0 -g3 -Wall -c -fmessage-length=0 -fno-builtin -ffunction-sections -fdata-sections -fmerge-constants -fmacro-prefix-map="../src/"=. -mcpu=cortex-m0 -mthumb -D__REDLIB__ -fstack-usage -specs=redlib.specs -MMD -MP -MF"src/board.d" -MT"src/board.o" -MT"src/board.d" -o "src/board.o" "../src/board.c"
Finished building: ../src/board.c
 
Building file: ../src/board_lcd.c
Invoking: MCU C Compiler
arm-none-eabi-gcc -D__REDLIB__ -DDEBUG -D__CODE_RED -D__USE_LPCOPEN -DCORE_M0PLUS -D__USE_ROMDIVIDE -I"C:\Users\TeddyP\Documents\MCUXpressoIDE_11.3.0_5222\workspace\lpc_chip_11u6x\inc" -I"C:\Users\TeddyP\Documents\MCUXpressoIDE_11.3.0_5222\workspace\lpc_board_manley_11u68\inc" -O0 -g3 -Wall -c -fmessage-length=0 -fno-builtin -ffunction-sections -fdata-sections -fmerge-constants -fmacro-prefix-map="../src/"=. -mcpu=cortex-m0 -mthumb -D__REDLIB__ -fstack-usage -specs=redlib.specs -MMD -MP -MF"src/board_lcd.d" -MT"src/board_lcd.o" -MT"src/board_lcd.d" -o "src/board_lcd.o" "../src/board_lcd.c"
../src/board_lcd.c:123:17: warning: 'Board_LCD_ReadData' defined but not used [-Wunused-function]
  123 | static uint16_t Board_LCD_ReadData(void)
      |                 ^~~~~~~~~~~~~~~~~~
Finished building: ../src/board_lcd.c
 
Building file: ../src/board_sysinit.c
Invoking: MCU C Compiler
arm-none-eabi-gcc -D__REDLIB__ -DDEBUG -D__CODE_RED -D__USE_LPCOPEN -DCORE_M0PLUS -D__USE_ROMDIVIDE -I"C:\Users\TeddyP\Documents\MCUXpressoIDE_11.3.0_5222\workspace\lpc_chip_11u6x\inc" -I"C:\Users\TeddyP\Documents\MCUXpressoIDE_11.3.0_5222\workspace\lpc_board_manley_11u68\inc" -O0 -g3 -Wall -c -fmessage-length=0 -fno-builtin -ffunction-sections -fdata-sections -fmerge-constants -fmacro-prefix-map="../src/"=. -mcpu=cortex-m0 -mthumb -D__REDLIB__ -fstack-usage -specs=redlib.specs -MMD -MP -MF"src/board_sysinit.d" -MT"src/board_sysinit.o" -MT"src/board_sysinit.d" -o "src/board_sysinit.o" "../src/board_sysinit.c"
Finished building: ../src/board_sysinit.c
 
Building target: liblpc_board_manley_11u68.a
Invoking: MCU Archiver
arm-none-eabi-ar -r  "liblpc_board_manley_11u68.a"  ./src/board.o ./src/board_lcd.o ./src/board_sysinit.o   
arm-none-eabi-ar: creating liblpc_board_manley_11u68.a
Finished building target: liblpc_board_manley_11u68.a
 
make --no-print-directory post-build
Performing post-build steps
arm-none-eabi-size "liblpc_board_manley_11u68.a" ; # arm-none-eabi-objdump -h -S "liblpc_board_manley_11u68.a" >"liblpc_board_manley_11u68.lss"
   text	   data	    bss	    dec	    hex	filename
   1245	      0	      0	   1245	    4dd	board.o (ex liblpc_board_manley_11u68.a)
   1993	      0	    644	   2637	    a4d	board_lcd.o (ex liblpc_board_manley_11u68.a)
    220	      0	      0	    220	     dc	board_sysinit.o (ex liblpc_board_manley_11u68.a)
 
09:47:42 **** Incremental Build of configuration Debug for project lpc_board_nxp_lpcxpresso_11u68 ****
make -r all 
make: Nothing to be done for 'all'.
09:47:42 **** Incremental Build of configuration Debug for project lpc_chip_11u6x ****
make -r all 
make: Nothing to be done for 'all'.
09:47:43 **** Build of configuration Debug for project freertos_blinky ****
make -r -j16 all 
Building target: freertos_blinky.axf
Invoking: MCU Linker
arm-none-eabi-gcc -nostdlib -L"C:\Users\TeddyP\Documents\MCUXpressoIDE_11.3.0_5222\workspace\lpc_chip_11u6x\Debug" -L"C:\Users\TeddyP\Documents\MCUXpressoIDE_11.3.0_5222\workspace\lpc_board_nxp_lpcxpresso_11u68\Debug" -Xlinker -Map="freertos_blinky.map" -Xlinker --gc-sections -Xlinker --allow-multiple-definition -mcpu=cortex-m0 -mthumb -T "freertos_blinky_Debug.ld" -o "freertos_blinky.axf"  ./freertos/src/FreeRTOSCommonHooks.o ./freertos/src/heap_3.o ./freertos/src/list.o ./freertos/src/port.o ./freertos/src/queue.o ./freertos/src/tasks.o  ./example/src/aeabi_romdiv_patch.o ./example/src/cr_startup_lpc11u6x.o ./example/src/crp.o ./example/src/freertos_blinky.o ./example/src/mtb.o ./example/src/sysinit.o   -llpc_board_nxp_lpcxpresso_11u68 -llpc_chip_11u6x
Finished building target: freertos_blinky.axf
 
make --no-print-directory post-build
Performing post-build steps
arm-none-eabi-size "freertos_blinky.axf"; # arm-none-eabi-objcopy -O binary "freertos_blinky.axf" "freertos_blinky.bin" ; checksum -p LPC11U68 -d "freertos_blinky.bin";
   text	   data	    bss	    dec	    hex	filename
  18188	      8	   1072	  19268	   4b44	freertos_blinky.axf
 
09:47:44 **** Build of configuration Debug for project demos_switch_blinky ****
make -r -j16 all 
Building file: ../example/src/aeabi_romdiv_patch.s
Building file: ../example/src/cr_startup_lpc11u6x.c
Building file: ../example/src/crp.c
Building file: ../example/src/mtb.c
Building file: ../example/src/switch_blinky.c
Invoking: MCU Assembler
arm-none-eabi-gcc -c -x assembler-with-cpp -D__REDLIB__ -DDEBUG -D__CODE_RED -D__USE_ROMDIVIDE -g3 -mcpu=cortex-m0 -mthumb -D__REDLIB__ -specs=redlib.specs -o "example/src/aeabi_romdiv_patch.o" "../example/src/aeabi_romdiv_patch.s"
Invoking: MCU C Compiler
arm-none-eabi-gcc -D__REDLIB__ -DDEBUG -D__CODE_RED -D__USE_LPCOPEN -D__MTB_BUFFER_SIZE=256 -DCORE_M0PLUS -D__USE_ROMDIVIDE -I"C:\Users\TeddyP\Documents\MCUXpressoIDE_11.3.0_5222\workspace\lpc_chip_11u6x\inc" -I"C:\Users\TeddyP\Documents\MCUXpressoIDE_11.3.0_5222\workspace\lpc_board_nxp_lpcxpresso_11u68\inc" -O0 -g3 -Wall -c -fmessage-length=0 -fno-builtin -ffunction-sections -fdata-sections -fmerge-constants -fmacro-prefix-map="../example/src/"=. -mcpu=cortex-m0 -mthumb -D__REDLIB__ -fstack-usage -specs=redlib.specs -MMD -MP -MF"example/src/cr_startup_lpc11u6x.d" -MT"example/src/cr_startup_lpc11u6x.o" -MT"example/src/cr_startup_lpc11u6x.d" -o "example/src/cr_startup_lpc11u6x.o" "../example/src/cr_startup_lpc11u6x.c"
Invoking: MCU C Compiler
Invoking: MCU C Compiler
arm-none-eabi-gcc -D__REDLIB__ -DDEBUG -D__CODE_RED -D__USE_LPCOPEN -D__MTB_BUFFER_SIZE=256 -DCORE_M0PLUS -D__USE_ROMDIVIDE -I"C:\Users\TeddyP\Documents\MCUXpressoIDE_11.3.0_5222\workspace\lpc_chip_11u6x\inc" -I"C:\Users\TeddyP\Documents\MCUXpressoIDE_11.3.0_5222\workspace\lpc_board_nxp_lpcxpresso_11u68\inc" -O0 -g3 -Wall -c -fmessage-length=0 -fno-builtin -ffunction-sections -fdata-sections -fmerge-constants -fmacro-prefix-map="../example/src/"=. -mcpu=cortex-m0 -mthumb -D__REDLIB__ -fstack-usage -specs=reInvoking: MCU C Compiler
dlib.specs -MMD -MP -MF"example/src/crp.d" -MT"example/src/crp.o" -MT"example/src/crp.d" -o "example/src/crp.o" "../example/src/crp.c"
Building file: ../example/src/sysinit.c
arm-none-eabi-gcc -D__REDLIB__ -DDEBUG -D__CODE_RED -D__USE_LPCOPEN -D__MTB_BUFFER_SIZE=256 -DCORE_M0PLUS -D__USE_ROMDIVIDE -I"C:\Users\TeddyP\Documents\MCUXpressoIDE_11.3.0_5222\workspace\lpc_chip_11u6x\inc" -I"C:\Users\TeddyP\Documents\MCUXpressoIDE_11.3.0_5222\workspace\lpc_board_nxp_lpcxpresso_11u68\inc" -O0 -g3 -Wall -c -fmessage-length=0 -fno-builtin -ffunction-sections -fdata-sections -fmerge-constants -fmacro-prefix-map="../example/src/"=. -mcpu=cortex-m0 -mthumb -D__REDLIB__ -fstack-usage -specs=redlib.specs -MMD -MP -MF"example/src/mtb.d" -MT"example/src/mtb.o" -MT"example/src/mtb.d" -o "example/src/mtb.o" "../example/src/mtb.c"
arm-none-eabi-gcc -D__REDLIB__ -DDEBUG -D__CODE_RED -D__USE_LPCOPEN -D__MTB_BUFFER_SIZE=256 -DCORE_M0PLUS -D__USE_ROMDIVIDE -I"C:\Users\TeddyP\Documents\MCUXpressoIDE_11.3.0_5222\workspace\lpc_chip_11u6x\inc" -I"C:\Users\TeddyP\Documents\MCUXpressoIDE_11.3.0_5222\workspace\lpc_board_nxp_lpcxpresso_11u68\inc" -O0 -g3 -Wall -c -fmessage-length=0 -fno-builtin -ffunction-sections -fdata-sections -fmerge-constants -fmacro-prefix-map="../example/src/"=. -mcpu=cortex-m0 -mthumb -D__REDLIB__ -fstack-usage -specs=redlib.specs -MMD -MP -MF"example/src/switch_blinky.d" -MT"example/src/switch_blinky.o" -MT"example/src/switch_blinky.d" -o "example/src/switch_blinky.o" "../example/src/switch_blinky.c"
Invoking: MCU C Compiler
arm-none-eabi-gcc -D__REDLIB__ -DDEBUG -D__CODE_RED -D__USE_LPCOPEN -D__MTB_BUFFER_SIZE=256 -DCORE_M0PLUS -D__USE_ROMDIVIDE -I"C:\Users\TeddyP\Documents\MCUXpressoIDE_11.3.0_5222\workspace\lpc_chip_11u6x\inc" -I"C:\Users\TeddyP\Documents\MCUXpressoIDE_11.3.0_5222\workspace\lpc_board_nxp_lpcxpresso_11u68\inc" -O0 -g3 -Wall -c -fmessage-length=0 -fno-builtin -ffunction-sections -fdata-sections -fmerge-constants -fmacro-prefix-map="../example/src/"=. -mcpu=cortex-m0 -mthumb -D__REDLIB__ -fstack-usage -specs=redlib.specs -MMD -MP -MF"example/src/sysinit.d" -MT"example/src/sysinit.o" -MT"example/src/sysinit.d" -o "example/src/sysinit.o" "../example/src/sysinit.c"
Finished building: ../example/src/aeabi_romdiv_patch.s
 
Finished building: ../example/src/cr_startup_lpc11u6x.c
 
Finished building: ../example/src/crp.c
 
Finished building: ../example/src/mtb.c
 
Finished building: ../example/src/sysinit.c
 
Finished building: ../example/src/switch_blinky.c
 
Building target: demos_switch_blinky.axf
Invoking: MCU Linker
arm-none-eabi-gcc -nostdlib -L"C:\Users\TeddyP\Documents\MCUXpressoIDE_11.3.0_5222\workspace\lpc_chip_11u6x\Debug" -L"C:\Users\TeddyP\Documents\MCUXpressoIDE_11.3.0_5222\workspace\lpc_board_nxp_lpcxpresso_11u68\Debug" -Xlinker -Map="demos_switch_blinky.map" -Xlinker --gc-sections -Xlinker --allow-multiple-definition -mcpu=cortex-m0 -mthumb -T "demos_switch_blinky_Debug.ld" -o "demos_switch_blinky.axf"  ./example/src/aeabi_romdiv_patch.o ./example/src/cr_startup_lpc11u6x.o ./example/src/crp.o ./example/src/mtb.o ./example/src/switch_blinky.o ./example/src/sysinit.o   -llpc_board_nxp_lpcxpresso_11u68 -llpc_chip_11u6x
Finished building target: demos_switch_blinky.axf
 
make --no-print-directory post-build
Performing post-build steps
arm-none-eabi-size "demos_switch_blinky.axf"; # arm-none-eabi-objcopy -O binary "demos_switch_blinky.axf" "demos_switch_blinky.bin" ; checksum -p LPC11U68 -d "demos_switch_blinky.bin";
   text	   data	    bss	    dec	    hex	filename
   6588	      0	    760	   7348	   1cb4	demos_switch_blinky.axf
 
09:47:45 **** Build of configuration Debug for project demo_usbsio_lcd ****
make -r -j16 all 
Building file: ../example/src/aeabi_romdiv_patch.s
Building file: ../example/src/crp.c
Building file: ../example/src/font_render.c
Building file: ../example/src/hid_desc.c
Invoking: MCU Assembler
Invoking: MCU C Compiler
Building file: ../example/src/hid_i2c.c
Invoking: MCU C Compiler
arm-none-eabi-gcc -c -x assembler-with-cpp -D__REDLIB__ -DDEBUG -D__CODE_RED -D__USE_ROMDIVIDE -g3 -mcpu=cortex-m0 -mthumb -D__REDLIB__ -specs=redlib.specs -o "example/src/aeabi_romdiv_patch.o" "../example/src/aeabi_romdiv_patch.s"
Building file: ../example/src/lcd_usbsio.c
Building file: ../example/src/cr_startup_lpc11u6x.c
Invoking: MCU C Compiler
Building file: ../example/src/lpc_winfreesystem14x16.c
arm-none-eabi-gcc -D__REDLIB__ -DDEBUG -D__CODE_RED -D__USE_LPCOPEN -D__MTB_BUFFER_SIZE=256 -DCORE_M0PLUS -D__USE_ROMDIVIDE -I"C:\Users\TeddyP\Documents\MCUXpressoIDE_11.3.0_5222\workspace\lpc_chip_11u6x\inc" -I"C:\Users\TeddyP\Documents\MCUXpressoIDE_11.3.0_5222\workspace\lpc_board_manley_11u68\inc" -I"C:\Users\TeddyP\Documents\MCUXpressoIDE_11.3.0_5222\workspace\demo_usbsio_lcd\example\inc" -I"C:\Users\TeddyP\Documents\MCUXpressoIDE_11.3.0_5222\workspace\lpc_chip_11u6x\inc\usbd" -O0 -g3 -Wall -c -fmessage-length=0 -fno-builtin -ffunction-sections -fdata-sections -fmerge-constants -fmacro-prefix-map="../example/src/"=. -mcpu=cortex-m0 -mthumb -D__REDLIB__ -fstack-usage -specs=redlib.specs -MMD -MP -MF"example/src/crp.d" -MT"example/src/crp.o" -MT"example/src/crp.d" -o "example/src/crp.o" "../example/src/crp.c"
arm-none-eabi-gcc -D__REDLIB__ -DDEBUG -D__CODE_RED -D__USE_LPCOPEN -D__MTB_BUFFER_SIZE=256 -DCORE_M0PLUS -D__USE_ROMDIVIDE -I"C:\Users\TeddyP\Documents\MCUXpressoIDE_11.3.0_5222\workspace\lpc_chip_11u6x\inc" -I"C:\Users\TeddyP\Documents\MCUXpressoIDE_11.3.0_5222\workspace\lpc_board_manley_11u68\inc" -I"C:\Users\TeddyP\Documents\MCUXpressoIDE_11.3.0_5222\workspace\demo_usbsio_lcd\example\inc" -I"C:\Users\TeddyP\Documents\MCUXpressoIDE_11.3.0_5222\workspace\lpc_chip_11u6x\inc\usbd" -O0 -g3 -Wall -c -fmessage-length=0 -fno-builtin -ffunction-sections -fdata-sections -fmerge-constants -fmacro-prefix-map="../example/src/"=. -mcpu=cortex-m0 -mthumb -D__REDLIB__ -fstack-usage -specs=redlib.specs -MMD -MP -MF"example/src/font_render.d" -MT"example/src/font_render.o" -MT"example/src/font_render.d" -o "example/src/font_render.o" "../example/src/font_render.c"
Invoking: MCU C Compiler
Invoking: MCU C Compiler
arm-none-eabi-gcc -D__REDLIB__ -DDEBUG -D__CODE_RED -D__USE_LPCOPEN -D__MTB_BUFFER_SIZE=256 -DCORE_M0PLUS -D__USE_ROMDIVIDE -I"C:\Users\TeddyP\Documents\MCUXpressoIDE_11.3.0_5222\workspace\lpc_chip_11u6x\inc" -I"C:\Users\TeddyP\Documents\MCUXpressoIDE_11.3.0_5222\workspace\lpc_board_manley_11u68\inc" -I"C:\Users\TeddyP\Documents\MCUXpressoIDE_11.3.0_5222\workspace\demo_usbsio_lcd\example\inc" -I"C:\Users\TeddyP\Documents\MCUXpressoIDE_11.3.0_5222\workspace\lpc_chip_11u6x\inc\usbd" -O0 -g3 -Wall -c -fmessage-length=0 -fno-builtin -ffunction-sections -fdata-sections -fmerge-constants -fmacro-prefix-map="../example/src/"=. -mcpu=cortex-m0 -mthumb -D__REDLIB__ -fstack-usage -specs=redlib.specs -MMD -MP -MF"example/src/hid_desc.d" -MT"example/src/hid_desc.o" -MT"example/src/hid_desc.d" -o "example/src/hid_desc.o" "../example/src/hid_desc.c"
arm-none-eabi-gcc -D__REDLIB__ -DDEBUG -D__CODE_RED -D__USE_LPCOPEN -D__MTB_BUFFER_SIZE=256 -DCORE_M0PLUS -D__USE_ROMDIVIDE -I"C:\Users\TeddyP\Documents\MCUXpressoIDE_11.3.0_5222\workspace\lpc_chip_11u6x\inc" -I"C:\Users\TeddyP\Documents\MCUXpressoIDE_11.3.0_5222\workspace\lpc_board_manley_11u68\inc" -I"C:\Users\TeddyP\Documents\MCUXpressoIDE_11.3.0_5222\workspace\demo_usbsio_lcd\example\inc" -I"C:\Users\TeddyP\Documents\MCUXpressoIDE_11.3.0_5222\workspace\lpc_chip_11u6x\inc\usbd" -O0 -g3 -Wall -c -fmessage-length=0 -fno-builtin -ffunction-sections -fdata-sections -fmerge-constants -fmacro-prefix-map="../example/src/"=. -mcpu=cortex-m0 -mthumb -D__REDLIB__ -fstack-usage -specs=redlib.specs -MMD -MP -MF"example/src/hid_i2c.d" -MT"example/src/hid_i2c.o" -MT"example/src/hid_i2c.d" -o "example/src/hid_i2c.o" "../example/src/hid_i2c.c"
Invoking: MCU C Compiler
arm-none-eabi-gcc -D__REDLIB__ -DDEBUG -D__CODE_RED -D__USE_LPCOPEN -D__MTB_BUFFER_SIZE=256 -DCORE_M0PLUS -D__USE_ROMDIVIDE -I"C:\Users\TeddyP\Documents\MCUXpressoIDE_11.3.0_5222\workspace\lpc_chip_11u6x\inc" -I"C:\Users\TeddyP\Documents\MCUXpressoIDE_11.3.0_5222\workspace\lpc_board_manley_11u68\inc" -I"C:\Users\TeddyP\Documents\MCUXpressoIDE_11.3.0_5222\workspace\demo_usbsio_lcd\example\inc" -I"C:\Users\TeddyP\Documents\MCUXpressoIDE_11.3.0_5222\workspace\lpc_chip_11u6x\inc\usbd" -O0 -g3 -Wall -c -fmessage-length=0 -fno-builtin -ffunction-sections -fdata-sections -fmerge-constants -fmacro-prefix-map="../example/src/"=. -mcpu=cortex-m0 -mthumb -D__REDLIB__ -fstack-usage -specs=redlib.specs -MMD -MP -MF"example/src/cr_startup_lpc11u6x.d" -MT"example/src/cr_startup_lpc11u6x.o" -MT"example/src/cr_startup_lpc11u6x.d" -o "example/src/cr_startup_lpc11u6x.o" "../example/src/cr_startup_lpc11u6x.c"
Invoking: MCU C Compiler
arm-none-eabi-gcc -D__REDLIB__ -DDEBUG -D__CODE_RED -D__USE_LPCOPEN -D__MTB_BUFFER_SIZE=256 -DCORE_M0PLUS -D__USE_ROMDIVIDE -I"C:\Users\TeddyP\Documents\MCUXpressoIDE_11.3.0_5222\workspace\lpc_chip_11u6x\inc" -I"C:\Users\TeddyP\Documents\MCUXpressoIDE_11.3.0_5222\workspace\lpc_board_manley_11u68\inc" -I"C:\Users\TeddyP\Documents\MCUXpressoIDE_11.3.0_5222\workspace\demo_usbsio_lcd\example\inc" -I"C:\Users\TeddyP\Documents\MCUXpressoIDE_11.3.0_5222\workspace\lpc_chip_11u6x\inc\usbd" -O0 -g3 -Wall -c -fmessage-length=0 -fno-builtin -ffunction-sections -fdata-sections -fmerge-constants -fmacro-prefix-map="../example/src/"=. -mcpu=cortex-m0 -mthumb -D__REDLIB__ -fstack-usage -specs=redlib.specs -MMD -MP -MF"example/src/lcd_usbsio.d" -MT"example/src/lcd_usbsio.o" -MT"example/src/lcd_usbsio.d" -o "example/src/lcd_usbsio.o" "../example/src/lcd_usbsio.c"
arm-none-eabi-gcc -D__REDLIB__ -DDEBUG -D__CODE_RED -D__USE_LPCOPEN -D__MTB_BUFFER_SIZE=256 -DCORE_M0PLUS -D__USE_ROMDIVIDE -I"C:\Users\TeddyP\Documents\MCUXpressoIDE_11.3.0_5222\workspace\lpc_chip_11u6x\inc" -I"C:\Users\TeddyP\Documents\MCUXpressoIDE_11.3.0_5222\workspace\lpc_board_manley_11u68\inc" -I"C:\Users\TeddyP\Documents\MCUXpressoIDE_11.3.0_5222\workspace\demo_usbsio_lcd\example\inc" -I"C:\Users\TeddyP\Documents\MCUXpressoIDE_11.3.0_5222\workspace\lpc_chip_11u6x\inc\usbd" -O0 -g3 -Wall -c -fmessage-length=0 -fno-builtin -ffunction-sections -fdata-sections -fmerge-constants -fmacro-prefix-map="../example/src/"=. -mcpu=cortex-m0 -mthumb -D__REDLIB__ -fstack-usage -specs=redlib.specs -MMD -MP -MF"example/src/lpc_winfreesystem14x16.d" -MT"example/src/lpc_winfreesystem14x16.o" -MT"example/src/lpc_winfreesystem14x16.d" -o "example/src/lpc_winfreesystem14x16.o" "../example/src/lpc_winfreesystem14x16.c"
Building file: ../example/src/mtb.c
Building file: ../example/src/nxp_logo128x47.c
Building file: ../example/src/sysinit.c
Building file: ../example/src/usbsio_hid_i2c.c
Finished building: ../example/src/aeabi_romdiv_patch.s
Invoking: MCU C Compiler
arm-none-eabi-gcc -D__REDLIB__ -DDEBUG -D__CODE_RED -D__USE_LPCOPEN -D__MTB_BUFFER_SIZE=256 -DCORE_M0PLUS -D__USE_ROMDIVIDE -I"C:\Users\TeddyP\Documents\MCUXpressoIDE_11.3.0_5222\workspace\lpc_chip_11u6x\inc" -I"C:\Users\TeddyP\Documents\MCUXpressoIDE_11.3.0_5222\workspace\lpc_board_manley_11u68\inc" -I"C:\Users\TeddyP\Documents\MCUXpressoIDE_11.3.0_5222\workspace\demo_usbsio_lcd\example\inc" -I"C:\Users\TeddyP\Documents\MCUXpressoIDE_11.3.0_5222\workspace\lpc_chip_11u6x\inc\usbd" -O0 -g3 -Wall -c -fmessage-length=0 -fno-builtin -ffunction-sections -fdata-sections -fmerge-constants -fmacro-prefix-map="../example/src/"=. -mcpu=cortex-m0 -mthumb -D__REDLIB__ -fstack-usage -specs=redlib.specs -MMD -MP -MF"example/src/mtb.d" -MT"example/src/mtb.o" -MT"example/src/mtb.d" -o "example/src/mtb.o" "../example/src/mtb.c"
Invoking: MCU C Compiler
Invoking: MCU C Compiler
Invoking: MCU C Compiler
arm-none-eabi-gcc -D__REDLIB__ -DDEBUG -D__CODE_RED -D__USE_LPCOPEN -D__MTB_BUFFER_SIZE=256 -DCORE_M0PLUS -D__USE_ROMDIVIDE -I"C:\Users\TeddyP\Documents\MCUXpressoIDE_11.3.0_5222\workspace\lpc_chip_11u6x\inc" -I"C:\Users\TeddyP\Documents\MCUXpressoIDE_11.3.0_5222\workspace\lpc_board_manley_11u68\inc" -I"C:\Users\TeddyP\Documents\MCUXpressoIDE_11.3.0_5222\workspace\demo_usbsio_lcd\example\inc" -I"C:\Users\TeddyP\Documents\MCUXpressoIDE_11.3.0_5222\workspace\lpc_chip_11u6x\inc\usbd" -O0 -g3 -Wall -c -fmessage-length=0 -fno-builtin -ffunction-sections -fdata-sections -fmerge-constants -fmacro-prefix-map="../example/src/"=. -mcpu=cortex-m0 -mthumb -D__REDLIB__ -fstack-usage -specs=redlib.specs -MMD -MP -MF"example/src/nxp_logo128x47.d" -MT"example/src/nxp_logo128x47.o" -MT"example/src/nxp_logo128x47.d" -o "example/src/nxp_logo128x47.o" "../example/src/nxp_logo128x47.c"
 
arm-none-eabi-gcc -D__REDLIB__ -DDEBUG -D__CODE_RED -D__USE_LPCOPEN -D__MTB_BUFFER_SIZE=256 -DCORE_M0PLUS -D__USE_ROMDIVIDE -I"C:\Users\TeddyP\Documents\MCUXpressoIDE_11.3.0_5222\workspace\lpc_chip_11u6x\inc" -I"C:\Users\TeddyP\Documents\MCUXpressoIDE_11.3.0_5222\workspace\lpc_board_manley_11u68\inc" -I"C:\Users\TeddyP\Documents\MCUXpressoIDE_11.3.0_5222\workspace\demo_usbsio_lcd\example\inc" -I"C:\Users\TeddyP\Documents\MCUXpressoIDE_11.3.0_5222\workspace\lpc_chip_11u6x\inc\usbd" -O0 -g3 -Wall -c -fmessage-length=0 -fno-builtin -ffunction-sections -fdata-sections -fmerge-constants -fmacro-prefix-map="../example/src/"=. -mcpu=cortex-m0 -mthumb -D__REDLIB__ -fstack-usage -specs=redlib.specs -MMD -MP -MF"example/src/sysinit.d" -MT"example/src/sysinit.o" -MT"example/src/sysinit.d" -o "example/src/sysinit.o" "../example/src/sysinit.c"
arm-none-eabi-gcc -D__REDLIB__ -DDEBUG -D__CODE_RED -D__USE_LPCOPEN -D__MTB_BUFFER_SIZE=256 -DCORE_M0PLUS -D__USE_ROMDIVIDE -I"C:\Users\TeddyP\Documents\MCUXpressoIDE_11.3.0_5222\workspace\lpc_chip_11u6x\inc" -I"C:\Users\TeddyP\Documents\MCUXpressoIDE_11.3.0_5222\workspace\lpc_board_manley_11u68\inc" -I"C:\Users\TeddyP\Documents\MCUXpressoIDE_11.3.0_5222\workspace\demo_usbsio_lcd\example\inc" -I"C:\Users\TeddyP\Documents\MCUXpressoIDE_11.3.0_5222\workspace\lpc_chip_11u6x\inc\usbd" -O0 -g3 -Wall -c -fmessage-length=0 -fno-builtin -ffunction-sections -fdata-sections -fmerge-constants -fmacro-prefix-map="../example/src/"=. -mcpu=cortex-m0 -mthumb -D__REDLIB__ -fstack-usage -specs=redlib.specs -MMD -MP -MF"example/src/usbsio_hid_i2c.d" -MT"example/src/usbsio_hid_i2c.o" -MT"example/src/usbsio_hid_i2c.d" -o "example/src/usbsio_hid_i2c.o" "../example/src/usbsio_hid_i2c.c"
Finished building: ../example/src/crp.c
 
Finished building: ../example/src/mtb.c
Finished building: ../example/src/cr_startup_lpc11u6x.c
Finished building: ../example/src/lpc_winfreesystem14x16.c
 
 
Finished building: ../example/src/nxp_logo128x47.c
 
 
Finished building: ../example/src/sysinit.c
Finished building: ../example/src/lcd_usbsio.c
Finished building: ../example/src/font_render.c
 
 
 
Finished building: ../example/src/hid_desc.c
 
Finished building: ../example/src/usbsio_hid_i2c.c
 
Finished building: ../example/src/hid_i2c.c
 
Building target: demo_usbsio_lcd.axf
Invoking: MCU Linker
arm-none-eabi-gcc -nostdlib -L"C:\Users\TeddyP\Documents\MCUXpressoIDE_11.3.0_5222\workspace\lpc_chip_11u6x\Debug" -L"C:\Users\TeddyP\Documents\MCUXpressoIDE_11.3.0_5222\workspace\lpc_board_manley_11u68\Debug" -Xlinker -Map="demo_usbsio_lcd.map" -Xlinker --gc-sections -Xlinker --allow-multiple-definition -mcpu=cortex-m0 -mthumb -T "demo_usbsio_lcd_Debug.ld" -o "demo_usbsio_lcd.axf"  ./example/src/aeabi_romdiv_patch.o ./example/src/cr_startup_lpc11u6x.o ./example/src/crp.o ./example/src/font_render.o ./example/src/hid_desc.o ./example/src/hid_i2c.o ./example/src/lcd_usbsio.o ./example/src/lpc_winfreesystem14x16.o ./example/src/mtb.o ./example/src/nxp_logo128x47.o ./example/src/sysinit.o ./example/src/usbsio_hid_i2c.o   -llpc_board_manley_11u68 -llpc_chip_11u6x
Finished building target: demo_usbsio_lcd.axf
 
make --no-print-directory post-build
Performing post-build steps
arm-none-eabi-size "demo_usbsio_lcd.axf"; # arm-none-eabi-objcopy -O binary "demo_usbsio_lcd.axf" "demo_usbsio_lcd.bin" ; checksum -p LPC11U68 -d "demo_usbsio_lcd.bin";
   text	   data	    bss	    dec	    hex	filename
  26232	   7444	   1444	  35120	   8930	demo_usbsio_lcd.axf
 
09:47:46 **** Build of configuration Debug for project demo_lcd ****
make -r -j16 all 
Building file: ../example/src/aeabi_romdiv_patch.s
Building file: ../example/src/cr_startup_lpc11u6x.c
Invoking: MCU Assembler
Building file: ../example/src/crp.c
Building file: ../example/src/font_render.c
Building file: ../example/src/lcdmanley.c
Invoking: MCU C Compiler
arm-none-eabi-gcc -c -x assembler-with-cpp -D__REDLIB__ -DDEBUG -D__CODE_RED -D__USE_ROMDIVIDE -g3 -mcpu=cortex-m0 -mthumb -D__REDLIB__ -specs=redlib.specs -o "example/src/aeabi_romdiv_patch.o" "../example/src/aeabi_romdiv_patch.s"
Building file: ../example/src/lpc_winfreesystem14x16.c
arm-none-eabi-gcc -D__REDLIB__ -DDEBUG -D__CODE_RED -D__USE_LPCOPEN -D__MTB_BUFFER_SIZE=256 -DCORE_M0PLUS -D__USE_ROMDIVIDE -I"C:\Users\TeddyP\Documents\MCUXpressoIDE_11.3.0_5222\workspace\lpc_chip_11u6x\inc" -I"C:\Users\TeddyP\Documents\MCUXpressoIDE_11.3.0_5222\workspace\lpc_board_manley_11u68\inc" -O0 -g3 -Wall -c -fmessage-length=0 -fno-builtin -ffunction-sections -fdata-sections -fmerge-constants -fmacro-prefix-map="../example/src/"=. -mcpu=cortex-m0 -mthumb -D__REDLIB__ -fstack-usage -specs=redlib.specs -MMD -MP -MF"example/src/cr_startup_lpc11u6x.d" -MT"example/src/cr_startup_lpc11u6x.o" -MT"example/src/cr_startup_lpc11u6x.d" -o "example/src/cr_startup_lpc11u6x.o" "../example/src/cr_startup_lpc11u6x.c"
Invoking: MCU C Compiler
Invoking: MCU C Compiler
arm-none-eabi-gcc -D__REDLIB__ -DDEBUG -D__CODE_RED -D__USE_LPCOPEN -D__MTB_BUFFER_SIZE=256 -DCORE_M0PLUS -D__USE_ROMDIVIDE -I"C:\Users\TeddyP\Documents\MCUXpressoIDE_11.3.0_5222\workspace\lpc_chip_11u6x\inc" -I"C:\Users\TeddyP\Documents\MCUXpressoIDE_11.3.0_5222\workspace\lpc_board_manley_11u68\inc" -O0 -g3 -Wall -c -fmessage-length=0 -fno-builtin -ffunction-sections -fdata-sections -fmerge-constants -fmacro-prefix-map="../example/src/"=. -mcpu=cortex-m0 -mthumb -D__REDLIB__ -fstack-usage -specs=redlib.specs -MMD -MP -MF"example/src/crp.d" -MT"example/src/crp.o" -MT"example/src/crp.d" -o "example/src/crp.o" "../example/src/crp.c"
Invoking: MCU C Compiler
arm-none-eabi-gcc -D__REDLIB__ -DDEBUG -D__CODE_RED -D__USE_LPCOPEN -D__MTB_BUFFER_SIZE=256 -DCORE_M0PLUS -D__USE_ROMDIVIDE -I"C:\Users\TeddyP\Documents\MCUXpressoIDE_11.3.0_5222\workspace\lpc_chip_11u6x\inc" -I"C:\Users\TeddyP\Documents\MCUXpressoIDE_11.3.0_5222\workspace\lpc_board_manley_11u68\inc" -O0 -g3 -Wall -c -fmessage-length=0 -fno-builtin -ffunction-sections -fdata-sections -fmerge-constants -fmacro-prefix-map="../example/src/"=. -mcpu=cortex-m0 -mthumb -D__REDLIB__ -fstack-usage -specs=redlib.specs -MMD -MP -MF"example/src/font_render.d" -MT"example/src/font_render.o" -MT"example/src/font_render.d" -o "example/src/font_render.o" "../example/src/font_render.c"
Invoking: MCU C Compiler
arm-none-eabi-gcc -D__REDLIB__ -DDEBUG -D__CODE_RED -D__USE_LPCOPEN -D__MTB_BUFFER_SIZE=256 -DCORE_M0PLUS -D__USE_ROMDIVIDE -I"C:\Users\TeddyP\Documents\MCUXpressoIDE_11.3.0_5222\workspace\lpc_chip_11u6x\inc" -I"C:\Users\TeddyP\Documents\MCUXpressoIDE_11.3.0_5222\workspace\lpc_board_manley_11u68\inc" -O0 -g3 -Wall -c -fmessage-length=0 -fno-builtin -ffunction-sections -fdata-sections -fmerge-constants -fmacro-prefix-map="../example/src/"=. -mcpu=cortex-m0 -mthumb -D__REDLIB__ -fstack-usage -specs=redlib.specs -MMD -MP -MF"example/src/lcdmanley.d" -MT"example/src/lcdmanley.o" -MT"example/src/lcdmanley.d" -o "example/src/lcdmanley.o" "../example/src/lcdmanley.c"
arm-none-eabi-gcc -D__REDLIB__ -DDEBUG -D__CODE_RED -D__USE_LPCOPEN -D__MTB_BUFFER_SIZE=256 -DCORE_M0PLUS -D__USE_ROMDIVIDE -I"C:\Users\TeddyP\Documents\MCUXpressoIDE_11.3.0_5222\workspace\lpc_chip_11u6x\inc" -I"C:\Users\TeddyP\Documents\MCUXpressoIDE_11.3.0_5222\workspace\lpc_board_manley_11u68\inc" -O0 -g3 -Wall -c -fmessage-length=0 -fno-builtin -ffunction-sections -fdata-sections -fmerge-constants -fmacro-prefix-map="../example/src/"=. -mcpu=cortex-m0 -mthumb -D__REDLIB__ -fstack-usage -specs=redlib.specs -MMD -MP -MF"example/src/lpc_winfreesystem14x16.d" -MT"example/src/lpc_winfreesystem14x16.o" -MT"example/src/lpc_winfreesystem14x16.d" -o "example/src/lpc_winfreesystem14x16.o" "../example/src/lpc_winfreesystem14x16.c"
Building file: ../example/src/mtb.c
Building file: ../example/src/nxp_logo128x47.c
Building file: ../example/src/sysinit.c
Invoking: MCU C Compiler
Invoking: MCU C Compiler
arm-none-eabi-gcc -D__REDLIB__ -DDEBUG -D__CODE_RED -D__USE_LPCOPEN -D__MTB_BUFFER_SIZE=256 -DCORE_M0PLUS -D__USE_ROMDIVIDE -I"C:\Users\TeddyP\Documents\MCUXpressoIDE_11.3.0_5222\workspace\lpc_chip_11u6x\inc" -I"C:\Users\TeddyP\Documents\MCUXpressoIDE_11.3.0_5222\workspace\lpc_board_manley_11u68\inc" -O0 -g3 -Wall -c -fmessage-length=0 -fno-builtin -ffunction-sections -fdata-sections -fmerge-constants -fmacro-prefix-map="../example/src/"=. -mcpu=cortex-m0 -mthumb -D__REDLIB__ -fstack-usage -specs=redlib.specs -MMD -MP -MF"example/src/mtb.d" -MT"example/src/mtb.o" -MT"example/src/mtb.d" -o "example/src/mtb.o" "../example/src/mtb.c"
Invoking: MCU C Compiler
arm-none-eabi-gcc -D__REDLIB__ -DDEBUG -D__CODE_RED -D__USE_LPCOPEN -D__MTB_BUFFER_SIZE=256 -DCORE_M0PLUS -D__USE_ROMDIVIDE -I"C:\Users\TeddyP\Documents\MCUXpressoIDE_11.3.0_5222\workspace\lpc_chip_11u6x\inc" -I"C:\Users\TeddyP\Documents\MCUXpressoIDE_11.3.0_5222\workspace\lpc_board_manley_11u68\inc" -O0 -g3 -Wall -c -fmessage-length=0 -fno-builtin -ffunction-sections -fdata-sections -fmerge-constants -fmacro-prefix-map="../example/src/"=. -mcpu=cortex-m0 -mthumb -D__REDLIB__ -fstack-usage -specs=redlib.specs -MMD -MP -MF"example/src/nxp_logo128x47.d" -MT"example/src/nxp_logo128x47.o" -MT"example/src/nxp_logo128x47.d" -o "example/src/nxp_logo128x47.o" "../example/src/nxp_logo128x47.c"
arm-none-eabi-gcc -D__REDLIB__ -DDEBUG -D__CODE_RED -D__USE_LPCOPEN -D__MTB_BUFFER_SIZE=256 -DCORE_M0PLUS -D__USE_ROMDIVIDE -I"C:\Users\TeddyP\Documents\MCUXpressoIDE_11.3.0_5222\workspace\lpc_chip_11u6x\inc" -I"C:\Users\TeddyP\Documents\MCUXpressoIDE_11.3.0_5222\workspace\lpc_board_manley_11u68\inc" -O0 -g3 -Wall -c -fmessage-length=0 -fno-builtin -ffunction-sections -fdata-sections -fmerge-constants -fmacro-prefix-map="../example/src/"=. -mcpu=cortex-m0 -mthumb -D__REDLIB__ -fstack-usage -specs=redlib.specs -MMD -MP -MF"example/src/sysinit.d" -MT"example/src/sysinit.o" -MT"example/src/sysinit.d" -o "example/src/sysinit.o" "../example/src/sysinit.c"
Finished building: ../example/src/aeabi_romdiv_patch.s
Finished building: ../example/src/crp.c
 
 
Finished building: ../example/src/cr_startup_lpc11u6x.c
 
Finished building: ../example/src/lpc_winfreesystem14x16.c
Finished building: ../example/src/mtb.c
 
 
Finished building: ../example/src/font_render.c
 
Finished building: ../example/src/lcdmanley.c
Finished building: ../example/src/nxp_logo128x47.c
 
 
Finished building: ../example/src/sysinit.c
 
Building target: demo_lcd.axf
Invoking: MCU Linker
arm-none-eabi-gcc -nostdlib -L"C:\Users\TeddyP\Documents\MCUXpressoIDE_11.3.0_5222\workspace\lpc_chip_11u6x\Debug" -L"C:\Users\TeddyP\Documents\MCUXpressoIDE_11.3.0_5222\workspace\lpc_board_manley_11u68\Debug" -Xlinker -Map="demo_lcd.map" -Xlinker --gc-sections -Xlinker --allow-multiple-definition -mcpu=cortex-m0 -mthumb -T "demo_lcd_Debug.ld" -o "demo_lcd.axf"  ./example/src/aeabi_romdiv_patch.o ./example/src/cr_startup_lpc11u6x.o ./example/src/crp.o ./example/src/font_render.o ./example/src/lcdmanley.o ./example/src/lpc_winfreesystem14x16.o ./example/src/mtb.o ./example/src/nxp_logo128x47.o ./example/src/sysinit.o   -llpc_board_manley_11u68 -llpc_chip_11u6x
Finished building target: demo_lcd.axf
 
make --no-print-directory post-build
Performing post-build steps
arm-none-eabi-size "demo_lcd.axf"; # arm-none-eabi-objcopy -O binary "demo_lcd.axf" "demo_lcd.bin" ; checksum -p LPC11U68 -d "demo_lcd.bin";
   text	   data	    bss	    dec	    hex	filename
  22112	   7396	   1436	  30944	   78e0	demo_lcd.axf
 
09:47:47 **** Incremental Build of configuration Debug for project I2I2 ****
make -r -j16 all 
Building file: ../src/I2I2-001-ChangeOnboardLEDColors.cpp
Building file: ../src/I2I2-003-ReadDigitalIn-OutputPIO.cpp
Invoking: MCU C++ Compiler
arm-none-eabi-c++ -DDEBUG -D__CODE_RED -D__NEWLIB__ -DCORE_M0PLUS -D__MTB_BUFFER_SIZE=256 -D__USE_ROMDIVIDE -D__USE_LPCOPEN -DCPP_USE_HEAP -D__LPC11U6X__ -I"C:\Users\TeddyP\Documents\MCUXpressoIDE_11.3.0_5222\workspace\lpc_board_nxp_lpcxpresso_11u68\inc" -I"C:\Users\TeddyP\Documents\MCUXpressoIDE_11.3.0_5222\workspace\lpc_chip_11u6x\inc" -O0 -fno-common -g3 -Wall -c -fmessage-length=0 -fno-builtin -ffunction-sections -fdata-sections -fno-rtti -fno-exceptions -fmerge-constants -fmacro-prefix-map="../src/"=. -mcpu=cortex-m0 -mthumb -fstack-usage -MMD -MP -MF"src/I2I2-001-ChangeOnboardLEDColors.d" -MT"src/I2I2-001-ChangeOnboardLEDColors.o" -MT"src/I2I2-001-ChangeOnboardLEDColors.d" -o "src/I2I2-001-ChangeOnboardLEDColors.o" "../src/I2I2-001-ChangeOnboardLEDColors.cpp"
Invoking: MCU C++ Compiler
arm-none-eabi-c++ -DDEBUG -D__CODE_RED -D__NEWLIB__ -DCORE_M0PLUS -D__MTB_BUFFER_SIZE=256 -D__USE_ROMDIVIDE -D__USE_LPCOPEN -DCPP_USE_HEAP -D__LPC11U6X__ -I"C:\Users\TeddyP\Documents\MCUXpressoIDE_11.3.0_5222\workspace\lpc_board_nxp_lpcxpresso_11u68\inc" -I"C:\Users\TeddyP\Documents\MCUXpressoIDE_11.3.0_5222\workspace\lpc_chip_11u6x\inc" -O0 -fno-common -g3 -Wall -c -fmessage-length=0 -fno-builtin -ffunction-sections -fdata-sections -fno-rtti -fno-exceptions -fmerge-constants -fmacro-prefix-map="../src/"=. -mcpu=cortex-m0 -mthumb -fstack-usage -MMD -MP -MF"src/I2I2-003-ReadDigitalIn-OutputPIO.d" -MT"src/I2I2-003-ReadDigitalIn-OutputPIO.o" -MT"src/I2I2-003-ReadDigitalIn-OutputPIO.d" -o "src/I2I2-003-ReadDigitalIn-OutputPIO.o" "../src/I2I2-003-ReadDigitalIn-OutputPIO.cpp"
Building file: ../src/I2I2-002-ReadPIO-ChangeBLED.cpp
Invoking: MCU C++ Compiler
arm-none-eabi-c++ -DDEBUG -D__CODE_RED -D__NEWLIB__ -DCORE_M0PLUS -D__MTB_BUFFER_SIZE=256 -D__USE_ROMDIVIDE -D__USE_LPCOPEN -DCPP_USE_HEAP -D__LPC11U6X__ -I"C:\Users\TeddyP\Documents\MCUXpressoIDE_11.3.0_5222\workspace\lpc_board_nxp_lpcxpresso_11u68\inc" -I"C:\Users\TeddyP\Documents\MCUXpressoIDE_11.3.0_5222\workspace\lpc_chip_11u6x\inc" -O0 -fno-common -g3 -Wall -c -fmessage-length=0 -fno-builtin -ffunction-sections -fdata-sections -fno-rtti -fno-exceptions -fmerge-constants -fmacro-prefix-map="../src/"=. -mcpu=cortex-m0 -mthumb -fstack-usage -MMD -MP -MF"src/I2I2-002-ReadPIO-ChangeBLED.d" -MT"src/I2I2-002-ReadPIO-ChangeBLED.o" -MT"src/I2I2-002-ReadPIO-ChangeBLED.d" -o "src/I2I2-002-ReadPIO-ChangeBLED.o" "../src/I2I2-002-ReadPIO-ChangeBLED.cpp"
../src/I2I2-002-ReadPIO-ChangeBLED.cpp: In function 'int main()':
../src/I2I2-002-ReadPIO-ChangeBLED.cpp:63:25: warning: unused variable 'i' [-Wunused-variable]
   63 |     volatile static int i = 0 ;
      |                         ^
../src/I2I2-003-ReadDigitalIn-OutputPIO.cpp: In function 'int main()':
../src/I2I2-003-ReadDigitalIn-OutputPIO.cpp:58:25: warning: unused variable 'i' [-Wunused-variable]
   58 |     volatile static int i = 0 ;
      |                         ^
../src/I2I2-001-ChangeOnboardLEDColors.cpp: In function 'int main()':
../src/I2I2-001-ChangeOnboardLEDColors.cpp:62:25: warning: unused variable 'i' [-Wunused-variable]
   62 |     volatile static int i = 0 ;
      |                         ^
Finished building: ../src/I2I2-002-ReadPIO-ChangeBLED.cpp
Finished building: ../src/I2I2-001-ChangeOnboardLEDColors.cpp
Finished building: ../src/I2I2-003-ReadDigitalIn-OutputPIO.cpp
 
 
 
Building target: I2I2.axf
Invoking: MCU C++ Linker
arm-none-eabi-c++ -nostdlib -L"C:\Users\TeddyP\Documents\MCUXpressoIDE_11.3.0_5222\workspace\lpc_board_nxp_lpcxpresso_11u68\Debug" -L"C:\Users\TeddyP\Documents\MCUXpressoIDE_11.3.0_5222\workspace\lpc_chip_11u6x\Debug" -Xlinker -Map="I2I2.map" -Xlinker --cref -Xlinker --gc-sections -Xlinker -print-memory-usage -mcpu=cortex-m0 -mthumb -T "I2I2_Debug.ld" -o "I2I2.axf"  ./src/I2I2-001-ChangeOnboardLEDColors.o ./src/I2I2-002-ReadPIO-ChangeBLED.o ./src/I2I2-003-ReadDigitalIn-OutputPIO.o ./src/I2I2.o ./src/aeabi_romdiv_patch.o ./src/cr_cpp_config.o ./src/cr_startup_lpc11u6x.o ./src/crp.o ./src/mtb.o ./src/sysinit.o   -llpc_board_nxp_lpcxpresso_11u68 -llpc_chip_11u6x
Memory region         Used Size  Region Size  %age Used
       MFlash256:        3492 B       256 KB      1.33%
         Ram0_32:         292 B        32 KB      0.89%
          Ram1_2:          0 GB         2 KB      0.00%
c:/nxp/mcuxpressoide_11.3.0_5222/ide/plugins/com.nxp.mcuxpresso.tools.win32_11.3.0.202008311133/tools/bin/../lib/gcc/arm-none-eabi/9.3.1/../../../../arm-none-eabi/bin/ld.exe: ./src/I2I2-002-ReadPIO-ChangeBLED.o: in function `main':
       Ram2USB_2:          0 GB         2 KB      0.00%
C:\Users\TeddyP\Documents\MCUXpressoIDE_11.3.0_5222\workspace\I2I2\Debug/../src/I2I2-002-ReadPIO-ChangeBLED.cpp:25: multiple definition of `main'; ./src/I2I2-001-ChangeOnboardLEDColors.o:C:\Users\TeddyP\Documents\MCUXpressoIDE_11.3.0_5222\workspace\I2I2\Debug/../src/I2I2-001-ChangeOnboardLEDColors.cpp:25: first defined here
c:/nxp/mcuxpressoide_11.3.0_5222/ide/plugins/com.nxp.mcuxpresso.tools.win32_11.3.0.202008311133/tools/bin/../lib/gcc/arm-none-eabi/9.3.1/../../../../arm-none-eabi/bin/ld.exe: ./src/I2I2-003-ReadDigitalIn-OutputPIO.o: in function `main':
C:\Users\TeddyP\Documents\MCUXpressoIDE_11.3.0_5222\workspace\I2I2\Debug/../src/I2I2-003-ReadDigitalIn-OutputPIO.cpp:25: multiple definition of `main'; ./src/I2I2-001-ChangeOnboardLEDColors.o:C:\Users\TeddyP\Documents\MCUXpressoIDE_11.3.0_5222\workspace\I2I2\Debug/../src/I2I2-001-ChangeOnboardLEDColors.cpp:25: first defined here
c:/nxp/mcuxpressoide_11.3.0_5222/ide/plugins/com.nxp.mcuxpresso.tools.win32_11.3.0.202008311133/tools/bin/../lib/gcc/arm-none-eabi/9.3.1/../../../../arm-none-eabi/bin/ld.exe: ./src/I2I2.o: in function `main':
C:\Users\TeddyP\Documents\MCUXpressoIDE_11.3.0_5222\workspace\I2I2\Debug/../src/I2I2.cpp:25: multiple definition of `main'; ./src/I2I2-001-ChangeOnboardLEDColors.o:C:\Users\TeddyP\Documents\MCUXpressoIDE_11.3.0_5222\workspace\I2I2\Debug/../src/I2I2-001-ChangeOnboardLEDColors.cpp:25: first defined here
collect2.exe: error: ld returned 1 exit status
make: *** [makefile:47: I2I2.axf] Error 1
"make -r -j16 all" terminated with exit code 2. Build might be incomplete.
09:47:49 **** Build of configuration Debug for project periph_adc ****
make -r -j16 all 
Building file: ../example/src/adc.c
Building file: ../example/src/aeabi_romdiv_patch.s
Building file: ../example/src/cr_startup_lpc11u6x.c
Building file: ../example/src/crp.c
Building file: ../example/src/mtb.c
Invoking: MCU C Compiler
Invoking: MCU Assembler
Building file: ../example/src/sysinit.c
arm-none-eabi-gcc -D__REDLIB__ -DDEBUG -D__CODE_RED -D__USE_LPCOPEN -D__MTB_BUFFER_SIZE=256 -DCORE_M0PLUS -D__USE_ROMDIVIDE -I"C:\Users\TeddyP\Documents\MCUXpressoIDE_11.3.0_5222\workspace\lpc_chip_11u6x\inc" -I"C:\Users\TeddyP\Documents\MCUXpressoIDE_11.3.0_5222\workspace\lpc_board_nxp_lpcxpresso_11u68\inc" -O0 -g3 -Wall -c -fmessage-length=0 -fno-builtin -ffunction-sections -fdata-sections -fmerge-constants -fmacro-prefix-map="../example/src/"=. -mcpu=cortex-m0 -mthumb -D__REDLIB__ -fstack-usage -specs=redlib.specs -MMD -MP -MF"example/src/adc.d" -MT"example/src/adc.o" -MT"example/src/adc.d" -o "example/src/adc.o" "../example/src/adc.c"
Invoking: MCU C Compiler
arm-none-eabi-gcc -c -x assembler-with-cpp -D__REDLIB__ -DDEBUG -D__CODE_RED -D__USE_ROMDIVIDE -g3 -mcpu=cortex-m0 -mthumb -D__REDLIB__ -specs=redlib.specs -o "example/src/aeabi_romdiv_patch.o" "../example/src/aeabi_romdiv_patch.s"
Invoking: MCU C Compiler
Invoking: MCU C Compiler
arm-none-eabi-gcc -D__REDLIB__ -DDEBUG -D__CODE_RED -D__USE_LPCOPEN -D__MTB_BUFFER_SIZE=256 -DCORE_M0PLUS -D__USE_ROMDIVIDE -I"C:\Users\TeddyP\Documents\MCUXpressoIDE_11.3.0_5222\workspace\lpc_chip_11u6x\inc" -I"C:\Users\TeddyP\Documents\MCUXpressoIDE_11.3.0_5222\workspace\lpc_board_nxp_lpcxpresso_11u68\inc" -O0 -g3 -Wall -c -fmessage-length=0 -fno-builtin -ffunction-sections -fdata-sections -fmerge-constants -fmacro-prefix-map="../example/src/"=. -mcpu=cortex-m0 -mthumb -D__REDLIB__ -fstack-usage -specs=redlib.specs -MMD -MP -MF"example/src/cr_startup_lpc11u6x.d" -MT"example/src/cr_startup_lpc11u6x.o" -MT"example/src/cr_startup_lpc11u6x.d" -o "example/src/cr_startup_lpc11u6x.o" "../example/src/cr_startup_lpc11u6x.c"
arm-none-eabi-gcc -D__REDLIB__ -DDEBUG -D__CODE_RED -D__USE_LPCOPEN -D__MTB_BUFFER_SIZE=256 -DCORE_M0PLUS -D__USE_ROMDIVIDE -I"C:\Users\TeddyP\Documents\MCUXpressoIDE_11.3.0_5222\workspace\lpc_chip_11u6x\inc" -I"C:\Users\TeddyP\Documents\MCUXpressoIDE_11.3.0_5222\workspace\lpc_board_nxp_lpcxpresso_11u68\inc" -O0 -g3 -Wall -c -fmessage-length=0 -fno-builtin -ffunction-sections -fdata-sections -fmerge-constants -fmacro-prefix-map="../example/src/"=. -mcpu=cortex-m0 -mthumb -D__REDLIB__ -fstack-usage -specs=redlib.specs -MMD -MP -MF"example/src/crp.d" -MT"example/src/crp.o" -MT"example/src/crp.d" -o "example/src/crp.o" "../example/src/crp.c"
arm-none-eabi-gcc -D__REDLIB__ -DDEBUG -D__CODE_RED -D__USE_LPCOPEN -D__MTB_BUFFER_SIZE=256 -DCORE_M0PLUS -D__USE_ROMDIVIDE -I"C:\Users\TeddyP\Documents\MCUXpressoIDE_11.3.0_5222\workspace\lpc_chip_11u6x\inc" -I"C:\Users\TeddyP\Documents\MCUXpressoIDE_11.3.0_5222\workspace\lpc_board_nxp_lpcxpresso_11u68\inc" -O0 -g3 -Wall -c -fmessage-length=0 -fno-builtin -ffunction-sections -fdata-sections -fmerge-constants -fmacro-prefix-map="../example/src/"=. -mcpu=cortex-m0 -mthumb -D__REDLIB__ -fstack-usage -specs=redlib.specs -MMD -MP -MF"example/src/mtb.d" -MT"example/src/mtb.o" -MT"example/src/mtb.d" -o "example/src/mtb.o" "../example/src/mtb.c"
Invoking: MCU C Compiler
arm-none-eabi-gcc -D__REDLIB__ -DDEBUG -D__CODE_RED -D__USE_LPCOPEN -D__MTB_BUFFER_SIZE=256 -DCORE_M0PLUS -D__USE_ROMDIVIDE -I"C:\Users\TeddyP\Documents\MCUXpressoIDE_11.3.0_5222\workspace\lpc_chip_11u6x\inc" -I"C:\Users\TeddyP\Documents\MCUXpressoIDE_11.3.0_5222\workspace\lpc_board_nxp_lpcxpresso_11u68\inc" -O0 -g3 -Wall -c -fmessage-length=0 -fno-builtin -ffunction-sections -fdata-sections -fmerge-constants -fmacro-prefix-map="../example/src/"=. -mcpu=cortex-m0 -mthumb -D__REDLIB__ -fstack-usage -specs=redlib.specs -MMD -MP -MF"example/src/sysinit.d" -MT"example/src/sysinit.o" -MT"example/src/sysinit.d" -o "example/src/sysinit.o" "../example/src/sysinit.c"
Finished building: ../example/src/aeabi_romdiv_patch.s
 
Finished building: ../example/src/crp.c
Finished building: ../example/src/mtb.c
 
Finished building: ../example/src/cr_startup_lpc11u6x.c
 
Finished building: ../example/src/sysinit.c
 
Finished building: ../example/src/adc.c
 
 
Building target: periph_adc.axf
Invoking: MCU Linker
arm-none-eabi-gcc -nostdlib -L"C:\Users\TeddyP\Documents\MCUXpressoIDE_11.3.0_5222\workspace\lpc_chip_11u6x\Debug" -L"C:\Users\TeddyP\Documents\MCUXpressoIDE_11.3.0_5222\workspace\lpc_board_nxp_lpcxpresso_11u68\Debug" -Xlinker -Map="periph_adc.map" -Xlinker --gc-sections -Xlinker --allow-multiple-definition -mcpu=cortex-m0 -mthumb -T "periph_adc_Debug.ld" -o "periph_adc.axf"  ./example/src/adc.o ./example/src/aeabi_romdiv_patch.o ./example/src/cr_startup_lpc11u6x.o ./example/src/crp.o ./example/src/mtb.o ./example/src/sysinit.o   -llpc_board_nxp_lpcxpresso_11u68 -llpc_chip_11u6x
Finished building target: periph_adc.axf
 
make --no-print-directory post-build
Performing post-build steps
arm-none-eabi-size "periph_adc.axf"; # arm-none-eabi-objcopy -O binary "periph_adc.axf" "periph_adc.bin" ; checksum -p LPC11U68 -d "periph_adc.bin";
   text	   data	    bss	    dec	    hex	filename
  16320	      0	    768	  17088	   42c0	periph_adc.axf
 
09:47:50 **** Build of configuration Debug for project periph_bod ****
make -r -j16 all 
Building file: ../example/src/aeabi_romdiv_patch.s
Building file: ../example/src/bod.c
Building file: ../example/src/cr_startup_lpc11u6x.c
Building file: ../example/src/mtb.c
Building file: ../example/src/crp.c
Invoking: MCU Assembler
Invoking: MCU C Compiler
arm-none-eabi-gcc -c -x assembler-with-cpp -D__REDLIB__ -DDEBUG -D__CODE_RED -D__USE_ROMDIVIDE -g3 -mcpu=cortex-m0 -mthumb -D__REDLIB__ -specs=redlib.specs -o "example/src/aeabi_romdiv_patch.o" "../example/src/aeabi_romdiv_patch.s"
Invoking: MCU C Compiler
Building file: ../example/src/sysinit.c
arm-none-eabi-gcc -D__REDLIB__ -DDEBUG -D__CODE_RED -D__USE_LPCOPEN -D__MTB_BUFFER_SIZE=256 -DCORE_M0PLUS -D__USE_ROMDIVIDE -I"C:\Users\TeddyP\Documents\MCUXpressoIDE_11.3.0_5222\workspace\lpc_chip_11u6x\inc" -I"C:\Users\TeddyP\Documents\MCUXpressoIDE_11.3.0_5222\workspace\lpc_board_nxp_lpcxpresso_11u68\inc" -O0 -g3 -Wall -c -fmessage-length=0 -fno-builtin -ffunction-sections -fdata-sections -fmerge-constants -fmacro-prefix-map="../example/src/"=. -mcpu=cortex-m0 -mthumb -D__REDLIB__ -fstack-usage -specs=redlib.specs -MMD -MP -MF"example/src/bod.d" -MT"example/src/bod.o" -MT"example/src/bod.d" -o "example/src/bod.o" "../example/src/bod.c"
Invoking: MCU C Compiler
arm-none-eabi-gcc -D__REDLIB__ -DDEBUG -D__CODE_RED -D__USE_LPCOPEN -D__MTB_BUFFER_SIZE=256 -DCORE_M0PLUS -D__USE_ROMDIVIDE -I"C:\Users\TeddyP\Documents\MCUXpressoIDE_11.3.0_5222\workspace\lpc_chip_11u6x\inc" -I"C:\Users\TeddyP\Documents\MCUXpressoIDE_11.3.0_5222\workspace\lpc_board_nxp_lpcxpresso_11u68\inc" -O0 -g3 -Wall -c -fmessage-length=0 -fno-builtin -ffunction-sections -fdata-sections -fmerge-constants -fmacro-prefix-map="../example/src/"=. -mcpu=cortex-m0 -mthumb -D__REDLIB__ -fstack-usage -specs=redlib.specs -MMD -MP -MF"example/src/cr_startup_lpc11u6x.d" -MT"example/src/cr_startup_lpc11u6x.o" -MT"example/src/cr_startup_lpc11u6x.d" -o "example/src/cr_startup_lpc11u6x.o" "../example/src/cr_startup_lpc11u6x.c"
Invoking: MCU C Compiler
arm-none-eabi-gcc -D__REDLIB__ -DDEBUG -D__CODE_RED -D__USE_LPCOPEN -D__MTB_BUFFER_SIZE=256 -DCORE_M0PLUS -D__USE_ROMDIVIDE -I"C:\Users\TeddyP\Documents\MCUXpressoIDE_11.3.0_5222\workspace\lpc_chip_11u6x\inc" -I"C:\Users\TeddyP\Documents\MCUXpressoIDE_11.3.0_5222\workspace\lpc_board_nxp_lpcxpresso_11u68\inc" -O0 -g3 -Wall -c -fmessage-length=0 -fno-builtin -ffunction-sections -fdata-sections -fmerge-constants -fmacro-prefix-map="../example/src/"=. -mcpu=cortex-m0 -mthumb -D__REDLIB__ -fstack-usage -specs=redlib.specs -MMD -MP -MF"example/src/mtb.d" -MT"example/src/mtb.o" -MT"example/src/mtb.d" -o "example/src/mtb.o" "../example/src/mtb.c"
arm-none-eabi-gcc -D__REDLIB__ -DDEBUG -D__CODE_RED -D__USE_LPCOPEN -D__MTB_BUFFER_SIZE=256 -DCORE_M0PLUS -D__USE_ROMDIVIDE -I"C:\Users\TeddyP\Documents\MCUXpressoIDE_11.3.0_5222\workspace\lpc_chip_11u6x\inc" -I"C:\Users\TeddyP\Documents\MCUXpressoIDE_11.3.0_5222\workspace\lpc_board_nxp_lpcxpresso_11u68\inc" -O0 -g3 -Wall -c -fmessage-length=0 -fno-builtin -ffunction-sections -fdata-sections -fmerge-constants -fmacro-prefix-map="../example/src/"=. -mcpu=cortex-m0 -mthumb -D__REDLIB__ -fstack-usage -specs=redlib.specs -MMD -MP -MF"example/src/crp.d" -MT"example/src/crp.o" -MT"example/src/crp.d" -o "example/src/crp.o" "../example/src/crp.c"
Invoking: MCU C Compiler
arm-none-eabi-gcc -D__REDLIB__ -DDEBUG -D__CODE_RED -D__USE_LPCOPEN -D__MTB_BUFFER_SIZE=256 -DCORE_M0PLUS -D__USE_ROMDIVIDE -I"C:\Users\TeddyP\Documents\MCUXpressoIDE_11.3.0_5222\workspace\lpc_chip_11u6x\inc" -I"C:\Users\TeddyP\Documents\MCUXpressoIDE_11.3.0_5222\workspace\lpc_board_nxp_lpcxpresso_11u68\inc" -O0 -g3 -Wall -c -fmessage-length=0 -fno-builtin -ffunction-sections -fdata-sections -fmerge-constants -fmacro-prefix-map="../example/src/"=. -mcpu=cortex-m0 -mthumb -D__REDLIB__ -fstack-usage -specs=redlib.specs -MMD -MP -MF"example/src/sysinit.d" -MT"example/src/sysinit.o" -MT"example/src/sysinit.d" -o "example/src/sysinit.o" "../example/src/sysinit.c"
Finished building: ../example/src/aeabi_romdiv_patch.s
 
Finished building: ../example/src/cr_startup_lpc11u6x.c
Finished building: ../example/src/mtb.c
Finished building: ../example/src/crp.c
 
 
 
Finished building: ../example/src/sysinit.c
 
Finished building: ../example/src/bod.c
 
Building target: periph_bod.axf
Invoking: MCU Linker
arm-none-eabi-gcc -nostdlib -L"C:\Users\TeddyP\Documents\MCUXpressoIDE_11.3.0_5222\workspace\lpc_chip_11u6x\Debug" -L"C:\Users\TeddyP\Documents\MCUXpressoIDE_11.3.0_5222\workspace\lpc_board_nxp_lpcxpresso_11u68\Debug" -Xlinker -Map="periph_bod.map" -Xlinker --gc-sections -Xlinker --allow-multiple-definition -mcpu=cortex-m0 -mthumb -T "periph_bod_Debug.ld" -o "periph_bod.axf"  ./example/src/aeabi_romdiv_patch.o ./example/src/bod.o ./example/src/cr_startup_lpc11u6x.o ./example/src/crp.o ./example/src/mtb.o ./example/src/sysinit.o   -llpc_board_nxp_lpcxpresso_11u68 -llpc_chip_11u6x
Finished building target: periph_bod.axf
 
make --no-print-directory post-build
Performing post-build steps
[...]
   text	   data	    bss	    dec	    hex	filename
   5788	      0	    852	   6640	   19f0	periph_uart_0_rom_polling.axf
 
09:59:00 **** Incremental Build of configuration Debug for project periph_uart_n_rb ****
make -r -j16 all 
Building target: periph_uart_n_rb.axf
Invoking: MCU Linker
arm-none-eabi-gcc -nostdlib -L"C:\Users\TeddyP\Documents\MCUXpressoIDE_11.3.0_5222\workspace\lpc_chip_11u6x\Debug" -L"C:\Users\TeddyP\Documents\MCUXpressoIDE_11.3.0_5222\workspace\lpc_board_nxp_lpcxpresso_11u68\Debug" -Xlinker -Map="periph_uart_n_rb.map" -Xlinker --gc-sections -Xlinker --allow-multiple-definition -mcpu=cortex-m0 -mthumb -T "periph_uart_n_rb_Debug.ld" -o "periph_uart_n_rb.axf"  ./example/src/aeabi_romdiv_patch.o ./example/src/cr_startup_lpc11u6x.o ./example/src/crp.o ./example/src/mtb.o ./example/src/sysinit.o ./example/src/uart_n_rb.o   -llpc_board_nxp_lpcxpresso_11u68 -llpc_chip_11u6x
Finished building target: periph_uart_n_rb.axf
 
make --no-print-directory post-build
Performing post-build steps
arm-none-eabi-size "periph_uart_n_rb.axf"; # arm-none-eabi-objcopy -O binary "periph_uart_n_rb.axf" "periph_uart_n_rb.bin" ; checksum -p LPC11U68 -d "periph_uart_n_rb.bin";
   text	   data	    bss	    dec	    hex	filename
   8708	      0	    924	   9632	   25a0	periph_uart_n_rb.axf
 
09:59:00 **** Incremental Build of configuration Debug for project periph_uart_n_rom_int ****
make -r -j16 all 
Building target: periph_uart_n_rom_int.axf
Invoking: MCU Linker
arm-none-eabi-gcc -nostdlib -L"C:\Users\TeddyP\Documents\MCUXpressoIDE_11.3.0_5222\workspace\lpc_chip_11u6x\Debug" -L"C:\Users\TeddyP\Documents\MCUXpressoIDE_11.3.0_5222\workspace\lpc_board_nxp_lpcxpresso_11u68\Debug" -Xlinker -Map="periph_uart_n_rom_int.map" -Xlinker --gc-sections -Xlinker --allow-multiple-definition -mcpu=cortex-m0 -mthumb -T "periph_uart_n_rom_int_Debug.ld" -o "periph_uart_n_rom_int.axf"  ./example/src/aeabi_romdiv_patch.o ./example/src/cr_startup_lpc11u6x.o ./example/src/crp.o ./example/src/mtb.o ./example/src/sysinit.o ./example/src/uart_n_rom_int.o   -llpc_board_nxp_lpcxpresso_11u68 -llpc_chip_11u6x
Finished building target: periph_uart_n_rom_int.axf
 
make --no-print-directory post-build
Performing post-build steps
arm-none-eabi-size "periph_uart_n_rom_int.axf"; # arm-none-eabi-objcopy -O binary "periph_uart_n_rom_int.axf" "periph_uart_n_rom_int.bin" ; checksum -p LPC11U68 -d "periph_uart_n_rom_int.bin";
   text	   data	    bss	    dec	    hex	filename
   7140	      0	    860	   8000	   1f40	periph_uart_n_rom_int.axf
 
09:59:01 **** Incremental Build of configuration Debug for project periph_uart_n_rom_polling ****
make -r -j16 all 
Building target: periph_uart_n_rom_polling.axf
Invoking: MCU Linker
arm-none-eabi-gcc -nostdlib -L"C:\Users\TeddyP\Documents\MCUXpressoIDE_11.3.0_5222\workspace\lpc_chip_11u6x\Debug" -L"C:\Users\TeddyP\Documents\MCUXpressoIDE_11.3.0_5222\workspace\lpc_board_nxp_lpcxpresso_11u68\Debug" -Xlinker -Map="periph_uart_n_rom_polling.map" -Xlinker --gc-sections -Xlinker --allow-multiple-definition -mcpu=cortex-m0 -mthumb -T "periph_uart_n_rom_polling_Debug.ld" -o "periph_uart_n_rom_polling.axf"  ./example/src/aeabi_romdiv_patch.o ./example/src/cr_startup_lpc11u6x.o ./example/src/crp.o ./example/src/mtb.o ./example/src/sysinit.o ./example/src/uart_n_rom_polling.o   -llpc_board_nxp_lpcxpresso_11u68 -llpc_chip_11u6x
Finished building target: periph_uart_n_rom_polling.axf
 
make --no-print-directory post-build
Performing post-build steps
arm-none-eabi-size "periph_uart_n_rom_polling.axf"; # arm-none-eabi-objcopy -O binary "periph_uart_n_rom_polling.axf" "periph_uart_n_rom_polling.bin" ; checksum -p LPC11U68 -d "periph_uart_n_rom_polling.bin";
   text	   data	    bss	    dec	    hex	filename
   6908	      0	    856	   7764	   1e54	periph_uart_n_rom_polling.axf
 
09:59:01 **** Incremental Build of configuration Debug for project periph_wwdt ****
make -r -j16 all 
Building target: periph_wwdt.axf
Invoking: MCU Linker
arm-none-eabi-gcc -nostdlib -L"C:\Users\TeddyP\Documents\MCUXpressoIDE_11.3.0_5222\workspace\lpc_chip_11u6x\Debug" -L"C:\Users\TeddyP\Documents\MCUXpressoIDE_11.3.0_5222\workspace\lpc_board_nxp_lpcxpresso_11u68\Debug" -Xlinker -Map="periph_wwdt.map" -Xlinker --gc-sections -Xlinker --allow-multiple-definition -mcpu=cortex-m0 -mthumb -T "periph_wwdt_Debug.ld" -o "periph_wwdt.axf"  ./example/src/aeabi_romdiv_patch.o ./example/src/cr_startup_lpc11u6x.o ./example/src/crp.o ./example/src/mtb.o ./example/src/sysinit.o ./example/src/wwdt.o   -llpc_board_nxp_lpcxpresso_11u68 -llpc_chip_11u6x
Finished building target: periph_wwdt.axf
 
make --no-print-directory post-build
Performing post-build steps
arm-none-eabi-size "periph_wwdt.axf"; # arm-none-eabi-objcopy -O binary "periph_wwdt.axf" "periph_wwdt.bin" ; checksum -p LPC11U68 -d "periph_wwdt.bin";
   text	   data	    bss	    dec	    hex	filename
   6064	      0	    752	   6816	   1aa0	periph_wwdt.axf
 
09:59:02 **** Incremental Build of configuration Debug for project usbd_rom_cdc ****
make -r -j16 all 
Building target: usbd_rom_cdc.axf
Invoking: MCU Linker
arm-none-eabi-gcc -nostdlib -L"C:\Users\TeddyP\Documents\MCUXpressoIDE_11.3.0_5222\workspace\lpc_chip_11u6x\Debug" -L"C:\Users\TeddyP\Documents\MCUXpressoIDE_11.3.0_5222\workspace\lpc_board_nxp_lpcxpresso_11u68\Debug" -Xlinker -Map="usbd_rom_cdc.map" -Xlinker --gc-sections -Xlinker --allow-multiple-definition -mcpu=cortex-m0 -mthumb -T "usbd_rom_cdc_Debug.ld" -o "usbd_rom_cdc.axf"  ./example/src/aeabi_romdiv_patch.o ./example/src/cdc_desc.o ./example/src/cdc_main.o ./example/src/cdc_vcom.o ./example/src/cr_startup_lpc11u6x.o ./example/src/crp.o ./example/src/mtb.o ./example/src/sysinit.o   -llpc_board_nxp_lpcxpresso_11u68 -llpc_chip_11u6x
Finished building target: usbd_rom_cdc.axf
 
make --no-print-directory post-build
Performing post-build steps
arm-none-eabi-size "usbd_rom_cdc.axf"; # arm-none-eabi-objcopy -O binary "usbd_rom_cdc.axf" "usbd_rom_cdc.bin" ; checksum -p LPC11U68 -d "usbd_rom_cdc.bin";
   text	   data	    bss	    dec	    hex	filename
   6924	     76	   1036	   8036	   1f64	usbd_rom_cdc.axf
 
09:59:02 **** Incremental Build of configuration Debug for project usbd_rom_cdc_uart ****
make -r -j16 all 
Building target: usbd_rom_cdc_uart.axf
Invoking: MCU Linker
arm-none-eabi-gcc -nostdlib -L"C:\Users\TeddyP\Documents\MCUXpressoIDE_11.3.0_5222\workspace\lpc_chip_11u6x\Debug" -L"C:\Users\TeddyP\Documents\MCUXpressoIDE_11.3.0_5222\workspace\lpc_board_nxp_lpcxpresso_11u68\Debug" -Xlinker -Map="usbd_rom_cdc_uart.map" -Xlinker --gc-sections -Xlinker --allow-multiple-definition -mcpu=cortex-m0 -mthumb -T "usbd_rom_cdc_uart_Debug.ld" -o "usbd_rom_cdc_uart.axf"  ./example/src/aeabi_romdiv_patch.o ./example/src/cdc_desc.o ./example/src/cdc_main.o ./example/src/cdc_uart.o ./example/src/cr_startup_lpc11u6x.o ./example/src/crp.o ./example/src/mtb.o ./example/src/sysinit.o   -llpc_board_nxp_lpcxpresso_11u68 -llpc_chip_11u6x
Finished building target: usbd_rom_cdc_uart.axf
 
make --no-print-directory post-build
Performing post-build steps
arm-none-eabi-size "usbd_rom_cdc_uart.axf"; # arm-none-eabi-objcopy -O binary "usbd_rom_cdc_uart.axf" "usbd_rom_cdc_uart.bin" ; checksum -p LPC11U68 -d "usbd_rom_cdc_uart.bin";
   text	   data	    bss	    dec	    hex	filename
   7864	     76	    784	   8724	   2214	usbd_rom_cdc_uart.axf
 
09:59:03 **** Incremental Build of configuration Debug for project usbd_rom_cdc_uartn ****
make -r -j16 all 
Building target: usbd_rom_cdc_uartn.axf
Invoking: MCU Linker
arm-none-eabi-gcc -nostdlib -L"C:\Users\TeddyP\Documents\MCUXpressoIDE_11.3.0_5222\workspace\lpc_chip_11u6x\Debug" -L"C:\Users\TeddyP\Documents\MCUXpressoIDE_11.3.0_5222\workspace\lpc_board_nxp_lpcxpresso_11u68\Debug" -Xlinker -Map="usbd_rom_cdc_uartn.map" -Xlinker --gc-sections -Xlinker --allow-multiple-definition -mcpu=cortex-m0 -mthumb -T "usbd_rom_cdc_uartn_Debug.ld" -o "usbd_rom_cdc_uartn.axf"  ./example/src/aeabi_romdiv_patch.o ./example/src/cdc_desc.o ./example/src/cdc_main.o ./example/src/cdc_uartn.o ./example/src/cr_startup_lpc11u6x.o ./example/src/crp.o ./example/src/mtb.o ./example/src/sysinit.o   -llpc_board_nxp_lpcxpresso_11u68 -llpc_chip_11u6x
Finished building target: usbd_rom_cdc_uartn.axf
 
make --no-print-directory post-build
Performing post-build steps
arm-none-eabi-size "usbd_rom_cdc_uartn.axf"; # arm-none-eabi-objcopy -O binary "usbd_rom_cdc_uartn.axf" "usbd_rom_cdc_uartn.bin" ; checksum -p LPC11U68 -d "usbd_rom_cdc_uartn.bin";
   text	   data	    bss	    dec	    hex	filename
   9108	     76	    788	   9972	   26f4	usbd_rom_cdc_uartn.axf
 
09:59:03 **** Incremental Build of configuration Debug for project usbd_rom_composite ****
make -r -j16 all 
Building target: usbd_rom_composite.axf
Invoking: MCU Linker
arm-none-eabi-gcc -nostdlib -L"C:\Users\TeddyP\Documents\MCUXpressoIDE_11.3.0_5222\workspace\lpc_chip_11u6x\Debug" -L"C:\Users\TeddyP\Documents\MCUXpressoIDE_11.3.0_5222\workspace\lpc_board_nxp_lpcxpresso_11u68\Debug" -Xlinker -Map="usbd_rom_composite.map" -Xlinker --gc-sections -Xlinker --allow-multiple-definition -mcpu=cortex-m0 -mthumb -T "usbd_rom_composite_Debug.ld" -o "usbd_rom_composite.axf"  ./example/src/aeabi_romdiv_patch.o ./example/src/cdc_vcom.o ./example/src/composite_desc.o ./example/src/composite_main.o ./example/src/cr_startup_lpc11u6x.o ./example/src/crp.o ./example/src/hid_mouse.o ./example/src/mtb.o ./example/src/sysinit.o   -llpc_board_nxp_lpcxpresso_11u68 -llpc_chip_11u6x
Finished building target: usbd_rom_composite.axf
 
make --no-print-directory post-build
Performing post-build steps
arm-none-eabi-size "usbd_rom_composite.axf"; # arm-none-eabi-objcopy -O binary "usbd_rom_composite.axf" "usbd_rom_composite.bin" ; checksum -p LPC11U68 -d "usbd_rom_composite.bin";
   text	   data	    bss	    dec	    hex	filename
   8104	    104	   1040	   9248	   2420	usbd_rom_composite.axf
 
09:59:04 **** Incremental Build of configuration Debug for project usbd_rom_hid_generic ****
make -r -j16 all 
Building target: usbd_rom_hid_generic.axf
Invoking: MCU Linker
arm-none-eabi-gcc -nostdlib -L"C:\Users\TeddyP\Documents\MCUXpressoIDE_11.3.0_5222\workspace\lpc_chip_11u6x\Debug" -L"C:\Users\TeddyP\Documents\MCUXpressoIDE_11.3.0_5222\workspace\lpc_board_nxp_lpcxpresso_11u68\Debug" -Xlinker -Map="usbd_rom_hid_generic.map" -Xlinker --gc-sections -Xlinker --allow-multiple-definition -mcpu=cortex-m0 -mthumb -T "usbd_rom_hid_generic_Debug.ld" -o "usbd_rom_hid_generic.axf"  ./example/src/aeabi_romdiv_patch.o ./example/src/cr_startup_lpc11u6x.o ./example/src/crp.o ./example/src/hid_desc.o ./example/src/hid_generic.o ./example/src/hid_main.o ./example/src/mtb.o ./example/src/sysinit.o   -llpc_board_nxp_lpcxpresso_11u68 -llpc_chip_11u6x
Finished building target: usbd_rom_hid_generic.axf
 
make --no-print-directory post-build
Performing post-build steps
arm-none-eabi-size "usbd_rom_hid_generic.axf"; # arm-none-eabi-objcopy -O binary "usbd_rom_hid_generic.axf" "usbd_rom_hid_generic.bin" ; checksum -p LPC11U68 -d "usbd_rom_hid_generic.bin";
   text	   data	    bss	    dec	    hex	filename
   6120	     44	    760	   6924	   1b0c	usbd_rom_hid_generic.axf
 
09:59:04 **** Incremental Build of configuration Debug for project usbd_rom_hid_generic_ls ****
make -r -j16 all 
Building target: usbd_rom_hid_generic_ls.axf
Invoking: MCU Linker
arm-none-eabi-gcc -nostdlib -L"C:\Users\TeddyP\Documents\MCUXpressoIDE_11.3.0_5222\workspace\lpc_chip_11u6x\Debug" -L"C:\Users\TeddyP\Documents\MCUXpressoIDE_11.3.0_5222\workspace\lpc_board_manley_11u68\Debug" -Xlinker -Map="usbd_rom_hid_generic_ls.map" -Xlinker --gc-sections -Xlinker --allow-multiple-definition -mcpu=cortex-m0 -mthumb -T "usbd_rom_hid_generic_ls_Debug.ld" -o "usbd_rom_hid_generic_ls.axf"  ./example/src/aeabi_romdiv_patch.o ./example/src/cr_startup_lpc11u6x.o ./example/src/crp.o ./example/src/hid_desc.o ./example/src/hid_generic.o ./example/src/hid_main.o ./example/src/mtb.o   -llpc_board_manley_11u68 -llpc_chip_11u6x
Finished building target: usbd_rom_hid_generic_ls.axf
 
make --no-print-directory post-build
Performing post-build steps
arm-none-eabi-size "usbd_rom_hid_generic_ls.axf"; # arm-none-eabi-objcopy -O binary "usbd_rom_hid_generic_ls.axf" "usbd_rom_hid_generic_ls.bin" ; checksum -p LPC11U68 -d "usbd_rom_hid_generic_ls.bin";
   text	   data	    bss	    dec	    hex	filename
   6740	     44	    764	   7548	   1d7c	usbd_rom_hid_generic_ls.axf
 
09:59:05 **** Incremental Build of configuration Debug for project usbd_rom_hid_i2c ****
make -r -j16 all 
Building target: usbd_rom_hid_i2c.axf
Invoking: MCU Linker
arm-none-eabi-gcc -nostdlib -L"C:\Users\TeddyP\Documents\MCUXpressoIDE_11.3.0_5222\workspace\lpc_chip_11u6x\Debug" -L"C:\Users\TeddyP\Documents\MCUXpressoIDE_11.3.0_5222\workspace\lpc_board_nxp_lpcxpresso_11u68\Debug" -Xlinker -Map="usbd_rom_hid_i2c.map" -Xlinker --gc-sections -Xlinker --allow-multiple-definition -mcpu=cortex-m0 -mthumb -T "usbd_rom_hid_i2c_Debug.ld" -o "usbd_rom_hid_i2c.axf"  ./example/src/aeabi_romdiv_patch.o ./example/src/cr_startup_lpc11u6x.o ./example/src/crp.o ./example/src/hid_desc.o ./example/src/hid_i2c.o ./example/src/hid_main.o ./example/src/mtb.o ./example/src/sysinit.o   -llpc_board_nxp_lpcxpresso_11u68 -llpc_chip_11u6x
Finished building target: usbd_rom_hid_i2c.axf
 
make --no-print-directory post-build
Performing post-build steps
arm-none-eabi-size "usbd_rom_hid_i2c.axf"; # arm-none-eabi-objcopy -O binary "usbd_rom_hid_i2c.axf" "usbd_rom_hid_i2c.bin" ; checksum -p LPC11U68 -d "usbd_rom_hid_i2c.bin";
   text	   data	    bss	    dec	    hex	filename
   9764	     48	    756	  10568	   2948	usbd_rom_hid_i2c.axf
 
09:59:06 **** Incremental Build of configuration Debug for project usbd_rom_hid_keyboard ****
make -r -j16 all 
Building target: usbd_rom_hid_keyboard.axf
Invoking: MCU Linker
arm-none-eabi-gcc -nostdlib -L"C:\Users\TeddyP\Documents\MCUXpressoIDE_11.3.0_5222\workspace\lpc_chip_11u6x\Debug" -L"C:\Users\TeddyP\Documents\MCUXpressoIDE_11.3.0_5222\workspace\lpc_board_nxp_lpcxpresso_11u68\Debug" -Xlinker -Map="usbd_rom_hid_keyboard.map" -Xlinker --gc-sections -Xlinker --allow-multiple-definition -mcpu=cortex-m0 -mthumb -T "usbd_rom_hid_keyboard_Debug.ld" -o "usbd_rom_hid_keyboard.axf"  ./example/src/aeabi_romdiv_patch.o ./example/src/cr_startup_lpc11u6x.o ./example/src/crp.o ./example/src/hid_desc.o ./example/src/hid_keyboard.o ./example/src/hid_main.o ./example/src/ms_timer.o ./example/src/mtb.o ./example/src/sysinit.o   -llpc_board_nxp_lpcxpresso_11u68 -llpc_chip_11u6x
Finished building target: usbd_rom_hid_keyboard.axf
 
make --no-print-directory post-build
Performing post-build steps
arm-none-eabi-size "usbd_rom_hid_keyboard.axf"; # arm-none-eabi-objcopy -O binary "usbd_rom_hid_keyboard.axf" "usbd_rom_hid_keyboard.bin" ; checksum -p LPC11U68 -d "usbd_rom_hid_keyboard.bin";
   text	   data	    bss	    dec	    hex	filename
   7472	     36	    784	   8292	   2064	usbd_rom_hid_keyboard.axf
 
09:59:06 **** Incremental Build of configuration Debug for project usbd_rom_hid_keyboard_ls ****
make -r -j16 all 
Building target: usbd_rom_hid_keyboard_ls.axf
Invoking: MCU Linker
arm-none-eabi-gcc -nostdlib -L"C:\Users\TeddyP\Documents\MCUXpressoIDE_11.3.0_5222\workspace\lpc_chip_11u6x\Debug" -L"C:\Users\TeddyP\Documents\MCUXpressoIDE_11.3.0_5222\workspace\lpc_board_manley_11u68\Debug" -Xlinker -Map="usbd_rom_hid_keyboard_ls.map" -Xlinker --gc-sections -Xlinker --allow-multiple-definition -mcpu=cortex-m0 -mthumb -T "usbd_rom_hid_keyboard_ls_Debug.ld" -o "usbd_rom_hid_keyboard_ls.axf"  ./example/src/aeabi_romdiv_patch.o ./example/src/cr_startup_lpc11u6x.o ./example/src/crp.o ./example/src/hid_desc.o ./example/src/hid_keyboard.o ./example/src/hid_main.o ./example/src/ms_timer.o ./example/src/mtb.o   -llpc_board_manley_11u68 -llpc_chip_11u6x
Finished building target: usbd_rom_hid_keyboard_ls.axf
 
make --no-print-directory post-build
Performing post-build steps
arm-none-eabi-size "usbd_rom_hid_keyboard_ls.axf"; # arm-none-eabi-objcopy -O binary "usbd_rom_hid_keyboard_ls.axf" "usbd_rom_hid_keyboard_ls.bin" ; checksum -p LPC11U68 -d "usbd_rom_hid_keyboard_ls.bin";
   text	   data	    bss	    dec	    hex	filename
   8072	     36	    788	   8896	   22c0	usbd_rom_hid_keyboard_ls.axf
 
09:59:07 **** Incremental Build of configuration Debug for project usbd_rom_hid_mouse ****
make -r -j16 all 
Building target: usbd_rom_hid_mouse.axf
Invoking: MCU Linker
arm-none-eabi-gcc -nostdlib -L"C:\Users\TeddyP\Documents\MCUXpressoIDE_11.3.0_5222\workspace\lpc_chip_11u6x\Debug" -L"C:\Users\TeddyP\Documents\MCUXpressoIDE_11.3.0_5222\workspace\lpc_board_nxp_lpcxpresso_11u68\Debug" -Xlinker -Map="usbd_rom_hid_mouse.map" -Xlinker --gc-sections -Xlinker --allow-multiple-definition -mcpu=cortex-m0 -mthumb -T "usbd_rom_hid_mouse_Debug.ld" -o "usbd_rom_hid_mouse.axf"  ./example/src/aeabi_romdiv_patch.o ./example/src/cr_startup_lpc11u6x.o ./example/src/crp.o ./example/src/hid_desc.o ./example/src/hid_main.o ./example/src/hid_mouse.o ./example/src/mtb.o ./example/src/sysinit.o   -llpc_board_nxp_lpcxpresso_11u68 -llpc_chip_11u6x
Finished building target: usbd_rom_hid_mouse.axf
 
make --no-print-directory post-build
Performing post-build steps
arm-none-eabi-size "usbd_rom_hid_mouse.axf"; # arm-none-eabi-objcopy -O binary "usbd_rom_hid_mouse.axf" "usbd_rom_hid_mouse.bin" ; checksum -p LPC11U68 -d "usbd_rom_hid_mouse.bin";
   text	   data	    bss	    dec	    hex	filename
   6820	     36	    764	   7620	   1dc4	usbd_rom_hid_mouse.axf
 
09:59:07 **** Incremental Build of configuration Debug for project usbd_rom_hid_mouse_ls ****
make -r -j16 all 
Building target: usbd_rom_hid_mouse_ls.axf
Invoking: MCU Linker
arm-none-eabi-gcc -nostdlib -L"C:\Users\TeddyP\Documents\MCUXpressoIDE_11.3.0_5222\workspace\lpc_chip_11u6x\Debug" -L"C:\Users\TeddyP\Documents\MCUXpressoIDE_11.3.0_5222\workspace\lpc_board_manley_11u68\Debug" -Xlinker -Map="usbd_rom_hid_mouse_ls.map" -Xlinker --gc-sections -Xlinker --allow-multiple-definition -mcpu=cortex-m0 -mthumb -T "usbd_rom_hid_mouse_ls_Debug.ld" -o "usbd_rom_hid_mouse_ls.axf"  ./example/src/aeabi_romdiv_patch.o ./example/src/cr_startup_lpc11u6x.o ./example/src/crp.o ./example/src/hid_desc.o ./example/src/hid_main.o ./example/src/hid_mouse.o ./example/src/mtb.o   -llpc_board_manley_11u68 -llpc_chip_11u6x
Finished building target: usbd_rom_hid_mouse_ls.axf
 
make --no-print-directory post-build
Performing post-build steps
arm-none-eabi-size "usbd_rom_hid_mouse_ls.axf"; # arm-none-eabi-objcopy -O binary "usbd_rom_hid_mouse_ls.axf" "usbd_rom_hid_mouse_ls.bin" ; checksum -p LPC11U68 -d "usbd_rom_hid_mouse_ls.bin";
   text	   data	    bss	    dec	    hex	filename
   7444	     36	    768	   8248	   2038	usbd_rom_hid_mouse_ls.axf
 
09:59:08 **** Incremental Build of configuration Debug for project usbd_rom_libusb ****
make -r -j16 all 
Building target: usbd_rom_libusb.axf
Invoking: MCU Linker
arm-none-eabi-gcc -nostdlib -L"C:\Users\TeddyP\Documents\MCUXpressoIDE_11.3.0_5222\workspace\lpc_chip_11u6x\Debug" -L"C:\Users\TeddyP\Documents\MCUXpressoIDE_11.3.0_5222\workspace\lpc_board_nxp_lpcxpresso_11u68\Debug" -Xlinker -Map="usbd_rom_libusb.map" -Xlinker --gc-sections -Xlinker --allow-multiple-definition -mcpu=cortex-m0 -mthumb -T "usbd_rom_libusb_Debug.ld" -o "usbd_rom_libusb.axf"  ./example/src/aeabi_romdiv_patch.o ./example/src/cr_startup_lpc11u6x.o ./example/src/crp.o ./example/src/libusbdev.o ./example/src/libusbdev_desc.o ./example/src/libusbdev_main.o ./example/src/mtb.o ./example/src/sysinit.o   -llpc_board_nxp_lpcxpresso_11u68 -llpc_chip_11u6x
Finished building target: usbd_rom_libusb.axf
 
make --no-print-directory post-build
Performing post-build steps
arm-none-eabi-size "usbd_rom_libusb.axf"; # arm-none-eabi-objcopy -O binary "usbd_rom_libusb.axf" "usbd_rom_libusb.bin" ; checksum -p LPC11U68 -d "usbd_rom_libusb.bin";
   text	   data	    bss	    dec	    hex	filename
   7124	     40	   4888	  12052	   2f14	usbd_rom_libusb.axf
 
