09:59:01 **** Incremental Build of configuration Debug for project periph_uart_n_rom_polling ****
make -r -j16 all 
Building target: periph_uart_n_rom_polling.axf
Invoking: MCU Linker
arm-none-eabi-gcc -nostdlib -L"C:\Users\TeddyP\Documents\MCUXpressoIDE_11.3.0_5222\workspace\lpc_chip_11u6x\Debug" -L"C:\Users\TeddyP\Documents\MCUXpressoIDE_11.3.0_5222\workspace\lpc_board_nxp_lpcxpresso_11u68\Debug" -Xlinker -Map="periph_uart_n_rom_polling.map" -Xlinker --gc-sections -Xlinker --allow-multiple-definition -mcpu=cortex-m0 -mthumb -T "periph_uart_n_rom_polling_Debug.ld" -o "periph_uart_n_rom_polling.axf"  ./example/src/aeabi_romdiv_patch.o ./example/src/cr_startup_lpc11u6x.o ./example/src/crp.o ./example/src/mtb.o ./example/src/sysinit.o ./example/src/uart_n_rom_polling.o   -llpc_board_nxp_lpcxpresso_11u68 -llpc_chip_11u6x
Finished building target: periph_uart_n_rom_polling.axf
 
make --no-print-directory post-build
Performing post-build steps
arm-none-eabi-size "periph_uart_n_rom_polling.axf"; # arm-none-eabi-objcopy -O binary "periph_uart_n_rom_polling.axf" "periph_uart_n_rom_polling.bin" ; checksum -p LPC11U68 -d "periph_uart_n_rom_polling.bin";
   text	   data	    bss	    dec	    hex	filename
   6908	      0	    856	   7764	   1e54	periph_uart_n_rom_polling.axf
 

09:59:01 Build Finished. 0 errors, 0 warnings. (took 312ms)

