09:58:48 **** Incremental Build of configuration Debug for project periph_clkout ****
make -r -j16 all 
Building target: periph_clkout.axf
Invoking: MCU Linker
arm-none-eabi-gcc -nostdlib -L"C:\Users\TeddyP\Documents\MCUXpressoIDE_11.3.0_5222\workspace\lpc_chip_11u6x\Debug" -L"C:\Users\TeddyP\Documents\MCUXpressoIDE_11.3.0_5222\workspace\lpc_board_nxp_lpcxpresso_11u68\Debug" -Xlinker -Map="periph_clkout.map" -Xlinker --gc-sections -Xlinker --allow-multiple-definition -mcpu=cortex-m0 -mthumb -T "periph_clkout_Debug.ld" -o "periph_clkout.axf"  ./example/src/aeabi_romdiv_patch.o ./example/src/clkout.o ./example/src/cr_startup_lpc11u6x.o ./example/src/crp.o ./example/src/mtb.o ./example/src/sysinit.o   -llpc_board_nxp_lpcxpresso_11u68 -llpc_chip_11u6x
Finished building target: periph_clkout.axf
 
make --no-print-directory post-build
Performing post-build steps
arm-none-eabi-size "periph_clkout.axf"; # arm-none-eabi-objcopy -O binary "periph_clkout.axf" "periph_clkout.bin" ; checksum -p LPC11U68 -d "periph_clkout.bin";
   text	   data	    bss	    dec	    hex	filename
   5632	      0	    756	   6388	   18f4	periph_clkout.axf
 

09:58:48 Build Finished. 0 errors, 0 warnings. (took 315ms)

