09:58:57 **** Incremental Build of configuration Debug for project periph_ssp ****
make -r -j16 all 
Building target: periph_ssp.axf
Invoking: MCU Linker
arm-none-eabi-gcc -nostdlib -L"C:\Users\TeddyP\Documents\MCUXpressoIDE_11.3.0_5222\workspace\lpc_chip_11u6x\Debug" -L"C:\Users\TeddyP\Documents\MCUXpressoIDE_11.3.0_5222\workspace\lpc_board_nxp_lpcxpresso_11u68\Debug" -Xlinker -Map="periph_ssp.map" -Xlinker --gc-sections -Xlinker --allow-multiple-definition -mcpu=cortex-m0 -mthumb -T "periph_ssp_Debug.ld" -o "periph_ssp.axf"  ./example/src/aeabi_romdiv_patch.o ./example/src/cr_startup_lpc11u6x.o ./example/src/crp.o ./example/src/mtb.o ./example/src/ssp.o ./example/src/sysinit.o   -llpc_board_nxp_lpcxpresso_11u68 -llpc_chip_11u6x
Finished building target: periph_ssp.axf
 
make --no-print-directory post-build
Performing post-build steps
arm-none-eabi-size "periph_ssp.axf"; # arm-none-eabi-objcopy -O binary "periph_ssp.axf" "periph_ssp.bin" ; checksum -p LPC11U68 -d "periph_ssp.bin";
   text	   data	    bss	    dec	    hex	filename
   7436	      0	   1288	   8724	   2214	periph_ssp.axf
 

09:58:57 Build Finished. 0 errors, 0 warnings. (took 337ms)

