09:59:00 **** Incremental Build of configuration Debug for project periph_uart_n_rb ****
make -r -j16 all 
Building target: periph_uart_n_rb.axf
Invoking: MCU Linker
arm-none-eabi-gcc -nostdlib -L"C:\Users\TeddyP\Documents\MCUXpressoIDE_11.3.0_5222\workspace\lpc_chip_11u6x\Debug" -L"C:\Users\TeddyP\Documents\MCUXpressoIDE_11.3.0_5222\workspace\lpc_board_nxp_lpcxpresso_11u68\Debug" -Xlinker -Map="periph_uart_n_rb.map" -Xlinker --gc-sections -Xlinker --allow-multiple-definition -mcpu=cortex-m0 -mthumb -T "periph_uart_n_rb_Debug.ld" -o "periph_uart_n_rb.axf"  ./example/src/aeabi_romdiv_patch.o ./example/src/cr_startup_lpc11u6x.o ./example/src/crp.o ./example/src/mtb.o ./example/src/sysinit.o ./example/src/uart_n_rb.o   -llpc_board_nxp_lpcxpresso_11u68 -llpc_chip_11u6x
Finished building target: periph_uart_n_rb.axf
 
make --no-print-directory post-build
Performing post-build steps
arm-none-eabi-size "periph_uart_n_rb.axf"; # arm-none-eabi-objcopy -O binary "periph_uart_n_rb.axf" "periph_uart_n_rb.bin" ; checksum -p LPC11U68 -d "periph_uart_n_rb.bin";
   text	   data	    bss	    dec	    hex	filename
   8708	      0	    924	   9632	   25a0	periph_uart_n_rb.axf
 

09:59:00 Build Finished. 0 errors, 0 warnings. (took 315ms)

