09:58:51 **** Incremental Build of configuration Debug for project periph_grouped_int ****
make -r -j16 all 
Building target: periph_grouped_int.axf
Invoking: MCU Linker
arm-none-eabi-gcc -nostdlib -L"C:\Users\TeddyP\Documents\MCUXpressoIDE_11.3.0_5222\workspace\lpc_chip_11u6x\Debug" -L"C:\Users\TeddyP\Documents\MCUXpressoIDE_11.3.0_5222\workspace\lpc_board_nxp_lpcxpresso_11u68\Debug" -Xlinker -Map="periph_grouped_int.map" -Xlinker --gc-sections -Xlinker --allow-multiple-definition -mcpu=cortex-m0 -mthumb -T "periph_grouped_int_Debug.ld" -o "periph_grouped_int.axf"  ./example/src/aeabi_romdiv_patch.o ./example/src/cr_startup_lpc11u6x.o ./example/src/crp.o ./example/src/grouped_int.o ./example/src/mtb.o ./example/src/sysinit.o   -llpc_board_nxp_lpcxpresso_11u68 -llpc_chip_11u6x
Finished building target: periph_grouped_int.axf
 
make --no-print-directory post-build
Performing post-build steps
arm-none-eabi-size "periph_grouped_int.axf"; # arm-none-eabi-objcopy -O binary "periph_grouped_int.axf" "periph_grouped_int.bin" ; checksum -p LPC11U68 -d "periph_grouped_int.bin";
   text	   data	    bss	    dec	    hex	filename
   5756	      0	    752	   6508	   196c	periph_grouped_int.axf
 

09:58:52 Build Finished. 0 errors, 0 warnings. (took 315ms)

