09:58:50 **** Incremental Build of configuration Debug for project periph_dma_uart ****
make -r -j16 all 
Building target: periph_dma_uart.axf
Invoking: MCU Linker
arm-none-eabi-gcc -nostdlib -L"C:\Users\TeddyP\Documents\MCUXpressoIDE_11.3.0_5222\workspace\lpc_chip_11u6x\Debug" -L"C:\Users\TeddyP\Documents\MCUXpressoIDE_11.3.0_5222\workspace\lpc_board_nxp_lpcxpresso_11u68\Debug" -Xlinker -Map="periph_dma_uart.map" -Xlinker --gc-sections -Xlinker --allow-multiple-definition -mcpu=cortex-m0 -mthumb -T "periph_dma_uart_Debug.ld" -o "periph_dma_uart.axf"  ./example/src/aeabi_romdiv_patch.o ./example/src/cr_startup_lpc11u6x.o ./example/src/crp.o ./example/src/dma_uart.o ./example/src/mtb.o ./example/src/sysinit.o   -llpc_board_nxp_lpcxpresso_11u68 -llpc_chip_11u6x
Finished building target: periph_dma_uart.axf
 
make --no-print-directory post-build
Performing post-build steps
arm-none-eabi-size "periph_dma_uart.axf"; # arm-none-eabi-objcopy -O binary "periph_dma_uart.axf" "periph_dma_uart.bin" ; checksum -p LPC11U68 -d "periph_dma_uart.bin";
   text	   data	    bss	    dec	    hex	filename
  16408	      0	   1536	  17944	   4618	periph_dma_uart.axf
 

09:58:50 Build Finished. 0 errors, 0 warnings. (took 313ms)

