09:58:47 **** Incremental Build of configuration Debug for project periph_adc ****
make -r -j16 all 
Building target: periph_adc.axf
Invoking: MCU Linker
arm-none-eabi-gcc -nostdlib -L"C:\Users\TeddyP\Documents\MCUXpressoIDE_11.3.0_5222\workspace\lpc_chip_11u6x\Debug" -L"C:\Users\TeddyP\Documents\MCUXpressoIDE_11.3.0_5222\workspace\lpc_board_nxp_lpcxpresso_11u68\Debug" -Xlinker -Map="periph_adc.map" -Xlinker --gc-sections -Xlinker --allow-multiple-definition -mcpu=cortex-m0 -mthumb -T "periph_adc_Debug.ld" -o "periph_adc.axf"  ./example/src/adc.o ./example/src/aeabi_romdiv_patch.o ./example/src/cr_startup_lpc11u6x.o ./example/src/crp.o ./example/src/mtb.o ./example/src/sysinit.o   -llpc_board_nxp_lpcxpresso_11u68 -llpc_chip_11u6x
Finished building target: periph_adc.axf
 
make --no-print-directory post-build
Performing post-build steps
arm-none-eabi-size "periph_adc.axf"; # arm-none-eabi-objcopy -O binary "periph_adc.axf" "periph_adc.bin" ; checksum -p LPC11U68 -d "periph_adc.bin";
   text	   data	    bss	    dec	    hex	filename
  16320	      0	    768	  17088	   42c0	periph_adc.axf
 

09:58:47 Build Finished. 0 errors, 0 warnings. (took 378ms)

