09:58:51 **** Incremental Build of configuration Debug for project periph_flashiap_flashsig ****
make -r -j16 all 
Building target: periph_flashiap_flashsig.axf
Invoking: MCU Linker
arm-none-eabi-gcc -nostdlib -L"C:\Users\TeddyP\Documents\MCUXpressoIDE_11.3.0_5222\workspace\lpc_chip_11u6x\Debug" -L"C:\Users\TeddyP\Documents\MCUXpressoIDE_11.3.0_5222\workspace\lpc_board_nxp_lpcxpresso_11u68\Debug" -Xlinker -Map="periph_flashiap_flashsig.map" -Xlinker --gc-sections -Xlinker --allow-multiple-definition -mcpu=cortex-m0 -mthumb -T "periph_flashiap_flashsig_Debug.ld" -o "periph_flashiap_flashsig.axf"  ./example/src/aeabi_romdiv_patch.o ./example/src/cr_startup_lpc11u6x.o ./example/src/crp.o ./example/src/flashiap_flashsig.o ./example/src/mtb.o ./example/src/sysinit.o   -llpc_board_nxp_lpcxpresso_11u68 -llpc_chip_11u6x
Finished building target: periph_flashiap_flashsig.axf
 
make --no-print-directory post-build
Performing post-build steps
arm-none-eabi-size "periph_flashiap_flashsig.axf"; # arm-none-eabi-objcopy -O binary "periph_flashiap_flashsig.axf" "periph_flashiap_flashsig.bin" ; checksum -p LPC11U68 -d "periph_flashiap_flashsig.bin";
   text	   data	    bss	    dec	    hex	filename
  15524	      0	   1016	  16540	   409c	periph_flashiap_flashsig.axf
 

09:58:51 Build Finished. 0 errors, 0 warnings. (took 406ms)

