09:59:07 **** Incremental Build of configuration Debug for project usbd_rom_hid_mouse_ls ****
make -r -j16 all 
Building target: usbd_rom_hid_mouse_ls.axf
Invoking: MCU Linker
arm-none-eabi-gcc -nostdlib -L"C:\Users\TeddyP\Documents\MCUXpressoIDE_11.3.0_5222\workspace\lpc_chip_11u6x\Debug" -L"C:\Users\TeddyP\Documents\MCUXpressoIDE_11.3.0_5222\workspace\lpc_board_manley_11u68\Debug" -Xlinker -Map="usbd_rom_hid_mouse_ls.map" -Xlinker --gc-sections -Xlinker --allow-multiple-definition -mcpu=cortex-m0 -mthumb -T "usbd_rom_hid_mouse_ls_Debug.ld" -o "usbd_rom_hid_mouse_ls.axf"  ./example/src/aeabi_romdiv_patch.o ./example/src/cr_startup_lpc11u6x.o ./example/src/crp.o ./example/src/hid_desc.o ./example/src/hid_main.o ./example/src/hid_mouse.o ./example/src/mtb.o   -llpc_board_manley_11u68 -llpc_chip_11u6x
Finished building target: usbd_rom_hid_mouse_ls.axf
 
make --no-print-directory post-build
Performing post-build steps
arm-none-eabi-size "usbd_rom_hid_mouse_ls.axf"; # arm-none-eabi-objcopy -O binary "usbd_rom_hid_mouse_ls.axf" "usbd_rom_hid_mouse_ls.bin" ; checksum -p LPC11U68 -d "usbd_rom_hid_mouse_ls.bin";
   text	   data	    bss	    dec	    hex	filename
   7444	     36	    768	   8248	   2038	usbd_rom_hid_mouse_ls.axf
 

09:59:07 Build Finished. 0 errors, 0 warnings. (took 315ms)

