09:59:02 **** Incremental Build of configuration Debug for project usbd_rom_cdc_uart ****
make -r -j16 all 
Building target: usbd_rom_cdc_uart.axf
Invoking: MCU Linker
arm-none-eabi-gcc -nostdlib -L"C:\Users\TeddyP\Documents\MCUXpressoIDE_11.3.0_5222\workspace\lpc_chip_11u6x\Debug" -L"C:\Users\TeddyP\Documents\MCUXpressoIDE_11.3.0_5222\workspace\lpc_board_nxp_lpcxpresso_11u68\Debug" -Xlinker -Map="usbd_rom_cdc_uart.map" -Xlinker --gc-sections -Xlinker --allow-multiple-definition -mcpu=cortex-m0 -mthumb -T "usbd_rom_cdc_uart_Debug.ld" -o "usbd_rom_cdc_uart.axf"  ./example/src/aeabi_romdiv_patch.o ./example/src/cdc_desc.o ./example/src/cdc_main.o ./example/src/cdc_uart.o ./example/src/cr_startup_lpc11u6x.o ./example/src/crp.o ./example/src/mtb.o ./example/src/sysinit.o   -llpc_board_nxp_lpcxpresso_11u68 -llpc_chip_11u6x
Finished building target: usbd_rom_cdc_uart.axf
 
make --no-print-directory post-build
Performing post-build steps
arm-none-eabi-size "usbd_rom_cdc_uart.axf"; # arm-none-eabi-objcopy -O binary "usbd_rom_cdc_uart.axf" "usbd_rom_cdc_uart.bin" ; checksum -p LPC11U68 -d "usbd_rom_cdc_uart.bin";
   text	   data	    bss	    dec	    hex	filename
   7864	     76	    784	   8724	   2214	usbd_rom_cdc_uart.axf
 

09:59:03 Build Finished. 0 errors, 0 warnings. (took 363ms)

